Java HotSpot(TM) 64-Bit Server VM (25.121-b13) for windows-amd64 JRE (1.8.0_121-b13), built on Dec 12 2016 18:21:36 by "java_re" with MS VC++ 10.0 (VS2010)
Memory: 4k page, physical 8271080k(3735736k free), swap 10499304k(4527196k free)
CommandLine flags: -XX:CMSInitiatingOccupancyFraction=50 -XX:CMSMaxAbortablePrecleanTime=6000 -XX:+CMSParallelRemarkEnabled -XX:+CMSScavengeBeforeRemark -XX:ConcGCThreads=4 -XX:InitialHeapSize=536870912 -XX:MaxHeapSize=536870912 -XX:MaxTenuringThreshold=8 -XX:NewRatio=3 -XX:OldPLABSize=16 -XX:ParallelGCThreads=4 -XX:+ParallelRefProcEnabled -XX:PretenureSizeThreshold=67108864 -XX:+PrintGC -XX:+PrintGCApplicationStoppedTime -XX:+PrintGCDateStamps -XX:+PrintGCDetails -XX:+PrintGCTimeStamps -XX:+PrintHeapAtGC -XX:+PrintTenuringDistribution -XX:SurvivorRatio=4 -XX:TargetSurvivorRatio=90 -XX:ThreadStackSize=256 -XX:+UseCMSInitiatingOccupancyOnly -XX:+UseCompressedClassPointers -XX:+UseCompressedOops -XX:+UseConcMarkSweepGC -XX:-UseLargePagesIndividualAllocation -XX:+UseParNewGC 
2017-07-03T20:43:28.614+0800: 0.409: Total time for which application threads were stopped: 0.0007906 seconds, Stopping threads took: 0.0000222 seconds
2017-07-03T20:43:28.911+0800: 0.700: Total time for which application threads were stopped: 0.0001532 seconds, Stopping threads took: 0.0000160 seconds
2017-07-03T20:43:28.973+0800: 0.772: Total time for which application threads were stopped: 0.0001871 seconds, Stopping threads took: 0.0000215 seconds
2017-07-03T20:43:28.989+0800: 0.781: Total time for which application threads were stopped: 0.0002440 seconds, Stopping threads took: 0.0000299 seconds
{Heap before GC invocations=0 (full 0):
 par new generation   total 109248K, used 87424K [0x00000000e0000000, 0x00000000e8000000, 0x00000000e8000000)
  eden space 87424K, 100% used [0x00000000e0000000, 0x00000000e5560000, 0x00000000e5560000)
  from space 21824K,   0% used [0x00000000e5560000, 0x00000000e5560000, 0x00000000e6ab0000)
  to   space 21824K,   0% used [0x00000000e6ab0000, 0x00000000e6ab0000, 0x00000000e8000000)
 concurrent mark-sweep generation total 393216K, used 0K [0x00000000e8000000, 0x0000000100000000, 0x0000000100000000)
 Metaspace       used 10295K, capacity 10472K, committed 10752K, reserved 1058816K
  class space    used 1175K, capacity 1212K, committed 1280K, reserved 1048576K
2017-07-03T20:43:29.317+0800: 1.111: [GC (Allocation Failure) 2017-07-03T20:43:29.317+0800: 1.111: [ParNew
Desired survivor size 20112992 bytes, new threshold 8 (max 8)
- age   1:    6285008 bytes,    6285008 total
: 87424K->6214K(109248K), 0.0077982 secs] 87424K->6214K(502464K), 0.0079181 secs] [Times: user=0.06 sys=0.00, real=0.02 secs] 
Heap after GC invocations=1 (full 0):
 par new generation   total 109248K, used 6214K [0x00000000e0000000, 0x00000000e8000000, 0x00000000e8000000)
  eden space 87424K,   0% used [0x00000000e0000000, 0x00000000e0000000, 0x00000000e5560000)
  from space 21824K,  28% used [0x00000000e6ab0000, 0x00000000e70c1978, 0x00000000e8000000)
  to   space 21824K,   0% used [0x00000000e5560000, 0x00000000e5560000, 0x00000000e6ab0000)
 concurrent mark-sweep generation total 393216K, used 0K [0x00000000e8000000, 0x0000000100000000, 0x0000000100000000)
 Metaspace       used 10295K, capacity 10472K, committed 10752K, reserved 1058816K
  class space    used 1175K, capacity 1212K, committed 1280K, reserved 1048576K
}
2017-07-03T20:43:29.332+0800: 1.119: Total time for which application threads were stopped: 0.0080702 seconds, Stopping threads took: 0.0000164 seconds
2017-07-03T20:43:29.395+0800: 1.189: Total time for which application threads were stopped: 0.0001473 seconds, Stopping threads took: 0.0000153 seconds
2017-07-03T20:43:29.614+0800: 1.407: Total time for which application threads were stopped: 0.0003665 seconds, Stopping threads took: 0.0000361 seconds
2017-07-03T20:43:29.958+0800: 1.756: Total time for which application threads were stopped: 0.0001820 seconds, Stopping threads took: 0.0000252 seconds
2017-07-03T20:43:29.958+0800: 1.757: Total time for which application threads were stopped: 0.0001120 seconds, Stopping threads took: 0.0000201 seconds
2017-07-03T20:43:29.973+0800: 1.759: Total time for which application threads were stopped: 0.0001262 seconds, Stopping threads took: 0.0000120 seconds
2017-07-03T20:43:30.098+0800: 1.883: Total time for which application threads were stopped: 0.0002870 seconds, Stopping threads took: 0.0000153 seconds
2017-07-03T20:43:30.348+0800: 2.142: Total time for which application threads were stopped: 0.0002538 seconds, Stopping threads took: 0.0000193 seconds
2017-07-03T20:43:30.848+0800: 2.643: Total time for which application threads were stopped: 0.0002458 seconds, Stopping threads took: 0.0000160 seconds
2017-07-03T20:43:30.942+0800: 2.742: Total time for which application threads were stopped: 0.0002837 seconds, Stopping threads took: 0.0000204 seconds
{Heap before GC invocations=1 (full 0):
 par new generation   total 109248K, used 93638K [0x00000000e0000000, 0x00000000e8000000, 0x00000000e8000000)
  eden space 87424K, 100% used [0x00000000e0000000, 0x00000000e5560000, 0x00000000e5560000)
  from space 21824K,  28% used [0x00000000e6ab0000, 0x00000000e70c1978, 0x00000000e8000000)
  to   space 21824K,   0% used [0x00000000e5560000, 0x00000000e5560000, 0x00000000e6ab0000)
 concurrent mark-sweep generation total 393216K, used 0K [0x00000000e8000000, 0x0000000100000000, 0x0000000100000000)
 Metaspace       used 20628K, capacity 21018K, committed 21248K, reserved 1069056K
  class space    used 2411K, capacity 2553K, committed 2560K, reserved 1048576K
2017-07-03T20:43:32.255+0800: 4.050: [GC (Allocation Failure) 2017-07-03T20:43:32.255+0800: 4.050: [ParNew
Desired survivor size 20112992 bytes, new threshold 8 (max 8)
- age   1:    9536920 bytes,    9536920 total
- age   2:    3135288 bytes,   12672208 total
: 93638K->13944K(109248K), 0.0101740 secs] 93638K->13944K(502464K), 0.0102637 secs] [Times: user=0.08 sys=0.00, real=0.01 secs] 
Heap after GC invocations=2 (full 0):
 par new generation   total 109248K, used 13944K [0x00000000e0000000, 0x00000000e8000000, 0x00000000e8000000)
  eden space 87424K,   0% used [0x00000000e0000000, 0x00000000e0000000, 0x00000000e5560000)
  from space 21824K,  63% used [0x00000000e5560000, 0x00000000e62fe070, 0x00000000e6ab0000)
  to   space 21824K,   0% used [0x00000000e6ab0000, 0x00000000e6ab0000, 0x00000000e8000000)
 concurrent mark-sweep generation total 393216K, used 0K [0x00000000e8000000, 0x0000000100000000, 0x0000000100000000)
 Metaspace       used 20628K, capacity 21018K, committed 21248K, reserved 1069056K
  class space    used 2411K, capacity 2553K, committed 2560K, reserved 1048576K
}
2017-07-03T20:43:32.270+0800: 4.061: Total time for which application threads were stopped: 0.0104318 seconds, Stopping threads took: 0.0000299 seconds
2017-07-03T20:43:32.333+0800: 4.117: Total time for which application threads were stopped: 0.0002472 seconds, Stopping threads took: 0.0000295 seconds
2017-07-03T20:43:32.333+0800: 4.122: Total time for which application threads were stopped: 0.0000711 seconds, Stopping threads took: 0.0000292 seconds
2017-07-03T20:43:32.395+0800: 4.194: Total time for which application threads were stopped: 0.0001047 seconds, Stopping threads took: 0.0000346 seconds
2017-07-03T20:43:32.567+0800: 4.359: Total time for which application threads were stopped: 0.0001014 seconds, Stopping threads took: 0.0000193 seconds
2017-07-03T20:43:32.630+0800: 4.419: Total time for which application threads were stopped: 0.0002239 seconds, Stopping threads took: 0.0000266 seconds
2017-07-03T20:43:32.645+0800: 4.442: Total time for which application threads were stopped: 0.0002965 seconds, Stopping threads took: 0.0000241 seconds
2017-07-03T20:43:32.661+0800: 4.459: Total time for which application threads were stopped: 0.0000693 seconds, Stopping threads took: 0.0000186 seconds
2017-07-03T20:43:32.775+0800: 4.565: Total time for which application threads were stopped: 0.0000985 seconds, Stopping threads took: 0.0000164 seconds
2017-07-03T20:43:32.837+0800: 4.622: Total time for which application threads were stopped: 0.0000645 seconds, Stopping threads took: 0.0000146 seconds
2017-07-03T20:43:32.884+0800: 4.679: Total time for which application threads were stopped: 0.0000591 seconds, Stopping threads took: 0.0000157 seconds
2017-07-03T20:43:32.916+0800: 4.713: Total time for which application threads were stopped: 0.0000624 seconds, Stopping threads took: 0.0000146 seconds
{Heap before GC invocations=2 (full 0):
 par new generation   total 109248K, used 101368K [0x00000000e0000000, 0x00000000e8000000, 0x00000000e8000000)
  eden space 87424K, 100% used [0x00000000e0000000, 0x00000000e5560000, 0x00000000e5560000)
  from space 21824K,  63% used [0x00000000e5560000, 0x00000000e62fe070, 0x00000000e6ab0000)
  to   space 21824K,   0% used [0x00000000e6ab0000, 0x00000000e6ab0000, 0x00000000e8000000)
 concurrent mark-sweep generation total 393216K, used 0K [0x00000000e8000000, 0x0000000100000000, 0x0000000100000000)
 Metaspace       used 23045K, capacity 23456K, committed 23876K, reserved 1071104K
  class space    used 2741K, capacity 2874K, committed 2964K, reserved 1048576K
2017-07-03T20:43:32.931+0800: 4.725: [GC (Allocation Failure) 2017-07-03T20:43:32.931+0800: 4.725: [ParNew
Desired survivor size 20112992 bytes, new threshold 8 (max 8)
- age   1:    2963696 bytes,    2963696 total
- age   2:    3570448 bytes,    6534144 total
- age   3:    3125664 bytes,    9659808 total
: 101368K->15292K(109248K), 0.0075239 secs] 101368K->15292K(502464K), 0.0075812 secs] [Times: user=0.01 sys=0.02, real=0.02 secs] 
Heap after GC invocations=3 (full 0):
 par new generation   total 109248K, used 15292K [0x00000000e0000000, 0x00000000e8000000, 0x00000000e8000000)
  eden space 87424K,   0% used [0x00000000e0000000, 0x00000000e0000000, 0x00000000e5560000)
  from space 21824K,  70% used [0x00000000e6ab0000, 0x00000000e799f110, 0x00000000e8000000)
  to   space 21824K,   0% used [0x00000000e5560000, 0x00000000e5560000, 0x00000000e6ab0000)
 concurrent mark-sweep generation total 393216K, used 0K [0x00000000e8000000, 0x0000000100000000, 0x0000000100000000)
 Metaspace       used 23045K, capacity 23456K, committed 23876K, reserved 1071104K
  class space    used 2741K, capacity 2874K, committed 2964K, reserved 1048576K
}
2017-07-03T20:43:32.947+0800: 4.733: Total time for which application threads were stopped: 0.0077482 seconds, Stopping threads took: 0.0000379 seconds
2017-07-03T20:43:32.963+0800: 4.747: [GC (CMS Initial Mark) [1 CMS-initial-mark: 0K(393216K)] 16117K(502464K), 0.0051061 secs] [Times: user=0.00 sys=0.00, real=0.00 secs] 
2017-07-03T20:43:32.963+0800: 4.752: Total time for which application threads were stopped: 0.0192025 seconds, Stopping threads took: 0.0138998 seconds
2017-07-03T20:43:32.963+0800: 4.752: [CMS-concurrent-mark-start]
2017-07-03T20:43:32.963+0800: 4.753: [CMS-concurrent-mark: 0.000/0.000 secs] [Times: user=0.00 sys=0.00, real=0.00 secs] 
2017-07-03T20:43:32.963+0800: 4.753: Total time for which application threads were stopped: 0.0001911 seconds, Stopping threads took: 0.0001065 seconds
2017-07-03T20:43:32.963+0800: 4.753: [CMS-concurrent-preclean-start]
2017-07-03T20:43:32.963+0800: 4.754: [CMS-concurrent-preclean: 0.001/0.001 secs] [Times: user=0.00 sys=0.00, real=0.00 secs] 
2017-07-03T20:43:32.963+0800: 4.754: [GC (CMS Final Remark) [YG occupancy: 16117 K (109248 K)]{Heap before GC invocations=3 (full 1):
 par new generation   total 109248K, used 16117K [0x00000000e0000000, 0x00000000e8000000, 0x00000000e8000000)
  eden space 87424K,   0% used [0x00000000e0000000, 0x00000000e00ce3e8, 0x00000000e5560000)
  from space 21824K,  70% used [0x00000000e6ab0000, 0x00000000e799f110, 0x00000000e8000000)
  to   space 21824K,   0% used [0x00000000e5560000, 0x00000000e5560000, 0x00000000e6ab0000)
 concurrent mark-sweep generation total 393216K, used 0K [0x00000000e8000000, 0x0000000100000000, 0x0000000100000000)
 Metaspace       used 23047K, capacity 23456K, committed 23876K, reserved 1071104K
  class space    used 2741K, capacity 2874K, committed 2964K, reserved 1048576K
2017-07-03T20:43:32.963+0800: 4.754: [GC (CMS Final Remark) 2017-07-03T20:43:32.963+0800: 4.754: [ParNew
Desired survivor size 20112992 bytes, new threshold 8 (max 8)
- age   1:       2320 bytes,       2320 total
- age   2:    1350160 bytes,    1352480 total
- age   3:    3562032 bytes,    4914512 total
- age   4:    3125616 bytes,    8040128 total
: 16117K->9814K(109248K), 0.0085399 secs] 16117K->9814K(502464K), 0.0086219 secs] [Times: user=0.00 sys=0.00, real=0.01 secs] 
Heap after GC invocations=4 (full 1):
 par new generation   total 109248K, used 9814K [0x00000000e0000000, 0x00000000e8000000, 0x00000000e8000000)
  eden space 87424K,   0% used [0x00000000e0000000, 0x00000000e0000000, 0x00000000e5560000)
  from space 21824K,  44% used [0x00000000e5560000, 0x00000000e5ef5800, 0x00000000e6ab0000)
  to   space 21824K,   0% used [0x00000000e6ab0000, 0x00000000e6ab0000, 0x00000000e8000000)
 concurrent mark-sweep generation total 393216K, used 0K [0x00000000e8000000, 0x0000000100000000, 0x0000000100000000)
 Metaspace       used 23047K, capacity 23456K, committed 23876K, reserved 1071104K
  class space    used 2741K, capacity 2874K, committed 2964K, reserved 1048576K
}
2017-07-03T20:43:32.978+0800: 4.763: [Rescan (parallel) , 0.0015965 secs]2017-07-03T20:43:32.978+0800: 4.765: [weak refs processing, 0.0012446 secs]2017-07-03T20:43:32.978+0800: 4.766: [class unloading, 0.0025899 secs]2017-07-03T20:43:32.978+0800: 4.769: [scrub symbol table, 0.0020673 secs]2017-07-03T20:43:32.978+0800: 4.771: [scrub string table, 0.0002057 secs][1 CMS-remark: 0K(393216K)] 9814K(502464K), 0.0171684 secs] [Times: user=0.00 sys=0.00, real=0.01 secs] 
2017-07-03T20:43:32.978+0800: 4.771: Total time for which application threads were stopped: 0.0173690 seconds, Stopping threads took: 0.0001160 seconds
2017-07-03T20:43:32.978+0800: 4.772: [CMS-concurrent-sweep-start]
2017-07-03T20:43:32.978+0800: 4.772: [CMS-concurrent-sweep: 0.000/0.000 secs] [Times: user=0.00 sys=0.00, real=0.00 secs] 
2017-07-03T20:43:32.978+0800: 4.772: [CMS-concurrent-reset-start]
2017-07-03T20:43:32.978+0800: 4.773: [CMS-concurrent-reset: 0.002/0.002 secs] [Times: user=0.00 sys=0.00, real=0.00 secs] 
2017-07-03T20:43:33.025+0800: 4.818: Total time for which application threads were stopped: 0.0000970 seconds, Stopping threads took: 0.0000237 seconds
2017-07-03T20:43:33.150+0800: 4.943: Total time for which application threads were stopped: 0.0003078 seconds, Stopping threads took: 0.0000212 seconds
{Heap before GC invocations=4 (full 1):
 par new generation   total 109248K, used 97238K [0x00000000e0000000, 0x00000000e8000000, 0x00000000e8000000)
  eden space 87424K, 100% used [0x00000000e0000000, 0x00000000e5560000, 0x00000000e5560000)
  from space 21824K,  44% used [0x00000000e5560000, 0x00000000e5ef5800, 0x00000000e6ab0000)
  to   space 21824K,   0% used [0x00000000e6ab0000, 0x00000000e6ab0000, 0x00000000e8000000)
 concurrent mark-sweep generation total 393216K, used 0K [0x00000000e8000000, 0x0000000100000000, 0x0000000100000000)
 Metaspace       used 23541K, capacity 23930K, committed 24132K, reserved 1071104K
  class space    used 2801K, capacity 2943K, committed 2964K, reserved 1048576K
2017-07-03T20:43:33.244+0800: 5.030: [GC (Allocation Failure) 2017-07-03T20:43:33.244+0800: 5.030: [ParNew
Desired survivor size 20112992 bytes, new threshold 8 (max 8)
- age   1:    2845072 bytes,    2845072 total
- age   2:       1104 bytes,    2846176 total
- age   3:    1013232 bytes,    3859408 total
- age   4:    3558912 bytes,    7418320 total
- age   5:    3125456 bytes,   10543776 total
: 97238K->14230K(109248K), 0.0101255 secs] 97238K->14230K(502464K), 0.0101951 secs] [Times: user=0.00 sys=0.00, real=0.00 secs] 
Heap after GC invocations=5 (full 1):
 par new generation   total 109248K, used 14230K [0x00000000e0000000, 0x00000000e8000000, 0x00000000e8000000)
  eden space 87424K,   0% used [0x00000000e0000000, 0x00000000e0000000, 0x00000000e5560000)
  from space 21824K,  65% used [0x00000000e6ab0000, 0x00000000e7895b80, 0x00000000e8000000)
  to   space 21824K,   0% used [0x00000000e5560000, 0x00000000e5560000, 0x00000000e6ab0000)
 concurrent mark-sweep generation total 393216K, used 0K [0x00000000e8000000, 0x0000000100000000, 0x0000000100000000)
 Metaspace       used 23541K, capacity 23930K, committed 24132K, reserved 1071104K
  class space    used 2801K, capacity 2943K, committed 2964K, reserved 1048576K
}
2017-07-03T20:43:33.244+0800: 5.041: Total time for which application threads were stopped: 0.0103709 seconds, Stopping threads took: 0.0000237 seconds
2017-07-03T20:43:33.244+0800: 5.041: Total time for which application threads were stopped: 0.0000795 seconds, Stopping threads took: 0.0000277 seconds
2017-07-03T20:43:33.244+0800: 5.041: Total time for which application threads were stopped: 0.0000707 seconds, Stopping threads took: 0.0000171 seconds
2017-07-03T20:43:33.244+0800: 5.041: Total time for which application threads were stopped: 0.0000609 seconds, Stopping threads took: 0.0000201 seconds
2017-07-03T20:43:33.244+0800: 5.041: Total time for which application threads were stopped: 0.0000583 seconds, Stopping threads took: 0.0000168 seconds
2017-07-03T20:43:33.369+0800: 5.158: Total time for which application threads were stopped: 0.0000715 seconds, Stopping threads took: 0.0000160 seconds
{Heap before GC invocations=5 (full 1):
 par new generation   total 109248K, used 101654K [0x00000000e0000000, 0x00000000e8000000, 0x00000000e8000000)
  eden space 87424K, 100% used [0x00000000e0000000, 0x00000000e5560000, 0x00000000e5560000)
  from space 21824K,  65% used [0x00000000e6ab0000, 0x00000000e7895b80, 0x00000000e8000000)
  to   space 21824K,   0% used [0x00000000e5560000, 0x00000000e5560000, 0x00000000e6ab0000)
 concurrent mark-sweep generation total 393216K, used 0K [0x00000000e8000000, 0x0000000100000000, 0x0000000100000000)
 Metaspace       used 23576K, capacity 23994K, committed 24132K, reserved 1071104K
  class space    used 2802K, capacity 2943K, committed 2964K, reserved 1048576K
2017-07-03T20:43:33.478+0800: 5.265: [GC (Allocation Failure) 2017-07-03T20:43:33.478+0800: 5.265: [ParNew
Desired survivor size 20112992 bytes, new threshold 6 (max 8)
- age   1:   12365040 bytes,   12365040 total
- age   2:    2253080 bytes,   14618120 total
- age   3:       1104 bytes,   14619224 total
- age   4:    1013232 bytes,   15632456 total
- age   5:    3558912 bytes,   19191368 total
- age   6:    3125544 bytes,   22316912 total
: 101654K->21824K(109248K), 0.0236443 secs] 101654K->23082K(502464K), 0.0241843 secs] [Times: user=0.05 sys=0.02, real=0.02 secs] 
Heap after GC invocations=6 (full 1):
 par new generation   total 109248K, used 21824K [0x00000000e0000000, 0x00000000e8000000, 0x00000000e8000000)
  eden space 87424K,   0% used [0x00000000e0000000, 0x00000000e0000000, 0x00000000e5560000)
  from space 21824K, 100% used [0x00000000e5560000, 0x00000000e6ab0000, 0x00000000e6ab0000)
  to   space 21824K,   0% used [0x00000000e6ab0000, 0x00000000e6ab0000, 0x00000000e8000000)
 concurrent mark-sweep generation total 393216K, used 1258K [0x00000000e8000000, 0x0000000100000000, 0x0000000100000000)
 Metaspace       used 23576K, capacity 23994K, committed 24132K, reserved 1071104K
  class space    used 2802K, capacity 2943K, committed 2964K, reserved 1048576K
}
2017-07-03T20:43:33.494+0800: 5.289: Total time for which application threads were stopped: 0.0243466 seconds, Stopping threads took: 0.0000335 seconds
2017-07-03T20:43:33.494+0800: 5.289: Total time for which application threads were stopped: 0.0001083 seconds, Stopping threads took: 0.0000456 seconds
2017-07-03T20:43:33.494+0800: 5.289: Total time for which application threads were stopped: 0.0000616 seconds, Stopping threads took: 0.0000182 seconds
2017-07-03T20:43:33.494+0800: 5.289: Total time for which application threads were stopped: 0.0000481 seconds, Stopping threads took: 0.0000164 seconds
2017-07-03T20:43:33.494+0800: 5.289: Total time for which application threads were stopped: 0.0000452 seconds, Stopping threads took: 0.0000164 seconds
2017-07-03T20:43:33.494+0800: 5.289: Total time for which application threads were stopped: 0.0000449 seconds, Stopping threads took: 0.0000157 seconds
2017-07-03T20:43:33.494+0800: 5.289: Total time for which application threads were stopped: 0.0000467 seconds, Stopping threads took: 0.0000157 seconds
2017-07-03T20:43:33.494+0800: 5.290: Total time for which application threads were stopped: 0.0000463 seconds, Stopping threads took: 0.0000157 seconds
2017-07-03T20:43:33.494+0800: 5.290: Total time for which application threads were stopped: 0.0000467 seconds, Stopping threads took: 0.0000168 seconds
2017-07-03T20:43:33.494+0800: 5.290: Total time for which application threads were stopped: 0.0000489 seconds, Stopping threads took: 0.0000153 seconds
2017-07-03T20:43:33.494+0800: 5.290: Total time for which application threads were stopped: 0.0000467 seconds, Stopping threads took: 0.0000153 seconds
2017-07-03T20:43:33.494+0800: 5.290: Total time for which application threads were stopped: 0.0000449 seconds, Stopping threads took: 0.0000157 seconds
2017-07-03T20:43:33.494+0800: 5.290: Total time for which application threads were stopped: 0.0000474 seconds, Stopping threads took: 0.0000153 seconds
2017-07-03T20:43:33.494+0800: 5.290: Total time for which application threads were stopped: 0.0000467 seconds, Stopping threads took: 0.0000153 seconds
2017-07-03T20:43:33.494+0800: 5.290: Total time for which application threads were stopped: 0.0000478 seconds, Stopping threads took: 0.0000160 seconds
2017-07-03T20:43:33.494+0800: 5.290: Total time for which application threads were stopped: 0.0000985 seconds, Stopping threads took: 0.0000153 seconds
{Heap before GC invocations=6 (full 1):
 par new generation   total 109248K, used 109248K [0x00000000e0000000, 0x00000000e8000000, 0x00000000e8000000)
  eden space 87424K, 100% used [0x00000000e0000000, 0x00000000e5560000, 0x00000000e5560000)
  from space 21824K, 100% used [0x00000000e5560000, 0x00000000e6ab0000, 0x00000000e6ab0000)
  to   space 21824K,   0% used [0x00000000e6ab0000, 0x00000000e6ab0000, 0x00000000e8000000)
 concurrent mark-sweep generation total 393216K, used 1258K [0x00000000e8000000, 0x0000000100000000, 0x0000000100000000)
 Metaspace       used 23577K, capacity 23994K, committed 24132K, reserved 1071104K
  class space    used 2802K, capacity 2943K, committed 2964K, reserved 1048576K
2017-07-03T20:43:33.588+0800: 5.384: [GC (Allocation Failure) 2017-07-03T20:43:33.588+0800: 5.385: [ParNew
Desired survivor size 20112992 bytes, new threshold 6 (max 8)
- age   1:    9376088 bytes,    9376088 total
- age   2:    6354800 bytes,   15730888 total
- age   3:    2043520 bytes,   17774408 total
- age   4:       1104 bytes,   17775512 total
- age   5:    1013232 bytes,   18788744 total
- age   6:    3558912 bytes,   22347656 total
: 109248K->21824K(109248K), 0.0411303 secs] 110506K->37806K(502464K), 0.0411883 secs] [Times: user=0.19 sys=0.03, real=0.05 secs] 
Heap after GC invocations=7 (full 1):
 par new generation   total 109248K, used 21824K [0x00000000e0000000, 0x00000000e8000000, 0x00000000e8000000)
  eden space 87424K,   0% used [0x00000000e0000000, 0x00000000e0000000, 0x00000000e5560000)
  from space 21824K, 100% used [0x00000000e6ab0000, 0x00000000e8000000, 0x00000000e8000000)
  to   space 21824K,   0% used [0x00000000e5560000, 0x00000000e5560000, 0x00000000e6ab0000)
 concurrent mark-sweep generation total 393216K, used 15982K [0x00000000e8000000, 0x0000000100000000, 0x0000000100000000)
 Metaspace       used 23577K, capacity 23994K, committed 24132K, reserved 1071104K
  class space    used 2802K, capacity 2943K, committed 2964K, reserved 1048576K
}
2017-07-03T20:43:33.634+0800: 5.426: Total time for which application threads were stopped: 0.0413535 seconds, Stopping threads took: 0.0000376 seconds
{Heap before GC invocations=7 (full 1):
 par new generation   total 109248K, used 109248K [0x00000000e0000000, 0x00000000e8000000, 0x00000000e8000000)
  eden space 87424K, 100% used [0x00000000e0000000, 0x00000000e5560000, 0x00000000e5560000)
  from space 21824K, 100% used [0x00000000e6ab0000, 0x00000000e8000000, 0x00000000e8000000)
  to   space 21824K,   0% used [0x00000000e5560000, 0x00000000e5560000, 0x00000000e6ab0000)
 concurrent mark-sweep generation total 393216K, used 15982K [0x00000000e8000000, 0x0000000100000000, 0x0000000100000000)
 Metaspace       used 23592K, capacity 23994K, committed 24132K, reserved 1071104K
  class space    used 2805K, capacity 2943K, committed 2964K, reserved 1048576K
2017-07-03T20:43:33.775+0800: 5.570: [GC (Allocation Failure) 2017-07-03T20:43:33.775+0800: 5.570: [ParNew
Desired survivor size 20112992 bytes, new threshold 4 (max 8)
- age   1:    7298248 bytes,    7298248 total
- age   2:    8126392 bytes,   15424640 total
- age   3:    4434480 bytes,   19859120 total
- age   4:    1474192 bytes,   21333312 total
- age   5:       1104 bytes,   21334416 total
- age   6:    1013184 bytes,   22347600 total
: 109248K->21824K(109248K), 0.0310376 secs] 125230K->48411K(502464K), 0.0310971 secs] [Times: user=0.13 sys=0.00, real=0.03 secs] 
Heap after GC invocations=8 (full 1):
 par new generation   total 109248K, used 21824K [0x00000000e0000000, 0x00000000e8000000, 0x00000000e8000000)
  eden space 87424K,   0% used [0x00000000e0000000, 0x00000000e0000000, 0x00000000e5560000)
  from space 21824K, 100% used [0x00000000e5560000, 0x00000000e6ab0000, 0x00000000e6ab0000)
  to   space 21824K,   0% used [0x00000000e6ab0000, 0x00000000e6ab0000, 0x00000000e8000000)
 concurrent mark-sweep generation total 393216K, used 26587K [0x00000000e8000000, 0x0000000100000000, 0x0000000100000000)
 Metaspace       used 23592K, capacity 23994K, committed 24132K, reserved 1071104K
  class space    used 2805K, capacity 2943K, committed 2964K, reserved 1048576K
}
2017-07-03T20:43:33.806+0800: 5.601: Total time for which application threads were stopped: 0.0312524 seconds, Stopping threads took: 0.0000186 seconds
2017-07-03T20:43:33.806+0800: 5.601: Total time for which application threads were stopped: 0.0000842 seconds, Stopping threads took: 0.0000350 seconds
2017-07-03T20:43:33.806+0800: 5.601: Total time for which application threads were stopped: 0.0000700 seconds, Stopping threads took: 0.0000339 seconds
2017-07-03T20:43:33.806+0800: 5.602: Total time for which application threads were stopped: 0.0000704 seconds, Stopping threads took: 0.0000350 seconds
2017-07-03T20:43:33.806+0800: 5.602: Total time for which application threads were stopped: 0.0000777 seconds, Stopping threads took: 0.0000357 seconds
2017-07-03T20:43:33.806+0800: 5.602: Total time for which application threads were stopped: 0.0000624 seconds, Stopping threads took: 0.0000350 seconds
2017-07-03T20:43:33.806+0800: 5.602: Total time for which application threads were stopped: 0.0000667 seconds, Stopping threads took: 0.0000335 seconds
2017-07-03T20:43:33.806+0800: 5.602: Total time for which application threads were stopped: 0.0000645 seconds, Stopping threads took: 0.0000325 seconds
2017-07-03T20:43:33.806+0800: 5.603: Total time for which application threads were stopped: 0.0001120 seconds, Stopping threads took: 0.0000879 seconds
2017-07-03T20:43:33.806+0800: 5.603: Total time for which application threads were stopped: 0.0000780 seconds, Stopping threads took: 0.0000328 seconds
2017-07-03T20:43:33.806+0800: 5.603: Total time for which application threads were stopped: 0.0000631 seconds, Stopping threads took: 0.0000284 seconds
2017-07-03T20:43:33.806+0800: 5.603: Total time for which application threads were stopped: 0.0000529 seconds, Stopping threads took: 0.0000186 seconds
2017-07-03T20:43:33.806+0800: 5.603: Total time for which application threads were stopped: 0.0001039 seconds, Stopping threads took: 0.0000759 seconds
2017-07-03T20:43:33.806+0800: 5.603: Total time for which application threads were stopped: 0.0001306 seconds, Stopping threads took: 0.0001123 seconds
2017-07-03T20:43:33.884+0800: 5.672: Total time for which application threads were stopped: 0.0000733 seconds, Stopping threads took: 0.0000171 seconds
2017-07-03T20:43:33.884+0800: 5.675: Total time for which application threads were stopped: 0.0001557 seconds, Stopping threads took: 0.0001120 seconds
2017-07-03T20:43:33.884+0800: 5.676: Total time for which application threads were stopped: 0.0000372 seconds, Stopping threads took: 0.0000077 seconds
2017-07-03T20:43:33.884+0800: 5.676: Total time for which application threads were stopped: 0.0000343 seconds, Stopping threads took: 0.0000073 seconds
2017-07-03T20:43:33.963+0800: 5.748: Total time for which application threads were stopped: 0.0002859 seconds, Stopping threads took: 0.0000164 seconds
2017-07-03T20:43:34.510+0800: 6.309: Total time for which application threads were stopped: 0.0002400 seconds, Stopping threads took: 0.0001327 seconds
2017-07-03T20:43:34.603+0800: 6.390: Total time for which application threads were stopped: 0.0002757 seconds, Stopping threads took: 0.0000150 seconds
2017-07-03T20:43:34.603+0800: 6.400: Total time for which application threads were stopped: 0.0002881 seconds, Stopping threads took: 0.0000160 seconds
2017-07-03T20:43:34.635+0800: 6.426: Total time for which application threads were stopped: 0.0000678 seconds, Stopping threads took: 0.0000160 seconds
2017-07-03T20:43:34.838+0800: 6.630: Total time for which application threads were stopped: 0.0001167 seconds, Stopping threads took: 0.0000226 seconds
2017-07-03T20:43:35.306+0800: 7.100: Total time for which application threads were stopped: 0.0003060 seconds, Stopping threads took: 0.0000175 seconds
2017-07-03T20:43:35.889+0800: 7.677: Total time for which application threads were stopped: 0.0002013 seconds, Stopping threads took: 0.0001349 seconds
{Heap before GC invocations=8 (full 1):
 par new generation   total 109248K, used 109248K [0x00000000e0000000, 0x00000000e8000000, 0x00000000e8000000)
  eden space 87424K, 100% used [0x00000000e0000000, 0x00000000e5560000, 0x00000000e5560000)
  from space 21824K, 100% used [0x00000000e5560000, 0x00000000e6ab0000, 0x00000000e6ab0000)
  to   space 21824K,   0% used [0x00000000e6ab0000, 0x00000000e6ab0000, 0x00000000e8000000)
 concurrent mark-sweep generation total 393216K, used 26587K [0x00000000e8000000, 0x0000000100000000, 0x0000000100000000)
 Metaspace       used 29114K, capacity 29526K, committed 29892K, reserved 1075200K
  class space    used 3452K, capacity 3591K, committed 3604K, reserved 1048576K
2017-07-03T20:43:35.936+0800: 7.733: [GC (Allocation Failure) 2017-07-03T20:43:35.936+0800: 7.733: [ParNew
Desired survivor size 20112992 bytes, new threshold 4 (max 8)
- age   1:    5519392 bytes,    5519392 total
- age   2:    5987144 bytes,   11506536 total
- age   3:    7201040 bytes,   18707576 total
- age   4:    3636432 bytes,   22344008 total
: 109248K->21824K(109248K), 0.0256587 secs] 135835K->56117K(502464K), 0.0257138 secs] [Times: user=0.11 sys=0.02, real=0.03 secs] 
Heap after GC invocations=9 (full 1):
 par new generation   total 109248K, used 21824K [0x00000000e0000000, 0x00000000e8000000, 0x00000000e8000000)
  eden space 87424K,   0% used [0x00000000e0000000, 0x00000000e0000000, 0x00000000e5560000)
  from space 21824K, 100% used [0x00000000e6ab0000, 0x00000000e8000000, 0x00000000e8000000)
  to   space 21824K,   0% used [0x00000000e5560000, 0x00000000e5560000, 0x00000000e6ab0000)
 concurrent mark-sweep generation total 393216K, used 34293K [0x00000000e8000000, 0x0000000100000000, 0x0000000100000000)
 Metaspace       used 29114K, capacity 29526K, committed 29892K, reserved 1075200K
  class space    used 3452K, capacity 3591K, committed 3604K, reserved 1048576K
}
2017-07-03T20:43:35.967+0800: 7.759: Total time for which application threads were stopped: 0.0260617 seconds, Stopping threads took: 0.0002082 seconds
2017-07-03T20:43:35.967+0800: 7.761: Total time for which application threads were stopped: 0.0001269 seconds, Stopping threads took: 0.0000886 seconds
2017-07-03T20:43:35.967+0800: 7.762: Total time for which application threads were stopped: 0.0005875 seconds, Stopping threads took: 0.0005616 seconds
2017-07-03T20:43:35.967+0800: 7.762: Total time for which application threads were stopped: 0.0001564 seconds, Stopping threads took: 0.0001149 seconds
2017-07-03T20:43:36.123+0800: 7.922: Total time for which application threads were stopped: 0.0001455 seconds, Stopping threads took: 0.0000897 seconds
2017-07-03T20:43:36.123+0800: 7.923: Total time for which application threads were stopped: 0.0000449 seconds, Stopping threads took: 0.0000190 seconds
2017-07-03T20:43:36.123+0800: 7.923: Total time for which application threads were stopped: 0.0000354 seconds, Stopping threads took: 0.0000124 seconds
2017-07-03T20:43:36.123+0800: 7.923: Total time for which application threads were stopped: 0.0000481 seconds, Stopping threads took: 0.0000252 seconds
2017-07-03T20:43:37.123+0800: 8.908: Total time for which application threads were stopped: 0.0001174 seconds, Stopping threads took: 0.0000412 seconds
2017-07-03T20:43:46.364+0800: 18.149: Total time for which application threads were stopped: 0.0001098 seconds, Stopping threads took: 0.0000270 seconds
2017-07-03T20:43:46.364+0800: 18.149: Total time for which application threads were stopped: 0.0000642 seconds, Stopping threads took: 0.0000080 seconds
2017-07-03T20:43:46.385+0800: 18.170: Total time for which application threads were stopped: 0.0000547 seconds, Stopping threads took: 0.0000139 seconds
2017-07-03T20:43:46.385+0800: 18.170: Total time for which application threads were stopped: 0.0000328 seconds, Stopping threads took: 0.0000098 seconds
2017-07-03T20:43:46.386+0800: 18.171: Total time for which application threads were stopped: 0.0000598 seconds, Stopping threads took: 0.0000131 seconds
2017-07-03T20:43:46.387+0800: 18.172: Total time for which application threads were stopped: 0.0001324 seconds, Stopping threads took: 0.0000908 seconds
2017-07-03T20:43:47.388+0800: 19.173: Total time for which application threads were stopped: 0.0001492 seconds, Stopping threads took: 0.0000365 seconds
2017-07-03T20:43:48.539+0800: 20.325: Total time for which application threads were stopped: 0.0000551 seconds, Stopping threads took: 0.0000150 seconds
2017-07-03T20:43:48.539+0800: 20.325: Total time for which application threads were stopped: 0.0000325 seconds, Stopping threads took: 0.0000084 seconds
2017-07-03T20:43:48.539+0800: 20.327: Total time for which application threads were stopped: 0.0000580 seconds, Stopping threads took: 0.0000157 seconds
2017-07-03T20:43:48.570+0800: 20.366: Total time for which application threads were stopped: 0.0000616 seconds, Stopping threads took: 0.0000244 seconds
2017-07-03T20:43:48.758+0800: 20.550: Total time for which application threads were stopped: 0.0000941 seconds, Stopping threads took: 0.0000226 seconds
2017-07-03T20:43:48.758+0800: 20.550: Total time for which application threads were stopped: 0.0000412 seconds, Stopping threads took: 0.0000117 seconds
2017-07-03T20:43:48.820+0800: 20.613: Total time for which application threads were stopped: 0.0001995 seconds, Stopping threads took: 0.0000266 seconds
2017-07-03T20:43:49.126+0800: 20.910: Total time for which application threads were stopped: 0.0001357 seconds, Stopping threads took: 0.0000945 seconds
2017-07-03T20:43:49.126+0800: 20.911: Total time for which application threads were stopped: 0.0000372 seconds, Stopping threads took: 0.0000098 seconds
2017-07-03T20:43:49.126+0800: 20.911: Total time for which application threads were stopped: 0.0000306 seconds, Stopping threads took: 0.0000091 seconds
2017-07-03T20:43:49.126+0800: 20.911: Total time for which application threads were stopped: 0.0000306 seconds, Stopping threads took: 0.0000095 seconds
2017-07-03T20:43:49.126+0800: 20.911: Total time for which application threads were stopped: 0.0000314 seconds, Stopping threads took: 0.0000102 seconds
2017-07-03T20:43:49.127+0800: 20.911: Total time for which application threads were stopped: 0.0000766 seconds, Stopping threads took: 0.0000602 seconds
2017-07-03T20:43:49.127+0800: 20.912: Total time for which application threads were stopped: 0.0000452 seconds, Stopping threads took: 0.0000215 seconds
2017-07-03T20:43:49.127+0800: 20.912: Total time for which application threads were stopped: 0.0000306 seconds, Stopping threads took: 0.0000091 seconds
2017-07-03T20:43:49.127+0800: 20.912: Total time for which application threads were stopped: 0.0000416 seconds, Stopping threads took: 0.0000201 seconds
2017-07-03T20:43:49.127+0800: 20.912: Total time for which application threads were stopped: 0.0000259 seconds, Stopping threads took: 0.0000069 seconds
2017-07-03T20:43:49.127+0800: 20.912: Total time for which application threads were stopped: 0.0000212 seconds, Stopping threads took: 0.0000055 seconds
2017-07-03T20:43:49.256+0800: 21.040: Total time for which application threads were stopped: 0.0001842 seconds, Stopping threads took: 0.0001039 seconds
2017-07-03T20:43:49.256+0800: 21.041: Total time for which application threads were stopped: 0.0000507 seconds, Stopping threads took: 0.0000153 seconds
2017-07-03T20:43:49.256+0800: 21.041: Total time for which application threads were stopped: 0.0000620 seconds, Stopping threads took: 0.0000168 seconds
2017-07-03T20:43:49.256+0800: 21.041: Total time for which application threads were stopped: 0.0000478 seconds, Stopping threads took: 0.0000139 seconds
2017-07-03T20:43:49.256+0800: 21.041: Total time for which application threads were stopped: 0.0000419 seconds, Stopping threads took: 0.0000098 seconds
2017-07-03T20:43:49.256+0800: 21.041: Total time for which application threads were stopped: 0.0000605 seconds, Stopping threads took: 0.0000190 seconds
2017-07-03T20:43:49.256+0800: 21.041: Total time for which application threads were stopped: 0.0000452 seconds, Stopping threads took: 0.0000124 seconds
2017-07-03T20:43:49.256+0800: 21.042: Total time for which application threads were stopped: 0.0000667 seconds, Stopping threads took: 0.0000204 seconds
2017-07-03T20:43:49.452+0800: 21.241: Total time for which application threads were stopped: 0.0003632 seconds, Stopping threads took: 0.0000427 seconds
{Heap before GC invocations=9 (full 1):
 par new generation   total 109248K, used 109248K [0x00000000e0000000, 0x00000000e8000000, 0x00000000e8000000)
  eden space 87424K, 100% used [0x00000000e0000000, 0x00000000e5560000, 0x00000000e5560000)
  from space 21824K, 100% used [0x00000000e6ab0000, 0x00000000e8000000, 0x00000000e8000000)
  to   space 21824K,   0% used [0x00000000e5560000, 0x00000000e5560000, 0x00000000e6ab0000)
 concurrent mark-sweep generation total 393216K, used 34293K [0x00000000e8000000, 0x0000000100000000, 0x0000000100000000)
 Metaspace       used 30139K, capacity 30518K, committed 30788K, reserved 1077248K
  class space    used 3572K, capacity 3687K, committed 3732K, reserved 1048576K
2017-07-03T20:43:49.699+0800: 21.485: [GC (Allocation Failure) 2017-07-03T20:43:49.699+0800: 21.485: [ParNew
Desired survivor size 20112992 bytes, new threshold 8 (max 8)
- age   1:    1871632 bytes,    1871632 total
- age   2:    4272784 bytes,    6144416 total
- age   3:    5980912 bytes,   12125328 total
- age   4:    7193888 bytes,   19319216 total
: 109248K->21824K(109248K), 0.0209227 secs] 143541K->59743K(502464K), 0.0210551 secs] [Times: user=0.06 sys=0.00, real=0.02 secs] 
Heap after GC invocations=10 (full 1):
 par new generation   total 109248K, used 21824K [0x00000000e0000000, 0x00000000e8000000, 0x00000000e8000000)
  eden space 87424K,   0% used [0x00000000e0000000, 0x00000000e0000000, 0x00000000e5560000)
  from space 21824K, 100% used [0x00000000e5560000, 0x00000000e6ab0000, 0x00000000e6ab0000)
  to   space 21824K,   0% used [0x00000000e6ab0000, 0x00000000e6ab0000, 0x00000000e8000000)
 concurrent mark-sweep generation total 393216K, used 37919K [0x00000000e8000000, 0x0000000100000000, 0x0000000100000000)
 Metaspace       used 30139K, capacity 30518K, committed 30788K, reserved 1077248K
  class space    used 3572K, capacity 3687K, committed 3732K, reserved 1048576K
}
2017-07-03T20:43:49.714+0800: 21.506: Total time for which application threads were stopped: 0.0213293 seconds, Stopping threads took: 0.0000441 seconds
2017-07-03T20:43:49.714+0800: 21.507: Total time for which application threads were stopped: 0.0002235 seconds, Stopping threads took: 0.0001677 seconds
2017-07-03T20:43:49.714+0800: 21.507: Total time for which application threads were stopped: 0.0000452 seconds, Stopping threads took: 0.0000106 seconds
2017-07-03T20:43:49.714+0800: 21.508: Total time for which application threads were stopped: 0.0000376 seconds, Stopping threads took: 0.0000077 seconds
2017-07-03T20:43:50.703+0800: 22.492: Total time for which application threads were stopped: 0.0000992 seconds, Stopping threads took: 0.0000255 seconds
2017-07-03T20:43:50.703+0800: 22.493: Total time for which application threads were stopped: 0.0000791 seconds, Stopping threads took: 0.0000222 seconds
2017-07-03T20:43:50.703+0800: 22.493: Total time for which application threads were stopped: 0.0001575 seconds, Stopping threads took: 0.0001017 seconds
2017-07-03T20:43:50.703+0800: 22.496: Total time for which application threads were stopped: 0.0000864 seconds, Stopping threads took: 0.0000277 seconds
2017-07-03T20:43:51.017+0800: 22.802: Total time for which application threads were stopped: 0.0000518 seconds, Stopping threads took: 0.0000139 seconds
2017-07-03T20:43:51.017+0800: 22.802: Total time for which application threads were stopped: 0.0000365 seconds, Stopping threads took: 0.0000117 seconds
2017-07-03T20:43:51.067+0800: 22.852: Total time for which application threads were stopped: 0.0003267 seconds, Stopping threads took: 0.0000314 seconds
2017-07-03T20:43:51.068+0800: 22.852: Total time for which application threads were stopped: 0.0000430 seconds, Stopping threads took: 0.0000124 seconds
2017-07-03T20:43:51.068+0800: 22.853: Total time for which application threads were stopped: 0.0000248 seconds, Stopping threads took: 0.0000073 seconds
2017-07-03T20:43:51.068+0800: 22.853: Total time for which application threads were stopped: 0.0001130 seconds, Stopping threads took: 0.0000945 seconds
2017-07-03T20:43:51.068+0800: 22.853: Total time for which application threads were stopped: 0.0001083 seconds, Stopping threads took: 0.0000908 seconds
2017-07-03T20:43:51.068+0800: 22.853: Total time for which application threads were stopped: 0.0000558 seconds, Stopping threads took: 0.0000416 seconds
2017-07-03T20:43:51.068+0800: 22.853: Total time for which application threads were stopped: 0.0000405 seconds, Stopping threads took: 0.0000270 seconds
2017-07-03T20:43:51.068+0800: 22.854: Total time for which application threads were stopped: 0.0000193 seconds, Stopping threads took: 0.0000069 seconds
2017-07-03T20:43:51.069+0800: 22.854: Total time for which application threads were stopped: 0.0000401 seconds, Stopping threads took: 0.0000120 seconds
2017-07-03T20:43:51.069+0800: 22.854: Total time for which application threads were stopped: 0.0000408 seconds, Stopping threads took: 0.0000281 seconds
2017-07-03T20:43:51.069+0800: 22.854: Total time for which application threads were stopped: 0.0000711 seconds, Stopping threads took: 0.0000583 seconds
2017-07-03T20:43:51.069+0800: 22.854: Total time for which application threads were stopped: 0.0000802 seconds, Stopping threads took: 0.0000664 seconds
2017-07-03T20:43:51.069+0800: 22.854: Total time for which application threads were stopped: 0.0000766 seconds, Stopping threads took: 0.0000274 seconds
2017-07-03T20:43:51.069+0800: 22.854: Total time for which application threads were stopped: 0.0000438 seconds, Stopping threads took: 0.0000153 seconds
2017-07-03T20:43:51.069+0800: 22.855: Total time for which application threads were stopped: 0.0000427 seconds, Stopping threads took: 0.0000157 seconds
2017-07-03T20:43:51.069+0800: 22.855: Total time for which application threads were stopped: 0.0000284 seconds, Stopping threads took: 0.0000142 seconds
2017-07-03T20:43:51.069+0800: 22.855: Total time for which application threads were stopped: 0.0000270 seconds, Stopping threads took: 0.0000131 seconds
2017-07-03T20:43:51.070+0800: 22.855: Total time for which application threads were stopped: 0.0000277 seconds, Stopping threads took: 0.0000066 seconds
2017-07-03T20:43:51.070+0800: 22.855: Total time for which application threads were stopped: 0.0000346 seconds, Stopping threads took: 0.0000098 seconds
2017-07-03T20:43:51.070+0800: 22.855: Total time for which application threads were stopped: 0.0001568 seconds, Stopping threads took: 0.0000244 seconds
2017-07-03T20:43:52.072+0800: 23.856: Total time for which application threads were stopped: 0.0003023 seconds, Stopping threads took: 0.0000682 seconds
2017-07-03T20:43:58.063+0800: 29.854: Total time for which application threads were stopped: 0.0002338 seconds, Stopping threads took: 0.0001163 seconds
2017-07-03T20:43:58.079+0800: 29.870: Total time for which application threads were stopped: 0.0000879 seconds, Stopping threads took: 0.0000230 seconds
2017-07-03T20:43:58.501+0800: 30.288: Total time for which application threads were stopped: 0.0000755 seconds, Stopping threads took: 0.0000201 seconds
2017-07-03T20:43:58.501+0800: 30.288: Total time for which application threads were stopped: 0.0000430 seconds, Stopping threads took: 0.0000084 seconds
2017-07-03T20:43:58.501+0800: 30.288: Total time for which application threads were stopped: 0.0001254 seconds, Stopping threads took: 0.0000875 seconds
2017-07-03T20:43:58.758+0800: 30.543: Total time for which application threads were stopped: 0.0001010 seconds, Stopping threads took: 0.0000182 seconds
2017-07-03T20:43:58.759+0800: 30.544: Total time for which application threads were stopped: 0.0000638 seconds, Stopping threads took: 0.0000252 seconds
2017-07-03T20:43:58.759+0800: 30.544: Total time for which application threads were stopped: 0.0000631 seconds, Stopping threads took: 0.0000091 seconds
2017-07-03T20:43:58.759+0800: 30.544: Total time for which application threads were stopped: 0.0000383 seconds, Stopping threads took: 0.0000077 seconds
2017-07-03T20:43:58.759+0800: 30.544: Total time for which application threads were stopped: 0.0000226 seconds, Stopping threads took: 0.0000069 seconds
2017-07-03T20:43:58.760+0800: 30.544: Total time for which application threads were stopped: 0.0001021 seconds, Stopping threads took: 0.0000762 seconds
2017-07-03T20:43:58.760+0800: 30.544: Total time for which application threads were stopped: 0.0000343 seconds, Stopping threads took: 0.0000109 seconds
2017-07-03T20:43:58.760+0800: 30.545: Total time for which application threads were stopped: 0.0001006 seconds, Stopping threads took: 0.0000780 seconds
2017-07-03T20:43:58.760+0800: 30.545: Total time for which application threads were stopped: 0.0000303 seconds, Stopping threads took: 0.0000095 seconds
2017-07-03T20:43:58.760+0800: 30.545: Total time for which application threads were stopped: 0.0000306 seconds, Stopping threads took: 0.0000095 seconds
2017-07-03T20:43:58.761+0800: 30.545: Total time for which application threads were stopped: 0.0000445 seconds, Stopping threads took: 0.0000237 seconds
2017-07-03T20:43:58.761+0800: 30.545: Total time for which application threads were stopped: 0.0000474 seconds, Stopping threads took: 0.0000263 seconds
2017-07-03T20:43:58.761+0800: 30.545: Total time for which application threads were stopped: 0.0001145 seconds, Stopping threads took: 0.0000915 seconds
2017-07-03T20:43:58.761+0800: 30.546: Total time for which application threads were stopped: 0.0000576 seconds, Stopping threads took: 0.0000361 seconds
2017-07-03T20:43:58.761+0800: 30.546: Total time for which application threads were stopped: 0.0001010 seconds, Stopping threads took: 0.0000795 seconds
2017-07-03T20:43:58.762+0800: 30.546: Total time for which application threads were stopped: 0.0000390 seconds, Stopping threads took: 0.0000226 seconds
2017-07-03T20:43:58.762+0800: 30.546: Total time for which application threads were stopped: 0.0000963 seconds, Stopping threads took: 0.0000744 seconds
2017-07-03T20:43:58.762+0800: 30.546: Total time for which application threads were stopped: 0.0000485 seconds, Stopping threads took: 0.0000317 seconds
2017-07-03T20:43:58.762+0800: 30.546: Total time for which application threads were stopped: 0.0000376 seconds, Stopping threads took: 0.0000222 seconds
2017-07-03T20:43:58.762+0800: 30.546: Total time for which application threads were stopped: 0.0000408 seconds, Stopping threads took: 0.0000117 seconds
2017-07-03T20:43:58.762+0800: 30.547: Total time for which application threads were stopped: 0.0000821 seconds, Stopping threads took: 0.0000062 seconds
2017-07-03T20:43:59.766+0800: 31.550: Total time for which application threads were stopped: 0.0002939 seconds, Stopping threads took: 0.0000711 seconds
2017-07-03T20:44:04.612+0800: 36.399: Total time for which application threads were stopped: 0.0000737 seconds, Stopping threads took: 0.0000186 seconds
2017-07-03T20:44:04.675+0800: 36.471: Total time for which application threads were stopped: 0.0000551 seconds, Stopping threads took: 0.0000150 seconds
2017-07-03T20:44:04.675+0800: 36.472: Total time for which application threads were stopped: 0.0002735 seconds, Stopping threads took: 0.0000073 seconds
2017-07-03T20:44:04.706+0800: 36.495: Total time for which application threads were stopped: 0.0000427 seconds, Stopping threads took: 0.0000131 seconds
2017-07-03T20:44:04.706+0800: 36.495: Total time for which application threads were stopped: 0.0000259 seconds, Stopping threads took: 0.0000077 seconds
2017-07-03T20:44:04.706+0800: 36.495: Total time for which application threads were stopped: 0.0000241 seconds, Stopping threads took: 0.0000073 seconds
2017-07-03T20:44:04.722+0800: 36.507: Total time for which application threads were stopped: 0.0000438 seconds, Stopping threads took: 0.0000135 seconds
2017-07-03T20:44:04.722+0800: 36.507: Total time for which application threads were stopped: 0.0000244 seconds, Stopping threads took: 0.0000069 seconds
2017-07-03T20:44:04.722+0800: 36.511: Total time for which application threads were stopped: 0.0000306 seconds, Stopping threads took: 0.0000088 seconds
2017-07-03T20:44:04.722+0800: 36.511: Total time for which application threads were stopped: 0.0000274 seconds, Stopping threads took: 0.0000073 seconds
2017-07-03T20:44:04.722+0800: 36.512: Total time for which application threads were stopped: 0.0000274 seconds, Stopping threads took: 0.0000073 seconds
2017-07-03T20:44:04.722+0800: 36.513: Total time for which application threads were stopped: 0.0002797 seconds, Stopping threads took: 0.0000077 seconds
2017-07-03T20:44:04.737+0800: 36.531: Total time for which application threads were stopped: 0.0004423 seconds, Stopping threads took: 0.0000222 seconds
2017-07-03T20:44:04.737+0800: 36.533: Total time for which application threads were stopped: 0.0003457 seconds, Stopping threads took: 0.0000160 seconds
2017-07-03T20:44:04.737+0800: 36.533: Total time for which application threads were stopped: 0.0002990 seconds, Stopping threads took: 0.0000117 seconds
2017-07-03T20:44:04.737+0800: 36.536: Total time for which application threads were stopped: 0.0004168 seconds, Stopping threads took: 0.0000704 seconds
2017-07-03T20:44:04.769+0800: 36.557: Total time for which application threads were stopped: 0.0001488 seconds, Stopping threads took: 0.0000332 seconds
2017-07-03T20:44:04.769+0800: 36.557: Total time for which application threads were stopped: 0.0001382 seconds, Stopping threads took: 0.0000996 seconds
2017-07-03T20:44:04.769+0800: 36.557: Total time for which application threads were stopped: 0.0000335 seconds, Stopping threads took: 0.0000120 seconds
2017-07-03T20:44:04.769+0800: 36.557: Total time for which application threads were stopped: 0.0000314 seconds, Stopping threads took: 0.0000106 seconds
2017-07-03T20:44:04.769+0800: 36.561: Total time for which application threads were stopped: 0.0000645 seconds, Stopping threads took: 0.0000197 seconds
2017-07-03T20:44:04.769+0800: 36.563: Total time for which application threads were stopped: 0.0000675 seconds, Stopping threads took: 0.0000204 seconds
2017-07-03T20:44:04.769+0800: 36.563: Total time for which application threads were stopped: 0.0000427 seconds, Stopping threads took: 0.0000120 seconds
2017-07-03T20:44:04.831+0800: 36.622: Total time for which application threads were stopped: 0.0000985 seconds, Stopping threads took: 0.0000281 seconds
2017-07-03T20:44:04.831+0800: 36.624: Total time for which application threads were stopped: 0.0000682 seconds, Stopping threads took: 0.0000226 seconds
2017-07-03T20:44:04.831+0800: 36.624: Total time for which application threads were stopped: 0.0000387 seconds, Stopping threads took: 0.0000120 seconds
2017-07-03T20:44:04.831+0800: 36.624: Total time for which application threads were stopped: 0.0000317 seconds, Stopping threads took: 0.0000113 seconds
2017-07-03T20:44:04.831+0800: 36.624: Total time for which application threads were stopped: 0.0000372 seconds, Stopping threads took: 0.0000204 seconds
2017-07-03T20:44:04.831+0800: 36.624: Total time for which application threads were stopped: 0.0000310 seconds, Stopping threads took: 0.0000102 seconds
2017-07-03T20:44:04.831+0800: 36.625: Total time for which application threads were stopped: 0.0000430 seconds, Stopping threads took: 0.0000237 seconds
2017-07-03T20:44:04.831+0800: 36.625: Total time for which application threads were stopped: 0.0000292 seconds, Stopping threads took: 0.0000091 seconds
2017-07-03T20:44:05.165+0800: 36.956: Total time for which application threads were stopped: 0.0001962 seconds, Stopping threads took: 0.0000339 seconds
2017-07-03T20:44:05.165+0800: 36.957: Total time for which application threads were stopped: 0.0000875 seconds, Stopping threads took: 0.0000252 seconds
2017-07-03T20:44:05.165+0800: 36.958: Total time for which application threads were stopped: 0.0001211 seconds, Stopping threads took: 0.0000438 seconds
2017-07-03T20:44:05.165+0800: 36.960: Total time for which application threads were stopped: 0.0001462 seconds, Stopping threads took: 0.0000624 seconds
2017-07-03T20:44:05.165+0800: 36.962: Total time for which application threads were stopped: 0.0000937 seconds, Stopping threads took: 0.0000255 seconds
2017-07-03T20:44:05.165+0800: 36.962: Total time for which application threads were stopped: 0.0000904 seconds, Stopping threads took: 0.0000255 seconds
2017-07-03T20:44:05.165+0800: 36.962: Total time for which application threads were stopped: 0.0000901 seconds, Stopping threads took: 0.0000255 seconds
2017-07-03T20:44:05.165+0800: 36.963: Total time for which application threads were stopped: 0.0000901 seconds, Stopping threads took: 0.0000252 seconds
2017-07-03T20:44:05.165+0800: 36.963: Total time for which application threads were stopped: 0.0000897 seconds, Stopping threads took: 0.0000248 seconds
2017-07-03T20:44:05.165+0800: 36.964: Total time for which application threads were stopped: 0.0000915 seconds, Stopping threads took: 0.0000252 seconds
2017-07-03T20:44:05.180+0800: 36.967: Total time for which application threads were stopped: 0.0001331 seconds, Stopping threads took: 0.0000332 seconds
2017-07-03T20:44:05.180+0800: 36.967: Total time for which application threads were stopped: 0.0002283 seconds, Stopping threads took: 0.0001404 seconds
2017-07-03T20:44:05.180+0800: 36.967: Total time for which application threads were stopped: 0.0002166 seconds, Stopping threads took: 0.0001320 seconds
2017-07-03T20:44:05.180+0800: 36.968: Total time for which application threads were stopped: 0.0000937 seconds, Stopping threads took: 0.0000314 seconds
2017-07-03T20:44:05.180+0800: 36.968: Total time for which application threads were stopped: 0.0002039 seconds, Stopping threads took: 0.0001295 seconds
2017-07-03T20:44:05.180+0800: 36.969: Total time for which application threads were stopped: 0.0002009 seconds, Stopping threads took: 0.0001189 seconds
2017-07-03T20:44:05.180+0800: 36.970: Total time for which application threads were stopped: 0.0001109 seconds, Stopping threads took: 0.0000397 seconds
2017-07-03T20:44:05.180+0800: 36.971: Total time for which application threads were stopped: 0.0001889 seconds, Stopping threads took: 0.0001182 seconds
2017-07-03T20:44:05.180+0800: 36.971: Total time for which application threads were stopped: 0.0001955 seconds, Stopping threads took: 0.0001265 seconds
2017-07-03T20:44:05.180+0800: 36.971: Total time for which application threads were stopped: 0.0000948 seconds, Stopping threads took: 0.0000328 seconds
2017-07-03T20:44:05.180+0800: 36.972: Total time for which application threads were stopped: 0.0000948 seconds, Stopping threads took: 0.0000328 seconds
2017-07-03T20:44:05.180+0800: 36.973: Total time for which application threads were stopped: 0.0001192 seconds, Stopping threads took: 0.0000350 seconds
2017-07-03T20:44:10.454+0800: 42.238: Total time for which application threads were stopped: 0.0002600 seconds, Stopping threads took: 0.0001411 seconds
2017-07-03T20:44:11.459+0800: 43.244: Total time for which application threads were stopped: 0.0001780 seconds, Stopping threads took: 0.0000492 seconds
2017-07-03T20:44:14.764+0800: 46.550: Total time for which application threads were stopped: 0.0000525 seconds, Stopping threads took: 0.0000160 seconds
2017-07-03T20:44:14.764+0800: 46.550: Total time for which application threads were stopped: 0.0000357 seconds, Stopping threads took: 0.0000080 seconds
2017-07-03T20:44:14.780+0800: 46.565: Total time for which application threads were stopped: 0.0000569 seconds, Stopping threads took: 0.0000190 seconds
2017-07-03T20:44:14.780+0800: 46.565: Total time for which application threads were stopped: 0.0001090 seconds, Stopping threads took: 0.0000842 seconds
2017-07-03T20:44:14.795+0800: 46.581: Total time for which application threads were stopped: 0.0000635 seconds, Stopping threads took: 0.0000179 seconds
2017-07-03T20:44:14.795+0800: 46.581: Total time for which application threads were stopped: 0.0000521 seconds, Stopping threads took: 0.0000248 seconds
2017-07-03T20:44:14.795+0800: 46.581: Total time for which application threads were stopped: 0.0000474 seconds, Stopping threads took: 0.0000237 seconds
2017-07-03T20:44:14.795+0800: 46.582: Total time for which application threads were stopped: 0.0001579 seconds, Stopping threads took: 0.0001313 seconds
2017-07-03T20:44:14.795+0800: 46.583: Total time for which application threads were stopped: 0.0000492 seconds, Stopping threads took: 0.0000106 seconds
2017-07-03T20:44:14.795+0800: 46.587: Total time for which application threads were stopped: 0.0000693 seconds, Stopping threads took: 0.0000219 seconds
2017-07-03T20:44:14.795+0800: 46.589: Total time for which application threads were stopped: 0.0000620 seconds, Stopping threads took: 0.0000201 seconds
2017-07-03T20:44:15.061+0800: 46.846: Total time for which application threads were stopped: 0.0001141 seconds, Stopping threads took: 0.0000299 seconds
2017-07-03T20:44:15.061+0800: 46.848: Total time for which application threads were stopped: 0.0000977 seconds, Stopping threads took: 0.0000288 seconds
2017-07-03T20:44:15.061+0800: 46.848: Total time for which application threads were stopped: 0.0000667 seconds, Stopping threads took: 0.0000193 seconds
2017-07-03T20:44:15.061+0800: 46.848: Total time for which application threads were stopped: 0.0000857 seconds, Stopping threads took: 0.0000387 seconds
2017-07-03T20:44:15.061+0800: 46.848: Total time for which application threads were stopped: 0.0000631 seconds, Stopping threads took: 0.0000193 seconds
2017-07-03T20:44:15.061+0800: 46.848: Total time for which application threads were stopped: 0.0000897 seconds, Stopping threads took: 0.0000160 seconds
2017-07-03T20:44:15.061+0800: 46.849: Total time for which application threads were stopped: 0.0001853 seconds, Stopping threads took: 0.0000784 seconds
2017-07-03T20:44:15.061+0800: 46.850: Total time for which application threads were stopped: 0.0001838 seconds, Stopping threads took: 0.0001152 seconds
2017-07-03T20:44:15.061+0800: 46.850: Total time for which application threads were stopped: 0.0001725 seconds, Stopping threads took: 0.0001109 seconds
2017-07-03T20:44:15.061+0800: 46.850: Total time for which application threads were stopped: 0.0001823 seconds, Stopping threads took: 0.0001211 seconds
2017-07-03T20:44:15.061+0800: 46.851: Total time for which application threads were stopped: 0.0001710 seconds, Stopping threads took: 0.0001098 seconds
2017-07-03T20:44:15.061+0800: 46.851: Total time for which application threads were stopped: 0.0001955 seconds, Stopping threads took: 0.0001167 seconds
2017-07-03T20:44:16.061+0800: 47.846: Total time for which application threads were stopped: 0.0003019 seconds, Stopping threads took: 0.0001331 seconds
2017-07-03T20:44:30.131+0800: 61.915: Total time for which application threads were stopped: 0.0001127 seconds, Stopping threads took: 0.0000565 seconds
2017-07-03T20:44:50.225+0800: 82.009: Total time for which application threads were stopped: 0.0000872 seconds, Stopping threads took: 0.0000343 seconds
2017-07-03T20:44:55.226+0800: 87.010: Total time for which application threads were stopped: 0.0001068 seconds, Stopping threads took: 0.0000361 seconds
2017-07-03T20:45:20.298+0800: 112.082: Total time for which application threads were stopped: 0.0000893 seconds, Stopping threads took: 0.0000299 seconds
2017-07-03T20:45:49.733+0800: 141.518: Total time for which application threads were stopped: 0.0000999 seconds, Stopping threads took: 0.0000222 seconds
2017-07-03T20:45:49.733+0800: 141.518: Total time for which application threads were stopped: 0.0002181 seconds, Stopping threads took: 0.0001346 seconds
2017-07-03T20:45:49.737+0800: 141.522: Total time for which application threads were stopped: 0.0000886 seconds, Stopping threads took: 0.0000438 seconds
2017-07-03T20:45:49.738+0800: 141.523: Total time for which application threads were stopped: 0.0000937 seconds, Stopping threads took: 0.0000102 seconds
2017-07-03T20:45:49.739+0800: 141.524: Total time for which application threads were stopped: 0.0000346 seconds, Stopping threads took: 0.0000098 seconds
2017-07-03T20:45:49.739+0800: 141.524: Total time for which application threads were stopped: 0.0000598 seconds, Stopping threads took: 0.0000379 seconds
2017-07-03T20:45:49.891+0800: 141.675: Total time for which application threads were stopped: 0.0000598 seconds, Stopping threads took: 0.0000182 seconds
2017-07-03T20:45:49.891+0800: 141.675: Total time for which application threads were stopped: 0.0001028 seconds, Stopping threads took: 0.0000598 seconds
2017-07-03T20:45:49.891+0800: 141.675: Total time for which application threads were stopped: 0.0001222 seconds, Stopping threads took: 0.0000977 seconds
2017-07-03T20:45:49.891+0800: 141.676: Total time for which application threads were stopped: 0.0001036 seconds, Stopping threads took: 0.0000810 seconds
2017-07-03T20:45:49.891+0800: 141.676: Total time for which application threads were stopped: 0.0000387 seconds, Stopping threads took: 0.0000233 seconds
2017-07-03T20:45:49.892+0800: 141.676: Total time for which application threads were stopped: 0.0000492 seconds, Stopping threads took: 0.0000208 seconds
2017-07-03T20:45:49.895+0800: 141.679: Total time for which application threads were stopped: 0.0000788 seconds, Stopping threads took: 0.0000335 seconds
2017-07-03T20:45:49.898+0800: 141.683: Total time for which application threads were stopped: 0.0000525 seconds, Stopping threads took: 0.0000186 seconds
2017-07-03T20:45:49.898+0800: 141.683: Total time for which application threads were stopped: 0.0000281 seconds, Stopping threads took: 0.0000069 seconds
2017-07-03T20:45:49.898+0800: 141.683: Total time for which application threads were stopped: 0.0000222 seconds, Stopping threads took: 0.0000062 seconds
2017-07-03T20:45:49.899+0800: 141.684: Total time for which application threads were stopped: 0.0001079 seconds, Stopping threads took: 0.0000678 seconds
2017-07-03T20:45:49.899+0800: 141.685: Total time for which application threads were stopped: 0.0000985 seconds, Stopping threads took: 0.0000664 seconds
2017-07-03T20:45:49.900+0800: 141.685: Total time for which application threads were stopped: 0.0000937 seconds, Stopping threads took: 0.0000594 seconds
2017-07-03T20:45:49.900+0800: 141.685: Total time for which application threads were stopped: 0.0000901 seconds, Stopping threads took: 0.0000587 seconds
2017-07-03T20:45:49.900+0800: 141.685: Total time for which application threads were stopped: 0.0000883 seconds, Stopping threads took: 0.0000580 seconds
2017-07-03T20:45:49.900+0800: 141.685: Total time for which application threads were stopped: 0.0000912 seconds, Stopping threads took: 0.0000613 seconds
2017-07-03T20:45:49.900+0800: 141.686: Total time for which application threads were stopped: 0.0000872 seconds, Stopping threads took: 0.0000583 seconds
2017-07-03T20:45:49.900+0800: 141.689: Total time for which application threads were stopped: 0.0001218 seconds, Stopping threads took: 0.0000802 seconds
2017-07-03T20:45:49.916+0800: 141.715: Total time for which application threads were stopped: 0.0001736 seconds, Stopping threads took: 0.0001047 seconds
2017-07-03T20:45:49.932+0800: 141.716: Total time for which application threads were stopped: 0.0000879 seconds, Stopping threads took: 0.0000361 seconds
2017-07-03T20:45:50.327+0800: 142.112: Total time for which application threads were stopped: 0.0000857 seconds, Stopping threads took: 0.0000193 seconds
2017-07-03T20:45:50.655+0800: 142.445: Total time for which application threads were stopped: 0.0001156 seconds, Stopping threads took: 0.0000175 seconds
2017-07-03T20:45:50.655+0800: 142.445: Total time for which application threads were stopped: 0.0000379 seconds, Stopping threads took: 0.0000095 seconds
2017-07-03T20:45:50.655+0800: 142.446: Total time for which application threads were stopped: 0.0000576 seconds, Stopping threads took: 0.0000186 seconds
2017-07-03T20:45:50.655+0800: 142.446: Total time for which application threads were stopped: 0.0000368 seconds, Stopping threads took: 0.0000113 seconds
2017-07-03T20:45:50.655+0800: 142.446: Total time for which application threads were stopped: 0.0000675 seconds, Stopping threads took: 0.0000434 seconds
2017-07-03T20:45:50.655+0800: 142.446: Total time for which application threads were stopped: 0.0000346 seconds, Stopping threads took: 0.0000113 seconds
2017-07-03T20:45:50.655+0800: 142.446: Total time for which application threads were stopped: 0.0000233 seconds, Stopping threads took: 0.0000066 seconds
2017-07-03T20:45:50.655+0800: 142.447: Total time for which application threads were stopped: 0.0000587 seconds, Stopping threads took: 0.0000266 seconds
2017-07-03T20:45:50.655+0800: 142.447: Total time for which application threads were stopped: 0.0000354 seconds, Stopping threads took: 0.0000088 seconds
2017-07-03T20:45:50.655+0800: 142.447: Total time for which application threads were stopped: 0.0000321 seconds, Stopping threads took: 0.0000084 seconds
2017-07-03T20:45:50.655+0800: 142.447: Total time for which application threads were stopped: 0.0000317 seconds, Stopping threads took: 0.0000080 seconds
2017-07-03T20:45:50.655+0800: 142.447: Total time for which application threads were stopped: 0.0000317 seconds, Stopping threads took: 0.0000084 seconds
2017-07-03T20:45:50.671+0800: 142.456: Total time for which application threads were stopped: 0.0000613 seconds, Stopping threads took: 0.0000153 seconds
2017-07-03T20:45:50.687+0800: 142.472: Total time for which application threads were stopped: 0.0000540 seconds, Stopping threads took: 0.0000160 seconds
2017-07-03T20:45:50.687+0800: 142.473: Total time for which application threads were stopped: 0.0000536 seconds, Stopping threads took: 0.0000226 seconds
2017-07-03T20:45:50.687+0800: 142.473: Total time for which application threads were stopped: 0.0000449 seconds, Stopping threads took: 0.0000226 seconds
2017-07-03T20:45:50.687+0800: 142.474: Total time for which application threads were stopped: 0.0000605 seconds, Stopping threads took: 0.0000266 seconds
2017-07-03T20:45:50.702+0800: 142.495: Total time for which application threads were stopped: 0.0001050 seconds, Stopping threads took: 0.0000288 seconds
2017-07-03T20:45:50.968+0800: 142.762: Total time for which application threads were stopped: 0.0001995 seconds, Stopping threads took: 0.0000383 seconds
2017-07-03T20:45:50.968+0800: 142.763: Total time for which application threads were stopped: 0.0001182 seconds, Stopping threads took: 0.0000292 seconds
2017-07-03T20:45:50.984+0800: 142.770: Total time for which application threads were stopped: 0.0000591 seconds, Stopping threads took: 0.0000139 seconds
2017-07-03T20:45:50.984+0800: 142.770: Total time for which application threads were stopped: 0.0000405 seconds, Stopping threads took: 0.0000120 seconds
2017-07-03T20:45:50.984+0800: 142.770: Total time for which application threads were stopped: 0.0001229 seconds, Stopping threads took: 0.0000846 seconds
2017-07-03T20:45:50.984+0800: 142.770: Total time for which application threads were stopped: 0.0001127 seconds, Stopping threads took: 0.0000872 seconds
2017-07-03T20:45:50.984+0800: 142.770: Total time for which application threads were stopped: 0.0000317 seconds, Stopping threads took: 0.0000084 seconds
2017-07-03T20:45:50.984+0800: 142.778: Total time for which application threads were stopped: 0.0001039 seconds, Stopping threads took: 0.0000266 seconds
2017-07-03T20:45:50.984+0800: 142.778: Total time for which application threads were stopped: 0.0000631 seconds, Stopping threads took: 0.0000204 seconds
2017-07-03T20:45:50.984+0800: 142.779: Total time for which application threads were stopped: 0.0000737 seconds, Stopping threads took: 0.0000270 seconds
2017-07-03T20:45:50.984+0800: 142.779: Total time for which application threads were stopped: 0.0000489 seconds, Stopping threads took: 0.0000190 seconds
2017-07-03T20:45:50.984+0800: 142.779: Total time for which application threads were stopped: 0.0000416 seconds, Stopping threads took: 0.0000113 seconds
2017-07-03T20:45:50.984+0800: 142.779: Total time for which application threads were stopped: 0.0000500 seconds, Stopping threads took: 0.0000168 seconds
2017-07-03T20:45:50.984+0800: 142.779: Total time for which application threads were stopped: 0.0000500 seconds, Stopping threads took: 0.0000171 seconds
2017-07-03T20:45:50.984+0800: 142.779: Total time for which application threads were stopped: 0.0001032 seconds, Stopping threads took: 0.0000171 seconds
{Heap before GC invocations=10 (full 1):
 par new generation   total 109248K, used 109248K [0x00000000e0000000, 0x00000000e8000000, 0x00000000e8000000)
  eden space 87424K, 100% used [0x00000000e0000000, 0x00000000e5560000, 0x00000000e5560000)
  from space 21824K, 100% used [0x00000000e5560000, 0x00000000e6ab0000, 0x00000000e6ab0000)
  to   space 21824K,   0% used [0x00000000e6ab0000, 0x00000000e6ab0000, 0x00000000e8000000)
 concurrent mark-sweep generation total 393216K, used 37919K [0x00000000e8000000, 0x0000000100000000, 0x0000000100000000)
 Metaspace       used 31656K, capacity 32028K, committed 32196K, reserved 1077248K
  class space    used 3729K, capacity 3848K, committed 3860K, reserved 1048576K
2017-07-03T20:45:51.077+0800: 142.864: [GC (Allocation Failure) 2017-07-03T20:45:51.077+0800: 142.864: [ParNew
Desired survivor size 20112992 bytes, new threshold 8 (max 8)
- age   1:    2273192 bytes,    2273192 total
- age   2:    1034560 bytes,    3307752 total
- age   3:    3961208 bytes,    7268960 total
- age   4:    5776288 bytes,   13045248 total
- age   5:    7000456 bytes,   20045704 total
: 109248K->21824K(109248K), 0.0188043 secs] 147167K->60194K(502464K), 0.0189130 secs] [Times: user=0.09 sys=0.00, real=0.02 secs] 
Heap after GC invocations=11 (full 1):
 par new generation   total 109248K, used 21824K [0x00000000e0000000, 0x00000000e8000000, 0x00000000e8000000)
  eden space 87424K,   0% used [0x00000000e0000000, 0x00000000e0000000, 0x00000000e5560000)
  from space 21824K, 100% used [0x00000000e6ab0000, 0x00000000e8000000, 0x00000000e8000000)
  to   space 21824K,   0% used [0x00000000e5560000, 0x00000000e5560000, 0x00000000e6ab0000)
 concurrent mark-sweep generation total 393216K, used 38370K [0x00000000e8000000, 0x0000000100000000, 0x0000000100000000)
 Metaspace       used 31656K, capacity 32028K, committed 32196K, reserved 1077248K
  class space    used 3729K, capacity 3848K, committed 3860K, reserved 1048576K
}
2017-07-03T20:45:51.093+0800: 142.883: Total time for which application threads were stopped: 0.0191314 seconds, Stopping threads took: 0.0000274 seconds
2017-07-03T20:45:51.093+0800: 142.884: Total time for which application threads were stopped: 0.0002403 seconds, Stopping threads took: 0.0000416 seconds
2017-07-03T20:45:51.374+0800: 143.167: Total time for which application threads were stopped: 0.0001605 seconds, Stopping threads took: 0.0000288 seconds
2017-07-03T20:45:51.421+0800: 143.219: Total time for which application threads were stopped: 0.0000627 seconds, Stopping threads took: 0.0000208 seconds
2017-07-03T20:45:51.421+0800: 143.219: Total time for which application threads were stopped: 0.0000434 seconds, Stopping threads took: 0.0000150 seconds
2017-07-03T20:45:51.437+0800: 143.222: Total time for which application threads were stopped: 0.0001003 seconds, Stopping threads took: 0.0000346 seconds
2017-07-03T20:45:51.437+0800: 143.222: Total time for which application threads were stopped: 0.0000573 seconds, Stopping threads took: 0.0000248 seconds
2017-07-03T20:45:51.437+0800: 143.222: Total time for which application threads were stopped: 0.0001123 seconds, Stopping threads took: 0.0000824 seconds
2017-07-03T20:45:51.437+0800: 143.222: Total time for which application threads were stopped: 0.0001112 seconds, Stopping threads took: 0.0000857 seconds
2017-07-03T20:45:51.437+0800: 143.223: Total time for which application threads were stopped: 0.0001364 seconds, Stopping threads took: 0.0001134 seconds
2017-07-03T20:45:51.437+0800: 143.223: Total time for which application threads were stopped: 0.0000682 seconds, Stopping threads took: 0.0000204 seconds
2017-07-03T20:45:51.437+0800: 143.223: Total time for which application threads were stopped: 0.0000394 seconds, Stopping threads took: 0.0000139 seconds
2017-07-03T20:45:51.437+0800: 143.224: Total time for which application threads were stopped: 0.0000343 seconds, Stopping threads took: 0.0000113 seconds
2017-07-03T20:45:51.437+0800: 143.224: Total time for which application threads were stopped: 0.0000463 seconds, Stopping threads took: 0.0000128 seconds
2017-07-03T20:45:51.437+0800: 143.224: Total time for which application threads were stopped: 0.0000379 seconds, Stopping threads took: 0.0000109 seconds
2017-07-03T20:45:51.437+0800: 143.224: Total time for which application threads were stopped: 0.0000343 seconds, Stopping threads took: 0.0000106 seconds
2017-07-03T20:45:51.437+0800: 143.225: Total time for which application threads were stopped: 0.0000817 seconds, Stopping threads took: 0.0000558 seconds
2017-07-03T20:45:51.437+0800: 143.225: Total time for which application threads were stopped: 0.0000332 seconds, Stopping threads took: 0.0000102 seconds
2017-07-03T20:45:51.437+0800: 143.225: Total time for which application threads were stopped: 0.0000463 seconds, Stopping threads took: 0.0000197 seconds
2017-07-03T20:45:51.437+0800: 143.225: Total time for which application threads were stopped: 0.0000470 seconds, Stopping threads took: 0.0000230 seconds
2017-07-03T20:45:51.437+0800: 143.225: Total time for which application threads were stopped: 0.0000456 seconds, Stopping threads took: 0.0000186 seconds
2017-07-03T20:45:51.437+0800: 143.225: Total time for which application threads were stopped: 0.0000992 seconds, Stopping threads took: 0.0000605 seconds
2017-07-03T20:45:51.437+0800: 143.226: Total time for which application threads were stopped: 0.0000390 seconds, Stopping threads took: 0.0000142 seconds
2017-07-03T20:45:51.437+0800: 143.226: Total time for which application threads were stopped: 0.0000350 seconds, Stopping threads took: 0.0000106 seconds
2017-07-03T20:45:51.437+0800: 143.226: Total time for which application threads were stopped: 0.0000244 seconds, Stopping threads took: 0.0000084 seconds
2017-07-03T20:45:51.437+0800: 143.226: Total time for which application threads were stopped: 0.0000372 seconds, Stopping threads took: 0.0000190 seconds
2017-07-03T20:45:51.437+0800: 143.226: Total time for which application threads were stopped: 0.0000904 seconds, Stopping threads took: 0.0000146 seconds
2017-07-03T20:45:51.452+0800: 143.238: Total time for which application threads were stopped: 0.0000784 seconds, Stopping threads took: 0.0000281 seconds
2017-07-03T20:45:51.468+0800: 143.254: Total time for which application threads were stopped: 0.0001663 seconds, Stopping threads took: 0.0000726 seconds
2017-07-03T20:45:51.468+0800: 143.255: Total time for which application threads were stopped: 0.0000613 seconds, Stopping threads took: 0.0000233 seconds
2017-07-03T20:45:52.253+0800: 144.049: Total time for which application threads were stopped: 0.0000846 seconds, Stopping threads took: 0.0000383 seconds
2017-07-03T20:45:52.253+0800: 144.049: Total time for which application threads were stopped: 0.0000872 seconds, Stopping threads took: 0.0000609 seconds
2017-07-03T20:45:52.253+0800: 144.049: Total time for which application threads were stopped: 0.0000474 seconds, Stopping threads took: 0.0000252 seconds
2017-07-03T20:45:52.253+0800: 144.049: Total time for which application threads were stopped: 0.0001510 seconds, Stopping threads took: 0.0000901 seconds
2017-07-03T20:45:52.253+0800: 144.049: Total time for which application threads were stopped: 0.0000394 seconds, Stopping threads took: 0.0000175 seconds
2017-07-03T20:45:52.253+0800: 144.050: Total time for which application threads were stopped: 0.0000481 seconds, Stopping threads took: 0.0000219 seconds
2017-07-03T20:45:52.268+0800: 144.053: Total time for which application threads were stopped: 0.0000532 seconds, Stopping threads took: 0.0000164 seconds
2017-07-03T20:45:52.284+0800: 144.070: Total time for which application threads were stopped: 0.0000587 seconds, Stopping threads took: 0.0000153 seconds
2017-07-03T20:45:52.284+0800: 144.070: Total time for which application threads were stopped: 0.0000653 seconds, Stopping threads took: 0.0000270 seconds
2017-07-03T20:45:52.284+0800: 144.071: Total time for which application threads were stopped: 0.0000387 seconds, Stopping threads took: 0.0000084 seconds
2017-07-03T20:45:52.487+0800: 144.278: Total time for which application threads were stopped: 0.0001597 seconds, Stopping threads took: 0.0000445 seconds
2017-07-03T20:45:52.487+0800: 144.279: Total time for which application threads were stopped: 0.0002447 seconds, Stopping threads took: 0.0001499 seconds
2017-07-03T20:45:52.487+0800: 144.279: Total time for which application threads were stopped: 0.0001342 seconds, Stopping threads took: 0.0000467 seconds
2017-07-03T20:45:52.487+0800: 144.279: Total time for which application threads were stopped: 0.0002283 seconds, Stopping threads took: 0.0001459 seconds
2017-07-03T20:45:52.487+0800: 144.280: Total time for which application threads were stopped: 0.0002549 seconds, Stopping threads took: 0.0001703 seconds
2017-07-03T20:45:52.487+0800: 144.281: Total time for which application threads were stopped: 0.0002352 seconds, Stopping threads took: 0.0001499 seconds
2017-07-03T20:45:52.503+0800: 144.290: Total time for which application threads were stopped: 0.0002480 seconds, Stopping threads took: 0.0001415 seconds
2017-07-03T20:45:52.518+0800: 144.307: Total time for which application threads were stopped: 0.0002593 seconds, Stopping threads took: 0.0001408 seconds
2017-07-03T20:45:52.518+0800: 144.307: Total time for which application threads were stopped: 0.0004270 seconds, Stopping threads took: 0.0001415 seconds
2017-07-03T20:45:52.518+0800: 144.310: Total time for which application threads were stopped: 0.0002487 seconds, Stopping threads took: 0.0001634 seconds
2017-07-03T20:45:52.768+0800: 144.553: Total time for which application threads were stopped: 0.0001823 seconds, Stopping threads took: 0.0000500 seconds
2017-07-03T20:45:52.768+0800: 144.553: Total time for which application threads were stopped: 0.0002305 seconds, Stopping threads took: 0.0001236 seconds
2017-07-03T20:45:52.768+0800: 144.554: Total time for which application threads were stopped: 0.0002669 seconds, Stopping threads took: 0.0001535 seconds
2017-07-03T20:45:52.768+0800: 144.554: Total time for which application threads were stopped: 0.0001816 seconds, Stopping threads took: 0.0000810 seconds
2017-07-03T20:45:52.768+0800: 144.555: Total time for which application threads were stopped: 0.0001630 seconds, Stopping threads took: 0.0000806 seconds
2017-07-03T20:45:52.768+0800: 144.556: Total time for which application threads were stopped: 0.0002921 seconds, Stopping threads took: 0.0002068 seconds
2017-07-03T20:45:52.784+0800: 144.571: Total time for which application threads were stopped: 0.0001557 seconds, Stopping threads took: 0.0000605 seconds
2017-07-03T20:45:52.800+0800: 144.586: Total time for which application threads were stopped: 0.0000551 seconds, Stopping threads took: 0.0000157 seconds
2017-07-03T20:45:52.800+0800: 144.586: Total time for which application threads were stopped: 0.0000314 seconds, Stopping threads took: 0.0000080 seconds
2017-07-03T20:45:52.800+0800: 144.587: Total time for which application threads were stopped: 0.0001196 seconds, Stopping threads took: 0.0000893 seconds
2017-07-03T20:45:52.925+0800: 144.719: Total time for which application threads were stopped: 0.0001079 seconds, Stopping threads took: 0.0000343 seconds
2017-07-03T20:45:52.925+0800: 144.719: Total time for which application threads were stopped: 0.0000934 seconds, Stopping threads took: 0.0000310 seconds
2017-07-03T20:45:52.925+0800: 144.719: Total time for which application threads were stopped: 0.0001149 seconds, Stopping threads took: 0.0000518 seconds
2017-07-03T20:45:52.925+0800: 144.719: Total time for which application threads were stopped: 0.0001849 seconds, Stopping threads took: 0.0001265 seconds
2017-07-03T20:45:52.925+0800: 144.720: Total time for which application threads were stopped: 0.0001692 seconds, Stopping threads took: 0.0001149 seconds
2017-07-03T20:45:52.925+0800: 144.720: Total time for which application threads were stopped: 0.0000970 seconds, Stopping threads took: 0.0000339 seconds
2017-07-03T20:45:52.940+0800: 144.726: Total time for which application threads were stopped: 0.0001054 seconds, Stopping threads took: 0.0000383 seconds
2017-07-03T20:45:52.956+0800: 144.743: Total time for which application threads were stopped: 0.0001699 seconds, Stopping threads took: 0.0000999 seconds
2017-07-03T20:45:52.956+0800: 144.743: Total time for which application threads were stopped: 0.0000525 seconds, Stopping threads took: 0.0000164 seconds
2017-07-03T20:45:52.956+0800: 144.744: Total time for which application threads were stopped: 0.0001601 seconds, Stopping threads took: 0.0001039 seconds
2017-07-03T20:45:53.143+0800: 144.933: Total time for which application threads were stopped: 0.0002447 seconds, Stopping threads took: 0.0000339 seconds
2017-07-03T20:45:53.143+0800: 144.933: Total time for which application threads were stopped: 0.0000890 seconds, Stopping threads took: 0.0000270 seconds
2017-07-03T20:45:53.143+0800: 144.934: Total time for which application threads were stopped: 0.0002943 seconds, Stopping threads took: 0.0001076 seconds
2017-07-03T20:45:53.143+0800: 144.934: Total time for which application threads were stopped: 0.0000744 seconds, Stopping threads took: 0.0000255 seconds
2017-07-03T20:45:53.159+0800: 144.945: Total time for which application threads were stopped: 0.0000970 seconds, Stopping threads took: 0.0000339 seconds
2017-07-03T20:45:53.175+0800: 144.962: Total time for which application threads were stopped: 0.0001371 seconds, Stopping threads took: 0.0000270 seconds
2017-07-03T20:45:53.175+0800: 144.962: Total time for which application threads were stopped: 0.0000799 seconds, Stopping threads took: 0.0000193 seconds
2017-07-03T20:45:53.175+0800: 144.964: Total time for which application threads were stopped: 0.0000966 seconds, Stopping threads took: 0.0000288 seconds
2017-07-03T20:45:53.393+0800: 145.181: Total time for which application threads were stopped: 0.0002400 seconds, Stopping threads took: 0.0001430 seconds
2017-07-03T20:45:53.393+0800: 145.181: Total time for which application threads were stopped: 0.0001400 seconds, Stopping threads took: 0.0000387 seconds
2017-07-03T20:45:53.393+0800: 145.182: Total time for which application threads were stopped: 0.0000992 seconds, Stopping threads took: 0.0000281 seconds
2017-07-03T20:45:53.393+0800: 145.182: Total time for which application threads were stopped: 0.0002294 seconds, Stopping threads took: 0.0001316 seconds
2017-07-03T20:46:12.887+0800: 164.672: Total time for which application threads were stopped: 0.0000485 seconds, Stopping threads took: 0.0000160 seconds
2017-07-03T20:46:12.902+0800: 164.688: Total time for which application threads were stopped: 0.0001109 seconds, Stopping threads took: 0.0000303 seconds
2017-07-03T20:46:12.902+0800: 164.689: Total time for which application threads were stopped: 0.0000368 seconds, Stopping threads took: 0.0000095 seconds
2017-07-03T20:46:12.902+0800: 164.690: Total time for which application threads were stopped: 0.0000748 seconds, Stopping threads took: 0.0000197 seconds
2017-07-03T20:46:13.148+0800: 164.941: Total time for which application threads were stopped: 0.0003001 seconds, Stopping threads took: 0.0001765 seconds
2017-07-03T20:46:13.148+0800: 164.942: Total time for which application threads were stopped: 0.0002403 seconds, Stopping threads took: 0.0001448 seconds
2017-07-03T20:46:13.148+0800: 164.942: Total time for which application threads were stopped: 0.0002739 seconds, Stopping threads took: 0.0001812 seconds
2017-07-03T20:46:13.148+0800: 164.943: Total time for which application threads were stopped: 0.0002655 seconds, Stopping threads took: 0.0001754 seconds
2017-07-03T20:46:13.195+0800: 164.981: Total time for which application threads were stopped: 0.0001492 seconds, Stopping threads took: 0.0000806 seconds
2017-07-03T20:46:13.210+0800: 164.998: Total time for which application threads were stopped: 0.0001331 seconds, Stopping threads took: 0.0000343 seconds
2017-07-03T20:46:13.210+0800: 164.998: Total time for which application threads were stopped: 0.0000821 seconds, Stopping threads took: 0.0000204 seconds
2017-07-03T20:46:13.210+0800: 165.001: Total time for which application threads were stopped: 0.0001287 seconds, Stopping threads took: 0.0000387 seconds
2017-07-03T20:46:13.210+0800: 165.002: Total time for which application threads were stopped: 0.0001054 seconds, Stopping threads took: 0.0000339 seconds
2017-07-03T20:46:13.210+0800: 165.006: Total time for which application threads were stopped: 0.0000988 seconds, Stopping threads took: 0.0000419 seconds
2017-07-03T20:46:13.210+0800: 165.006: Total time for which application threads were stopped: 0.0000850 seconds, Stopping threads took: 0.0000160 seconds
2017-07-03T20:46:13.242+0800: 165.038: Total time for which application threads were stopped: 0.0003143 seconds, Stopping threads took: 0.0001116 seconds
2017-07-03T20:46:13.413+0800: 165.208: Total time for which application threads were stopped: 0.0001072 seconds, Stopping threads took: 0.0000361 seconds
2017-07-03T20:46:13.413+0800: 165.210: Total time for which application threads were stopped: 0.0000748 seconds, Stopping threads took: 0.0000102 seconds
2017-07-03T20:46:13.413+0800: 165.210: Total time for which application threads were stopped: 0.0000551 seconds, Stopping threads took: 0.0000073 seconds
{Heap before GC invocations=11 (full 1):
 par new generation   total 109248K, used 109248K [0x00000000e0000000, 0x00000000e8000000, 0x00000000e8000000)
  eden space 87424K, 100% used [0x00000000e0000000, 0x00000000e5560000, 0x00000000e5560000)
  from space 21824K, 100% used [0x00000000e6ab0000, 0x00000000e8000000, 0x00000000e8000000)
  to   space 21824K,   0% used [0x00000000e5560000, 0x00000000e5560000, 0x00000000e6ab0000)
 concurrent mark-sweep generation total 393216K, used 38370K [0x00000000e8000000, 0x0000000100000000, 0x0000000100000000)
 Metaspace       used 31829K, capacity 32232K, committed 32452K, reserved 1077248K
  class space    used 3732K, capacity 3850K, committed 3860K, reserved 1048576K
2017-07-03T20:46:13.507+0800: 165.298: [GC (Allocation Failure) 2017-07-03T20:46:13.507+0800: 165.298: [ParNew
Desired survivor size 20112992 bytes, new threshold 8 (max 8)
- age   1:    1399176 bytes,    1399176 total
- age   2:     553376 bytes,    1952552 total
- age   3:     186352 bytes,    2138904 total
- age   4:    3592584 bytes,    5731488 total
- age   5:    5776288 bytes,   11507776 total
- age   6:    7000424 bytes,   18508200 total
: 109248K->21824K(109248K), 0.0168898 secs] 147618K->60194K(502464K), 0.0169430 secs] [Times: user=0.09 sys=0.00, real=0.02 secs] 
Heap after GC invocations=12 (full 1):
 par new generation   total 109248K, used 21824K [0x00000000e0000000, 0x00000000e8000000, 0x00000000e8000000)
  eden space 87424K,   0% used [0x00000000e0000000, 0x00000000e0000000, 0x00000000e5560000)
  from space 21824K, 100% used [0x00000000e5560000, 0x00000000e6ab0000, 0x00000000e6ab0000)
  to   space 21824K,   0% used [0x00000000e6ab0000, 0x00000000e6ab0000, 0x00000000e8000000)
 concurrent mark-sweep generation total 393216K, used 38370K [0x00000000e8000000, 0x0000000100000000, 0x0000000100000000)
 Metaspace       used 31829K, capacity 32232K, committed 32452K, reserved 1077248K
  class space    used 3732K, capacity 3850K, committed 3860K, reserved 1048576K
}
2017-07-03T20:46:13.523+0800: 165.315: Total time for which application threads were stopped: 0.0171516 seconds, Stopping threads took: 0.0000314 seconds
2017-07-03T20:46:13.523+0800: 165.315: Total time for which application threads were stopped: 0.0002042 seconds, Stopping threads took: 0.0000521 seconds
2017-07-03T20:46:13.726+0800: 165.521: Total time for which application threads were stopped: 0.0001043 seconds, Stopping threads took: 0.0000565 seconds
2017-07-03T20:46:13.726+0800: 165.521: Total time for which application threads were stopped: 0.0001028 seconds, Stopping threads took: 0.0000631 seconds
2017-07-03T20:46:13.726+0800: 165.521: Total time for which application threads were stopped: 0.0000547 seconds, Stopping threads took: 0.0000263 seconds
2017-07-03T20:46:13.726+0800: 165.521: Total time for which application threads were stopped: 0.0000427 seconds, Stopping threads took: 0.0000212 seconds
2017-07-03T20:46:13.726+0800: 165.522: Total time for which application threads were stopped: 0.0000872 seconds, Stopping threads took: 0.0000317 seconds
2017-07-03T20:46:13.773+0800: 165.559: Total time for which application threads were stopped: 0.0001590 seconds, Stopping threads took: 0.0000635 seconds
2017-07-03T20:46:13.788+0800: 165.575: Total time for which application threads were stopped: 0.0001014 seconds, Stopping threads took: 0.0000449 seconds
2017-07-03T20:46:13.788+0800: 165.575: Total time for which application threads were stopped: 0.0000573 seconds, Stopping threads took: 0.0000241 seconds
2017-07-03T20:46:13.788+0800: 165.576: Total time for which application threads were stopped: 0.0000799 seconds, Stopping threads took: 0.0000204 seconds
2017-07-03T20:46:14.440+0800: 166.225: Total time for which application threads were stopped: 0.0001233 seconds, Stopping threads took: 0.0000795 seconds
2017-07-03T20:46:14.440+0800: 166.225: Total time for which application threads were stopped: 0.0000529 seconds, Stopping threads took: 0.0000237 seconds
2017-07-03T20:46:14.440+0800: 166.225: Total time for which application threads were stopped: 0.0000419 seconds, Stopping threads took: 0.0000113 seconds
2017-07-03T20:46:14.440+0800: 166.226: Total time for which application threads were stopped: 0.0001163 seconds, Stopping threads took: 0.0000904 seconds
2017-07-03T20:46:14.459+0800: 166.244: Total time for which application threads were stopped: 0.0000649 seconds, Stopping threads took: 0.0000190 seconds
2017-07-03T20:46:14.464+0800: 166.249: Total time for which application threads were stopped: 0.0000562 seconds, Stopping threads took: 0.0000146 seconds
2017-07-03T20:46:14.465+0800: 166.249: Total time for which application threads were stopped: 0.0000328 seconds, Stopping threads took: 0.0000080 seconds
2017-07-03T20:46:14.466+0800: 166.250: Total time for which application threads were stopped: 0.0001459 seconds, Stopping threads took: 0.0001171 seconds
2017-07-03T20:46:14.466+0800: 166.251: Total time for which application threads were stopped: 0.0000401 seconds, Stopping threads took: 0.0000080 seconds
2017-07-03T20:46:14.794+0800: 166.581: Total time for which application threads were stopped: 0.0001473 seconds, Stopping threads took: 0.0000423 seconds
2017-07-03T20:46:14.794+0800: 166.581: Total time for which application threads were stopped: 0.0002090 seconds, Stopping threads took: 0.0001178 seconds
2017-07-03T20:46:14.794+0800: 166.582: Total time for which application threads were stopped: 0.0001203 seconds, Stopping threads took: 0.0000332 seconds
2017-07-03T20:46:14.794+0800: 166.582: Total time for which application threads were stopped: 0.0001681 seconds, Stopping threads took: 0.0000748 seconds
2017-07-03T20:46:14.866+0800: 166.651: Total time for which application threads were stopped: 0.0000627 seconds, Stopping threads took: 0.0000201 seconds
2017-07-03T20:46:14.870+0800: 166.655: Total time for which application threads were stopped: 0.0000605 seconds, Stopping threads took: 0.0000186 seconds
2017-07-03T20:46:14.870+0800: 166.655: Total time for which application threads were stopped: 0.0001010 seconds, Stopping threads took: 0.0000095 seconds
2017-07-03T20:46:14.871+0800: 166.656: Total time for which application threads were stopped: 0.0000485 seconds, Stopping threads took: 0.0000128 seconds
2017-07-03T20:46:15.099+0800: 166.883: Total time for which application threads were stopped: 0.0000649 seconds, Stopping threads took: 0.0000212 seconds
2017-07-03T20:46:15.099+0800: 166.883: Total time for which application threads were stopped: 0.0000317 seconds, Stopping threads took: 0.0000084 seconds
2017-07-03T20:46:15.099+0800: 166.883: Total time for which application threads were stopped: 0.0000354 seconds, Stopping threads took: 0.0000146 seconds
2017-07-03T20:46:15.099+0800: 166.883: Total time for which application threads were stopped: 0.0000350 seconds, Stopping threads took: 0.0000153 seconds
2017-07-03T20:46:15.340+0800: 167.127: Total time for which application threads were stopped: 0.0001842 seconds, Stopping threads took: 0.0000521 seconds
2017-07-03T20:46:15.372+0800: 167.171: Total time for which application threads were stopped: 0.0001360 seconds, Stopping threads took: 0.0000492 seconds
2017-07-03T20:46:16.081+0800: 167.877: Total time for which application threads were stopped: 0.0001269 seconds, Stopping threads took: 0.0000503 seconds
2017-07-03T20:46:16.081+0800: 167.877: Total time for which application threads were stopped: 0.0000817 seconds, Stopping threads took: 0.0000292 seconds
2017-07-03T20:46:16.081+0800: 167.877: Total time for which application threads were stopped: 0.0000744 seconds, Stopping threads took: 0.0000248 seconds
2017-07-03T20:46:16.081+0800: 167.878: Total time for which application threads were stopped: 0.0000810 seconds, Stopping threads took: 0.0000171 seconds
2017-07-03T20:46:16.162+0800: 167.947: Total time for which application threads were stopped: 0.0001160 seconds, Stopping threads took: 0.0000397 seconds
2017-07-03T20:46:16.209+0800: 167.995: Total time for which application threads were stopped: 0.0001309 seconds, Stopping threads took: 0.0000474 seconds
2017-07-03T20:46:16.541+0800: 168.334: Total time for which application threads were stopped: 0.0000974 seconds, Stopping threads took: 0.0000387 seconds
2017-07-03T20:46:16.541+0800: 168.334: Total time for which application threads were stopped: 0.0000562 seconds, Stopping threads took: 0.0000142 seconds
2017-07-03T20:46:16.541+0800: 168.334: Total time for which application threads were stopped: 0.0000467 seconds, Stopping threads took: 0.0000160 seconds
2017-07-03T20:46:16.541+0800: 168.334: Total time for which application threads were stopped: 0.0000503 seconds, Stopping threads took: 0.0000168 seconds
2017-07-03T20:46:16.572+0800: 168.358: Total time for which application threads were stopped: 0.0001346 seconds, Stopping threads took: 0.0000423 seconds
2017-07-03T20:46:16.587+0800: 168.377: Total time for which application threads were stopped: 0.0001769 seconds, Stopping threads took: 0.0000955 seconds
2017-07-03T20:46:16.900+0800: 168.685: Total time for which application threads were stopped: 0.0001998 seconds, Stopping threads took: 0.0000966 seconds
2017-07-03T20:46:16.900+0800: 168.686: Total time for which application threads were stopped: 0.0000992 seconds, Stopping threads took: 0.0000310 seconds
2017-07-03T20:46:16.900+0800: 168.686: Total time for which application threads were stopped: 0.0000624 seconds, Stopping threads took: 0.0000274 seconds
2017-07-03T20:46:16.900+0800: 168.686: Total time for which application threads were stopped: 0.0000700 seconds, Stopping threads took: 0.0000252 seconds
2017-07-03T20:46:16.962+0800: 168.750: Total time for which application threads were stopped: 0.0003235 seconds, Stopping threads took: 0.0000423 seconds
2017-07-03T20:46:16.994+0800: 168.788: Total time for which application threads were stopped: 0.0002462 seconds, Stopping threads took: 0.0001171 seconds
2017-07-03T20:46:17.369+0800: 169.165: Total time for which application threads were stopped: 0.0000718 seconds, Stopping threads took: 0.0000179 seconds
2017-07-03T20:46:17.369+0800: 169.165: Total time for which application threads were stopped: 0.0001233 seconds, Stopping threads took: 0.0000368 seconds
2017-07-03T20:46:17.369+0800: 169.165: Total time for which application threads were stopped: 0.0000919 seconds, Stopping threads took: 0.0000346 seconds
2017-07-03T20:46:17.369+0800: 169.165: Total time for which application threads were stopped: 0.0000605 seconds, Stopping threads took: 0.0000233 seconds
2017-07-03T20:46:17.369+0800: 169.165: Total time for which application threads were stopped: 0.0000580 seconds, Stopping threads took: 0.0000190 seconds
2017-07-03T20:46:17.369+0800: 169.165: Total time for which application threads were stopped: 0.0000923 seconds, Stopping threads took: 0.0000179 seconds
2017-07-03T20:46:17.431+0800: 169.219: Total time for which application threads were stopped: 0.0000831 seconds, Stopping threads took: 0.0000168 seconds
2017-07-03T20:46:17.431+0800: 169.219: Total time for which application threads were stopped: 0.0000660 seconds, Stopping threads took: 0.0000281 seconds
2017-07-03T20:46:17.681+0800: 169.479: Total time for which application threads were stopped: 0.0000656 seconds, Stopping threads took: 0.0000222 seconds
2017-07-03T20:46:17.681+0800: 169.479: Total time for which application threads were stopped: 0.0001039 seconds, Stopping threads took: 0.0000693 seconds
2017-07-03T20:46:17.681+0800: 169.479: Total time for which application threads were stopped: 0.0001244 seconds, Stopping threads took: 0.0000901 seconds
2017-07-03T20:46:17.728+0800: 169.515: Total time for which application threads were stopped: 0.0000635 seconds, Stopping threads took: 0.0000182 seconds
2017-07-03T20:46:17.728+0800: 169.517: Total time for which application threads were stopped: 0.0001032 seconds, Stopping threads took: 0.0000179 seconds
2017-07-03T20:46:17.791+0800: 169.587: Total time for which application threads were stopped: 0.0002122 seconds, Stopping threads took: 0.0000474 seconds
2017-07-03T20:46:17.791+0800: 169.589: Total time for which application threads were stopped: 0.0002250 seconds, Stopping threads took: 0.0000496 seconds
{Heap before GC invocations=12 (full 1):
 par new generation   total 109248K, used 109248K [0x00000000e0000000, 0x00000000e8000000, 0x00000000e8000000)
  eden space 87424K, 100% used [0x00000000e0000000, 0x00000000e5560000, 0x00000000e5560000)
  from space 21824K, 100% used [0x00000000e5560000, 0x00000000e6ab0000, 0x00000000e6ab0000)
  to   space 21824K,   0% used [0x00000000e6ab0000, 0x00000000e6ab0000, 0x00000000e8000000)
 concurrent mark-sweep generation total 393216K, used 38370K [0x00000000e8000000, 0x0000000100000000, 0x0000000100000000)
 Metaspace       used 31968K, capacity 32360K, committed 32708K, reserved 1079296K
  class space    used 3732K, capacity 3850K, committed 3860K, reserved 1048576K
2017-07-03T20:46:17.979+0800: 169.770: [GC (Allocation Failure) 2017-07-03T20:46:17.979+0800: 169.770: [ParNew
Desired survivor size 20112992 bytes, new threshold 8 (max 8)
- age   1:    1665504 bytes,    1665504 total
- age   2:     155744 bytes,    1821248 total
- age   3:     323336 bytes,    2144584 total
- age   4:     185544 bytes,    2330128 total
- age   5:    3570568 bytes,    5900696 total
- age   6:    5736592 bytes,   11637288 total
- age   7:    6968168 bytes,   18605456 total
: 109248K->21824K(109248K), 0.0187624 secs] 147618K->60265K(502464K), 0.0188317 secs] [Times: user=0.08 sys=0.00, real=0.01 secs] 
Heap after GC invocations=13 (full 1):
 par new generation   total 109248K, used 21824K [0x00000000e0000000, 0x00000000e8000000, 0x00000000e8000000)
  eden space 87424K,   0% used [0x00000000e0000000, 0x00000000e0000000, 0x00000000e5560000)
  from space 21824K, 100% used [0x00000000e6ab0000, 0x00000000e8000000, 0x00000000e8000000)
  to   space 21824K,   0% used [0x00000000e5560000, 0x00000000e5560000, 0x00000000e6ab0000)
 concurrent mark-sweep generation total 393216K, used 38441K [0x00000000e8000000, 0x0000000100000000, 0x0000000100000000)
 Metaspace       used 31968K, capacity 32360K, committed 32708K, reserved 1079296K
  class space    used 3732K, capacity 3850K, committed 3860K, reserved 1048576K
}
2017-07-03T20:46:17.994+0800: 169.789: Total time for which application threads were stopped: 0.0190348 seconds, Stopping threads took: 0.0000219 seconds
2017-07-03T20:46:18.338+0800: 170.138: Total time for which application threads were stopped: 0.0001120 seconds, Stopping threads took: 0.0000339 seconds
2017-07-03T20:46:18.354+0800: 170.138: Total time for which application threads were stopped: 0.0001141 seconds, Stopping threads took: 0.0000492 seconds
2017-07-03T20:46:18.354+0800: 170.138: Total time for which application threads were stopped: 0.0000503 seconds, Stopping threads took: 0.0000106 seconds
2017-07-03T20:46:18.354+0800: 170.139: Total time for which application threads were stopped: 0.0000635 seconds, Stopping threads took: 0.0000193 seconds
2017-07-03T20:46:18.354+0800: 170.139: Total time for which application threads were stopped: 0.0000438 seconds, Stopping threads took: 0.0000113 seconds
2017-07-03T20:46:18.401+0800: 170.188: Total time for which application threads were stopped: 0.0000751 seconds, Stopping threads took: 0.0000244 seconds
2017-07-03T20:46:18.994+0800: 170.792: Total time for which application threads were stopped: 0.0001152 seconds, Stopping threads took: 0.0000427 seconds
2017-07-03T20:46:18.994+0800: 170.792: Total time for which application threads were stopped: 0.0000598 seconds, Stopping threads took: 0.0000255 seconds
2017-07-03T20:46:18.994+0800: 170.792: Total time for which application threads were stopped: 0.0000408 seconds, Stopping threads took: 0.0000182 seconds
2017-07-03T20:46:19.073+0800: 170.860: Total time for which application threads were stopped: 0.0000594 seconds, Stopping threads took: 0.0000179 seconds
2017-07-03T20:46:19.385+0800: 171.176: Total time for which application threads were stopped: 0.0000977 seconds, Stopping threads took: 0.0000237 seconds
2017-07-03T20:46:19.385+0800: 171.176: Total time for which application threads were stopped: 0.0000489 seconds, Stopping threads took: 0.0000153 seconds
2017-07-03T20:46:19.385+0800: 171.176: Total time for which application threads were stopped: 0.0000467 seconds, Stopping threads took: 0.0000117 seconds
2017-07-03T20:46:19.463+0800: 171.250: Total time for which application threads were stopped: 0.0000554 seconds, Stopping threads took: 0.0000153 seconds
2017-07-03T20:46:19.667+0800: 171.463: Total time for which application threads were stopped: 0.0000883 seconds, Stopping threads took: 0.0000274 seconds
2017-07-03T20:46:19.667+0800: 171.463: Total time for which application threads were stopped: 0.0000558 seconds, Stopping threads took: 0.0000160 seconds
2017-07-03T20:46:19.667+0800: 171.463: Total time for which application threads were stopped: 0.0000496 seconds, Stopping threads took: 0.0000142 seconds
2017-07-03T20:46:19.729+0800: 171.516: Total time for which application threads were stopped: 0.0001597 seconds, Stopping threads took: 0.0001021 seconds
2017-07-03T20:46:20.042+0800: 171.828: Total time for which application threads were stopped: 0.0000653 seconds, Stopping threads took: 0.0000288 seconds
2017-07-03T20:46:20.042+0800: 171.828: Total time for which application threads were stopped: 0.0001280 seconds, Stopping threads took: 0.0000915 seconds
2017-07-03T20:46:20.042+0800: 171.828: Total time for which application threads were stopped: 0.0000915 seconds, Stopping threads took: 0.0000697 seconds
2017-07-03T20:46:20.089+0800: 171.875: Total time for which application threads were stopped: 0.0000496 seconds, Stopping threads took: 0.0000131 seconds
2017-07-03T20:46:20.354+0800: 172.152: Total time for which application threads were stopped: 0.0001605 seconds, Stopping threads took: 0.0001174 seconds
2017-07-03T20:46:20.354+0800: 172.152: Total time for which application threads were stopped: 0.0000547 seconds, Stopping threads took: 0.0000128 seconds
2017-07-03T20:46:20.354+0800: 172.152: Total time for which application threads were stopped: 0.0000700 seconds, Stopping threads took: 0.0000346 seconds
2017-07-03T20:46:20.433+0800: 172.223: Total time for which application threads were stopped: 0.0002086 seconds, Stopping threads took: 0.0001236 seconds
2017-07-03T20:46:20.714+0800: 172.509: Total time for which application threads were stopped: 0.0000671 seconds, Stopping threads took: 0.0000204 seconds
2017-07-03T20:46:20.714+0800: 172.509: Total time for which application threads were stopped: 0.0001222 seconds, Stopping threads took: 0.0000846 seconds
2017-07-03T20:46:20.714+0800: 172.510: Total time for which application threads were stopped: 0.0001495 seconds, Stopping threads took: 0.0001156 seconds
2017-07-03T20:46:20.776+0800: 172.564: Total time for which application threads were stopped: 0.0000908 seconds, Stopping threads took: 0.0000233 seconds
2017-07-03T20:46:21.011+0800: 172.805: Total time for which application threads were stopped: 0.0000802 seconds, Stopping threads took: 0.0000146 seconds
2017-07-03T20:46:21.011+0800: 172.806: Total time for which application threads were stopped: 0.0001554 seconds, Stopping threads took: 0.0000908 seconds
2017-07-03T20:46:21.011+0800: 172.806: Total time for which application threads were stopped: 0.0001163 seconds, Stopping threads took: 0.0000729 seconds
2017-07-03T20:46:21.480+0800: 173.266: Total time for which application threads were stopped: 0.0001342 seconds, Stopping threads took: 0.0000901 seconds
2017-07-03T20:46:21.839+0800: 173.639: Total time for which application threads were stopped: 0.0001860 seconds, Stopping threads took: 0.0000441 seconds
2017-07-03T20:46:21.855+0800: 173.639: Total time for which application threads were stopped: 0.0001801 seconds, Stopping threads took: 0.0000540 seconds
2017-07-03T20:46:21.855+0800: 173.639: Total time for which application threads were stopped: 0.0001349 seconds, Stopping threads took: 0.0000427 seconds
2017-07-03T20:46:23.011+0800: 174.798: Total time for which application threads were stopped: 0.0000985 seconds, Stopping threads took: 0.0000310 seconds
2017-07-03T20:46:23.011+0800: 174.799: Total time for which application threads were stopped: 0.0000656 seconds, Stopping threads took: 0.0000171 seconds
2017-07-03T20:46:23.027+0800: 174.822: Total time for which application threads were stopped: 0.0001798 seconds, Stopping threads took: 0.0000219 seconds
2017-07-03T20:46:23.058+0800: 174.855: Total time for which application threads were stopped: 0.0001324 seconds, Stopping threads took: 0.0000547 seconds
2017-07-03T20:46:23.136+0800: 174.925: Total time for which application threads were stopped: 0.0000759 seconds, Stopping threads took: 0.0000153 seconds
{Heap before GC invocations=13 (full 1):
 par new generation   total 109248K, used 109248K [0x00000000e0000000, 0x00000000e8000000, 0x00000000e8000000)
  eden space 87424K, 100% used [0x00000000e0000000, 0x00000000e5560000, 0x00000000e5560000)
  from space 21824K, 100% used [0x00000000e6ab0000, 0x00000000e8000000, 0x00000000e8000000)
  to   space 21824K,   0% used [0x00000000e5560000, 0x00000000e5560000, 0x00000000e6ab0000)
 concurrent mark-sweep generation total 393216K, used 38441K [0x00000000e8000000, 0x0000000100000000, 0x0000000100000000)
 Metaspace       used 32063K, capacity 32488K, committed 32708K, reserved 1079296K
  class space    used 3732K, capacity 3850K, committed 3860K, reserved 1048576K
2017-07-03T20:46:23.214+0800: 175.012: [GC (Allocation Failure) 2017-07-03T20:46:23.214+0800: 175.012: [ParNew
Desired survivor size 20112992 bytes, new threshold 8 (max 8)
- age   1:    1639776 bytes,    1639776 total
- age   2:     171664 bytes,    1811440 total
- age   3:      20752 bytes,    1832192 total
- age   4:     322720 bytes,    2154912 total
- age   5:     185544 bytes,    2340456 total
- age   6:    3570032 bytes,    5910488 total
- age   7:    5556304 bytes,   11466792 total
- age   8:    6783592 bytes,   18250384 total
: 109248K->21824K(109248K), 0.0142791 secs] 147689K->60625K(502464K), 0.0143349 secs] [Times: user=0.06 sys=0.00, real=0.02 secs] 
Heap after GC invocations=14 (full 1):
 par new generation   total 109248K, used 21824K [0x00000000e0000000, 0x00000000e8000000, 0x00000000e8000000)
  eden space 87424K,   0% used [0x00000000e0000000, 0x00000000e0000000, 0x00000000e5560000)
  from space 21824K, 100% used [0x00000000e5560000, 0x00000000e6ab0000, 0x00000000e6ab0000)
  to   space 21824K,   0% used [0x00000000e6ab0000, 0x00000000e6ab0000, 0x00000000e8000000)
 concurrent mark-sweep generation total 393216K, used 38801K [0x00000000e8000000, 0x0000000100000000, 0x0000000100000000)
 Metaspace       used 32063K, capacity 32488K, committed 32708K, reserved 1079296K
  class space    used 3732K, capacity 3850K, committed 3860K, reserved 1048576K
}
2017-07-03T20:46:23.230+0800: 175.026: Total time for which application threads were stopped: 0.0144939 seconds, Stopping threads took: 0.0000219 seconds
2017-07-03T20:46:23.464+0800: 175.260: Total time for which application threads were stopped: 0.0002881 seconds, Stopping threads took: 0.0001557 seconds
2017-07-03T20:46:23.464+0800: 175.260: Total time for which application threads were stopped: 0.0001247 seconds, Stopping threads took: 0.0000350 seconds
2017-07-03T20:46:23.464+0800: 175.261: Total time for which application threads were stopped: 0.0001295 seconds, Stopping threads took: 0.0000361 seconds
2017-07-03T20:46:23.464+0800: 175.261: Total time for which application threads were stopped: 0.0001823 seconds, Stopping threads took: 0.0000934 seconds
2017-07-03T20:46:23.464+0800: 175.263: Total time for which application threads were stopped: 0.0001196 seconds, Stopping threads took: 0.0000368 seconds
2017-07-03T20:46:24.386+0800: 176.181: Total time for which application threads were stopped: 0.0001094 seconds, Stopping threads took: 0.0000624 seconds
2017-07-03T20:46:24.386+0800: 176.181: Total time for which application threads were stopped: 0.0000901 seconds, Stopping threads took: 0.0000598 seconds
2017-07-03T20:46:24.386+0800: 176.181: Total time for which application threads were stopped: 0.0000416 seconds, Stopping threads took: 0.0000160 seconds
2017-07-03T20:46:24.386+0800: 176.181: Total time for which application threads were stopped: 0.0000397 seconds, Stopping threads took: 0.0000106 seconds
2017-07-03T20:46:24.855+0800: 176.644: Total time for which application threads were stopped: 0.0002870 seconds, Stopping threads took: 0.0001437 seconds
2017-07-03T20:46:24.855+0800: 176.644: Total time for which application threads were stopped: 0.0000383 seconds, Stopping threads took: 0.0000102 seconds
2017-07-03T20:46:24.855+0800: 176.645: Total time for which application threads were stopped: 0.0001090 seconds, Stopping threads took: 0.0000835 seconds
2017-07-03T20:46:24.855+0800: 176.645: Total time for which application threads were stopped: 0.0000394 seconds, Stopping threads took: 0.0000197 seconds
2017-07-03T20:46:25.230+0800: 177.025: Total time for which application threads were stopped: 0.0001699 seconds, Stopping threads took: 0.0001006 seconds
2017-07-03T20:46:25.230+0800: 177.025: Total time for which application threads were stopped: 0.0000521 seconds, Stopping threads took: 0.0000157 seconds
2017-07-03T20:46:25.230+0800: 177.026: Total time for which application threads were stopped: 0.0000529 seconds, Stopping threads took: 0.0000179 seconds
2017-07-03T20:46:25.230+0800: 177.026: Total time for which application threads were stopped: 0.0001739 seconds, Stopping threads took: 0.0001287 seconds
2017-07-03T20:46:25.558+0800: 177.346: Total time for which application threads were stopped: 0.0000562 seconds, Stopping threads took: 0.0000146 seconds
2017-07-03T20:46:25.558+0800: 177.346: Total time for which application threads were stopped: 0.0000463 seconds, Stopping threads took: 0.0000117 seconds
2017-07-03T20:46:25.558+0800: 177.346: Total time for which application threads were stopped: 0.0000343 seconds, Stopping threads took: 0.0000106 seconds
2017-07-03T20:46:25.558+0800: 177.347: Total time for which application threads were stopped: 0.0000653 seconds, Stopping threads took: 0.0000098 seconds
2017-07-03T20:46:25.887+0800: 177.679: Total time for which application threads were stopped: 0.0001794 seconds, Stopping threads took: 0.0001167 seconds
2017-07-03T20:46:25.887+0800: 177.679: Total time for which application threads were stopped: 0.0001258 seconds, Stopping threads took: 0.0000959 seconds
2017-07-03T20:46:25.887+0800: 177.679: Total time for which application threads were stopped: 0.0000744 seconds, Stopping threads took: 0.0000383 seconds
2017-07-03T20:46:25.887+0800: 177.680: Total time for which application threads were stopped: 0.0001502 seconds, Stopping threads took: 0.0001240 seconds
2017-07-03T20:46:26.215+0800: 178.005: Total time for which application threads were stopped: 0.0000697 seconds, Stopping threads took: 0.0000171 seconds
2017-07-03T20:46:26.215+0800: 178.005: Total time for which application threads were stopped: 0.0001258 seconds, Stopping threads took: 0.0000831 seconds
2017-07-03T20:46:26.215+0800: 178.005: Total time for which application threads were stopped: 0.0000500 seconds, Stopping threads took: 0.0000164 seconds
2017-07-03T20:46:26.215+0800: 178.005: Total time for which application threads were stopped: 0.0000616 seconds, Stopping threads took: 0.0000274 seconds
2017-07-03T20:46:26.527+0800: 178.317: Total time for which application threads were stopped: 0.0002812 seconds, Stopping threads took: 0.0001470 seconds
2017-07-03T20:46:26.527+0800: 178.317: Total time for which application threads were stopped: 0.0002465 seconds, Stopping threads took: 0.0001411 seconds
2017-07-03T20:46:26.527+0800: 178.317: Total time for which application threads were stopped: 0.0000985 seconds, Stopping threads took: 0.0000303 seconds
2017-07-03T20:46:26.527+0800: 178.318: Total time for which application threads were stopped: 0.0001342 seconds, Stopping threads took: 0.0000638 seconds
2017-07-03T20:46:26.793+0800: 178.579: Total time for which application threads were stopped: 0.0001670 seconds, Stopping threads took: 0.0000700 seconds
2017-07-03T20:46:26.793+0800: 178.580: Total time for which application threads were stopped: 0.0000521 seconds, Stopping threads took: 0.0000098 seconds
2017-07-03T20:46:26.793+0800: 178.580: Total time for which application threads were stopped: 0.0000481 seconds, Stopping threads took: 0.0000102 seconds
2017-07-03T20:46:26.793+0800: 178.580: Total time for which application threads were stopped: 0.0000430 seconds, Stopping threads took: 0.0000215 seconds
2017-07-03T20:46:26.856+0800: 178.644: Total time for which application threads were stopped: 0.0000726 seconds, Stopping threads took: 0.0000171 seconds
2017-07-03T20:46:26.856+0800: 178.644: Total time for which application threads were stopped: 0.0000518 seconds, Stopping threads took: 0.0000248 seconds
2017-07-03T20:46:26.918+0800: 178.704: Total time for which application threads were stopped: 0.0001590 seconds, Stopping threads took: 0.0000897 seconds
2017-07-03T20:46:26.996+0800: 178.781: Total time for which application threads were stopped: 0.0001185 seconds, Stopping threads took: 0.0000664 seconds
2017-07-03T20:46:27.356+0800: 179.143: Total time for which application threads were stopped: 0.0000605 seconds, Stopping threads took: 0.0000139 seconds
2017-07-03T20:46:27.356+0800: 179.143: Total time for which application threads were stopped: 0.0001058 seconds, Stopping threads took: 0.0000098 seconds
2017-07-03T20:46:27.356+0800: 179.143: Total time for which application threads were stopped: 0.0001036 seconds, Stopping threads took: 0.0000737 seconds
2017-07-03T20:46:27.356+0800: 179.143: Total time for which application threads were stopped: 0.0000733 seconds, Stopping threads took: 0.0000434 seconds
2017-07-03T20:46:27.356+0800: 179.144: Total time for which application threads were stopped: 0.0001258 seconds, Stopping threads took: 0.0000988 seconds
2017-07-03T20:46:27.356+0800: 179.144: Total time for which application threads were stopped: 0.0000704 seconds, Stopping threads took: 0.0000102 seconds
2017-07-03T20:46:27.356+0800: 179.144: Total time for which application threads were stopped: 0.0000438 seconds, Stopping threads took: 0.0000055 seconds
2017-07-03T20:46:27.356+0800: 179.144: Total time for which application threads were stopped: 0.0000511 seconds, Stopping threads took: 0.0000058 seconds
2017-07-03T20:46:27.356+0800: 179.144: Total time for which application threads were stopped: 0.0001262 seconds, Stopping threads took: 0.0000864 seconds
2017-07-03T20:46:27.356+0800: 179.144: Total time for which application threads were stopped: 0.0000394 seconds, Stopping threads took: 0.0000080 seconds
2017-07-03T20:46:27.356+0800: 179.145: Total time for which application threads were stopped: 0.0001087 seconds, Stopping threads took: 0.0000711 seconds
2017-07-03T20:46:27.965+0800: 179.760: Total time for which application threads were stopped: 0.0002571 seconds, Stopping threads took: 0.0000872 seconds
2017-07-03T20:46:27.965+0800: 179.760: Total time for which application threads were stopped: 0.0003665 seconds, Stopping threads took: 0.0001167 seconds
2017-07-03T20:46:27.965+0800: 179.761: Total time for which application threads were stopped: 0.0001236 seconds, Stopping threads took: 0.0000492 seconds
2017-07-03T20:46:28.324+0800: 180.119: Total time for which application threads were stopped: 0.0003162 seconds, Stopping threads took: 0.0001801 seconds
2017-07-03T20:46:28.324+0800: 180.119: Total time for which application threads were stopped: 0.0002808 seconds, Stopping threads took: 0.0001750 seconds
2017-07-03T20:46:28.324+0800: 180.120: Total time for which application threads were stopped: 0.0001448 seconds, Stopping threads took: 0.0000419 seconds
2017-07-03T20:46:28.606+0800: 180.402: Total time for which application threads were stopped: 0.0001116 seconds, Stopping threads took: 0.0000697 seconds
2017-07-03T20:46:28.606+0800: 180.402: Total time for which application threads were stopped: 0.0000540 seconds, Stopping threads took: 0.0000219 seconds
2017-07-03T20:46:28.606+0800: 180.403: Total time for which application threads were stopped: 0.0001083 seconds, Stopping threads took: 0.0000817 seconds
{Heap before GC invocations=14 (full 1):
 par new generation   total 109248K, used 109248K [0x00000000e0000000, 0x00000000e8000000, 0x00000000e8000000)
  eden space 87424K, 100% used [0x00000000e0000000, 0x00000000e5560000, 0x00000000e5560000)
  from space 21824K, 100% used [0x00000000e5560000, 0x00000000e6ab0000, 0x00000000e6ab0000)
  to   space 21824K,   0% used [0x00000000e6ab0000, 0x00000000e6ab0000, 0x00000000e8000000)
 concurrent mark-sweep generation total 393216K, used 38801K [0x00000000e8000000, 0x0000000100000000, 0x0000000100000000)
 Metaspace       used 32198K, capacity 32622K, committed 32964K, reserved 1079296K
  class space    used 3732K, capacity 3851K, committed 3860K, reserved 1048576K
2017-07-03T20:46:28.621+0800: 180.415: [GC (Allocation Failure) 2017-07-03T20:46:28.621+0800: 180.415: [ParNew
Desired survivor size 20112992 bytes, new threshold 8 (max 8)
- age   1:     944936 bytes,     944936 total
- age   2:      37320 bytes,     982256 total
- age   3:      14248 bytes,     996504 total
- age   4:      19256 bytes,    1015760 total
- age   5:     322408 bytes,    1338168 total
- age   6:     185544 bytes,    1523712 total
- age   7:    3569552 bytes,    5093264 total
- age   8:    5556304 bytes,   10649568 total
: 109248K->17926K(109248K), 0.0176644 secs] 148049K->63352K(502464K), 0.0177366 secs] [Times: user=0.06 sys=0.00, real=0.02 secs] 
Heap after GC invocations=15 (full 1):
 par new generation   total 109248K, used 17926K [0x00000000e0000000, 0x00000000e8000000, 0x00000000e8000000)
  eden space 87424K,   0% used [0x00000000e0000000, 0x00000000e0000000, 0x00000000e5560000)
  from space 21824K,  82% used [0x00000000e6ab0000, 0x00000000e7c31bc0, 0x00000000e8000000)
  to   space 21824K,   0% used [0x00000000e5560000, 0x00000000e5560000, 0x00000000e6ab0000)
 concurrent mark-sweep generation total 393216K, used 45425K [0x00000000e8000000, 0x0000000100000000, 0x0000000100000000)
 Metaspace       used 32198K, capacity 32622K, committed 32964K, reserved 1079296K
  class space    used 3732K, capacity 3851K, committed 3860K, reserved 1048576K
}
2017-07-03T20:46:28.637+0800: 180.432: Total time for which application threads were stopped: 0.0178726 seconds, Stopping threads took: 0.0000157 seconds
2017-07-03T20:46:28.981+0800: 180.772: Total time for which application threads were stopped: 0.0002042 seconds, Stopping threads took: 0.0000653 seconds
2017-07-03T20:46:28.981+0800: 180.773: Total time for which application threads were stopped: 0.0001510 seconds, Stopping threads took: 0.0000489 seconds
2017-07-03T20:46:28.981+0800: 180.773: Total time for which application threads were stopped: 0.0002724 seconds, Stopping threads took: 0.0001528 seconds
2017-07-03T20:46:29.325+0800: 181.120: Total time for which application threads were stopped: 0.0001185 seconds, Stopping threads took: 0.0000284 seconds
2017-07-03T20:46:29.325+0800: 181.120: Total time for which application threads were stopped: 0.0001247 seconds, Stopping threads took: 0.0000583 seconds
2017-07-03T20:46:29.325+0800: 181.120: Total time for which application threads were stopped: 0.0000562 seconds, Stopping threads took: 0.0000288 seconds
2017-07-03T20:46:29.653+0800: 181.443: Total time for which application threads were stopped: 0.0000573 seconds, Stopping threads took: 0.0000153 seconds
2017-07-03T20:46:29.653+0800: 181.443: Total time for which application threads were stopped: 0.0000850 seconds, Stopping threads took: 0.0000562 seconds
2017-07-03T20:46:29.653+0800: 181.444: Total time for which application threads were stopped: 0.0000813 seconds, Stopping threads took: 0.0000547 seconds
2017-07-03T20:46:29.934+0800: 181.731: Total time for which application threads were stopped: 0.0000893 seconds, Stopping threads took: 0.0000190 seconds
2017-07-03T20:46:29.934+0800: 181.731: Total time for which application threads were stopped: 0.0000722 seconds, Stopping threads took: 0.0000368 seconds
2017-07-03T20:46:29.934+0800: 181.731: Total time for which application threads were stopped: 0.0000955 seconds, Stopping threads took: 0.0000445 seconds
2017-07-03T20:46:30.247+0800: 182.040: Total time for which application threads were stopped: 0.0001298 seconds, Stopping threads took: 0.0000361 seconds
2017-07-03T20:46:30.247+0800: 182.040: Total time for which application threads were stopped: 0.0001109 seconds, Stopping threads took: 0.0000277 seconds
2017-07-03T20:46:30.247+0800: 182.040: Total time for which application threads were stopped: 0.0001645 seconds, Stopping threads took: 0.0000945 seconds
2017-07-03T20:46:30.309+0800: 182.098: Total time for which application threads were stopped: 0.0001061 seconds, Stopping threads took: 0.0000193 seconds
2017-07-03T20:46:30.341+0800: 182.136: Total time for which application threads were stopped: 0.0000926 seconds, Stopping threads took: 0.0000208 seconds
2017-07-03T20:46:30.434+0800: 182.231: Total time for which application threads were stopped: 0.0001174 seconds, Stopping threads took: 0.0000343 seconds
2017-07-03T20:46:30.450+0800: 182.236: Total time for which application threads were stopped: 0.0000890 seconds, Stopping threads took: 0.0000193 seconds
2017-07-03T20:46:30.762+0800: 182.550: Total time for which application threads were stopped: 0.0000569 seconds, Stopping threads took: 0.0000135 seconds
2017-07-03T20:46:30.762+0800: 182.550: Total time for which application threads were stopped: 0.0000609 seconds, Stopping threads took: 0.0000259 seconds
2017-07-03T20:46:30.762+0800: 182.550: Total time for which application threads were stopped: 0.0000904 seconds, Stopping threads took: 0.0000642 seconds
2017-07-03T20:46:30.762+0800: 182.550: Total time for which application threads were stopped: 0.0000339 seconds, Stopping threads took: 0.0000084 seconds
2017-07-03T20:46:30.762+0800: 182.550: Total time for which application threads were stopped: 0.0001076 seconds, Stopping threads took: 0.0000077 seconds
2017-07-03T20:46:30.762+0800: 182.551: Total time for which application threads were stopped: 0.0000299 seconds, Stopping threads took: 0.0000077 seconds
2017-07-03T20:46:31.497+0800: 183.289: Total time for which application threads were stopped: 0.0000660 seconds, Stopping threads took: 0.0000160 seconds
2017-07-03T20:46:31.497+0800: 183.289: Total time for which application threads were stopped: 0.0000470 seconds, Stopping threads took: 0.0000164 seconds
2017-07-03T20:46:31.497+0800: 183.290: Total time for which application threads were stopped: 0.0000974 seconds, Stopping threads took: 0.0000164 seconds
2017-07-03T20:46:31.512+0800: 183.300: Total time for which application threads were stopped: 0.0000806 seconds, Stopping threads took: 0.0000317 seconds
2017-07-03T20:46:31.842+0800: 183.636: Total time for which application threads were stopped: 0.0001977 seconds, Stopping threads took: 0.0000438 seconds
2017-07-03T20:46:31.842+0800: 183.636: Total time for which application threads were stopped: 0.0001419 seconds, Stopping threads took: 0.0000390 seconds
2017-07-03T20:46:32.107+0800: 183.901: Total time for which application threads were stopped: 0.0000660 seconds, Stopping threads took: 0.0000164 seconds
2017-07-03T20:46:32.107+0800: 183.901: Total time for which application threads were stopped: 0.0001014 seconds, Stopping threads took: 0.0000704 seconds
2017-07-03T20:46:32.326+0800: 184.125: Total time for which application threads were stopped: 0.0001885 seconds, Stopping threads took: 0.0001371 seconds
2017-07-03T20:46:32.326+0800: 184.126: Total time for which application threads were stopped: 0.0000729 seconds, Stopping threads took: 0.0000361 seconds
2017-07-03T20:46:32.607+0800: 184.393: Total time for which application threads were stopped: 0.0001211 seconds, Stopping threads took: 0.0000397 seconds
2017-07-03T20:46:32.607+0800: 184.393: Total time for which application threads were stopped: 0.0001025 seconds, Stopping threads took: 0.0000365 seconds
2017-07-03T20:46:32.857+0800: 184.652: Total time for which application threads were stopped: 0.0000835 seconds, Stopping threads took: 0.0000222 seconds
2017-07-03T20:46:32.857+0800: 184.652: Total time for which application threads were stopped: 0.0000842 seconds, Stopping threads took: 0.0000339 seconds
2017-07-03T20:46:33.107+0800: 184.903: Total time for which application threads were stopped: 0.0000580 seconds, Stopping threads took: 0.0000160 seconds
2017-07-03T20:46:33.107+0800: 184.903: Total time for which application threads were stopped: 0.0000777 seconds, Stopping threads took: 0.0000470 seconds
2017-07-03T20:46:33.373+0800: 185.161: Total time for which application threads were stopped: 0.0000839 seconds, Stopping threads took: 0.0000230 seconds
2017-07-03T20:46:33.373+0800: 185.161: Total time for which application threads were stopped: 0.0001167 seconds, Stopping threads took: 0.0000861 seconds
2017-07-03T20:46:33.404+0800: 185.196: Total time for which application threads were stopped: 0.0001473 seconds, Stopping threads took: 0.0000241 seconds
2017-07-03T20:46:33.529+0800: 185.318: Total time for which application threads were stopped: 0.0001010 seconds, Stopping threads took: 0.0000281 seconds
{Heap before GC invocations=15 (full 1):
 par new generation   total 109248K, used 105350K [0x00000000e0000000, 0x00000000e8000000, 0x00000000e8000000)
  eden space 87424K, 100% used [0x00000000e0000000, 0x00000000e5560000, 0x00000000e5560000)
  from space 21824K,  82% used [0x00000000e6ab0000, 0x00000000e7c31bc0, 0x00000000e8000000)
  to   space 21824K,   0% used [0x00000000e5560000, 0x00000000e5560000, 0x00000000e6ab0000)
 concurrent mark-sweep generation total 393216K, used 45425K [0x00000000e8000000, 0x0000000100000000, 0x0000000100000000)
 Metaspace       used 32318K, capacity 32694K, committed 32964K, reserved 1079296K
  class space    used 3732K, capacity 3851K, committed 3860K, reserved 1048576K
2017-07-03T20:46:33.529+0800: 185.318: [GC (Allocation Failure) 2017-07-03T20:46:33.529+0800: 185.318: [ParNew
Desired survivor size 20112992 bytes, new threshold 8 (max 8)
- age   1:    1602472 bytes,    1602472 total
- age   2:       8632 bytes,    1611104 total
- age   3:      12008 bytes,    1623112 total
- age   4:      12280 bytes,    1635392 total
- age   5:      19008 bytes,    1654400 total
- age   6:     322376 bytes,    1976776 total
- age   7:     185568 bytes,    2162344 total
- age   8:    3568936 bytes,    5731280 total
: 105350K->8852K(109248K), 0.0136738 secs] 150776K->59704K(502464K), 0.0137146 secs] [Times: user=0.00 sys=0.02, real=0.02 secs] 
Heap after GC invocations=16 (full 1):
 par new generation   total 109248K, used 8852K [0x00000000e0000000, 0x00000000e8000000, 0x00000000e8000000)
  eden space 87424K,   0% used [0x00000000e0000000, 0x00000000e0000000, 0x00000000e5560000)
  from space 21824K,  40% used [0x00000000e5560000, 0x00000000e5e05098, 0x00000000e6ab0000)
  to   space 21824K,   0% used [0x00000000e6ab0000, 0x00000000e6ab0000, 0x00000000e8000000)
 concurrent mark-sweep generation total 393216K, used 50852K [0x00000000e8000000, 0x0000000100000000, 0x0000000100000000)
 Metaspace       used 32318K, capacity 32694K, committed 32964K, reserved 1079296K
  class space    used 3732K, capacity 3851K, committed 3860K, reserved 1048576K
}
2017-07-03T20:46:33.545+0800: 185.332: Total time for which application threads were stopped: 0.0138539 seconds, Stopping threads took: 0.0000080 seconds
2017-07-03T20:46:33.795+0800: 185.590: Total time for which application threads were stopped: 0.0001068 seconds, Stopping threads took: 0.0000284 seconds
2017-07-03T20:46:33.795+0800: 185.590: Total time for which application threads were stopped: 0.0001021 seconds, Stopping threads took: 0.0000423 seconds
2017-07-03T20:46:33.795+0800: 185.591: Total time for which application threads were stopped: 0.0001630 seconds, Stopping threads took: 0.0001087 seconds
2017-07-03T20:46:33.795+0800: 185.591: Total time for which application threads were stopped: 0.0000635 seconds, Stopping threads took: 0.0000190 seconds
2017-07-03T20:46:34.795+0800: 186.580: Total time for which application threads were stopped: 0.0002093 seconds, Stopping threads took: 0.0000616 seconds
2017-07-03T20:46:34.858+0800: 186.651: Total time for which application threads were stopped: 0.0000718 seconds, Stopping threads took: 0.0000306 seconds
2017-07-03T20:46:34.858+0800: 186.651: Total time for which application threads were stopped: 0.0000427 seconds, Stopping threads took: 0.0000080 seconds
2017-07-03T20:46:35.217+0800: 187.011: Total time for which application threads were stopped: 0.0003942 seconds, Stopping threads took: 0.0000478 seconds
2017-07-03T20:46:35.217+0800: 187.011: Total time for which application threads were stopped: 0.0001492 seconds, Stopping threads took: 0.0000427 seconds
2017-07-03T20:46:35.592+0800: 187.380: Total time for which application threads were stopped: 0.0003486 seconds, Stopping threads took: 0.0000368 seconds
2017-07-03T20:46:36.592+0800: 188.377: Total time for which application threads were stopped: 0.0002403 seconds, Stopping threads took: 0.0000627 seconds
2017-07-03T20:46:37.374+0800: 189.163: Total time for which application threads were stopped: 0.0001389 seconds, Stopping threads took: 0.0000237 seconds
2017-07-03T20:46:37.436+0800: 189.229: Total time for which application threads were stopped: 0.0002031 seconds, Stopping threads took: 0.0000281 seconds
2017-07-03T20:46:37.467+0800: 189.259: Total time for which application threads were stopped: 0.0001182 seconds, Stopping threads took: 0.0000332 seconds
2017-07-03T20:46:37.546+0800: 189.334: Total time for which application threads were stopped: 0.0001546 seconds, Stopping threads took: 0.0000310 seconds
2017-07-03T20:46:37.546+0800: 189.334: Total time for which application threads were stopped: 0.0001105 seconds, Stopping threads took: 0.0000182 seconds
2017-07-03T20:46:37.546+0800: 189.334: Total time for which application threads were stopped: 0.0000485 seconds, Stopping threads took: 0.0000128 seconds
{Heap before GC invocations=16 (full 1):
 par new generation   total 109248K, used 96276K [0x00000000e0000000, 0x00000000e8000000, 0x00000000e8000000)
  eden space 87424K, 100% used [0x00000000e0000000, 0x00000000e5560000, 0x00000000e5560000)
  from space 21824K,  40% used [0x00000000e5560000, 0x00000000e5e05098, 0x00000000e6ab0000)
  to   space 21824K,   0% used [0x00000000e6ab0000, 0x00000000e6ab0000, 0x00000000e8000000)
 concurrent mark-sweep generation total 393216K, used 50852K [0x00000000e8000000, 0x0000000100000000, 0x0000000100000000)
 Metaspace       used 32386K, capacity 32758K, committed 32964K, reserved 1079296K
  class space    used 3732K, capacity 3851K, committed 3860K, reserved 1048576K
2017-07-03T20:46:37.577+0800: 189.375: [GC (Allocation Failure) 2017-07-03T20:46:37.577+0800: 189.375: [ParNew
Desired survivor size 20112992 bytes, new threshold 8 (max 8)
- age   1:    1610864 bytes,    1610864 total
- age   2:     168240 bytes,    1779104 total
- age   3:       7264 bytes,    1786368 total
- age   4:      11472 bytes,    1797840 total
- age   5:      12184 bytes,    1810024 total
- age   6:      18864 bytes,    1828888 total
- age   7:     322232 bytes,    2151120 total
- age   8:     185544 bytes,    2336664 total
: 96276K->4247K(109248K), 0.0089859 secs] 147128K->58605K(502464K), 0.0090450 secs] [Times: user=0.06 sys=0.00, real=0.02 secs] 
Heap after GC invocations=17 (full 1):
 par new generation   total 109248K, used 4247K [0x00000000e0000000, 0x00000000e8000000, 0x00000000e8000000)
  eden space 87424K,   0% used [0x00000000e0000000, 0x00000000e0000000, 0x00000000e5560000)
  from space 21824K,  19% used [0x00000000e6ab0000, 0x00000000e6ed5ea8, 0x00000000e8000000)
  to   space 21824K,   0% used [0x00000000e5560000, 0x00000000e5560000, 0x00000000e6ab0000)
 concurrent mark-sweep generation total 393216K, used 54357K [0x00000000e8000000, 0x0000000100000000, 0x0000000100000000)
 Metaspace       used 32386K, capacity 32758K, committed 32964K, reserved 1079296K
  class space    used 3732K, capacity 3851K, committed 3860K, reserved 1048576K
}
2017-07-03T20:46:37.592+0800: 189.384: Total time for which application threads were stopped: 0.0092353 seconds, Stopping threads took: 0.0000467 seconds
2017-07-03T20:46:37.889+0800: 189.677: Total time for which application threads were stopped: 0.0000529 seconds, Stopping threads took: 0.0000131 seconds
2017-07-03T20:46:38.890+0800: 190.674: Total time for which application threads were stopped: 0.0001605 seconds, Stopping threads took: 0.0000529 seconds
2017-07-03T20:46:39.890+0800: 191.674: Total time for which application threads were stopped: 0.0001222 seconds, Stopping threads took: 0.0000456 seconds
2017-07-03T20:47:50.091+0800: 261.876: Total time for which application threads were stopped: 0.0001265 seconds, Stopping threads took: 0.0000631 seconds
2017-07-03T20:49:19.752+0800: 351.537: Total time for which application threads were stopped: 0.0000810 seconds, Stopping threads took: 0.0000186 seconds
2017-07-03T20:49:19.776+0800: 351.561: Total time for which application threads were stopped: 0.0000624 seconds, Stopping threads took: 0.0000175 seconds
2017-07-03T20:49:19.777+0800: 351.561: Total time for which application threads were stopped: 0.0000500 seconds, Stopping threads took: 0.0000186 seconds
2017-07-03T20:49:19.777+0800: 351.562: Total time for which application threads were stopped: 0.0000317 seconds, Stopping threads took: 0.0000073 seconds
2017-07-03T20:49:19.778+0800: 351.562: Total time for which application threads were stopped: 0.0000481 seconds, Stopping threads took: 0.0000215 seconds
2017-07-03T20:49:19.778+0800: 351.562: Total time for which application threads were stopped: 0.0000452 seconds, Stopping threads took: 0.0000215 seconds
2017-07-03T20:49:19.811+0800: 351.596: Total time for which application threads were stopped: 0.0003421 seconds, Stopping threads took: 0.0001404 seconds
2017-07-03T20:49:19.811+0800: 351.596: Total time for which application threads were stopped: 0.0002688 seconds, Stopping threads took: 0.0001368 seconds
2017-07-03T20:49:19.812+0800: 351.597: Total time for which application threads were stopped: 0.0002640 seconds, Stopping threads took: 0.0001145 seconds
2017-07-03T20:49:19.833+0800: 351.617: Total time for which application threads were stopped: 0.0002261 seconds, Stopping threads took: 0.0000598 seconds
2017-07-03T20:49:19.872+0800: 351.656: Total time for which application threads were stopped: 0.0002695 seconds, Stopping threads took: 0.0000379 seconds
2017-07-03T20:49:19.880+0800: 351.664: Total time for which application threads were stopped: 0.0001112 seconds, Stopping threads took: 0.0000627 seconds
2017-07-03T20:49:19.880+0800: 351.664: Total time for which application threads were stopped: 0.0000390 seconds, Stopping threads took: 0.0000102 seconds
2017-07-03T20:49:19.880+0800: 351.664: Total time for which application threads were stopped: 0.0000354 seconds, Stopping threads took: 0.0000095 seconds
2017-07-03T20:49:19.880+0800: 351.664: Total time for which application threads were stopped: 0.0000281 seconds, Stopping threads took: 0.0000080 seconds
2017-07-03T20:49:19.880+0800: 351.665: Total time for which application threads were stopped: 0.0000270 seconds, Stopping threads took: 0.0000073 seconds
2017-07-03T20:49:19.880+0800: 351.665: Total time for which application threads were stopped: 0.0000274 seconds, Stopping threads took: 0.0000080 seconds
2017-07-03T20:49:19.880+0800: 351.665: Total time for which application threads were stopped: 0.0000284 seconds, Stopping threads took: 0.0000084 seconds
2017-07-03T20:49:19.905+0800: 351.689: Total time for which application threads were stopped: 0.0001692 seconds, Stopping threads took: 0.0000649 seconds
2017-07-03T20:49:19.936+0800: 351.721: Total time for which application threads were stopped: 0.0002578 seconds, Stopping threads took: 0.0000707 seconds
2017-07-03T20:49:20.052+0800: 351.836: Total time for which application threads were stopped: 0.0001473 seconds, Stopping threads took: 0.0001003 seconds
2017-07-03T20:49:20.058+0800: 351.842: Total time for which application threads were stopped: 0.0000660 seconds, Stopping threads took: 0.0000204 seconds
2017-07-03T20:49:20.063+0800: 351.847: Total time for which application threads were stopped: 0.0000769 seconds, Stopping threads took: 0.0000325 seconds
2017-07-03T20:49:20.063+0800: 351.847: Total time for which application threads were stopped: 0.0000667 seconds, Stopping threads took: 0.0000069 seconds
2017-07-03T20:49:20.063+0800: 351.847: Total time for which application threads were stopped: 0.0000664 seconds, Stopping threads took: 0.0000113 seconds
2017-07-03T20:49:20.063+0800: 351.847: Total time for which application threads were stopped: 0.0001823 seconds, Stopping threads took: 0.0000062 seconds
2017-07-03T20:49:20.078+0800: 351.862: Total time for which application threads were stopped: 0.0000846 seconds, Stopping threads took: 0.0000168 seconds
2017-07-03T20:49:20.278+0800: 352.062: Total time for which application threads were stopped: 0.0000959 seconds, Stopping threads took: 0.0000339 seconds
2017-07-03T20:49:20.304+0800: 352.088: Total time for which application threads were stopped: 0.0000872 seconds, Stopping threads took: 0.0000193 seconds
2017-07-03T20:49:20.304+0800: 352.089: Total time for which application threads were stopped: 0.0000554 seconds, Stopping threads took: 0.0000091 seconds
2017-07-03T20:49:20.304+0800: 352.089: Total time for which application threads were stopped: 0.0000346 seconds, Stopping threads took: 0.0000073 seconds
2017-07-03T20:49:20.305+0800: 352.089: Total time for which application threads were stopped: 0.0000255 seconds, Stopping threads took: 0.0000066 seconds
2017-07-03T20:49:20.305+0800: 352.089: Total time for which application threads were stopped: 0.0000244 seconds, Stopping threads took: 0.0000055 seconds
2017-07-03T20:49:20.305+0800: 352.089: Total time for which application threads were stopped: 0.0000248 seconds, Stopping threads took: 0.0000058 seconds
2017-07-03T20:49:20.305+0800: 352.089: Total time for which application threads were stopped: 0.0000357 seconds, Stopping threads took: 0.0000077 seconds
2017-07-03T20:49:20.305+0800: 352.089: Total time for which application threads were stopped: 0.0000335 seconds, Stopping threads took: 0.0000077 seconds
2017-07-03T20:49:20.305+0800: 352.089: Total time for which application threads were stopped: 0.0000653 seconds, Stopping threads took: 0.0000175 seconds
2017-07-03T20:49:20.305+0800: 352.090: Total time for which application threads were stopped: 0.0003209 seconds, Stopping threads took: 0.0000197 seconds
2017-07-03T20:49:20.305+0800: 352.090: Total time for which application threads were stopped: 0.0000656 seconds, Stopping threads took: 0.0000193 seconds
2017-07-03T20:49:20.305+0800: 352.090: Total time for which application threads were stopped: 0.0000237 seconds, Stopping threads took: 0.0000055 seconds
2017-07-03T20:49:20.305+0800: 352.090: Total time for which application threads were stopped: 0.0000233 seconds, Stopping threads took: 0.0000055 seconds
2017-07-03T20:49:20.352+0800: 352.138: Total time for which application threads were stopped: 0.0007180 seconds, Stopping threads took: 0.0006622 seconds
2017-07-03T20:49:20.367+0800: 352.153: Total time for which application threads were stopped: 0.0000660 seconds, Stopping threads took: 0.0000164 seconds
2017-07-03T20:49:20.430+0800: 352.215: Total time for which application threads were stopped: 0.0000726 seconds, Stopping threads took: 0.0000175 seconds
2017-07-03T20:49:20.492+0800: 352.279: Total time for which application threads were stopped: 0.0001925 seconds, Stopping threads took: 0.0000321 seconds
2017-07-03T20:49:20.586+0800: 352.373: Total time for which application threads were stopped: 0.0004128 seconds, Stopping threads took: 0.0000361 seconds
2017-07-03T20:49:21.586+0800: 353.371: Total time for which application threads were stopped: 0.0001316 seconds, Stopping threads took: 0.0000514 seconds
2017-07-03T20:49:22.592+0800: 354.376: Total time for which application threads were stopped: 0.0001834 seconds, Stopping threads took: 0.0000605 seconds
2017-07-03T20:49:30.640+0800: 362.424: Total time for which application threads were stopped: 0.0001382 seconds, Stopping threads took: 0.0000405 seconds
2017-07-03T20:49:31.640+0800: 363.425: Total time for which application threads were stopped: 0.0001991 seconds, Stopping threads took: 0.0000551 seconds
2017-07-03T20:49:32.656+0800: 364.440: Total time for which application threads were stopped: 0.0001440 seconds, Stopping threads took: 0.0000536 seconds
2017-07-03T20:49:33.656+0800: 365.441: Total time for which application threads were stopped: 0.0000915 seconds, Stopping threads took: 0.0000193 seconds
2017-07-03T20:49:34.735+0800: 366.521: Total time for which application threads were stopped: 0.0001068 seconds, Stopping threads took: 0.0000186 seconds
2017-07-03T20:49:34.735+0800: 366.521: Total time for which application threads were stopped: 0.0001101 seconds, Stopping threads took: 0.0000237 seconds
2017-07-03T20:49:34.735+0800: 366.522: Total time for which application threads were stopped: 0.0000580 seconds, Stopping threads took: 0.0000098 seconds
2017-07-03T20:49:35.828+0800: 367.614: Total time for which application threads were stopped: 0.0000715 seconds, Stopping threads took: 0.0000284 seconds
2017-07-03T20:49:35.828+0800: 367.614: Total time for which application threads were stopped: 0.0000321 seconds, Stopping threads took: 0.0000069 seconds
2017-07-03T20:49:35.828+0800: 367.614: Total time for which application threads were stopped: 0.0000292 seconds, Stopping threads took: 0.0000058 seconds
2017-07-03T20:51:08.150+0800: 459.935: Total time for which application threads were stopped: 0.0000861 seconds, Stopping threads took: 0.0000263 seconds
2017-07-03T20:51:12.347+0800: 464.135: Total time for which application threads were stopped: 0.0001258 seconds, Stopping threads took: 0.0000408 seconds
2017-07-03T20:51:15.770+0800: 467.555: Total time for which application threads were stopped: 0.0000660 seconds, Stopping threads took: 0.0000186 seconds
2017-07-03T20:51:16.770+0800: 468.555: Total time for which application threads were stopped: 0.0001612 seconds, Stopping threads took: 0.0000532 seconds
2017-07-03T20:51:28.820+0800: 480.605: Total time for which application threads were stopped: 0.0002509 seconds, Stopping threads took: 0.0000620 seconds
2017-07-03T20:51:29.820+0800: 481.605: Total time for which application threads were stopped: 0.0001309 seconds, Stopping threads took: 0.0000459 seconds
2017-07-03T20:51:30.835+0800: 482.619: Total time for which application threads were stopped: 0.0002257 seconds, Stopping threads took: 0.0000616 seconds
2017-07-03T20:51:33.852+0800: 485.636: Total time for which application threads were stopped: 0.0000930 seconds, Stopping threads took: 0.0000321 seconds
2017-07-03T20:51:38.882+0800: 490.666: Total time for which application threads were stopped: 0.0001685 seconds, Stopping threads took: 0.0000332 seconds
2017-07-03T20:52:21.016+0800: 532.801: Total time for which application threads were stopped: 0.0002155 seconds, Stopping threads took: 0.0000733 seconds
2017-07-03T20:52:33.117+0800: 544.902: Total time for which application threads were stopped: 0.0001382 seconds, Stopping threads took: 0.0000390 seconds
2017-07-03T20:52:36.118+0800: 547.902: Total time for which application threads were stopped: 0.0001729 seconds, Stopping threads took: 0.0000587 seconds
2017-07-03T20:52:37.118+0800: 548.903: Total time for which application threads were stopped: 0.0002374 seconds, Stopping threads took: 0.0000525 seconds
2017-07-03T20:52:49.122+0800: 560.907: Total time for which application threads were stopped: 0.0002914 seconds, Stopping threads took: 0.0000857 seconds
2017-07-03T20:52:50.122+0800: 561.907: Total time for which application threads were stopped: 0.0003063 seconds, Stopping threads took: 0.0000598 seconds
2017-07-03T20:52:51.123+0800: 562.907: Total time for which application threads were stopped: 0.0002181 seconds, Stopping threads took: 0.0000609 seconds
{Heap before GC invocations=17 (full 1):
 par new generation   total 109248K, used 91671K [0x00000000e0000000, 0x00000000e8000000, 0x00000000e8000000)
  eden space 87424K, 100% used [0x00000000e0000000, 0x00000000e5560000, 0x00000000e5560000)
  from space 21824K,  19% used [0x00000000e6ab0000, 0x00000000e6ed5ea8, 0x00000000e8000000)
  to   space 21824K,   0% used [0x00000000e5560000, 0x00000000e5560000, 0x00000000e6ab0000)
 concurrent mark-sweep generation total 393216K, used 54357K [0x00000000e8000000, 0x0000000100000000, 0x0000000100000000)
 Metaspace       used 32879K, capacity 33270K, committed 33476K, reserved 1079296K
  class space    used 3733K, capacity 3851K, committed 3860K, reserved 1048576K
2017-07-03T20:52:51.764+0800: 563.549: [GC (Allocation Failure) 2017-07-03T20:52:51.764+0800: 563.549: [ParNew
Desired survivor size 20112992 bytes, new threshold 8 (max 8)
- age   1:    2879248 bytes,    2879248 total
- age   2:     302032 bytes,    3181280 total
- age   3:      31856 bytes,    3213136 total
- age   4:       6400 bytes,    3219536 total
- age   5:      10400 bytes,    3229936 total
- age   6:      12184 bytes,    3242120 total
- age   7:      18832 bytes,    3260952 total
- age   8:     320880 bytes,    3581832 total
: 91671K->3725K(109248K), 0.0085899 secs] 146029K->58264K(502464K), 0.0087241 secs] [Times: user=0.00 sys=0.00, real=0.00 secs] 
Heap after GC invocations=18 (full 1):
 par new generation   total 109248K, used 3725K [0x00000000e0000000, 0x00000000e8000000, 0x00000000e8000000)
  eden space 87424K,   0% used [0x00000000e0000000, 0x00000000e0000000, 0x00000000e5560000)
  from space 21824K,  17% used [0x00000000e5560000, 0x00000000e5903468, 0x00000000e6ab0000)
  to   space 21824K,   0% used [0x00000000e6ab0000, 0x00000000e6ab0000, 0x00000000e8000000)
 concurrent mark-sweep generation total 393216K, used 54539K [0x00000000e8000000, 0x0000000100000000, 0x0000000100000000)
 Metaspace       used 32879K, capacity 33270K, committed 33476K, reserved 1079296K
  class space    used 3733K, capacity 3851K, committed 3860K, reserved 1048576K
}
2017-07-03T20:52:51.764+0800: 563.558: Total time for which application threads were stopped: 0.0090337 seconds, Stopping threads took: 0.0000438 seconds
2017-07-03T20:52:52.779+0800: 564.564: Total time for which application threads were stopped: 0.0002775 seconds, Stopping threads took: 0.0000890 seconds
2017-07-03T20:52:53.779+0800: 565.564: Total time for which application threads were stopped: 0.0002531 seconds, Stopping threads took: 0.0000653 seconds
2017-07-03T20:52:54.780+0800: 566.564: Total time for which application threads were stopped: 0.0001579 seconds, Stopping threads took: 0.0000394 seconds
2017-07-03T20:52:55.793+0800: 567.578: Total time for which application threads were stopped: 0.0001714 seconds, Stopping threads took: 0.0000500 seconds
2017-07-03T20:52:56.793+0800: 568.578: Total time for which application threads were stopped: 0.0002720 seconds, Stopping threads took: 0.0000558 seconds
2017-07-03T20:52:57.794+0800: 569.578: Total time for which application threads were stopped: 0.0002031 seconds, Stopping threads took: 0.0000598 seconds
2017-07-03T20:53:05.848+0800: 577.633: Total time for which application threads were stopped: 0.0001732 seconds, Stopping threads took: 0.0000558 seconds
2017-07-03T20:53:06.864+0800: 578.649: Total time for which application threads were stopped: 0.0001944 seconds, Stopping threads took: 0.0000503 seconds
2017-07-03T20:53:07.865+0800: 579.650: Total time for which application threads were stopped: 0.0001659 seconds, Stopping threads took: 0.0000554 seconds
2017-07-03T20:53:08.867+0800: 580.652: Total time for which application threads were stopped: 0.0002699 seconds, Stopping threads took: 0.0000525 seconds
2017-07-03T20:53:09.883+0800: 581.667: Total time for which application threads were stopped: 0.0002859 seconds, Stopping threads took: 0.0000726 seconds
2017-07-03T20:53:10.883+0800: 582.668: Total time for which application threads were stopped: 0.0002122 seconds, Stopping threads took: 0.0000678 seconds
{Heap before GC invocations=18 (full 1):
 par new generation   total 109248K, used 91149K [0x00000000e0000000, 0x00000000e8000000, 0x00000000e8000000)
  eden space 87424K, 100% used [0x00000000e0000000, 0x00000000e5560000, 0x00000000e5560000)
  from space 21824K,  17% used [0x00000000e5560000, 0x00000000e5903468, 0x00000000e6ab0000)
  to   space 21824K,   0% used [0x00000000e6ab0000, 0x00000000e6ab0000, 0x00000000e8000000)
 concurrent mark-sweep generation total 393216K, used 54539K [0x00000000e8000000, 0x0000000100000000, 0x0000000100000000)
 Metaspace       used 33295K, capacity 33718K, committed 33988K, reserved 1079296K
  class space    used 3734K, capacity 3851K, committed 3860K, reserved 1048576K
2017-07-03T20:53:16.447+0800: 588.233: [GC (Allocation Failure) 2017-07-03T20:53:16.447+0800: 588.233: [ParNew
Desired survivor size 20112992 bytes, new threshold 8 (max 8)
- age   1:    6274896 bytes,    6274896 total
- age   2:     986824 bytes,    7261720 total
- age   3:     301064 bytes,    7562784 total
- age   4:      31856 bytes,    7594640 total
- age   5:       6400 bytes,    7601040 total
- age   6:      10400 bytes,    7611440 total
- age   7:      12184 bytes,    7623624 total
- age   8:      18832 bytes,    7642456 total
: 91149K->8927K(109248K), 0.0094432 secs] 145688K->63781K(502464K), 0.0096007 secs] [Times: user=0.00 sys=0.00, real=0.00 secs] 
Heap after GC invocations=19 (full 1):
 par new generation   total 109248K, used 8927K [0x00000000e0000000, 0x00000000e8000000, 0x00000000e8000000)
  eden space 87424K,   0% used [0x00000000e0000000, 0x00000000e0000000, 0x00000000e5560000)
  from space 21824K,  40% used [0x00000000e6ab0000, 0x00000000e7367c38, 0x00000000e8000000)
  to   space 21824K,   0% used [0x00000000e5560000, 0x00000000e5560000, 0x00000000e6ab0000)
 concurrent mark-sweep generation total 393216K, used 54854K [0x00000000e8000000, 0x0000000100000000, 0x0000000100000000)
 Metaspace       used 33295K, capacity 33718K, committed 33988K, reserved 1079296K
  class space    used 3734K, capacity 3851K, committed 3860K, reserved 1048576K
}
2017-07-03T20:53:16.447+0800: 588.242: Total time for which application threads were stopped: 0.0099329 seconds, Stopping threads took: 0.0000434 seconds
2017-07-03T20:53:18.447+0800: 590.231: Total time for which application threads were stopped: 0.0001743 seconds, Stopping threads took: 0.0000573 seconds
2017-07-03T20:53:20.447+0800: 592.232: Total time for which application threads were stopped: 0.0002090 seconds, Stopping threads took: 0.0000934 seconds
2017-07-03T20:53:22.448+0800: 594.232: Total time for which application threads were stopped: 0.0002370 seconds, Stopping threads took: 0.0000828 seconds
2017-07-03T20:53:23.448+0800: 595.232: Total time for which application threads were stopped: 0.0002057 seconds, Stopping threads took: 0.0000671 seconds
2017-07-03T20:53:25.451+0800: 597.236: Total time for which application threads were stopped: 0.0002480 seconds, Stopping threads took: 0.0000664 seconds
2017-07-03T20:53:26.463+0800: 598.248: Total time for which application threads were stopped: 0.0002932 seconds, Stopping threads took: 0.0000470 seconds
2017-07-03T20:53:27.464+0800: 599.248: Total time for which application threads were stopped: 0.0003439 seconds, Stopping threads took: 0.0001357 seconds
2017-07-03T20:53:29.468+0800: 601.252: Total time for which application threads were stopped: 0.0001163 seconds, Stopping threads took: 0.0000299 seconds
2017-07-03T20:53:41.523+0800: 613.309: Total time for which application threads were stopped: 0.0001907 seconds, Stopping threads took: 0.0000583 seconds
2017-07-03T20:53:42.523+0800: 614.308: Total time for which application threads were stopped: 0.0002133 seconds, Stopping threads took: 0.0000883 seconds
{Heap before GC invocations=19 (full 1):
 par new generation   total 109248K, used 96351K [0x00000000e0000000, 0x00000000e8000000, 0x00000000e8000000)
  eden space 87424K, 100% used [0x00000000e0000000, 0x00000000e5560000, 0x00000000e5560000)
  from space 21824K,  40% used [0x00000000e6ab0000, 0x00000000e7367c38, 0x00000000e8000000)
  to   space 21824K,   0% used [0x00000000e5560000, 0x00000000e5560000, 0x00000000e6ab0000)
 concurrent mark-sweep generation total 393216K, used 54854K [0x00000000e8000000, 0x0000000100000000, 0x0000000100000000)
 Metaspace       used 33297K, capacity 33718K, committed 33988K, reserved 1079296K
  class space    used 3734K, capacity 3851K, committed 3860K, reserved 1048576K
2017-07-03T20:53:43.318+0800: 615.103: [GC (Allocation Failure) 2017-07-03T20:53:43.318+0800: 615.103: [ParNew
Desired survivor size 20112992 bytes, new threshold 8 (max 8)
- age   1:    4541832 bytes,    4541832 total
- age   2:     124872 bytes,    4666704 total
- age   3:     980416 bytes,    5647120 total
- age   4:     301064 bytes,    5948184 total
- age   5:      31856 bytes,    5980040 total
- age   6:       6400 bytes,    5986440 total
- age   7:      10400 bytes,    5996840 total
- age   8:      12184 bytes,    6009024 total
: 96351K->7118K(109248K), 0.0070750 secs] 151205K->61991K(502464K), 0.0071541 secs] [Times: user=0.00 sys=0.00, real=0.01 secs] 
Heap after GC invocations=20 (full 1):
 par new generation   total 109248K, used 7118K [0x00000000e0000000, 0x00000000e8000000, 0x00000000e8000000)
  eden space 87424K,   0% used [0x00000000e0000000, 0x00000000e0000000, 0x00000000e5560000)
  from space 21824K,  32% used [0x00000000e5560000, 0x00000000e5c53a88, 0x00000000e6ab0000)
  to   space 21824K,   0% used [0x00000000e6ab0000, 0x00000000e6ab0000, 0x00000000e8000000)
 concurrent mark-sweep generation total 393216K, used 54872K [0x00000000e8000000, 0x0000000100000000, 0x0000000100000000)
 Metaspace       used 33297K, capacity 33718K, committed 33988K, reserved 1079296K
  class space    used 3734K, capacity 3851K, committed 3860K, reserved 1048576K
}
2017-07-03T20:53:43.326+0800: 615.110: Total time for which application threads were stopped: 0.0073788 seconds, Stopping threads took: 0.0000303 seconds
2017-07-03T20:53:44.341+0800: 616.125: Total time for which application threads were stopped: 0.0001517 seconds, Stopping threads took: 0.0000408 seconds
2017-07-03T20:53:45.349+0800: 617.134: Total time for which application threads were stopped: 0.0002440 seconds, Stopping threads took: 0.0000569 seconds
2017-07-03T20:53:46.350+0800: 618.134: Total time for which application threads were stopped: 0.0002214 seconds, Stopping threads took: 0.0000602 seconds
2017-07-03T20:53:47.365+0800: 619.150: Total time for which application threads were stopped: 0.0002330 seconds, Stopping threads took: 0.0000514 seconds
2017-07-03T20:53:48.365+0800: 620.150: Total time for which application threads were stopped: 0.0001211 seconds, Stopping threads took: 0.0000441 seconds
2017-07-03T20:54:30.468+0800: 662.253: Total time for which application threads were stopped: 0.0001893 seconds, Stopping threads took: 0.0000693 seconds
2017-07-03T20:54:47.527+0800: 679.311: Total time for which application threads were stopped: 0.0001470 seconds, Stopping threads took: 0.0000456 seconds
2017-07-03T20:56:47.882+0800: 799.667: Total time for which application threads were stopped: 0.0001601 seconds, Stopping threads took: 0.0000514 seconds
2017-07-03T21:01:31.568+0800: 1083.352: Total time for which application threads were stopped: 0.0001287 seconds, Stopping threads took: 0.0000423 seconds
2017-07-03T21:01:31.585+0800: 1083.369: Total time for which application threads were stopped: 0.0001145 seconds, Stopping threads took: 0.0000186 seconds
2017-07-03T21:01:32.146+0800: 1083.934: Total time for which application threads were stopped: 0.0001346 seconds, Stopping threads took: 0.0000266 seconds
2017-07-03T21:01:32.162+0800: 1083.953: Total time for which application threads were stopped: 0.0002910 seconds, Stopping threads took: 0.0000368 seconds
{Heap before GC invocations=20 (full 1):
 par new generation   total 109248K, used 94542K [0x00000000e0000000, 0x00000000e8000000, 0x00000000e8000000)
  eden space 87424K, 100% used [0x00000000e0000000, 0x00000000e5560000, 0x00000000e5560000)
  from space 21824K,  32% used [0x00000000e5560000, 0x00000000e5c53a88, 0x00000000e6ab0000)
  to   space 21824K,   0% used [0x00000000e6ab0000, 0x00000000e6ab0000, 0x00000000e8000000)
 concurrent mark-sweep generation total 393216K, used 54872K [0x00000000e8000000, 0x0000000100000000, 0x0000000100000000)
 Metaspace       used 33308K, capacity 33718K, committed 33988K, reserved 1079296K
  class space    used 3734K, capacity 3851K, committed 3860K, reserved 1048576K
2017-07-03T21:01:32.354+0800: 1084.146: [GC (Allocation Failure) 2017-07-03T21:01:32.354+0800: 1084.146: [ParNew
Desired survivor size 20112992 bytes, new threshold 8 (max 8)
- age   1:    1009544 bytes,    1009544 total
- age   2:      65408 bytes,    1074952 total
- age   3:     113768 bytes,    1188720 total
- age   4:     878808 bytes,    2067528 total
- age   5:     144032 bytes,    2211560 total
- age   6:       6296 bytes,    2217856 total
- age   7:       6400 bytes,    2224256 total
- age   8:      10400 bytes,    2234656 total
: 94542K->5824K(109248K), 0.0052239 secs] 149415K->60709K(502464K), 0.0052808 secs] [Times: user=0.00 sys=0.00, real=0.00 secs] 
Heap after GC invocations=21 (full 1):
 par new generation   total 109248K, used 5824K [0x00000000e0000000, 0x00000000e8000000, 0x00000000e8000000)
  eden space 87424K,   0% used [0x00000000e0000000, 0x00000000e0000000, 0x00000000e5560000)
  from space 21824K,  26% used [0x00000000e6ab0000, 0x00000000e7060360, 0x00000000e8000000)
  to   space 21824K,   0% used [0x00000000e5560000, 0x00000000e5560000, 0x00000000e6ab0000)
 concurrent mark-sweep generation total 393216K, used 54884K [0x00000000e8000000, 0x0000000100000000, 0x0000000100000000)
 Metaspace       used 33308K, capacity 33718K, committed 33988K, reserved 1079296K
  class space    used 3734K, capacity 3851K, committed 3860K, reserved 1048576K
}
2017-07-03T21:01:32.354+0800: 1084.151: Total time for which application threads were stopped: 0.0054635 seconds, Stopping threads took: 0.0000182 seconds
2017-07-03T21:01:32.541+0800: 1084.332: Total time for which application threads were stopped: 0.0000795 seconds, Stopping threads took: 0.0000193 seconds
2017-07-03T21:01:32.541+0800: 1084.332: Total time for which application threads were stopped: 0.0000682 seconds, Stopping threads took: 0.0000248 seconds
2017-07-03T21:01:32.541+0800: 1084.332: Total time for which application threads were stopped: 0.0000726 seconds, Stopping threads took: 0.0000346 seconds
2017-07-03T21:01:32.541+0800: 1084.332: Total time for which application threads were stopped: 0.0000693 seconds, Stopping threads took: 0.0000062 seconds
2017-07-03T21:01:32.541+0800: 1084.332: Total time for which application threads were stopped: 0.0000707 seconds, Stopping threads took: 0.0000055 seconds
2017-07-03T21:01:32.541+0800: 1084.333: Total time for which application threads were stopped: 0.0000700 seconds, Stopping threads took: 0.0000055 seconds
2017-07-03T21:01:33.541+0800: 1085.326: Total time for which application threads were stopped: 0.0001535 seconds, Stopping threads took: 0.0000456 seconds
2017-07-03T21:01:34.542+0800: 1086.326: Total time for which application threads were stopped: 0.0001849 seconds, Stopping threads took: 0.0000602 seconds
2017-07-03T21:02:41.768+0800: 1153.552: Total time for which application threads were stopped: 0.0001426 seconds, Stopping threads took: 0.0000485 seconds
2017-07-03T21:09:01.268+0800: 1533.056: Total time for which application threads were stopped: 0.0014222 seconds, Stopping threads took: 0.0000346 seconds
2017-07-03T21:09:01.268+0800: 1533.057: Total time for which application threads were stopped: 0.0007388 seconds, Stopping threads took: 0.0000113 seconds
2017-07-03T21:09:01.330+0800: 1533.123: Total time for which application threads were stopped: 0.0001805 seconds, Stopping threads took: 0.0000379 seconds
2017-07-03T21:09:01.377+0800: 1533.175: Total time for which application threads were stopped: 0.0000627 seconds, Stopping threads took: 0.0000135 seconds
2017-07-03T21:09:01.377+0800: 1533.176: Total time for which application threads were stopped: 0.0001597 seconds, Stopping threads took: 0.0000985 seconds
2017-07-03T21:09:01.377+0800: 1533.177: Total time for which application threads were stopped: 0.0001575 seconds, Stopping threads took: 0.0000992 seconds
2017-07-03T21:09:01.393+0800: 1533.180: Total time for which application threads were stopped: 0.0000616 seconds, Stopping threads took: 0.0000142 seconds
2017-07-03T21:09:01.409+0800: 1533.193: Total time for which application threads were stopped: 0.0126286 seconds, Stopping threads took: 0.0125389 seconds
2017-07-03T21:09:01.409+0800: 1533.193: Total time for which application threads were stopped: 0.0000733 seconds, Stopping threads took: 0.0000248 seconds
2017-07-03T21:09:01.409+0800: 1533.194: Total time for which application threads were stopped: 0.0001324 seconds, Stopping threads took: 0.0001109 seconds
2017-07-03T21:09:01.409+0800: 1533.194: Total time for which application threads were stopped: 0.0001382 seconds, Stopping threads took: 0.0001192 seconds
Heap
 par new generation   total 109248K, used 33219K [0x00000000e0000000, 0x00000000e8000000, 0x00000000e8000000)
  eden space 87424K,  31% used [0x00000000e0000000, 0x00000000e1ac0a18, 0x00000000e5560000)
  from space 21824K,  26% used [0x00000000e6ab0000, 0x00000000e7060360, 0x00000000e8000000)
  to   space 21824K,   0% used [0x00000000e5560000, 0x00000000e5560000, 0x00000000e6ab0000)
 concurrent mark-sweep generation total 393216K, used 54884K [0x00000000e8000000, 0x0000000100000000, 0x0000000100000000)
 Metaspace       used 33389K, capacity 33814K, committed 34116K, reserved 1079296K
  class space    used 3745K, capacity 3883K, committed 3988K, reserved 1048576K
