Java HotSpot(TM) 64-Bit Server VM (25.121-b13) for windows-amd64 JRE (1.8.0_121-b13), built on Dec 12 2016 18:21:36 by "java_re" with MS VC++ 10.0 (VS2010)
Memory: 4k page, physical 8271080k(2727212k free), swap 10302696k(2854140k free)
CommandLine flags: -XX:CMSInitiatingOccupancyFraction=50 -XX:CMSMaxAbortablePrecleanTime=6000 -XX:+CMSParallelRemarkEnabled -XX:+CMSScavengeBeforeRemark -XX:ConcGCThreads=4 -XX:InitialHeapSize=536870912 -XX:MaxHeapSize=536870912 -XX:MaxTenuringThreshold=8 -XX:NewRatio=3 -XX:OldPLABSize=16 -XX:ParallelGCThreads=4 -XX:+ParallelRefProcEnabled -XX:PretenureSizeThreshold=67108864 -XX:+PrintGC -XX:+PrintGCApplicationStoppedTime -XX:+PrintGCDateStamps -XX:+PrintGCDetails -XX:+PrintGCTimeStamps -XX:+PrintHeapAtGC -XX:+PrintTenuringDistribution -XX:SurvivorRatio=4 -XX:TargetSurvivorRatio=90 -XX:ThreadStackSize=256 -XX:+UseCMSInitiatingOccupancyOnly -XX:+UseCompressedClassPointers -XX:+UseCompressedOops -XX:+UseConcMarkSweepGC -XX:-UseLargePagesIndividualAllocation -XX:+UseParNewGC 
2017-07-03T15:41:59.993+0800: 0.342: Total time for which application threads were stopped: 0.0001955 seconds, Stopping threads took: 0.0000259 seconds
2017-07-03T15:42:00.134+0800: 0.484: Total time for which application threads were stopped: 0.0001408 seconds, Stopping threads took: 0.0000193 seconds
2017-07-03T15:42:00.181+0800: 0.538: Total time for which application threads were stopped: 0.0001499 seconds, Stopping threads took: 0.0000146 seconds
2017-07-03T15:42:00.197+0800: 0.550: Total time for which application threads were stopped: 0.0002206 seconds, Stopping threads took: 0.0000230 seconds
{Heap before GC invocations=0 (full 0):
 par new generation   total 109248K, used 87424K [0x00000000e0000000, 0x00000000e8000000, 0x00000000e8000000)
  eden space 87424K, 100% used [0x00000000e0000000, 0x00000000e5560000, 0x00000000e5560000)
  from space 21824K,   0% used [0x00000000e5560000, 0x00000000e5560000, 0x00000000e6ab0000)
  to   space 21824K,   0% used [0x00000000e6ab0000, 0x00000000e6ab0000, 0x00000000e8000000)
 concurrent mark-sweep generation total 393216K, used 0K [0x00000000e8000000, 0x0000000100000000, 0x0000000100000000)
 Metaspace       used 10305K, capacity 10520K, committed 10752K, reserved 1058816K
  class space    used 1175K, capacity 1212K, committed 1280K, reserved 1048576K
2017-07-03T15:42:00.540+0800: 0.892: [GC (Allocation Failure) 2017-07-03T15:42:00.540+0800: 0.892: [ParNew
Desired survivor size 20112992 bytes, new threshold 8 (max 8)
- age   1:    6285384 bytes,    6285384 total
: 87424K->6209K(109248K), 0.0054125 secs] 87424K->6209K(502464K), 0.0055828 secs] [Times: user=0.00 sys=0.00, real=0.00 secs] 
Heap after GC invocations=1 (full 0):
 par new generation   total 109248K, used 6209K [0x00000000e0000000, 0x00000000e8000000, 0x00000000e8000000)
  eden space 87424K,   0% used [0x00000000e0000000, 0x00000000e0000000, 0x00000000e5560000)
  from space 21824K,  28% used [0x00000000e6ab0000, 0x00000000e70c0560, 0x00000000e8000000)
  to   space 21824K,   0% used [0x00000000e5560000, 0x00000000e5560000, 0x00000000e6ab0000)
 concurrent mark-sweep generation total 393216K, used 0K [0x00000000e8000000, 0x0000000100000000, 0x0000000100000000)
 Metaspace       used 10305K, capacity 10520K, committed 10752K, reserved 1058816K
  class space    used 1175K, capacity 1212K, committed 1280K, reserved 1048576K
}
2017-07-03T15:42:00.540+0800: 0.897: Total time for which application threads were stopped: 0.0057822 seconds, Stopping threads took: 0.0000208 seconds
2017-07-03T15:42:00.634+0800: 0.982: Total time for which application threads were stopped: 0.0002166 seconds, Stopping threads took: 0.0000168 seconds
2017-07-03T15:42:00.681+0800: 1.026: Total time for which application threads were stopped: 0.0001477 seconds, Stopping threads took: 0.0000139 seconds
2017-07-03T15:42:00.787+0800: 1.135: Total time for which application threads were stopped: 0.0002396 seconds, Stopping threads took: 0.0000150 seconds
2017-07-03T15:42:00.787+0800: 1.136: Total time for which application threads were stopped: 0.0002079 seconds, Stopping threads took: 0.0000255 seconds
2017-07-03T15:42:00.787+0800: 1.140: Total time for which application threads were stopped: 0.0002319 seconds, Stopping threads took: 0.0000139 seconds
2017-07-03T15:42:00.947+0800: 1.291: Total time for which application threads were stopped: 0.0002203 seconds, Stopping threads took: 0.0000361 seconds
2017-07-03T15:42:01.947+0800: 2.291: Total time for which application threads were stopped: 0.0002192 seconds, Stopping threads took: 0.0000496 seconds
2017-07-03T15:42:03.356+0800: 3.701: Total time for which application threads were stopped: 0.0004241 seconds, Stopping threads took: 0.0001058 seconds
2017-07-03T15:42:03.493+0800: 3.838: Total time for which application threads were stopped: 0.0004416 seconds, Stopping threads took: 0.0000893 seconds
2017-07-03T15:42:03.533+0800: 3.878: Total time for which application threads were stopped: 0.0002578 seconds, Stopping threads took: 0.0000142 seconds
{Heap before GC invocations=1 (full 0):
 par new generation   total 109248K, used 93633K [0x00000000e0000000, 0x00000000e8000000, 0x00000000e8000000)
  eden space 87424K, 100% used [0x00000000e0000000, 0x00000000e5560000, 0x00000000e5560000)
  from space 21824K,  28% used [0x00000000e6ab0000, 0x00000000e70c0560, 0x00000000e8000000)
  to   space 21824K,   0% used [0x00000000e5560000, 0x00000000e5560000, 0x00000000e6ab0000)
 concurrent mark-sweep generation total 393216K, used 0K [0x00000000e8000000, 0x0000000100000000, 0x0000000100000000)
 Metaspace       used 20640K, capacity 21040K, committed 21248K, reserved 1069056K
  class space    used 2427K, capacity 2522K, committed 2560K, reserved 1048576K
2017-07-03T15:42:03.558+0800: 3.903: [GC (Allocation Failure) 2017-07-03T15:42:03.558+0800: 3.903: [ParNew
Desired survivor size 20112992 bytes, new threshold 8 (max 8)
- age   1:    9661936 bytes,    9661936 total
- age   2:    3135624 bytes,   12797560 total
: 93633K->12972K(109248K), 0.0114296 secs] 93633K->12972K(502464K), 0.0116360 secs] [Times: user=0.06 sys=0.00, real=0.01 secs] 
Heap after GC invocations=2 (full 0):
 par new generation   total 109248K, used 12972K [0x00000000e0000000, 0x00000000e8000000, 0x00000000e8000000)
  eden space 87424K,   0% used [0x00000000e0000000, 0x00000000e0000000, 0x00000000e5560000)
  from space 21824K,  59% used [0x00000000e5560000, 0x00000000e620b3d0, 0x00000000e6ab0000)
  to   space 21824K,   0% used [0x00000000e6ab0000, 0x00000000e6ab0000, 0x00000000e8000000)
 concurrent mark-sweep generation total 393216K, used 0K [0x00000000e8000000, 0x0000000100000000, 0x0000000100000000)
 Metaspace       used 20640K, capacity 21040K, committed 21248K, reserved 1069056K
  class space    used 2427K, capacity 2522K, committed 2560K, reserved 1048576K
}
2017-07-03T15:42:03.571+0800: 3.915: Total time for which application threads were stopped: 0.0119780 seconds, Stopping threads took: 0.0000492 seconds
2017-07-03T15:42:03.595+0800: 3.940: Total time for which application threads were stopped: 0.0000966 seconds, Stopping threads took: 0.0000317 seconds
2017-07-03T15:42:03.670+0800: 4.015: Total time for which application threads were stopped: 0.0001284 seconds, Stopping threads took: 0.0000438 seconds
2017-07-03T15:42:03.687+0800: 4.031: Total time for which application threads were stopped: 0.0003081 seconds, Stopping threads took: 0.0000357 seconds
2017-07-03T15:42:03.719+0800: 4.063: Total time for which application threads were stopped: 0.0003519 seconds, Stopping threads took: 0.0000215 seconds
2017-07-03T15:42:03.738+0800: 4.083: Total time for which application threads were stopped: 0.0001207 seconds, Stopping threads took: 0.0000500 seconds
2017-07-03T15:42:03.771+0800: 4.116: Total time for which application threads were stopped: 0.0003205 seconds, Stopping threads took: 0.0000496 seconds
2017-07-03T15:42:03.789+0800: 4.134: Total time for which application threads were stopped: 0.0001331 seconds, Stopping threads took: 0.0000259 seconds
2017-07-03T15:42:03.812+0800: 4.157: Total time for which application threads were stopped: 0.0000656 seconds, Stopping threads took: 0.0000157 seconds
2017-07-03T15:42:03.839+0800: 4.184: Total time for which application threads were stopped: 0.0000715 seconds, Stopping threads took: 0.0000193 seconds
2017-07-03T15:42:03.882+0800: 4.227: Total time for which application threads were stopped: 0.0001451 seconds, Stopping threads took: 0.0000977 seconds
{Heap before GC invocations=2 (full 0):
 par new generation   total 109248K, used 100396K [0x00000000e0000000, 0x00000000e8000000, 0x00000000e8000000)
  eden space 87424K, 100% used [0x00000000e0000000, 0x00000000e5560000, 0x00000000e5560000)
  from space 21824K,  59% used [0x00000000e5560000, 0x00000000e620b3d0, 0x00000000e6ab0000)
  to   space 21824K,   0% used [0x00000000e6ab0000, 0x00000000e6ab0000, 0x00000000e8000000)
 concurrent mark-sweep generation total 393216K, used 0K [0x00000000e8000000, 0x0000000100000000, 0x0000000100000000)
 Metaspace       used 22754K, capacity 23158K, committed 23368K, reserved 1069056K
  class space    used 2707K, capacity 2843K, committed 2888K, reserved 1048576K
2017-07-03T15:42:03.884+0800: 4.229: [GC (Allocation Failure) 2017-07-03T15:42:03.884+0800: 4.229: [ParNew
Desired survivor size 20112992 bytes, new threshold 8 (max 8)
- age   1:    2659544 bytes,    2659544 total
- age   2:    3643528 bytes,    6303072 total
- age   3:    3125856 bytes,    9428928 total
: 100396K->15431K(109248K), 0.0074700 secs] 100396K->15431K(502464K), 0.0075578 secs] [Times: user=0.00 sys=0.00, real=0.01 secs] 
Heap after GC invocations=3 (full 0):
 par new generation   total 109248K, used 15431K [0x00000000e0000000, 0x00000000e8000000, 0x00000000e8000000)
  eden space 87424K,   0% used [0x00000000e0000000, 0x00000000e0000000, 0x00000000e5560000)
  from space 21824K,  70% used [0x00000000e6ab0000, 0x00000000e79c1fa0, 0x00000000e8000000)
  to   space 21824K,   0% used [0x00000000e5560000, 0x00000000e5560000, 0x00000000e6ab0000)
 concurrent mark-sweep generation total 393216K, used 0K [0x00000000e8000000, 0x0000000100000000, 0x0000000100000000)
 Metaspace       used 22754K, capacity 23158K, committed 23368K, reserved 1069056K
  class space    used 2707K, capacity 2843K, committed 2888K, reserved 1048576K
}
2017-07-03T15:42:03.892+0800: 4.237: Total time for which application threads were stopped: 0.0078040 seconds, Stopping threads took: 0.0001182 seconds
2017-07-03T15:42:03.892+0800: 4.237: [GC (CMS Initial Mark) [1 CMS-initial-mark: 0K(393216K)] 16300K(502464K), 0.0026957 secs] [Times: user=0.08 sys=0.00, real=0.00 secs] 
2017-07-03T15:42:03.895+0800: 4.240: Total time for which application threads were stopped: 0.0028678 seconds, Stopping threads took: 0.0000463 seconds
2017-07-03T15:42:03.895+0800: 4.240: [CMS-concurrent-mark-start]
2017-07-03T15:42:03.895+0800: 4.240: [CMS-concurrent-mark: 0.000/0.000 secs] [Times: user=0.00 sys=0.00, real=0.00 secs] 
2017-07-03T15:42:03.895+0800: 4.240: [CMS-concurrent-preclean-start]
2017-07-03T15:42:03.896+0800: 4.241: [CMS-concurrent-preclean: 0.001/0.001 secs] [Times: user=0.00 sys=0.00, real=0.00 secs] 
2017-07-03T15:42:03.896+0800: 4.241: Total time for which application threads were stopped: 0.0001783 seconds, Stopping threads took: 0.0000977 seconds
2017-07-03T15:42:03.896+0800: 4.241: [GC (CMS Final Remark) [YG occupancy: 17152 K (109248 K)]{Heap before GC invocations=3 (full 1):
 par new generation   total 109248K, used 17152K [0x00000000e0000000, 0x00000000e8000000, 0x00000000e8000000)
  eden space 87424K,   1% used [0x00000000e0000000, 0x00000000e01ae320, 0x00000000e5560000)
  from space 21824K,  70% used [0x00000000e6ab0000, 0x00000000e79c1fa0, 0x00000000e8000000)
  to   space 21824K,   0% used [0x00000000e5560000, 0x00000000e5560000, 0x00000000e6ab0000)
 concurrent mark-sweep generation total 393216K, used 0K [0x00000000e8000000, 0x0000000100000000, 0x0000000100000000)
 Metaspace       used 22757K, capacity 23158K, committed 23368K, reserved 1069056K
  class space    used 2707K, capacity 2843K, committed 2888K, reserved 1048576K
2017-07-03T15:42:03.896+0800: 4.241: [GC (CMS Final Remark) 2017-07-03T15:42:03.896+0800: 4.241: [ParNew
Desired survivor size 20112992 bytes, new threshold 8 (max 8)
- age   1:     137104 bytes,     137104 total
- age   2:     921368 bytes,    1058472 total
- age   3:    3643528 bytes,    4702000 total
- age   4:    3126312 bytes,    7828312 total
: 17152K->10966K(109248K), 0.0070192 secs] 17152K->10966K(502464K), 0.0070816 secs] [Times: user=0.00 sys=0.00, real=0.01 secs] 
Heap after GC invocations=4 (full 1):
 par new generation   total 109248K, used 10966K [0x00000000e0000000, 0x00000000e8000000, 0x00000000e8000000)
  eden space 87424K,   0% used [0x00000000e0000000, 0x00000000e0000000, 0x00000000e5560000)
  from space 21824K,  50% used [0x00000000e5560000, 0x00000000e6015970, 0x00000000e6ab0000)
  to   space 21824K,   0% used [0x00000000e6ab0000, 0x00000000e6ab0000, 0x00000000e8000000)
 concurrent mark-sweep generation total 393216K, used 0K [0x00000000e8000000, 0x0000000100000000, 0x0000000100000000)
 Metaspace       used 22757K, capacity 23158K, committed 23368K, reserved 1069056K
  class space    used 2707K, capacity 2843K, committed 2888K, reserved 1048576K
}
2017-07-03T15:42:03.903+0800: 4.248: [Rescan (parallel) , 0.0023467 secs]2017-07-03T15:42:03.906+0800: 4.251: [weak refs processing, 0.0013427 secs]2017-07-03T15:42:03.907+0800: 4.252: [class unloading, 0.0038072 secs]2017-07-03T15:42:03.911+0800: 4.256: [scrub symbol table, 0.0056119 secs]2017-07-03T15:42:03.917+0800: 4.262: [scrub string table, 0.0003253 secs][1 CMS-remark: 0K(393216K)] 10966K(502464K), 0.0215737 secs] [Times: user=0.01 sys=0.00, real=0.02 secs] 
2017-07-03T15:42:03.918+0800: 4.263: Total time for which application threads were stopped: 0.0218421 seconds, Stopping threads took: 0.0001094 seconds
2017-07-03T15:42:03.918+0800: 4.263: [CMS-concurrent-sweep-start]
2017-07-03T15:42:03.918+0800: 4.263: [CMS-concurrent-sweep: 0.000/0.000 secs] [Times: user=0.00 sys=0.00, real=0.00 secs] 
2017-07-03T15:42:03.918+0800: 4.263: [CMS-concurrent-reset-start]
2017-07-03T15:42:03.921+0800: 4.266: [CMS-concurrent-reset: 0.003/0.003 secs] [Times: user=0.00 sys=0.00, real=0.00 secs] 
2017-07-03T15:42:03.983+0800: 4.327: Total time for which application threads were stopped: 0.0002801 seconds, Stopping threads took: 0.0001583 seconds
2017-07-03T15:42:04.077+0800: 4.422: Total time for which application threads were stopped: 0.0004420 seconds, Stopping threads took: 0.0000270 seconds
{Heap before GC invocations=4 (full 1):
 par new generation   total 109248K, used 98390K [0x00000000e0000000, 0x00000000e8000000, 0x00000000e8000000)
  eden space 87424K, 100% used [0x00000000e0000000, 0x00000000e5560000, 0x00000000e5560000)
  from space 21824K,  50% used [0x00000000e5560000, 0x00000000e6015970, 0x00000000e6ab0000)
  to   space 21824K,   0% used [0x00000000e6ab0000, 0x00000000e6ab0000, 0x00000000e8000000)
 concurrent mark-sweep generation total 393216K, used 0K [0x00000000e8000000, 0x0000000100000000, 0x0000000100000000)
 Metaspace       used 23726K, capacity 24112K, committed 24520K, reserved 1071104K
  class space    used 2823K, capacity 2944K, committed 3016K, reserved 1048576K
2017-07-03T15:42:04.118+0800: 4.462: [GC (Allocation Failure) 2017-07-03T15:42:04.118+0800: 4.462: [ParNew
Desired survivor size 20112992 bytes, new threshold 8 (max 8)
- age   1:    2655848 bytes,    2655848 total
- age   2:        128 bytes,    2655976 total
- age   3:     919952 bytes,    3575928 total
- age   4:    3639688 bytes,    7215616 total
- age   5:    3125568 bytes,   10341184 total
: 98390K->12255K(109248K), 0.0110682 secs] 98390K->12255K(502464K), 0.0111353 secs] [Times: user=0.08 sys=0.02, real=0.01 secs] 
Heap after GC invocations=5 (full 1):
 par new generation   total 109248K, used 12255K [0x00000000e0000000, 0x00000000e8000000, 0x00000000e8000000)
  eden space 87424K,   0% used [0x00000000e0000000, 0x00000000e0000000, 0x00000000e5560000)
  from space 21824K,  56% used [0x00000000e6ab0000, 0x00000000e76a7d80, 0x00000000e8000000)
  to   space 21824K,   0% used [0x00000000e5560000, 0x00000000e5560000, 0x00000000e6ab0000)
 concurrent mark-sweep generation total 393216K, used 0K [0x00000000e8000000, 0x0000000100000000, 0x0000000100000000)
 Metaspace       used 23726K, capacity 24112K, committed 24520K, reserved 1071104K
  class space    used 2823K, capacity 2944K, committed 3016K, reserved 1048576K
}
2017-07-03T15:42:04.129+0800: 4.473: Total time for which application threads were stopped: 0.0113362 seconds, Stopping threads took: 0.0000255 seconds
2017-07-03T15:42:04.129+0800: 4.474: Total time for which application threads were stopped: 0.0001149 seconds, Stopping threads took: 0.0000299 seconds
2017-07-03T15:42:04.129+0800: 4.474: Total time for which application threads were stopped: 0.0000930 seconds, Stopping threads took: 0.0000266 seconds
2017-07-03T15:42:04.129+0800: 4.474: Total time for which application threads were stopped: 0.0001021 seconds, Stopping threads took: 0.0000350 seconds
2017-07-03T15:42:04.129+0800: 4.474: Total time for which application threads were stopped: 0.0000999 seconds, Stopping threads took: 0.0000365 seconds
2017-07-03T15:42:04.188+0800: 4.537: Total time for which application threads were stopped: 0.0001291 seconds, Stopping threads took: 0.0000419 seconds
{Heap before GC invocations=5 (full 1):
 par new generation   total 109248K, used 99679K [0x00000000e0000000, 0x00000000e8000000, 0x00000000e8000000)
  eden space 87424K, 100% used [0x00000000e0000000, 0x00000000e5560000, 0x00000000e5560000)
  from space 21824K,  56% used [0x00000000e6ab0000, 0x00000000e76a7d80, 0x00000000e8000000)
  to   space 21824K,   0% used [0x00000000e5560000, 0x00000000e5560000, 0x00000000e6ab0000)
 concurrent mark-sweep generation total 393216K, used 0K [0x00000000e8000000, 0x0000000100000000, 0x0000000100000000)
 Metaspace       used 23761K, capacity 24112K, committed 24520K, reserved 1071104K
  class space    used 2824K, capacity 2944K, committed 3016K, reserved 1048576K
2017-07-03T15:42:04.355+0800: 4.700: [GC (Allocation Failure) 2017-07-03T15:42:04.355+0800: 4.700: [ParNew
Desired survivor size 20112992 bytes, new threshold 6 (max 8)
- age   1:   12737232 bytes,   12737232 total
- age   2:    1768696 bytes,   14505928 total
- age   3:        128 bytes,   14506056 total
- age   4:     919952 bytes,   15426008 total
- age   5:    3647896 bytes,   19073904 total
- age   6:    3125568 bytes,   22199472 total
: 99679K->21824K(109248K), 0.0264016 secs] 99679K->22453K(502464K), 0.0264986 secs] [Times: user=0.17 sys=0.02, real=0.03 secs] 
Heap after GC invocations=6 (full 1):
 par new generation   total 109248K, used 21824K [0x00000000e0000000, 0x00000000e8000000, 0x00000000e8000000)
  eden space 87424K,   0% used [0x00000000e0000000, 0x00000000e0000000, 0x00000000e5560000)
  from space 21824K, 100% used [0x00000000e5560000, 0x00000000e6ab0000, 0x00000000e6ab0000)
  to   space 21824K,   0% used [0x00000000e6ab0000, 0x00000000e6ab0000, 0x00000000e8000000)
 concurrent mark-sweep generation total 393216K, used 629K [0x00000000e8000000, 0x0000000100000000, 0x0000000100000000)
 Metaspace       used 23761K, capacity 24112K, committed 24520K, reserved 1071104K
  class space    used 2824K, capacity 2944K, committed 3016K, reserved 1048576K
}
2017-07-03T15:42:04.381+0800: 4.726: Total time for which application threads were stopped: 0.0266579 seconds, Stopping threads took: 0.0000212 seconds
2017-07-03T15:42:04.382+0800: 4.726: Total time for which application threads were stopped: 0.0001145 seconds, Stopping threads took: 0.0000463 seconds
2017-07-03T15:42:04.382+0800: 4.726: Total time for which application threads were stopped: 0.0000831 seconds, Stopping threads took: 0.0000237 seconds
2017-07-03T15:42:04.382+0800: 4.727: Total time for which application threads were stopped: 0.0000704 seconds, Stopping threads took: 0.0000233 seconds
2017-07-03T15:42:04.382+0800: 4.727: Total time for which application threads were stopped: 0.0000656 seconds, Stopping threads took: 0.0000215 seconds
2017-07-03T15:42:04.382+0800: 4.727: Total time for which application threads were stopped: 0.0000671 seconds, Stopping threads took: 0.0000212 seconds
2017-07-03T15:42:04.382+0800: 4.727: Total time for which application threads were stopped: 0.0000627 seconds, Stopping threads took: 0.0000212 seconds
2017-07-03T15:42:04.382+0800: 4.727: Total time for which application threads were stopped: 0.0000638 seconds, Stopping threads took: 0.0000212 seconds
2017-07-03T15:42:04.382+0800: 4.727: Total time for which application threads were stopped: 0.0000638 seconds, Stopping threads took: 0.0000208 seconds
2017-07-03T15:42:04.382+0800: 4.727: Total time for which application threads were stopped: 0.0000821 seconds, Stopping threads took: 0.0000343 seconds
2017-07-03T15:42:04.382+0800: 4.727: Total time for which application threads were stopped: 0.0000569 seconds, Stopping threads took: 0.0000219 seconds
2017-07-03T15:42:04.383+0800: 4.727: Total time for which application threads were stopped: 0.0000671 seconds, Stopping threads took: 0.0000263 seconds
2017-07-03T15:42:04.383+0800: 4.728: Total time for which application threads were stopped: 0.0000551 seconds, Stopping threads took: 0.0000222 seconds
2017-07-03T15:42:04.383+0800: 4.728: Total time for which application threads were stopped: 0.0000704 seconds, Stopping threads took: 0.0000343 seconds
2017-07-03T15:42:04.383+0800: 4.728: Total time for which application threads were stopped: 0.0000675 seconds, Stopping threads took: 0.0000171 seconds
2017-07-03T15:42:04.383+0800: 4.728: Total time for which application threads were stopped: 0.0001612 seconds, Stopping threads took: 0.0000182 seconds
{Heap before GC invocations=6 (full 1):
 par new generation   total 109248K, used 109248K [0x00000000e0000000, 0x00000000e8000000, 0x00000000e8000000)
  eden space 87424K, 100% used [0x00000000e0000000, 0x00000000e5560000, 0x00000000e5560000)
  from space 21824K, 100% used [0x00000000e5560000, 0x00000000e6ab0000, 0x00000000e6ab0000)
  to   space 21824K,   0% used [0x00000000e6ab0000, 0x00000000e6ab0000, 0x00000000e8000000)
 concurrent mark-sweep generation total 393216K, used 629K [0x00000000e8000000, 0x0000000100000000, 0x0000000100000000)
 Metaspace       used 23772K, capacity 24112K, committed 24520K, reserved 1071104K
  class space    used 2825K, capacity 2944K, committed 3016K, reserved 1048576K
2017-07-03T15:42:04.501+0800: 4.845: [GC (Allocation Failure) 2017-07-03T15:42:04.501+0800: 4.845: [ParNew
Desired survivor size 20112992 bytes, new threshold 6 (max 8)
- age   1:    9570728 bytes,    9570728 total
- age   2:    6649392 bytes,   16220120 total
- age   3:    1567872 bytes,   17787992 total
- age   4:        128 bytes,   17788120 total
- age   5:     919952 bytes,   18708072 total
- age   6:    3639672 bytes,   22347744 total
: 109248K->21824K(109248K), 0.0433464 secs] 109877K->36861K(502464K), 0.0434062 secs] [Times: user=0.23 sys=0.00, real=0.04 secs] 
Heap after GC invocations=7 (full 1):
 par new generation   total 109248K, used 21824K [0x00000000e0000000, 0x00000000e8000000, 0x00000000e8000000)
  eden space 87424K,   0% used [0x00000000e0000000, 0x00000000e0000000, 0x00000000e5560000)
  from space 21824K, 100% used [0x00000000e6ab0000, 0x00000000e8000000, 0x00000000e8000000)
  to   space 21824K,   0% used [0x00000000e5560000, 0x00000000e5560000, 0x00000000e6ab0000)
 concurrent mark-sweep generation total 393216K, used 15037K [0x00000000e8000000, 0x0000000100000000, 0x0000000100000000)
 Metaspace       used 23772K, capacity 24112K, committed 24520K, reserved 1071104K
  class space    used 2825K, capacity 2944K, committed 3016K, reserved 1048576K
}
2017-07-03T15:42:04.544+0800: 4.889: Total time for which application threads were stopped: 0.0435729 seconds, Stopping threads took: 0.0000376 seconds
{Heap before GC invocations=7 (full 1):
 par new generation   total 109248K, used 109248K [0x00000000e0000000, 0x00000000e8000000, 0x00000000e8000000)
  eden space 87424K, 100% used [0x00000000e0000000, 0x00000000e5560000, 0x00000000e5560000)
  from space 21824K, 100% used [0x00000000e6ab0000, 0x00000000e8000000, 0x00000000e8000000)
  to   space 21824K,   0% used [0x00000000e5560000, 0x00000000e5560000, 0x00000000e6ab0000)
 concurrent mark-sweep generation total 393216K, used 15037K [0x00000000e8000000, 0x0000000100000000, 0x0000000100000000)
 Metaspace       used 23785K, capacity 24176K, committed 24520K, reserved 1071104K
  class space    used 2828K, capacity 2944K, committed 3016K, reserved 1048576K
2017-07-03T15:42:04.626+0800: 4.978: [GC (Allocation Failure) 2017-07-03T15:42:04.626+0800: 4.978: [ParNew
Desired survivor size 20112992 bytes, new threshold 3 (max 8)
- age   1:    7285720 bytes,    7285720 total
- age   2:    8245024 bytes,   15530744 total
- age   3:    4898112 bytes,   20428856 total
- age   4:     998744 bytes,   21427600 total
- age   5:        128 bytes,   21427728 total
- age   6:     919920 bytes,   22347648 total
: 109248K->21824K(109248K), 0.0338197 secs] 124285K->48277K(502464K), 0.0338912 secs] [Times: user=0.11 sys=0.02, real=0.03 secs] 
Heap after GC invocations=8 (full 1):
 par new generation   total 109248K, used 21824K [0x00000000e0000000, 0x00000000e8000000, 0x00000000e8000000)
  eden space 87424K,   0% used [0x00000000e0000000, 0x00000000e0000000, 0x00000000e5560000)
  from space 21824K, 100% used [0x00000000e5560000, 0x00000000e6ab0000, 0x00000000e6ab0000)
  to   space 21824K,   0% used [0x00000000e6ab0000, 0x00000000e6ab0000, 0x00000000e8000000)
 concurrent mark-sweep generation total 393216K, used 26453K [0x00000000e8000000, 0x0000000100000000, 0x0000000100000000)
 Metaspace       used 23785K, capacity 24176K, committed 24520K, reserved 1071104K
  class space    used 2828K, capacity 2944K, committed 3016K, reserved 1048576K
}
2017-07-03T15:42:04.657+0800: 5.012: Total time for which application threads were stopped: 0.0340582 seconds, Stopping threads took: 0.0000190 seconds
2017-07-03T15:42:04.657+0800: 5.013: Total time for which application threads were stopped: 0.0001320 seconds, Stopping threads took: 0.0000649 seconds
2017-07-03T15:42:04.657+0800: 5.013: Total time for which application threads were stopped: 0.0000788 seconds, Stopping threads took: 0.0000343 seconds
2017-07-03T15:42:04.657+0800: 5.013: Total time for which application threads were stopped: 0.0000744 seconds, Stopping threads took: 0.0000208 seconds
2017-07-03T15:42:04.657+0800: 5.013: Total time for which application threads were stopped: 0.0000791 seconds, Stopping threads took: 0.0000277 seconds
2017-07-03T15:42:04.657+0800: 5.013: Total time for which application threads were stopped: 0.0000642 seconds, Stopping threads took: 0.0000215 seconds
2017-07-03T15:42:04.657+0800: 5.014: Total time for which application threads were stopped: 0.0000733 seconds, Stopping threads took: 0.0000255 seconds
2017-07-03T15:42:04.657+0800: 5.014: Total time for which application threads were stopped: 0.0001207 seconds, Stopping threads took: 0.0000959 seconds
2017-07-03T15:42:04.657+0800: 5.014: Total time for which application threads were stopped: 0.0001426 seconds, Stopping threads took: 0.0000992 seconds
2017-07-03T15:42:04.657+0800: 5.014: Total time for which application threads were stopped: 0.0001112 seconds, Stopping threads took: 0.0000631 seconds
2017-07-03T15:42:04.657+0800: 5.014: Total time for which application threads were stopped: 0.0000511 seconds, Stopping threads took: 0.0000182 seconds
2017-07-03T15:42:04.657+0800: 5.015: Total time for which application threads were stopped: 0.0000478 seconds, Stopping threads took: 0.0000179 seconds
2017-07-03T15:42:04.657+0800: 5.015: Total time for which application threads were stopped: 0.0000875 seconds, Stopping threads took: 0.0000423 seconds
2017-07-03T15:42:04.657+0800: 5.015: Total time for which application threads were stopped: 0.0000737 seconds, Stopping threads took: 0.0000361 seconds
2017-07-03T15:42:04.701+0800: 5.048: Total time for which application threads were stopped: 0.0000740 seconds, Stopping threads took: 0.0000186 seconds
2017-07-03T15:42:04.701+0800: 5.052: Total time for which application threads were stopped: 0.0001608 seconds, Stopping threads took: 0.0000999 seconds
2017-07-03T15:42:04.701+0800: 5.052: Total time for which application threads were stopped: 0.0000430 seconds, Stopping threads took: 0.0000095 seconds
2017-07-03T15:42:04.701+0800: 5.053: Total time for which application threads were stopped: 0.0000339 seconds, Stopping threads took: 0.0000073 seconds
2017-07-03T15:42:04.716+0800: 5.064: Total time for which application threads were stopped: 0.0002717 seconds, Stopping threads took: 0.0000190 seconds
2017-07-03T15:42:04.810+0800: 5.158: Total time for which application threads were stopped: 0.0002137 seconds, Stopping threads took: 0.0001167 seconds
2017-07-03T15:42:04.841+0800: 5.194: Total time for which application threads were stopped: 0.0002979 seconds, Stopping threads took: 0.0000270 seconds
2017-07-03T15:42:04.857+0800: 5.202: Total time for which application threads were stopped: 0.0003607 seconds, Stopping threads took: 0.0000168 seconds
2017-07-03T15:42:04.857+0800: 5.213: Total time for which application threads were stopped: 0.0000813 seconds, Stopping threads took: 0.0000175 seconds
2017-07-03T15:42:04.857+0800: 5.213: Total time for which application threads were stopped: 0.0000635 seconds, Stopping threads took: 0.0000120 seconds
2017-07-03T15:42:04.857+0800: 5.216: Total time for which application threads were stopped: 0.0000540 seconds, Stopping threads took: 0.0000244 seconds
2017-07-03T15:42:04.956+0800: 5.310: Total time for which application threads were stopped: 0.0003300 seconds, Stopping threads took: 0.0002334 seconds
2017-07-03T15:42:04.987+0800: 5.340: Total time for which application threads were stopped: 0.0000569 seconds, Stopping threads took: 0.0000175 seconds
{Heap before GC invocations=8 (full 1):
 par new generation   total 109248K, used 109248K [0x00000000e0000000, 0x00000000e8000000, 0x00000000e8000000)
  eden space 87424K, 100% used [0x00000000e0000000, 0x00000000e5560000, 0x00000000e5560000)
  from space 21824K, 100% used [0x00000000e5560000, 0x00000000e6ab0000, 0x00000000e6ab0000)
  to   space 21824K,   0% used [0x00000000e6ab0000, 0x00000000e6ab0000, 0x00000000e8000000)
 concurrent mark-sweep generation total 393216K, used 26453K [0x00000000e8000000, 0x0000000100000000, 0x0000000100000000)
 Metaspace       used 28761K, capacity 29114K, committed 29384K, reserved 1075200K
  class space    used 3412K, capacity 3525K, committed 3528K, reserved 1048576K
2017-07-03T15:42:05.096+0800: 5.449: [GC (Allocation Failure) 2017-07-03T15:42:05.096+0800: 5.449: [ParNew
Desired survivor size 20112992 bytes, new threshold 3 (max 8)
- age   1:    6762168 bytes,    6762168 total
- age   2:    7211864 bytes,   13974032 total
- age   3:    8231624 bytes,   22205656 total
: 109248K->21824K(109248K), 0.0318771 secs] 135701K->55739K(502464K), 0.0319668 secs] [Times: user=0.16 sys=0.00, real=0.03 secs] 
Heap after GC invocations=9 (full 1):
 par new generation   total 109248K, used 21824K [0x00000000e0000000, 0x00000000e8000000, 0x00000000e8000000)
  eden space 87424K,   0% used [0x00000000e0000000, 0x00000000e0000000, 0x00000000e5560000)
  from space 21824K, 100% used [0x00000000e6ab0000, 0x00000000e8000000, 0x00000000e8000000)
  to   space 21824K,   0% used [0x00000000e5560000, 0x00000000e5560000, 0x00000000e6ab0000)
 concurrent mark-sweep generation total 393216K, used 33915K [0x00000000e8000000, 0x0000000100000000, 0x0000000100000000)
 Metaspace       used 28761K, capacity 29114K, committed 29384K, reserved 1075200K
  class space    used 3412K, capacity 3525K, committed 3528K, reserved 1048576K
}
2017-07-03T15:42:05.128+0800: 5.481: Total time for which application threads were stopped: 0.0321331 seconds, Stopping threads took: 0.0000219 seconds
2017-07-03T15:42:05.128+0800: 5.482: Total time for which application threads were stopped: 0.0001346 seconds, Stopping threads took: 0.0000751 seconds
2017-07-03T15:42:05.128+0800: 5.483: Total time for which application threads were stopped: 0.0000813 seconds, Stopping threads took: 0.0000252 seconds
2017-07-03T15:42:05.128+0800: 5.483: Total time for which application threads were stopped: 0.0000470 seconds, Stopping threads took: 0.0000091 seconds
2017-07-03T15:42:05.144+0800: 5.496: Total time for which application threads were stopped: 0.0001838 seconds, Stopping threads took: 0.0000839 seconds
2017-07-03T15:42:05.175+0800: 5.531: Total time for which application threads were stopped: 0.0000817 seconds, Stopping threads took: 0.0000212 seconds
2017-07-03T15:42:05.175+0800: 5.531: Total time for which application threads were stopped: 0.0000438 seconds, Stopping threads took: 0.0000135 seconds
2017-07-03T15:42:05.175+0800: 5.531: Total time for which application threads were stopped: 0.0000292 seconds, Stopping threads took: 0.0000106 seconds
2017-07-03T15:42:05.175+0800: 5.532: Total time for which application threads were stopped: 0.0000284 seconds, Stopping threads took: 0.0000106 seconds
2017-07-03T15:42:05.175+0800: 5.532: Total time for which application threads were stopped: 0.0000427 seconds, Stopping threads took: 0.0000113 seconds
2017-07-03T15:42:07.459+0800: 7.806: Total time for which application threads were stopped: 0.0000828 seconds, Stopping threads took: 0.0000368 seconds
2017-07-03T15:42:07.459+0800: 7.806: Total time for which application threads were stopped: 0.0000405 seconds, Stopping threads took: 0.0000073 seconds
2017-07-03T15:42:07.459+0800: 7.817: Total time for which application threads were stopped: 0.0000850 seconds, Stopping threads took: 0.0000175 seconds
2017-07-03T15:42:07.459+0800: 7.818: Total time for which application threads were stopped: 0.0000492 seconds, Stopping threads took: 0.0000153 seconds
2017-07-03T15:42:07.459+0800: 7.818: Total time for which application threads were stopped: 0.0000795 seconds, Stopping threads took: 0.0000478 seconds
2017-07-03T15:42:07.474+0800: 7.818: Total time for which application threads were stopped: 0.0000598 seconds, Stopping threads took: 0.0000284 seconds
2017-07-03T15:42:07.474+0800: 7.819: Total time for which application threads were stopped: 0.0000784 seconds, Stopping threads took: 0.0000511 seconds
2017-07-03T15:42:07.474+0800: 7.819: Total time for which application threads were stopped: 0.0001134 seconds, Stopping threads took: 0.0000912 seconds
2017-07-03T15:42:07.474+0800: 7.820: Total time for which application threads were stopped: 0.0001094 seconds, Stopping threads took: 0.0000842 seconds
2017-07-03T15:42:07.474+0800: 7.820: Total time for which application threads were stopped: 0.0001006 seconds, Stopping threads took: 0.0000788 seconds
2017-07-03T15:42:07.474+0800: 7.820: Total time for which application threads were stopped: 0.0000346 seconds, Stopping threads took: 0.0000098 seconds
2017-07-03T15:42:07.474+0800: 7.820: Total time for which application threads were stopped: 0.0000343 seconds, Stopping threads took: 0.0000091 seconds
2017-07-03T15:42:07.474+0800: 7.820: Total time for which application threads were stopped: 0.0000295 seconds, Stopping threads took: 0.0000102 seconds
2017-07-03T15:42:07.474+0800: 7.820: Total time for which application threads were stopped: 0.0000295 seconds, Stopping threads took: 0.0000091 seconds
2017-07-03T15:42:07.474+0800: 7.820: Total time for which application threads were stopped: 0.0000861 seconds, Stopping threads took: 0.0000503 seconds
2017-07-03T15:42:07.474+0800: 7.820: Total time for which application threads were stopped: 0.0000419 seconds, Stopping threads took: 0.0000088 seconds
2017-07-03T15:42:07.474+0800: 7.830: Total time for which application threads were stopped: 0.0001072 seconds, Stopping threads took: 0.0000295 seconds
2017-07-03T15:42:07.474+0800: 7.831: Total time for which application threads were stopped: 0.0001543 seconds, Stopping threads took: 0.0000248 seconds
2017-07-03T15:42:08.475+0800: 8.819: Total time for which application threads were stopped: 0.0000689 seconds, Stopping threads took: 0.0000248 seconds
2017-07-03T15:42:09.105+0800: 9.450: Total time for which application threads were stopped: 0.0001564 seconds, Stopping threads took: 0.0001130 seconds
2017-07-03T15:42:09.105+0800: 9.450: Total time for which application threads were stopped: 0.0001222 seconds, Stopping threads took: 0.0000467 seconds
2017-07-03T15:42:09.142+0800: 9.487: Total time for which application threads were stopped: 0.0001411 seconds, Stopping threads took: 0.0000390 seconds
2017-07-03T15:42:09.142+0800: 9.487: Total time for which application threads were stopped: 0.0000667 seconds, Stopping threads took: 0.0000128 seconds
2017-07-03T15:42:09.143+0800: 9.487: Total time for which application threads were stopped: 0.0000759 seconds, Stopping threads took: 0.0000328 seconds
2017-07-03T15:42:09.143+0800: 9.487: Total time for which application threads were stopped: 0.0001550 seconds, Stopping threads took: 0.0000788 seconds
2017-07-03T15:42:09.143+0800: 9.488: Total time for which application threads were stopped: 0.0000671 seconds, Stopping threads took: 0.0000201 seconds
2017-07-03T15:42:09.144+0800: 9.488: Total time for which application threads were stopped: 0.0001389 seconds, Stopping threads took: 0.0001058 seconds
2017-07-03T15:42:09.144+0800: 9.488: Total time for which application threads were stopped: 0.0001149 seconds, Stopping threads took: 0.0000864 seconds
2017-07-03T15:42:09.145+0800: 9.489: Total time for which application threads were stopped: 0.0001090 seconds, Stopping threads took: 0.0000299 seconds
2017-07-03T15:42:09.145+0800: 9.489: Total time for which application threads were stopped: 0.0001688 seconds, Stopping threads took: 0.0000222 seconds
2017-07-03T15:42:10.155+0800: 10.500: Total time for which application threads were stopped: 0.0001626 seconds, Stopping threads took: 0.0000554 seconds
2017-07-03T15:42:11.076+0800: 11.421: Total time for which application threads were stopped: 0.0000773 seconds, Stopping threads took: 0.0000222 seconds
2017-07-03T15:42:11.077+0800: 11.422: Total time for which application threads were stopped: 0.0000813 seconds, Stopping threads took: 0.0000317 seconds
2017-07-03T15:42:11.077+0800: 11.422: Total time for which application threads were stopped: 0.0001116 seconds, Stopping threads took: 0.0000802 seconds
2017-07-03T15:42:11.077+0800: 11.422: Total time for which application threads were stopped: 0.0000602 seconds, Stopping threads took: 0.0000157 seconds
2017-07-03T15:42:11.077+0800: 11.422: Total time for which application threads were stopped: 0.0000543 seconds, Stopping threads took: 0.0000168 seconds
2017-07-03T15:42:11.077+0800: 11.422: Total time for which application threads were stopped: 0.0002049 seconds, Stopping threads took: 0.0001557 seconds
2017-07-03T15:42:11.078+0800: 11.423: Total time for which application threads were stopped: 0.0000810 seconds, Stopping threads took: 0.0000434 seconds
2017-07-03T15:42:11.080+0800: 11.425: Total time for which application threads were stopped: 0.0001039 seconds, Stopping threads took: 0.0000277 seconds
2017-07-03T15:42:12.081+0800: 12.425: Total time for which application threads were stopped: 0.0000915 seconds, Stopping threads took: 0.0000168 seconds
2017-07-03T15:42:17.090+0800: 17.434: Total time for which application threads were stopped: 0.0000773 seconds, Stopping threads took: 0.0000237 seconds
2017-07-03T15:42:31.182+0800: 31.526: Total time for which application threads were stopped: 0.0001572 seconds, Stopping threads took: 0.0000656 seconds
2017-07-03T15:42:36.007+0800: 36.351: Total time for which application threads were stopped: 0.0002082 seconds, Stopping threads took: 0.0001360 seconds
2017-07-03T15:42:36.007+0800: 36.351: Total time for which application threads were stopped: 0.0000733 seconds, Stopping threads took: 0.0000128 seconds
2017-07-03T15:42:36.007+0800: 36.352: Total time for which application threads were stopped: 0.0000999 seconds, Stopping threads took: 0.0000416 seconds
2017-07-03T15:42:36.008+0800: 36.352: Total time for which application threads were stopped: 0.0001440 seconds, Stopping threads took: 0.0000675 seconds
2017-07-03T15:42:36.020+0800: 36.364: Total time for which application threads were stopped: 0.0001276 seconds, Stopping threads took: 0.0000525 seconds
2017-07-03T15:42:36.020+0800: 36.365: Total time for which application threads were stopped: 0.0001579 seconds, Stopping threads took: 0.0001127 seconds
2017-07-03T15:42:36.021+0800: 36.365: Total time for which application threads were stopped: 0.0001524 seconds, Stopping threads took: 0.0001156 seconds
2017-07-03T15:42:36.021+0800: 36.365: Total time for which application threads were stopped: 0.0000769 seconds, Stopping threads took: 0.0000157 seconds
2017-07-03T15:42:36.021+0800: 36.365: Total time for which application threads were stopped: 0.0000587 seconds, Stopping threads took: 0.0000190 seconds
2017-07-03T15:42:36.021+0800: 36.365: Total time for which application threads were stopped: 0.0000532 seconds, Stopping threads took: 0.0000255 seconds
2017-07-03T15:42:36.021+0800: 36.366: Total time for which application threads were stopped: 0.0000751 seconds, Stopping threads took: 0.0000314 seconds
2017-07-03T15:42:36.021+0800: 36.366: Total time for which application threads were stopped: 0.0001583 seconds, Stopping threads took: 0.0001244 seconds
2017-07-03T15:42:36.022+0800: 36.366: Total time for which application threads were stopped: 0.0002133 seconds, Stopping threads took: 0.0001780 seconds
2017-07-03T15:42:37.026+0800: 37.370: Total time for which application threads were stopped: 0.0001185 seconds, Stopping threads took: 0.0000335 seconds
2017-07-03T15:42:45.184+0800: 45.529: Total time for which application threads were stopped: 0.0001415 seconds, Stopping threads took: 0.0000332 seconds
2017-07-03T15:42:46.184+0800: 46.529: Total time for which application threads were stopped: 0.0000904 seconds, Stopping threads took: 0.0000456 seconds
2017-07-03T15:42:53.234+0800: 53.578: Total time for which application threads were stopped: 0.0000547 seconds, Stopping threads took: 0.0000186 seconds
2017-07-03T15:43:19.852+0800: 80.204: Total time for which application threads were stopped: 0.0000817 seconds, Stopping threads took: 0.0000263 seconds
2017-07-03T15:43:19.852+0800: 80.204: Total time for which application threads were stopped: 0.0001619 seconds, Stopping threads took: 0.0000423 seconds
2017-07-03T15:43:20.861+0800: 81.205: Total time for which application threads were stopped: 0.0001688 seconds, Stopping threads took: 0.0000543 seconds
2017-07-03T15:43:29.255+0800: 89.606: Total time for which application threads were stopped: 0.0000959 seconds, Stopping threads took: 0.0000277 seconds
2017-07-03T15:43:29.302+0800: 89.656: Total time for which application threads were stopped: 0.0000901 seconds, Stopping threads took: 0.0000281 seconds
2017-07-03T15:43:29.318+0800: 89.676: Total time for which application threads were stopped: 0.0001718 seconds, Stopping threads took: 0.0001072 seconds
2017-07-03T15:43:29.334+0800: 89.687: Total time for which application threads were stopped: 0.0000642 seconds, Stopping threads took: 0.0000179 seconds
2017-07-03T15:43:29.349+0800: 89.700: Total time for which application threads were stopped: 0.0001203 seconds, Stopping threads took: 0.0000368 seconds
2017-07-03T15:43:29.380+0800: 89.726: Total time for which application threads were stopped: 0.0000711 seconds, Stopping threads took: 0.0000201 seconds
2017-07-03T15:43:29.412+0800: 89.762: Total time for which application threads were stopped: 0.0000573 seconds, Stopping threads took: 0.0000168 seconds
2017-07-03T15:43:29.412+0800: 89.770: Total time for which application threads were stopped: 0.0000697 seconds, Stopping threads took: 0.0000168 seconds
2017-07-03T15:43:29.443+0800: 89.791: Total time for which application threads were stopped: 0.0001470 seconds, Stopping threads took: 0.0000893 seconds
2017-07-03T15:43:29.443+0800: 89.791: Total time for which application threads were stopped: 0.0000616 seconds, Stopping threads took: 0.0000153 seconds
2017-07-03T15:43:29.443+0800: 89.792: Total time for which application threads were stopped: 0.0000532 seconds, Stopping threads took: 0.0000124 seconds
2017-07-03T15:43:29.443+0800: 89.792: Total time for which application threads were stopped: 0.0000478 seconds, Stopping threads took: 0.0000142 seconds
2017-07-03T15:43:29.443+0800: 89.792: Total time for which application threads were stopped: 0.0000274 seconds, Stopping threads took: 0.0000088 seconds
2017-07-03T15:43:29.443+0800: 89.792: Total time for which application threads were stopped: 0.0000638 seconds, Stopping threads took: 0.0000270 seconds
2017-07-03T15:43:29.459+0800: 89.810: Total time for which application threads were stopped: 0.0001346 seconds, Stopping threads took: 0.0000321 seconds
2017-07-03T15:43:29.599+0800: 89.949: Total time for which application threads were stopped: 0.0000780 seconds, Stopping threads took: 0.0000160 seconds
2017-07-03T15:43:29.599+0800: 89.949: Total time for which application threads were stopped: 0.0000445 seconds, Stopping threads took: 0.0000077 seconds
2017-07-03T15:43:29.599+0800: 89.949: Total time for which application threads were stopped: 0.0000576 seconds, Stopping threads took: 0.0000226 seconds
2017-07-03T15:43:29.599+0800: 89.949: Total time for which application threads were stopped: 0.0000259 seconds, Stopping threads took: 0.0000073 seconds
2017-07-03T15:43:29.711+0800: 90.055: Total time for which application threads were stopped: 0.0000642 seconds, Stopping threads took: 0.0000146 seconds
2017-07-03T15:43:29.761+0800: 90.110: Total time for which application threads were stopped: 0.0002648 seconds, Stopping threads took: 0.0001218 seconds
2017-07-03T15:43:29.761+0800: 90.112: Total time for which application threads were stopped: 0.0002097 seconds, Stopping threads took: 0.0001419 seconds
2017-07-03T15:43:29.808+0800: 90.162: Total time for which application threads were stopped: 0.0000718 seconds, Stopping threads took: 0.0000219 seconds
2017-07-03T15:43:29.839+0800: 90.196: Total time for which application threads were stopped: 0.0000653 seconds, Stopping threads took: 0.0000171 seconds
2017-07-03T15:43:29.870+0800: 90.225: Total time for which application threads were stopped: 0.0000704 seconds, Stopping threads took: 0.0000171 seconds
2017-07-03T15:43:29.870+0800: 90.225: Total time for which application threads were stopped: 0.0000449 seconds, Stopping threads took: 0.0000077 seconds
2017-07-03T15:43:29.870+0800: 90.225: Total time for which application threads were stopped: 0.0000419 seconds, Stopping threads took: 0.0000084 seconds
2017-07-03T15:43:29.870+0800: 90.225: Total time for which application threads were stopped: 0.0000470 seconds, Stopping threads took: 0.0000069 seconds
2017-07-03T15:43:29.870+0800: 90.225: Total time for which application threads were stopped: 0.0000270 seconds, Stopping threads took: 0.0000077 seconds
2017-07-03T15:43:29.870+0800: 90.225: Total time for which application threads were stopped: 0.0000459 seconds, Stopping threads took: 0.0000073 seconds
2017-07-03T15:43:29.886+0800: 90.235: Total time for which application threads were stopped: 0.0000799 seconds, Stopping threads took: 0.0000201 seconds
2017-07-03T15:43:29.902+0800: 90.255: Total time for which application threads were stopped: 0.0001174 seconds, Stopping threads took: 0.0000255 seconds
2017-07-03T15:43:29.917+0800: 90.275: Total time for which application threads were stopped: 0.0000981 seconds, Stopping threads took: 0.0000233 seconds
2017-07-03T15:43:29.964+0800: 90.312: Total time for which application threads were stopped: 0.0000799 seconds, Stopping threads took: 0.0000193 seconds
2017-07-03T15:43:29.980+0800: 90.332: Total time for which application threads were stopped: 0.0001900 seconds, Stopping threads took: 0.0000456 seconds
2017-07-03T15:43:30.989+0800: 91.334: Total time for which application threads were stopped: 0.0001630 seconds, Stopping threads took: 0.0000470 seconds
2017-07-03T15:43:33.012+0800: 93.356: Total time for which application threads were stopped: 0.0001579 seconds, Stopping threads took: 0.0000511 seconds
2017-07-03T15:43:47.144+0800: 107.492: Total time for which application threads were stopped: 0.0000985 seconds, Stopping threads took: 0.0000383 seconds
2017-07-03T15:43:47.402+0800: 107.757: Total time for which application threads were stopped: 0.0001178 seconds, Stopping threads took: 0.0000733 seconds
2017-07-03T15:43:47.590+0800: 107.940: Total time for which application threads were stopped: 0.0001674 seconds, Stopping threads took: 0.0000824 seconds
2017-07-03T15:43:48.591+0800: 108.935: Total time for which application threads were stopped: 0.0001389 seconds, Stopping threads took: 0.0000387 seconds
2017-07-03T15:43:51.617+0800: 111.961: Total time for which application threads were stopped: 0.0001597 seconds, Stopping threads took: 0.0000507 seconds
2017-07-03T15:44:15.613+0800: 135.960: Total time for which application threads were stopped: 0.0000824 seconds, Stopping threads took: 0.0000255 seconds
2017-07-03T15:44:15.613+0800: 135.964: Total time for which application threads were stopped: 0.0000769 seconds, Stopping threads took: 0.0000354 seconds
2017-07-03T15:44:15.613+0800: 135.967: Total time for which application threads were stopped: 0.0001061 seconds, Stopping threads took: 0.0000241 seconds
2017-07-03T15:44:15.613+0800: 135.968: Total time for which application threads were stopped: 0.0000463 seconds, Stopping threads took: 0.0000157 seconds
2017-07-03T15:44:15.613+0800: 135.968: Total time for which application threads were stopped: 0.0000350 seconds, Stopping threads took: 0.0000124 seconds
2017-07-03T15:44:15.628+0800: 135.976: Total time for which application threads were stopped: 0.0000733 seconds, Stopping threads took: 0.0000259 seconds
2017-07-03T15:44:15.628+0800: 135.976: Total time for which application threads were stopped: 0.0000376 seconds, Stopping threads took: 0.0000109 seconds
2017-07-03T15:44:15.628+0800: 135.983: Total time for which application threads were stopped: 0.0000635 seconds, Stopping threads took: 0.0000219 seconds
2017-07-03T15:44:15.628+0800: 135.984: Total time for which application threads were stopped: 0.0000372 seconds, Stopping threads took: 0.0000098 seconds
2017-07-03T15:44:15.628+0800: 135.986: Total time for which application threads were stopped: 0.0001258 seconds, Stopping threads took: 0.0000478 seconds
2017-07-03T15:44:15.644+0800: 136.003: Total time for which application threads were stopped: 0.0002341 seconds, Stopping threads took: 0.0001583 seconds
2017-07-03T15:44:15.660+0800: 136.009: Total time for which application threads were stopped: 0.0001174 seconds, Stopping threads took: 0.0000284 seconds
2017-07-03T15:44:15.660+0800: 136.012: Total time for which application threads were stopped: 0.0004785 seconds, Stopping threads took: 0.0000208 seconds
2017-07-03T15:44:15.660+0800: 136.014: Total time for which application threads were stopped: 0.0003742 seconds, Stopping threads took: 0.0000160 seconds
2017-07-03T15:44:15.707+0800: 136.052: Total time for which application threads were stopped: 0.0001025 seconds, Stopping threads took: 0.0000325 seconds
2017-07-03T15:44:15.707+0800: 136.053: Total time for which application threads were stopped: 0.0001273 seconds, Stopping threads took: 0.0000449 seconds
2017-07-03T15:44:15.707+0800: 136.054: Total time for which application threads were stopped: 0.0000405 seconds, Stopping threads took: 0.0000124 seconds
2017-07-03T15:44:15.707+0800: 136.054: Total time for which application threads were stopped: 0.0000387 seconds, Stopping threads took: 0.0000139 seconds
2017-07-03T15:44:15.707+0800: 136.058: Total time for which application threads were stopped: 0.0000518 seconds, Stopping threads took: 0.0000139 seconds
2017-07-03T15:44:15.707+0800: 136.060: Total time for which application threads were stopped: 0.0001637 seconds, Stopping threads took: 0.0001178 seconds
2017-07-03T15:44:15.707+0800: 136.062: Total time for which application threads were stopped: 0.0000532 seconds, Stopping threads took: 0.0000153 seconds
2017-07-03T15:44:15.722+0800: 136.081: Total time for which application threads were stopped: 0.0000930 seconds, Stopping threads took: 0.0000394 seconds
2017-07-03T15:44:15.738+0800: 136.083: Total time for which application threads were stopped: 0.0000449 seconds, Stopping threads took: 0.0000131 seconds
2017-07-03T15:44:15.738+0800: 136.084: Total time for which application threads were stopped: 0.0000255 seconds, Stopping threads took: 0.0000073 seconds
2017-07-03T15:44:15.941+0800: 136.287: Total time for which application threads were stopped: 0.0000817 seconds, Stopping threads took: 0.0000325 seconds
2017-07-03T15:44:15.941+0800: 136.288: Total time for which application threads were stopped: 0.0001481 seconds, Stopping threads took: 0.0001094 seconds
2017-07-03T15:44:15.941+0800: 136.288: Total time for which application threads were stopped: 0.0000795 seconds, Stopping threads took: 0.0000383 seconds
2017-07-03T15:44:15.941+0800: 136.289: Total time for which application threads were stopped: 0.0000988 seconds, Stopping threads took: 0.0000518 seconds
2017-07-03T15:44:15.941+0800: 136.291: Total time for which application threads were stopped: 0.0000919 seconds, Stopping threads took: 0.0000587 seconds
2017-07-03T15:44:15.941+0800: 136.291: Total time for which application threads were stopped: 0.0000434 seconds, Stopping threads took: 0.0000208 seconds
2017-07-03T15:44:15.941+0800: 136.291: Total time for which application threads were stopped: 0.0000314 seconds, Stopping threads took: 0.0000084 seconds
2017-07-03T15:44:15.941+0800: 136.291: Total time for which application threads were stopped: 0.0000565 seconds, Stopping threads took: 0.0000215 seconds
2017-07-03T15:44:15.941+0800: 136.292: Total time for which application threads were stopped: 0.0001182 seconds, Stopping threads took: 0.0000963 seconds
2017-07-03T15:44:15.941+0800: 136.292: Total time for which application threads were stopped: 0.0000715 seconds, Stopping threads took: 0.0000215 seconds
2017-07-03T15:44:15.941+0800: 136.294: Total time for which application threads were stopped: 0.0001765 seconds, Stopping threads took: 0.0001112 seconds
2017-07-03T15:44:15.941+0800: 136.294: Total time for which application threads were stopped: 0.0000346 seconds, Stopping threads took: 0.0000077 seconds
2017-07-03T15:44:15.957+0800: 136.302: Total time for which application threads were stopped: 0.0001295 seconds, Stopping threads took: 0.0000937 seconds
2017-07-03T15:44:15.957+0800: 136.303: Total time for which application threads were stopped: 0.0000372 seconds, Stopping threads took: 0.0000098 seconds
2017-07-03T15:44:15.957+0800: 136.303: Total time for which application threads were stopped: 0.0000328 seconds, Stopping threads took: 0.0000077 seconds
2017-07-03T15:44:15.972+0800: 136.319: Total time for which application threads were stopped: 0.0001240 seconds, Stopping threads took: 0.0000529 seconds
2017-07-03T15:44:15.972+0800: 136.319: Total time for which application threads were stopped: 0.0001747 seconds, Stopping threads took: 0.0000966 seconds
2017-07-03T15:44:15.972+0800: 136.320: Total time for which application threads were stopped: 0.0000456 seconds, Stopping threads took: 0.0000131 seconds
2017-07-03T15:44:15.972+0800: 136.321: Total time for which application threads were stopped: 0.0000536 seconds, Stopping threads took: 0.0000164 seconds
2017-07-03T15:44:15.972+0800: 136.321: Total time for which application threads were stopped: 0.0000514 seconds, Stopping threads took: 0.0000128 seconds
2017-07-03T15:44:15.972+0800: 136.324: Total time for which application threads were stopped: 0.0001652 seconds, Stopping threads took: 0.0001065 seconds
2017-07-03T15:44:15.972+0800: 136.325: Total time for which application threads were stopped: 0.0001575 seconds, Stopping threads took: 0.0001032 seconds
2017-07-03T15:44:15.972+0800: 136.326: Total time for which application threads were stopped: 0.0000631 seconds, Stopping threads took: 0.0000153 seconds
2017-07-03T15:44:16.152+0800: 136.508: Total time for which application threads were stopped: 0.0001743 seconds, Stopping threads took: 0.0000452 seconds
2017-07-03T15:44:16.152+0800: 136.510: Total time for which application threads were stopped: 0.0001203 seconds, Stopping threads took: 0.0000339 seconds
2017-07-03T15:44:16.152+0800: 136.511: Total time for which application threads were stopped: 0.0002053 seconds, Stopping threads took: 0.0001448 seconds
2017-07-03T15:44:16.152+0800: 136.511: Total time for which application threads were stopped: 0.0001947 seconds, Stopping threads took: 0.0001320 seconds
2017-07-03T15:44:16.152+0800: 136.511: Total time for which application threads were stopped: 0.0001863 seconds, Stopping threads took: 0.0001287 seconds
2017-07-03T15:44:16.152+0800: 136.512: Total time for which application threads were stopped: 0.0001535 seconds, Stopping threads took: 0.0000992 seconds
2017-07-03T15:44:16.168+0800: 136.512: Total time for which application threads were stopped: 0.0001207 seconds, Stopping threads took: 0.0000543 seconds
2017-07-03T15:44:16.184+0800: 136.529: Total time for which application threads were stopped: 0.0001134 seconds, Stopping threads took: 0.0000799 seconds
2017-07-03T15:44:16.199+0800: 136.546: Total time for which application threads were stopped: 0.0000769 seconds, Stopping threads took: 0.0000182 seconds
2017-07-03T15:44:16.199+0800: 136.546: Total time for which application threads were stopped: 0.0000430 seconds, Stopping threads took: 0.0000117 seconds
2017-07-03T15:44:16.199+0800: 136.547: Total time for which application threads were stopped: 0.0000434 seconds, Stopping threads took: 0.0000120 seconds
2017-07-03T15:44:16.199+0800: 136.550: Total time for which application threads were stopped: 0.0000715 seconds, Stopping threads took: 0.0000295 seconds
2017-07-03T15:44:16.199+0800: 136.551: Total time for which application threads were stopped: 0.0000463 seconds, Stopping threads took: 0.0000117 seconds
2017-07-03T15:44:16.402+0800: 136.752: Total time for which application threads were stopped: 0.0000726 seconds, Stopping threads took: 0.0000175 seconds
2017-07-03T15:44:16.402+0800: 136.753: Total time for which application threads were stopped: 0.0000875 seconds, Stopping threads took: 0.0000576 seconds
2017-07-03T15:44:16.402+0800: 136.753: Total time for which application threads were stopped: 0.0001098 seconds, Stopping threads took: 0.0000828 seconds
2017-07-03T15:44:16.402+0800: 136.754: Total time for which application threads were stopped: 0.0001032 seconds, Stopping threads took: 0.0000748 seconds
2017-07-03T15:44:16.402+0800: 136.754: Total time for which application threads were stopped: 0.0000532 seconds, Stopping threads took: 0.0000284 seconds
2017-07-03T15:44:16.402+0800: 136.754: Total time for which application threads were stopped: 0.0000755 seconds, Stopping threads took: 0.0000511 seconds
2017-07-03T15:44:16.402+0800: 136.754: Total time for which application threads were stopped: 0.0001123 seconds, Stopping threads took: 0.0000850 seconds
2017-07-03T15:44:16.418+0800: 136.764: Total time for which application threads were stopped: 0.0001287 seconds, Stopping threads took: 0.0000853 seconds
2017-07-03T15:44:16.434+0800: 136.779: Total time for which application threads were stopped: 0.0000602 seconds, Stopping threads took: 0.0000160 seconds
2017-07-03T15:44:16.434+0800: 136.780: Total time for which application threads were stopped: 0.0001101 seconds, Stopping threads took: 0.0000773 seconds
2017-07-03T15:44:16.434+0800: 136.780: Total time for which application threads were stopped: 0.0000343 seconds, Stopping threads took: 0.0000113 seconds
2017-07-03T15:44:16.434+0800: 136.782: Total time for which application threads were stopped: 0.0000759 seconds, Stopping threads took: 0.0000201 seconds
2017-07-03T15:44:16.434+0800: 136.783: Total time for which application threads were stopped: 0.0000525 seconds, Stopping threads took: 0.0000139 seconds
2017-07-03T15:44:16.969+0800: 137.325: Total time for which application threads were stopped: 0.0001787 seconds, Stopping threads took: 0.0000412 seconds
2017-07-03T15:44:16.969+0800: 137.327: Total time for which application threads were stopped: 0.0001378 seconds, Stopping threads took: 0.0000441 seconds
2017-07-03T15:44:16.969+0800: 137.327: Total time for which application threads were stopped: 0.0001309 seconds, Stopping threads took: 0.0000459 seconds
2017-07-03T15:44:16.969+0800: 137.328: Total time for which application threads were stopped: 0.0002064 seconds, Stopping threads took: 0.0001036 seconds
2017-07-03T15:44:16.969+0800: 137.328: Total time for which application threads were stopped: 0.0002232 seconds, Stopping threads took: 0.0001389 seconds
2017-07-03T15:44:16.969+0800: 137.328: Total time for which application threads were stopped: 0.0001182 seconds, Stopping threads took: 0.0000430 seconds
2017-07-03T15:44:16.985+0800: 137.329: Total time for which application threads were stopped: 0.0001590 seconds, Stopping threads took: 0.0000481 seconds
2017-07-03T15:44:17.000+0800: 137.346: Total time for which application threads were stopped: 0.0001703 seconds, Stopping threads took: 0.0001134 seconds
2017-07-03T15:44:17.016+0800: 137.363: Total time for which application threads were stopped: 0.0000532 seconds, Stopping threads took: 0.0000142 seconds
2017-07-03T15:44:17.016+0800: 137.363: Total time for which application threads were stopped: 0.0000350 seconds, Stopping threads took: 0.0000077 seconds
2017-07-03T15:44:17.016+0800: 137.363: Total time for which application threads were stopped: 0.0000295 seconds, Stopping threads took: 0.0000069 seconds
2017-07-03T15:44:17.016+0800: 137.365: Total time for which application threads were stopped: 0.0000394 seconds, Stopping threads took: 0.0000131 seconds
2017-07-03T15:44:17.016+0800: 137.366: Total time for which application threads were stopped: 0.0000893 seconds, Stopping threads took: 0.0000252 seconds
2017-07-03T15:44:17.213+0800: 137.565: Total time for which application threads were stopped: 0.0001101 seconds, Stopping threads took: 0.0000306 seconds
2017-07-03T15:44:17.213+0800: 137.567: Total time for which application threads were stopped: 0.0000890 seconds, Stopping threads took: 0.0000244 seconds
2017-07-03T15:44:17.213+0800: 137.567: Total time for which application threads were stopped: 0.0000784 seconds, Stopping threads took: 0.0000226 seconds
2017-07-03T15:44:17.213+0800: 137.567: Total time for which application threads were stopped: 0.0002075 seconds, Stopping threads took: 0.0001433 seconds
2017-07-03T15:44:17.213+0800: 137.568: Total time for which application threads were stopped: 0.0001426 seconds, Stopping threads took: 0.0000831 seconds
2017-07-03T15:44:17.213+0800: 137.568: Total time for which application threads were stopped: 0.0001087 seconds, Stopping threads took: 0.0000521 seconds
2017-07-03T15:44:17.213+0800: 137.569: Total time for which application threads were stopped: 0.0002017 seconds, Stopping threads took: 0.0001462 seconds
2017-07-03T15:44:17.323+0800: 137.670: Total time for which application threads were stopped: 0.0001648 seconds, Stopping threads took: 0.0001160 seconds
2017-07-03T15:44:17.323+0800: 137.677: Total time for which application threads were stopped: 0.0002239 seconds, Stopping threads took: 0.0001517 seconds
2017-07-03T15:44:17.370+0800: 137.716: Total time for which application threads were stopped: 0.0001254 seconds, Stopping threads took: 0.0000292 seconds
2017-07-03T15:44:17.370+0800: 137.716: Total time for which application threads were stopped: 0.0000605 seconds, Stopping threads took: 0.0000160 seconds
2017-07-03T15:44:17.370+0800: 137.716: Total time for which application threads were stopped: 0.0000452 seconds, Stopping threads took: 0.0000124 seconds
2017-07-03T15:44:17.370+0800: 137.728: Total time for which application threads were stopped: 0.0001236 seconds, Stopping threads took: 0.0000350 seconds
2017-07-03T15:44:17.370+0800: 137.729: Total time for which application threads were stopped: 0.0000791 seconds, Stopping threads took: 0.0000208 seconds
2017-07-03T15:44:17.667+0800: 138.021: Total time for which application threads were stopped: 0.0001831 seconds, Stopping threads took: 0.0000456 seconds
2017-07-03T15:44:17.667+0800: 138.024: Total time for which application threads were stopped: 0.0001605 seconds, Stopping threads took: 0.0000532 seconds
2017-07-03T15:44:17.667+0800: 138.024: Total time for which application threads were stopped: 0.0001280 seconds, Stopping threads took: 0.0000361 seconds
2017-07-03T15:44:17.667+0800: 138.024: Total time for which application threads were stopped: 0.0001269 seconds, Stopping threads took: 0.0000357 seconds
2017-07-03T15:44:17.667+0800: 138.025: Total time for which application threads were stopped: 0.0002064 seconds, Stopping threads took: 0.0001196 seconds
2017-07-03T15:44:17.667+0800: 138.025: Total time for which application threads were stopped: 0.0002108 seconds, Stopping threads took: 0.0001222 seconds
2017-07-03T15:44:17.667+0800: 138.026: Total time for which application threads were stopped: 0.0001958 seconds, Stopping threads took: 0.0000810 seconds
2017-07-03T15:44:17.698+0800: 138.044: Total time for which application threads were stopped: 0.0000842 seconds, Stopping threads took: 0.0000263 seconds
2017-07-03T15:44:17.698+0800: 138.046: Total time for which application threads were stopped: 0.0001630 seconds, Stopping threads took: 0.0001006 seconds
2017-07-03T15:44:17.713+0800: 138.059: Total time for which application threads were stopped: 0.0000802 seconds, Stopping threads took: 0.0000157 seconds
2017-07-03T15:44:17.713+0800: 138.060: Total time for which application threads were stopped: 0.0000441 seconds, Stopping threads took: 0.0000095 seconds
2017-07-03T15:44:17.713+0800: 138.060: Total time for which application threads were stopped: 0.0000365 seconds, Stopping threads took: 0.0000084 seconds
2017-07-03T15:44:17.713+0800: 138.062: Total time for which application threads were stopped: 0.0001225 seconds, Stopping threads took: 0.0000704 seconds
2017-07-03T15:44:17.713+0800: 138.063: Total time for which application threads were stopped: 0.0002761 seconds, Stopping threads took: 0.0001513 seconds
2017-07-03T15:44:17.948+0800: 138.295: Total time for which application threads were stopped: 0.0001893 seconds, Stopping threads took: 0.0000321 seconds
2017-07-03T15:44:17.948+0800: 138.298: Total time for which application threads were stopped: 0.0001036 seconds, Stopping threads took: 0.0000354 seconds
2017-07-03T15:44:17.948+0800: 138.298: Total time for which application threads were stopped: 0.0000769 seconds, Stopping threads took: 0.0000241 seconds
2017-07-03T15:44:17.948+0800: 138.298: Total time for which application threads were stopped: 0.0000427 seconds, Stopping threads took: 0.0000117 seconds
2017-07-03T15:44:17.948+0800: 138.298: Total time for which application threads were stopped: 0.0000737 seconds, Stopping threads took: 0.0000230 seconds
2017-07-03T15:44:17.948+0800: 138.298: Total time for which application threads were stopped: 0.0001222 seconds, Stopping threads took: 0.0001039 seconds
2017-07-03T15:44:17.948+0800: 138.299: Total time for which application threads were stopped: 0.0001535 seconds, Stopping threads took: 0.0000926 seconds
2017-07-03T15:44:17.964+0800: 138.311: Total time for which application threads were stopped: 0.0001357 seconds, Stopping threads took: 0.0000452 seconds
2017-07-03T15:44:17.979+0800: 138.325: Total time for which application threads were stopped: 0.0001149 seconds, Stopping threads took: 0.0000321 seconds
2017-07-03T15:44:17.979+0800: 138.326: Total time for which application threads were stopped: 0.0001816 seconds, Stopping threads took: 0.0001152 seconds
2017-07-03T15:44:17.979+0800: 138.327: Total time for which application threads were stopped: 0.0001623 seconds, Stopping threads took: 0.0001050 seconds
2017-07-03T15:44:17.979+0800: 138.330: Total time for which application threads were stopped: 0.0001637 seconds, Stopping threads took: 0.0001028 seconds
2017-07-03T15:44:17.979+0800: 138.331: Total time for which application threads were stopped: 0.0000664 seconds, Stopping threads took: 0.0000179 seconds
2017-07-03T15:44:17.979+0800: 138.331: Total time for which application threads were stopped: 0.0001160 seconds, Stopping threads took: 0.0000711 seconds
2017-07-03T15:44:18.299+0800: 138.654: Total time for which application threads were stopped: 0.0001933 seconds, Stopping threads took: 0.0000434 seconds
2017-07-03T15:44:18.299+0800: 138.657: Total time for which application threads were stopped: 0.0001918 seconds, Stopping threads took: 0.0000707 seconds
2017-07-03T15:44:18.299+0800: 138.657: Total time for which application threads were stopped: 0.0001316 seconds, Stopping threads took: 0.0000445 seconds
2017-07-03T15:44:18.299+0800: 138.657: Total time for which application threads were stopped: 0.0002297 seconds, Stopping threads took: 0.0001298 seconds
2017-07-03T15:44:18.299+0800: 138.658: Total time for which application threads were stopped: 0.0002914 seconds, Stopping threads took: 0.0001977 seconds
2017-07-03T15:44:18.299+0800: 138.658: Total time for which application threads were stopped: 0.0001192 seconds, Stopping threads took: 0.0000379 seconds
2017-07-03T15:44:18.299+0800: 138.659: Total time for which application threads were stopped: 0.0001750 seconds, Stopping threads took: 0.0000897 seconds
2017-07-03T15:44:18.346+0800: 138.692: Total time for which application threads were stopped: 0.0000496 seconds, Stopping threads took: 0.0000168 seconds
2017-07-03T15:44:18.346+0800: 138.694: Total time for which application threads were stopped: 0.0000328 seconds, Stopping threads took: 0.0000077 seconds
2017-07-03T15:44:18.346+0800: 138.696: Total time for which application threads were stopped: 0.0000317 seconds, Stopping threads took: 0.0000106 seconds
2017-07-03T15:44:18.377+0800: 138.724: Total time for which application threads were stopped: 0.0000700 seconds, Stopping threads took: 0.0000201 seconds
2017-07-03T15:44:18.377+0800: 138.724: Total time for which application threads were stopped: 0.0000485 seconds, Stopping threads took: 0.0000128 seconds
2017-07-03T15:44:18.377+0800: 138.724: Total time for which application threads were stopped: 0.0000525 seconds, Stopping threads took: 0.0000109 seconds
2017-07-03T15:44:18.377+0800: 138.732: Total time for which application threads were stopped: 0.0000886 seconds, Stopping threads took: 0.0000274 seconds
2017-07-03T15:44:18.377+0800: 138.733: Total time for which application threads were stopped: 0.0001692 seconds, Stopping threads took: 0.0001101 seconds
2017-07-03T15:44:18.377+0800: 138.736: Total time for which application threads were stopped: 0.0002031 seconds, Stopping threads took: 0.0001156 seconds
2017-07-03T15:44:18.424+0800: 138.775: Total time for which application threads were stopped: 0.0001112 seconds, Stopping threads took: 0.0000219 seconds
2017-07-03T15:44:18.424+0800: 138.784: Total time for which application threads were stopped: 0.0001291 seconds, Stopping threads took: 0.0000248 seconds
2017-07-03T15:44:18.424+0800: 138.784: Total time for which application threads were stopped: 0.0001331 seconds, Stopping threads took: 0.0000182 seconds
2017-07-03T15:44:18.424+0800: 138.784: Total time for which application threads were stopped: 0.0001710 seconds, Stopping threads took: 0.0001112 seconds
2017-07-03T15:44:18.440+0800: 138.784: Total time for which application threads were stopped: 0.0000963 seconds, Stopping threads took: 0.0000306 seconds
2017-07-03T15:44:18.753+0800: 139.103: Total time for which application threads were stopped: 0.0000926 seconds, Stopping threads took: 0.0000277 seconds
2017-07-03T15:44:18.753+0800: 139.103: Total time for which application threads were stopped: 0.0000521 seconds, Stopping threads took: 0.0000120 seconds
2017-07-03T15:44:18.753+0800: 139.103: Total time for which application threads were stopped: 0.0000368 seconds, Stopping threads took: 0.0000113 seconds
2017-07-03T15:44:18.753+0800: 139.104: Total time for which application threads were stopped: 0.0001368 seconds, Stopping threads took: 0.0001006 seconds
2017-07-03T15:44:18.753+0800: 139.104: Total time for which application threads were stopped: 0.0000412 seconds, Stopping threads took: 0.0000084 seconds
2017-07-03T15:44:18.753+0800: 139.104: Total time for which application threads were stopped: 0.0000303 seconds, Stopping threads took: 0.0000073 seconds
2017-07-03T15:44:18.753+0800: 139.104: Total time for which application threads were stopped: 0.0000263 seconds, Stopping threads took: 0.0000069 seconds
2017-07-03T15:44:18.753+0800: 139.104: Total time for which application threads were stopped: 0.0000215 seconds, Stopping threads took: 0.0000062 seconds
2017-07-03T15:44:18.753+0800: 139.104: Total time for which application threads were stopped: 0.0000890 seconds, Stopping threads took: 0.0000055 seconds
2017-07-03T15:44:18.753+0800: 139.105: Total time for which application threads were stopped: 0.0000955 seconds, Stopping threads took: 0.0000729 seconds
2017-07-03T15:44:18.753+0800: 139.106: Total time for which application threads were stopped: 0.0001174 seconds, Stopping threads took: 0.0000857 seconds
2017-07-03T15:44:18.753+0800: 139.106: Total time for which application threads were stopped: 0.0000937 seconds, Stopping threads took: 0.0000766 seconds
2017-07-03T15:44:18.753+0800: 139.106: Total time for which application threads were stopped: 0.0001138 seconds, Stopping threads took: 0.0000934 seconds
2017-07-03T15:44:18.753+0800: 139.106: Total time for which application threads were stopped: 0.0000263 seconds, Stopping threads took: 0.0000080 seconds
2017-07-03T15:44:18.753+0800: 139.106: Total time for which application threads were stopped: 0.0000718 seconds, Stopping threads took: 0.0000277 seconds
2017-07-03T15:44:18.753+0800: 139.107: Total time for which application threads were stopped: 0.0000565 seconds, Stopping threads took: 0.0000204 seconds
2017-07-03T15:44:18.753+0800: 139.107: Total time for which application threads were stopped: 0.0000387 seconds, Stopping threads took: 0.0000080 seconds
2017-07-03T15:44:18.753+0800: 139.107: Total time for which application threads were stopped: 0.0001685 seconds, Stopping threads took: 0.0000729 seconds
2017-07-03T15:44:18.768+0800: 139.114: Total time for which application threads were stopped: 0.0000547 seconds, Stopping threads took: 0.0000168 seconds
2017-07-03T15:44:18.784+0800: 139.130: Total time for which application threads were stopped: 0.0000649 seconds, Stopping threads took: 0.0000160 seconds
2017-07-03T15:44:18.784+0800: 139.132: Total time for which application threads were stopped: 0.0001550 seconds, Stopping threads took: 0.0000886 seconds
2017-07-03T15:44:19.276+0800: 139.632: Total time for which application threads were stopped: 0.0001572 seconds, Stopping threads took: 0.0000346 seconds
2017-07-03T15:44:19.276+0800: 139.632: Total time for which application threads were stopped: 0.0000799 seconds, Stopping threads took: 0.0000281 seconds
2017-07-03T15:44:19.276+0800: 139.633: Total time for which application threads were stopped: 0.0001437 seconds, Stopping threads took: 0.0000270 seconds
2017-07-03T15:44:19.276+0800: 139.633: Total time for which application threads were stopped: 0.0000624 seconds, Stopping threads took: 0.0000233 seconds
2017-07-03T15:44:19.292+0800: 139.638: Total time for which application threads were stopped: 0.0000711 seconds, Stopping threads took: 0.0000208 seconds
2017-07-03T15:44:19.308+0800: 139.653: Total time for which application threads were stopped: 0.0000653 seconds, Stopping threads took: 0.0000164 seconds
2017-07-03T15:44:19.308+0800: 139.656: Total time for which application threads were stopped: 0.0000682 seconds, Stopping threads took: 0.0000201 seconds
2017-07-03T15:44:19.589+0800: 139.934: Total time for which application threads were stopped: 0.0001805 seconds, Stopping threads took: 0.0000427 seconds
2017-07-03T15:44:19.589+0800: 139.934: Total time for which application threads were stopped: 0.0000842 seconds, Stopping threads took: 0.0000124 seconds
2017-07-03T15:44:19.589+0800: 139.935: Total time for which application threads were stopped: 0.0001368 seconds, Stopping threads took: 0.0001043 seconds
2017-07-03T15:44:19.589+0800: 139.935: Total time for which application threads were stopped: 0.0000620 seconds, Stopping threads took: 0.0000124 seconds
2017-07-03T15:44:19.589+0800: 139.935: Total time for which application threads were stopped: 0.0000645 seconds, Stopping threads took: 0.0000263 seconds
2017-07-03T15:44:19.589+0800: 139.936: Total time for which application threads were stopped: 0.0001229 seconds, Stopping threads took: 0.0000737 seconds
2017-07-03T15:44:19.604+0800: 139.950: Total time for which application threads were stopped: 0.0001094 seconds, Stopping threads took: 0.0000715 seconds
2017-07-03T15:44:19.620+0800: 139.966: Total time for which application threads were stopped: 0.0000635 seconds, Stopping threads took: 0.0000179 seconds
2017-07-03T15:44:19.620+0800: 139.968: Total time for which application threads were stopped: 0.0001637 seconds, Stopping threads took: 0.0001240 seconds
2017-07-03T15:44:19.870+0800: 140.229: Total time for which application threads were stopped: 0.0001973 seconds, Stopping threads took: 0.0001167 seconds
2017-07-03T15:44:19.886+0800: 140.230: Total time for which application threads were stopped: 0.0001554 seconds, Stopping threads took: 0.0000904 seconds
2017-07-03T15:44:19.886+0800: 140.230: Total time for which application threads were stopped: 0.0000631 seconds, Stopping threads took: 0.0000150 seconds
2017-07-03T15:44:19.886+0800: 140.231: Total time for which application threads were stopped: 0.0000726 seconds, Stopping threads took: 0.0000252 seconds
2017-07-03T15:44:19.886+0800: 140.231: Total time for which application threads were stopped: 0.0000573 seconds, Stopping threads took: 0.0000102 seconds
2017-07-03T15:44:19.901+0800: 140.247: Total time for which application threads were stopped: 0.0001535 seconds, Stopping threads took: 0.0001006 seconds
2017-07-03T15:44:19.901+0800: 140.248: Total time for which application threads were stopped: 0.0000405 seconds, Stopping threads took: 0.0000091 seconds
2017-07-03T15:44:19.917+0800: 140.263: Total time for which application threads were stopped: 0.0000693 seconds, Stopping threads took: 0.0000270 seconds
2017-07-03T15:44:19.932+0800: 140.283: Total time for which application threads were stopped: 0.0001101 seconds, Stopping threads took: 0.0000321 seconds
2017-07-03T15:44:20.222+0800: 140.577: Total time for which application threads were stopped: 0.0000835 seconds, Stopping threads took: 0.0000244 seconds
2017-07-03T15:44:20.222+0800: 140.578: Total time for which application threads were stopped: 0.0001149 seconds, Stopping threads took: 0.0000707 seconds
2017-07-03T15:44:20.222+0800: 140.578: Total time for which application threads were stopped: 0.0000532 seconds, Stopping threads took: 0.0000171 seconds
2017-07-03T15:44:20.222+0800: 140.578: Total time for which application threads were stopped: 0.0000427 seconds, Stopping threads took: 0.0000142 seconds
2017-07-03T15:44:20.222+0800: 140.578: Total time for which application threads were stopped: 0.0000955 seconds, Stopping threads took: 0.0000558 seconds
2017-07-03T15:44:20.253+0800: 140.599: Total time for which application threads were stopped: 0.0000718 seconds, Stopping threads took: 0.0000201 seconds
2017-07-03T15:44:20.269+0800: 140.615: Total time for which application threads were stopped: 0.0001298 seconds, Stopping threads took: 0.0000861 seconds
2017-07-03T15:44:20.269+0800: 140.617: Total time for which application threads were stopped: 0.0001141 seconds, Stopping threads took: 0.0000773 seconds
2017-07-03T15:44:20.535+0800: 140.893: Total time for which application threads were stopped: 0.0001944 seconds, Stopping threads took: 0.0000423 seconds
2017-07-03T15:44:20.550+0800: 140.895: Total time for which application threads were stopped: 0.0002246 seconds, Stopping threads took: 0.0001105 seconds
2017-07-03T15:44:20.550+0800: 140.895: Total time for which application threads were stopped: 0.0002250 seconds, Stopping threads took: 0.0001254 seconds
2017-07-03T15:44:20.550+0800: 140.895: Total time for which application threads were stopped: 0.0002130 seconds, Stopping threads took: 0.0001116 seconds
2017-07-03T15:44:20.550+0800: 140.896: Total time for which application threads were stopped: 0.0002549 seconds, Stopping threads took: 0.0001543 seconds
2017-07-03T15:44:20.582+0800: 140.928: Total time for which application threads were stopped: 0.0000821 seconds, Stopping threads took: 0.0000244 seconds
2017-07-03T15:44:20.582+0800: 140.931: Total time for which application threads were stopped: 0.0001291 seconds, Stopping threads took: 0.0000788 seconds
2017-07-03T15:44:20.582+0800: 140.931: Total time for which application threads were stopped: 0.0000580 seconds, Stopping threads took: 0.0000171 seconds
2017-07-03T15:44:20.582+0800: 140.932: Total time for which application threads were stopped: 0.0000635 seconds, Stopping threads took: 0.0000226 seconds
2017-07-03T15:44:20.597+0800: 140.943: Total time for which application threads were stopped: 0.0000704 seconds, Stopping threads took: 0.0000168 seconds
2017-07-03T15:44:20.597+0800: 140.946: Total time for which application threads were stopped: 0.0001426 seconds, Stopping threads took: 0.0000952 seconds
2017-07-03T15:44:20.910+0800: 141.269: Total time for which application threads were stopped: 0.0000565 seconds, Stopping threads took: 0.0000131 seconds
2017-07-03T15:44:20.925+0800: 141.270: Total time for which application threads were stopped: 0.0001612 seconds, Stopping threads took: 0.0000955 seconds
2017-07-03T15:44:20.925+0800: 141.270: Total time for which application threads were stopped: 0.0000675 seconds, Stopping threads took: 0.0000182 seconds
2017-07-03T15:44:20.925+0800: 141.270: Total time for which application threads were stopped: 0.0000806 seconds, Stopping threads took: 0.0000335 seconds
2017-07-03T15:44:20.925+0800: 141.270: Total time for which application threads were stopped: 0.0001163 seconds, Stopping threads took: 0.0000292 seconds
2017-07-03T15:44:20.941+0800: 141.287: Total time for which application threads were stopped: 0.0000503 seconds, Stopping threads took: 0.0000157 seconds
2017-07-03T15:44:20.941+0800: 141.289: Total time for which application threads were stopped: 0.0002013 seconds, Stopping threads took: 0.0000810 seconds
2017-07-03T15:44:20.956+0800: 141.303: Total time for which application threads were stopped: 0.0001459 seconds, Stopping threads took: 0.0000883 seconds
2017-07-03T15:44:20.956+0800: 141.305: Total time for which application threads were stopped: 0.0001597 seconds, Stopping threads took: 0.0000996 seconds
2017-07-03T15:44:21.183+0800: 141.531: Total time for which application threads were stopped: 0.0001947 seconds, Stopping threads took: 0.0001211 seconds
2017-07-03T15:44:21.183+0800: 141.532: Total time for which application threads were stopped: 0.0000813 seconds, Stopping threads took: 0.0000201 seconds
2017-07-03T15:44:21.183+0800: 141.532: Total time for which application threads were stopped: 0.0000799 seconds, Stopping threads took: 0.0000233 seconds
2017-07-03T15:44:21.183+0800: 141.532: Total time for which application threads were stopped: 0.0001601 seconds, Stopping threads took: 0.0001203 seconds
2017-07-03T15:44:21.183+0800: 141.532: Total time for which application threads were stopped: 0.0000397 seconds, Stopping threads took: 0.0000153 seconds
2017-07-03T15:44:21.199+0800: 141.546: Total time for which application threads were stopped: 0.0001572 seconds, Stopping threads took: 0.0000361 seconds
2017-07-03T15:44:21.215+0800: 141.561: Total time for which application threads were stopped: 0.0000693 seconds, Stopping threads took: 0.0000208 seconds
2017-07-03T15:44:21.215+0800: 141.563: Total time for which application threads were stopped: 0.0000525 seconds, Stopping threads took: 0.0000124 seconds
2017-07-03T15:44:21.496+0800: 141.854: Total time for which application threads were stopped: 0.0002462 seconds, Stopping threads took: 0.0001240 seconds
2017-07-03T15:44:21.512+0800: 141.856: Total time for which application threads were stopped: 0.0001823 seconds, Stopping threads took: 0.0000740 seconds
2017-07-03T15:44:21.512+0800: 141.857: Total time for which application threads were stopped: 0.0002571 seconds, Stopping threads took: 0.0001440 seconds
2017-07-03T15:44:21.512+0800: 141.857: Total time for which application threads were stopped: 0.0002538 seconds, Stopping threads took: 0.0001492 seconds
2017-07-03T15:44:21.543+0800: 141.889: Total time for which application threads were stopped: 0.0000737 seconds, Stopping threads took: 0.0000215 seconds
2017-07-03T15:44:21.559+0800: 141.905: Total time for which application threads were stopped: 0.0000977 seconds, Stopping threads took: 0.0000266 seconds
2017-07-03T15:44:21.559+0800: 141.907: Total time for which application threads were stopped: 0.0000769 seconds, Stopping threads took: 0.0000168 seconds
2017-07-03T15:44:21.559+0800: 141.909: Total time for which application threads were stopped: 0.0000835 seconds, Stopping threads took: 0.0000354 seconds
2017-07-03T15:44:21.559+0800: 141.909: Total time for which application threads were stopped: 0.0001696 seconds, Stopping threads took: 0.0001171 seconds
2017-07-03T15:44:21.590+0800: 141.940: Total time for which application threads were stopped: 0.0002823 seconds, Stopping threads took: 0.0000219 seconds
2017-07-03T15:44:21.808+0800: 142.165: Total time for which application threads were stopped: 0.0001098 seconds, Stopping threads took: 0.0000146 seconds
2017-07-03T15:44:21.808+0800: 142.166: Total time for which application threads were stopped: 0.0000565 seconds, Stopping threads took: 0.0000124 seconds
2017-07-03T15:44:21.808+0800: 142.166: Total time for which application threads were stopped: 0.0001831 seconds, Stopping threads took: 0.0001444 seconds
2017-07-03T15:44:21.808+0800: 142.166: Total time for which application threads were stopped: 0.0001192 seconds, Stopping threads took: 0.0000762 seconds
2017-07-03T15:44:21.808+0800: 142.167: Total time for which application threads were stopped: 0.0000383 seconds, Stopping threads took: 0.0000088 seconds
2017-07-03T15:44:21.808+0800: 142.167: Total time for which application threads were stopped: 0.0000328 seconds, Stopping threads took: 0.0000077 seconds
2017-07-03T15:44:21.808+0800: 142.167: Total time for which application threads were stopped: 0.0001003 seconds, Stopping threads took: 0.0000077 seconds
2017-07-03T15:44:21.871+0800: 142.217: Total time for which application threads were stopped: 0.0000777 seconds, Stopping threads took: 0.0000222 seconds
2017-07-03T15:44:21.887+0800: 142.234: Total time for which application threads were stopped: 0.0000551 seconds, Stopping threads took: 0.0000150 seconds
{Heap before GC invocations=9 (full 1):
 par new generation   total 109248K, used 109248K [0x00000000e0000000, 0x00000000e8000000, 0x00000000e8000000)
  eden space 87424K, 100% used [0x00000000e0000000, 0x00000000e5560000, 0x00000000e5560000)
  from space 21824K, 100% used [0x00000000e6ab0000, 0x00000000e8000000, 0x00000000e8000000)
  to   space 21824K,   0% used [0x00000000e5560000, 0x00000000e5560000, 0x00000000e6ab0000)
 concurrent mark-sweep generation total 393216K, used 33915K [0x00000000e8000000, 0x0000000100000000, 0x0000000100000000)
 Metaspace       used 31493K, capacity 31890K, committed 32328K, reserved 1077248K
  class space    used 3658K, capacity 3785K, committed 3912K, reserved 1048576K
2017-07-03T15:44:21.887+0800: 142.234: [GC (Allocation Failure) 2017-07-03T15:44:21.887+0800: 142.234: [ParNew
Desired survivor size 20112992 bytes, new threshold 8 (max 8)
- age   1:    3291456 bytes,    3291456 total
- age   2:    3816784 bytes,    7108240 total
- age   3:    7211864 bytes,   14320104 total
: 109248K->21666K(109248K), 0.0214161 secs] 143163K->63620K(502464K), 0.0215044 secs] [Times: user=0.06 sys=0.00, real=0.01 secs] 
Heap after GC invocations=10 (full 1):
 par new generation   total 109248K, used 21666K [0x00000000e0000000, 0x00000000e8000000, 0x00000000e8000000)
  eden space 87424K,   0% used [0x00000000e0000000, 0x00000000e0000000, 0x00000000e5560000)
  from space 21824K,  99% used [0x00000000e5560000, 0x00000000e6a889a0, 0x00000000e6ab0000)
  to   space 21824K,   0% used [0x00000000e6ab0000, 0x00000000e6ab0000, 0x00000000e8000000)
 concurrent mark-sweep generation total 393216K, used 41954K [0x00000000e8000000, 0x0000000100000000, 0x0000000100000000)
 Metaspace       used 31493K, capacity 31890K, committed 32328K, reserved 1077248K
  class space    used 3658K, capacity 3785K, committed 3912K, reserved 1048576K
}
2017-07-03T15:44:21.902+0800: 142.256: Total time for which application threads were stopped: 0.0216579 seconds, Stopping threads took: 0.0000434 seconds
2017-07-03T15:44:22.489+0800: 142.843: Total time for which application threads were stopped: 0.0000970 seconds, Stopping threads took: 0.0000405 seconds
2017-07-03T15:44:22.489+0800: 142.843: Total time for which application threads were stopped: 0.0000368 seconds, Stopping threads took: 0.0000106 seconds
2017-07-03T15:44:22.489+0800: 142.843: Total time for which application threads were stopped: 0.0000489 seconds, Stopping threads took: 0.0000113 seconds
2017-07-03T15:44:22.489+0800: 142.844: Total time for which application threads were stopped: 0.0000627 seconds, Stopping threads took: 0.0000390 seconds
2017-07-03T15:44:22.567+0800: 142.913: Total time for which application threads were stopped: 0.0001462 seconds, Stopping threads took: 0.0000182 seconds
2017-07-03T15:44:22.583+0800: 142.930: Total time for which application threads were stopped: 0.0000748 seconds, Stopping threads took: 0.0000230 seconds
2017-07-03T15:44:22.817+0800: 143.167: Total time for which application threads were stopped: 0.0001998 seconds, Stopping threads took: 0.0000430 seconds
2017-07-03T15:44:22.817+0800: 143.167: Total time for which application threads were stopped: 0.0003191 seconds, Stopping threads took: 0.0000365 seconds
2017-07-03T15:44:22.817+0800: 143.167: Total time for which application threads were stopped: 0.0002141 seconds, Stopping threads took: 0.0001112 seconds
2017-07-03T15:44:22.817+0800: 143.168: Total time for which application threads were stopped: 0.0002954 seconds, Stopping threads took: 0.0001969 seconds
2017-07-03T15:44:22.817+0800: 143.168: Total time for which application threads were stopped: 0.0002210 seconds, Stopping threads took: 0.0001090 seconds
2017-07-03T15:44:22.817+0800: 143.169: Total time for which application threads were stopped: 0.0002972 seconds, Stopping threads took: 0.0001867 seconds
2017-07-03T15:44:22.879+0800: 143.227: Total time for which application threads were stopped: 0.0000912 seconds, Stopping threads took: 0.0000244 seconds
2017-07-03T15:44:23.138+0800: 143.485: Total time for which application threads were stopped: 0.0001065 seconds, Stopping threads took: 0.0000310 seconds
2017-07-03T15:44:23.138+0800: 143.485: Total time for which application threads were stopped: 0.0001754 seconds, Stopping threads took: 0.0001094 seconds
2017-07-03T15:44:23.138+0800: 143.485: Total time for which application threads were stopped: 0.0001192 seconds, Stopping threads took: 0.0000558 seconds
2017-07-03T15:44:23.138+0800: 143.486: Total time for which application threads were stopped: 0.0002217 seconds, Stopping threads took: 0.0000222 seconds
2017-07-03T15:44:23.178+0800: 143.523: Total time for which application threads were stopped: 0.0001375 seconds, Stopping threads took: 0.0000926 seconds
2017-07-03T15:44:23.595+0800: 143.940: Total time for which application threads were stopped: 0.0000777 seconds, Stopping threads took: 0.0000215 seconds
2017-07-03T15:44:23.595+0800: 143.940: Total time for which application threads were stopped: 0.0000565 seconds, Stopping threads took: 0.0000157 seconds
2017-07-03T15:44:23.595+0800: 143.941: Total time for which application threads were stopped: 0.0000547 seconds, Stopping threads took: 0.0000248 seconds
2017-07-03T15:44:23.626+0800: 143.973: Total time for which application threads were stopped: 0.0001368 seconds, Stopping threads took: 0.0000737 seconds
2017-07-03T15:44:23.829+0800: 144.181: Total time for which application threads were stopped: 0.0001462 seconds, Stopping threads took: 0.0000883 seconds
2017-07-03T15:44:23.829+0800: 144.181: Total time for which application threads were stopped: 0.0001036 seconds, Stopping threads took: 0.0000605 seconds
2017-07-03T15:44:23.829+0800: 144.181: Total time for which application threads were stopped: 0.0001809 seconds, Stopping threads took: 0.0001371 seconds
2017-07-03T15:44:23.879+0800: 144.223: Total time for which application threads were stopped: 0.0000631 seconds, Stopping threads took: 0.0000135 seconds
2017-07-03T15:44:24.140+0800: 144.497: Total time for which application threads were stopped: 0.0001357 seconds, Stopping threads took: 0.0000828 seconds
2017-07-03T15:44:24.140+0800: 144.497: Total time for which application threads were stopped: 0.0001320 seconds, Stopping threads took: 0.0000908 seconds
2017-07-03T15:44:24.140+0800: 144.497: Total time for which application threads were stopped: 0.0001047 seconds, Stopping threads took: 0.0000660 seconds
2017-07-03T15:44:24.187+0800: 144.534: Total time for which application threads were stopped: 0.0000718 seconds, Stopping threads took: 0.0000153 seconds
2017-07-03T15:44:24.452+0800: 144.801: Total time for which application threads were stopped: 0.0002290 seconds, Stopping threads took: 0.0001729 seconds
2017-07-03T15:44:24.452+0800: 144.801: Total time for which application threads were stopped: 0.0000722 seconds, Stopping threads took: 0.0000310 seconds
2017-07-03T15:44:24.452+0800: 144.801: Total time for which application threads were stopped: 0.0001448 seconds, Stopping threads took: 0.0001017 seconds
2017-07-03T15:44:24.484+0800: 144.831: Total time for which application threads were stopped: 0.0000813 seconds, Stopping threads took: 0.0000350 seconds
2017-07-03T15:44:24.812+0800: 145.168: Total time for which application threads were stopped: 0.0001575 seconds, Stopping threads took: 0.0000401 seconds
2017-07-03T15:44:24.812+0800: 145.168: Total time for which application threads were stopped: 0.0002144 seconds, Stopping threads took: 0.0001120 seconds
2017-07-03T15:44:24.812+0800: 145.169: Total time for which application threads were stopped: 0.0002327 seconds, Stopping threads took: 0.0001112 seconds
2017-07-03T15:44:24.859+0800: 145.207: Total time for which application threads were stopped: 0.0000711 seconds, Stopping threads took: 0.0000182 seconds
2017-07-03T15:44:24.859+0800: 145.208: Total time for which application threads were stopped: 0.0001196 seconds, Stopping threads took: 0.0000317 seconds
2017-07-03T15:44:24.921+0800: 145.275: Total time for which application threads were stopped: 0.0001160 seconds, Stopping threads took: 0.0000259 seconds
2017-07-03T15:44:25.179+0800: 145.533: Total time for which application threads were stopped: 0.0003486 seconds, Stopping threads took: 0.0001652 seconds
2017-07-03T15:44:25.179+0800: 145.533: Total time for which application threads were stopped: 0.0002560 seconds, Stopping threads took: 0.0001477 seconds
2017-07-03T15:44:25.179+0800: 145.533: Total time for which application threads were stopped: 0.0001196 seconds, Stopping threads took: 0.0000445 seconds
2017-07-03T15:44:25.227+0800: 145.573: Total time for which application threads were stopped: 0.0000707 seconds, Stopping threads took: 0.0000284 seconds
2017-07-03T15:44:25.648+0800: 146.002: Total time for which application threads were stopped: 0.0001506 seconds, Stopping threads took: 0.0000926 seconds
2017-07-03T15:44:25.648+0800: 146.002: Total time for which application threads were stopped: 0.0001083 seconds, Stopping threads took: 0.0000802 seconds
2017-07-03T15:44:25.648+0800: 146.003: Total time for which application threads were stopped: 0.0000514 seconds, Stopping threads took: 0.0000270 seconds
2017-07-03T15:44:25.695+0800: 146.043: Total time for which application threads were stopped: 0.0001375 seconds, Stopping threads took: 0.0000281 seconds
2017-07-03T15:44:25.914+0800: 146.268: Total time for which application threads were stopped: 0.0003596 seconds, Stopping threads took: 0.0000514 seconds
2017-07-03T15:44:25.914+0800: 146.268: Total time for which application threads were stopped: 0.0001320 seconds, Stopping threads took: 0.0000328 seconds
2017-07-03T15:44:25.914+0800: 146.269: Total time for which application threads were stopped: 0.0003067 seconds, Stopping threads took: 0.0000321 seconds
2017-07-03T15:44:25.970+0800: 146.315: Total time for which application threads were stopped: 0.0000573 seconds, Stopping threads took: 0.0000153 seconds
2017-07-03T15:44:26.291+0800: 146.644: Total time for which application threads were stopped: 0.0002877 seconds, Stopping threads took: 0.0001411 seconds
2017-07-03T15:44:26.337+0800: 146.684: Total time for which application threads were stopped: 0.0000583 seconds, Stopping threads took: 0.0000153 seconds
2017-07-03T15:44:26.650+0800: 147.009: Total time for which application threads were stopped: 0.0002954 seconds, Stopping threads took: 0.0001663 seconds
2017-07-03T15:44:26.697+0800: 147.044: Total time for which application threads were stopped: 0.0000675 seconds, Stopping threads took: 0.0000201 seconds
2017-07-03T15:44:26.915+0800: 147.263: Total time for which application threads were stopped: 0.0002757 seconds, Stopping threads took: 0.0001477 seconds
2017-07-03T15:44:26.915+0800: 147.263: Total time for which application threads were stopped: 0.0001316 seconds, Stopping threads took: 0.0000343 seconds
2017-07-03T15:44:26.978+0800: 147.325: Total time for which application threads were stopped: 0.0000766 seconds, Stopping threads took: 0.0000197 seconds
2017-07-03T15:44:27.212+0800: 147.558: Total time for which application threads were stopped: 0.0001346 seconds, Stopping threads took: 0.0000354 seconds
2017-07-03T15:44:27.212+0800: 147.558: Total time for which application threads were stopped: 0.0001061 seconds, Stopping threads took: 0.0000292 seconds
2017-07-03T15:44:27.259+0800: 147.609: Total time for which application threads were stopped: 0.0001295 seconds, Stopping threads took: 0.0000288 seconds
2017-07-03T15:44:27.556+0800: 147.902: Total time for which application threads were stopped: 0.0002779 seconds, Stopping threads took: 0.0000547 seconds
2017-07-03T15:44:27.556+0800: 147.902: Total time for which application threads were stopped: 0.0002983 seconds, Stopping threads took: 0.0001765 seconds
2017-07-03T15:44:27.588+0800: 147.934: Total time for which application threads were stopped: 0.0000821 seconds, Stopping threads took: 0.0000201 seconds
2017-07-03T15:44:27.869+0800: 148.214: Total time for which application threads were stopped: 0.0001816 seconds, Stopping threads took: 0.0000379 seconds
2017-07-03T15:44:27.869+0800: 148.215: Total time for which application threads were stopped: 0.0001258 seconds, Stopping threads took: 0.0000394 seconds
2017-07-03T15:44:27.884+0800: 148.231: Total time for which application threads were stopped: 0.0000675 seconds, Stopping threads took: 0.0000135 seconds
2017-07-03T15:44:27.900+0800: 148.247: Total time for which application threads were stopped: 0.0000569 seconds, Stopping threads took: 0.0000150 seconds
2017-07-03T15:44:27.900+0800: 148.249: Total time for which application threads were stopped: 0.0002578 seconds, Stopping threads took: 0.0001364 seconds
2017-07-03T15:44:27.978+0800: 148.329: Total time for which application threads were stopped: 0.0004383 seconds, Stopping threads took: 0.0000507 seconds
2017-07-03T15:44:28.181+0800: 148.538: Total time for which application threads were stopped: 0.0000883 seconds, Stopping threads took: 0.0000186 seconds
2017-07-03T15:44:28.181+0800: 148.538: Total time for which application threads were stopped: 0.0000711 seconds, Stopping threads took: 0.0000131 seconds
2017-07-03T15:44:28.759+0800: 149.104: Total time for which application threads were stopped: 0.0000751 seconds, Stopping threads took: 0.0000193 seconds
2017-07-03T15:44:28.759+0800: 149.105: Total time for which application threads were stopped: 0.0000773 seconds, Stopping threads took: 0.0000160 seconds
2017-07-03T15:44:29.103+0800: 149.457: Total time for which application threads were stopped: 0.0002060 seconds, Stopping threads took: 0.0000540 seconds
2017-07-03T15:44:29.103+0800: 149.458: Total time for which application threads were stopped: 0.0002141 seconds, Stopping threads took: 0.0001028 seconds
2017-07-03T15:44:29.400+0800: 149.757: Total time for which application threads were stopped: 0.0001583 seconds, Stopping threads took: 0.0000500 seconds
2017-07-03T15:44:29.400+0800: 149.757: Total time for which application threads were stopped: 0.0001845 seconds, Stopping threads took: 0.0001061 seconds
2017-07-03T15:44:29.681+0800: 150.026: Total time for which application threads were stopped: 0.0001273 seconds, Stopping threads took: 0.0000142 seconds
2017-07-03T15:44:29.681+0800: 150.027: Total time for which application threads were stopped: 0.0000394 seconds, Stopping threads took: 0.0000102 seconds
2017-07-03T15:44:29.931+0800: 150.284: Total time for which application threads were stopped: 0.0002163 seconds, Stopping threads took: 0.0001521 seconds
2017-07-03T15:44:30.175+0800: 150.522: Total time for which application threads were stopped: 0.0000569 seconds, Stopping threads took: 0.0000142 seconds
2017-07-03T15:44:30.429+0800: 150.785: Total time for which application threads were stopped: 0.0000945 seconds, Stopping threads took: 0.0000339 seconds
2017-07-03T15:44:30.726+0800: 151.075: Total time for which application threads were stopped: 0.0000810 seconds, Stopping threads took: 0.0000212 seconds
2017-07-03T15:44:30.757+0800: 151.106: Total time for which application threads were stopped: 0.0001291 seconds, Stopping threads took: 0.0000222 seconds
2017-07-03T15:44:31.047+0800: 151.392: Total time for which application threads were stopped: 0.0000824 seconds, Stopping threads took: 0.0000248 seconds
2017-07-03T15:44:31.703+0800: 152.056: Total time for which application threads were stopped: 0.0000795 seconds, Stopping threads took: 0.0000186 seconds
2017-07-03T15:44:31.938+0800: 152.293: Total time for which application threads were stopped: 0.0001495 seconds, Stopping threads took: 0.0000434 seconds
2017-07-03T15:44:31.985+0800: 152.334: Total time for which application threads were stopped: 0.0001389 seconds, Stopping threads took: 0.0000365 seconds
{Heap before GC invocations=10 (full 1):
 par new generation   total 109248K, used 109090K [0x00000000e0000000, 0x00000000e8000000, 0x00000000e8000000)
  eden space 87424K, 100% used [0x00000000e0000000, 0x00000000e5560000, 0x00000000e5560000)
  from space 21824K,  99% used [0x00000000e5560000, 0x00000000e6a889a0, 0x00000000e6ab0000)
  to   space 21824K,   0% used [0x00000000e6ab0000, 0x00000000e6ab0000, 0x00000000e8000000)
 concurrent mark-sweep generation total 393216K, used 41954K [0x00000000e8000000, 0x0000000100000000, 0x0000000100000000)
 Metaspace       used 31805K, capacity 32216K, committed 32584K, reserved 1077248K
  class space    used 3659K, capacity 3786K, committed 3912K, reserved 1048576K
2017-07-03T15:44:32.000+0800: 152.352: [GC (Allocation Failure) 2017-07-03T15:44:32.000+0800: 152.352: [ParNew
Desired survivor size 20112992 bytes, new threshold 8 (max 8)
- age   1:    1465048 bytes,    1465048 total
- age   2:     500640 bytes,    1965688 total
- age   3:    3811168 bytes,    5776856 total
- age   4:    7211864 bytes,   12988720 total
: 109090K->17825K(109248K), 0.0210660 secs] 151044K->59779K(502464K), 0.0212447 secs] [Times: user=0.06 sys=0.00, real=0.02 secs] 
Heap after GC invocations=11 (full 1):
 par new generation   total 109248K, used 17825K [0x00000000e0000000, 0x00000000e8000000, 0x00000000e8000000)
  eden space 87424K,   0% used [0x00000000e0000000, 0x00000000e0000000, 0x00000000e5560000)
  from space 21824K,  81% used [0x00000000e6ab0000, 0x00000000e7c185c0, 0x00000000e8000000)
  to   space 21824K,   0% used [0x00000000e5560000, 0x00000000e5560000, 0x00000000e6ab0000)
 concurrent mark-sweep generation total 393216K, used 41954K [0x00000000e8000000, 0x0000000100000000, 0x0000000100000000)
 Metaspace       used 31805K, capacity 32216K, committed 32584K, reserved 1077248K
  class space    used 3659K, capacity 3786K, committed 3912K, reserved 1048576K
}
2017-07-03T15:44:32.016+0800: 152.373: Total time for which application threads were stopped: 0.0216608 seconds, Stopping threads took: 0.0000397 seconds
2017-07-03T15:44:32.229+0800: 152.586: Total time for which application threads were stopped: 0.0001262 seconds, Stopping threads took: 0.0000489 seconds
2017-07-03T15:44:33.231+0800: 153.575: Total time for which application threads were stopped: 0.0002079 seconds, Stopping threads took: 0.0000671 seconds
2017-07-03T15:44:36.584+0800: 156.931: Total time for which application threads were stopped: 0.0000879 seconds, Stopping threads took: 0.0000325 seconds
2017-07-03T15:44:37.591+0800: 157.935: Total time for which application threads were stopped: 0.0001324 seconds, Stopping threads took: 0.0000500 seconds
2017-07-03T15:44:39.609+0800: 159.953: Total time for which application threads were stopped: 0.0001980 seconds, Stopping threads took: 0.0000543 seconds
2017-07-03T15:44:54.329+0800: 174.674: Total time for which application threads were stopped: 0.0001838 seconds, Stopping threads took: 0.0000252 seconds
2017-07-03T15:44:54.353+0800: 174.697: Total time for which application threads were stopped: 0.0000627 seconds, Stopping threads took: 0.0000153 seconds
2017-07-03T15:44:54.540+0800: 174.889: Total time for which application threads were stopped: 0.0000799 seconds, Stopping threads took: 0.0000295 seconds
2017-07-03T15:44:54.556+0800: 174.902: Total time for which application threads were stopped: 0.0001703 seconds, Stopping threads took: 0.0001014 seconds
2017-07-03T15:44:54.748+0800: 175.092: Total time for which application threads were stopped: 0.0001196 seconds, Stopping threads took: 0.0000241 seconds
2017-07-03T15:44:54.981+0800: 175.341: Total time for which application threads were stopped: 0.0002593 seconds, Stopping threads took: 0.0001320 seconds
2017-07-03T15:44:55.271+0800: 175.630: Total time for which application threads were stopped: 0.0000791 seconds, Stopping threads took: 0.0000226 seconds
2017-07-03T15:44:55.599+0800: 175.945: Total time for which application threads were stopped: 0.0001754 seconds, Stopping threads took: 0.0000419 seconds
2017-07-03T15:44:55.708+0800: 176.059: Total time for which application threads were stopped: 0.0001258 seconds, Stopping threads took: 0.0000244 seconds
2017-07-03T15:44:55.708+0800: 176.059: Total time for which application threads were stopped: 0.0000707 seconds, Stopping threads took: 0.0000175 seconds
2017-07-03T15:44:55.740+0800: 176.093: Total time for which application threads were stopped: 0.0001867 seconds, Stopping threads took: 0.0000467 seconds
2017-07-03T15:44:56.061+0800: 176.411: Total time for which application threads were stopped: 0.0001831 seconds, Stopping threads took: 0.0000521 seconds
2017-07-03T15:44:56.664+0800: 177.013: Total time for which application threads were stopped: 0.0001014 seconds, Stopping threads took: 0.0000263 seconds
2017-07-03T15:44:56.899+0800: 177.258: Total time for which application threads were stopped: 0.0000697 seconds, Stopping threads took: 0.0000179 seconds
2017-07-03T15:44:57.282+0800: 177.631: Total time for which application threads were stopped: 0.0001998 seconds, Stopping threads took: 0.0001098 seconds
2017-07-03T15:44:57.563+0800: 177.917: Total time for which application threads were stopped: 0.0003278 seconds, Stopping threads took: 0.0001670 seconds
2017-07-03T15:44:57.860+0800: 178.210: Total time for which application threads were stopped: 0.0002101 seconds, Stopping threads took: 0.0000686 seconds
2017-07-03T15:44:58.181+0800: 178.533: Total time for which application threads were stopped: 0.0002936 seconds, Stopping threads took: 0.0001389 seconds
2017-07-03T15:44:58.525+0800: 178.875: Total time for which application threads were stopped: 0.0003114 seconds, Stopping threads took: 0.0001583 seconds
2017-07-03T15:44:58.838+0800: 179.188: Total time for which application threads were stopped: 0.0001276 seconds, Stopping threads took: 0.0000580 seconds
2017-07-03T15:44:58.885+0800: 179.234: Total time for which application threads were stopped: 0.0002035 seconds, Stopping threads took: 0.0000624 seconds
2017-07-03T15:44:59.244+0800: 179.603: Total time for which application threads were stopped: 0.0003103 seconds, Stopping threads took: 0.0001495 seconds
2017-07-03T15:44:59.869+0800: 180.216: Total time for which application threads were stopped: 0.0000824 seconds, Stopping threads took: 0.0000303 seconds
2017-07-03T15:44:59.885+0800: 180.231: Total time for which application threads were stopped: 0.0000638 seconds, Stopping threads took: 0.0000157 seconds
2017-07-03T15:45:00.135+0800: 180.492: Total time for which application threads were stopped: 0.0001663 seconds, Stopping threads took: 0.0000376 seconds
2017-07-03T15:45:00.494+0800: 180.844: Total time for which application threads were stopped: 0.0001885 seconds, Stopping threads took: 0.0000536 seconds
2017-07-03T15:45:00.559+0800: 180.904: Total time for which application threads were stopped: 0.0000620 seconds, Stopping threads took: 0.0000186 seconds
2017-07-03T15:45:00.786+0800: 181.133: Total time for which application threads were stopped: 0.0001663 seconds, Stopping threads took: 0.0001156 seconds
2017-07-03T15:45:00.849+0800: 181.194: Total time for which application threads were stopped: 0.0000602 seconds, Stopping threads took: 0.0000197 seconds
2017-07-03T15:45:01.039+0800: 181.384: Total time for which application threads were stopped: 0.0001944 seconds, Stopping threads took: 0.0000810 seconds
2017-07-03T15:45:01.357+0800: 181.703: Total time for which application threads were stopped: 0.0001098 seconds, Stopping threads took: 0.0000252 seconds
2017-07-03T15:45:01.357+0800: 181.705: Total time for which application threads were stopped: 0.0000573 seconds, Stopping threads took: 0.0000135 seconds
2017-07-03T15:45:01.357+0800: 181.705: Total time for which application threads were stopped: 0.0000445 seconds, Stopping threads took: 0.0000106 seconds
2017-07-03T15:45:01.669+0800: 182.015: Total time for which application threads were stopped: 0.0001098 seconds, Stopping threads took: 0.0000160 seconds
2017-07-03T15:45:01.982+0800: 182.328: Total time for which application threads were stopped: 0.0000977 seconds, Stopping threads took: 0.0000241 seconds
2017-07-03T15:45:01.997+0800: 182.348: Total time for which application threads were stopped: 0.0002024 seconds, Stopping threads took: 0.0001262 seconds
{Heap before GC invocations=11 (full 1):
 par new generation   total 109248K, used 105249K [0x00000000e0000000, 0x00000000e8000000, 0x00000000e8000000)
  eden space 87424K, 100% used [0x00000000e0000000, 0x00000000e5560000, 0x00000000e5560000)
  from space 21824K,  81% used [0x00000000e6ab0000, 0x00000000e7c185c0, 0x00000000e8000000)
  to   space 21824K,   0% used [0x00000000e5560000, 0x00000000e5560000, 0x00000000e6ab0000)
 concurrent mark-sweep generation total 393216K, used 41954K [0x00000000e8000000, 0x0000000100000000, 0x0000000100000000)
 Metaspace       used 32133K, capacity 32608K, committed 33096K, reserved 1079296K
  class space    used 3666K, capacity 3786K, committed 3912K, reserved 1048576K
2017-07-03T15:45:02.053+0800: 182.401: [GC (Allocation Failure) 2017-07-03T15:45:02.053+0800: 182.401: [ParNew
Desired survivor size 20112992 bytes, new threshold 8 (max 8)
- age   1:    2356080 bytes,    2356080 total
- age   2:      48192 bytes,    2404272 total
- age   3:     478752 bytes,    2883024 total
- age   4:    3810880 bytes,    6693904 total
- age   5:    7211864 bytes,   13905768 total
: 105249K->17461K(109248K), 0.0146638 secs] 147203K->59416K(502464K), 0.0147277 secs] [Times: user=0.01 sys=0.00, real=0.02 secs] 
Heap after GC invocations=12 (full 1):
 par new generation   total 109248K, used 17461K [0x00000000e0000000, 0x00000000e8000000, 0x00000000e8000000)
  eden space 87424K,   0% used [0x00000000e0000000, 0x00000000e0000000, 0x00000000e5560000)
  from space 21824K,  80% used [0x00000000e5560000, 0x00000000e666d7d0, 0x00000000e6ab0000)
  to   space 21824K,   0% used [0x00000000e6ab0000, 0x00000000e6ab0000, 0x00000000e8000000)
 concurrent mark-sweep generation total 393216K, used 41954K [0x00000000e8000000, 0x0000000100000000, 0x0000000100000000)
 Metaspace       used 32133K, capacity 32608K, committed 33096K, reserved 1079296K
  class space    used 3666K, capacity 3786K, committed 3912K, reserved 1048576K
}
2017-07-03T15:45:02.068+0800: 182.415: Total time for which application threads were stopped: 0.0149085 seconds, Stopping threads took: 0.0000201 seconds
2017-07-03T15:45:02.271+0800: 182.617: Total time for which application threads were stopped: 0.0001021 seconds, Stopping threads took: 0.0000204 seconds
2017-07-03T15:45:02.850+0800: 183.196: Total time for which application threads were stopped: 0.0000766 seconds, Stopping threads took: 0.0000215 seconds
2017-07-03T15:45:03.202+0800: 183.549: Total time for which application threads were stopped: 0.0001346 seconds, Stopping threads took: 0.0000343 seconds
2017-07-03T15:45:03.484+0800: 183.830: Total time for which application threads were stopped: 0.0002214 seconds, Stopping threads took: 0.0001254 seconds
2017-07-03T15:45:03.718+0800: 184.064: Total time for which application threads were stopped: 0.0000664 seconds, Stopping threads took: 0.0000164 seconds
2017-07-03T15:45:03.952+0800: 184.298: Total time for which application threads were stopped: 0.0000707 seconds, Stopping threads took: 0.0000186 seconds
2017-07-03T15:45:04.196+0800: 184.542: Total time for which application threads were stopped: 0.0000631 seconds, Stopping threads took: 0.0000160 seconds
2017-07-03T15:45:04.399+0800: 184.757: Total time for which application threads were stopped: 0.0002057 seconds, Stopping threads took: 0.0001397 seconds
2017-07-03T15:45:04.431+0800: 184.776: Total time for which application threads were stopped: 0.0000759 seconds, Stopping threads took: 0.0000274 seconds
2017-07-03T15:45:04.774+0800: 185.126: Total time for which application threads were stopped: 0.0003647 seconds, Stopping threads took: 0.0001823 seconds
2017-07-03T15:45:04.805+0800: 185.151: Total time for which application threads were stopped: 0.0000762 seconds, Stopping threads took: 0.0000186 seconds
2017-07-03T15:45:04.821+0800: 185.169: Total time for which application threads were stopped: 0.0002097 seconds, Stopping threads took: 0.0000419 seconds
2017-07-03T15:45:05.126+0800: 185.479: Total time for which application threads were stopped: 0.0002115 seconds, Stopping threads took: 0.0000573 seconds
2017-07-03T15:45:05.158+0800: 185.504: Total time for which application threads were stopped: 0.0000591 seconds, Stopping threads took: 0.0000160 seconds
2017-07-03T15:45:05.752+0800: 186.107: Total time for which application threads were stopped: 0.0000839 seconds, Stopping threads took: 0.0000208 seconds
2017-07-03T15:45:05.783+0800: 186.128: Total time for which application threads were stopped: 0.0000645 seconds, Stopping threads took: 0.0000164 seconds
2017-07-03T15:45:06.002+0800: 186.357: Total time for which application threads were stopped: 0.0000766 seconds, Stopping threads took: 0.0000175 seconds
2017-07-03T15:45:06.034+0800: 186.379: Total time for which application threads were stopped: 0.0000810 seconds, Stopping threads took: 0.0000193 seconds
2017-07-03T15:45:06.229+0800: 186.578: Total time for which application threads were stopped: 0.0001612 seconds, Stopping threads took: 0.0001025 seconds
2017-07-03T15:45:06.245+0800: 186.591: Total time for which application threads were stopped: 0.0000777 seconds, Stopping threads took: 0.0000208 seconds
2017-07-03T15:45:06.573+0800: 186.931: Total time for which application threads were stopped: 0.0001389 seconds, Stopping threads took: 0.0000831 seconds
2017-07-03T15:45:06.605+0800: 186.950: Total time for which application threads were stopped: 0.0000773 seconds, Stopping threads took: 0.0000212 seconds
2017-07-03T15:45:06.839+0800: 187.192: Total time for which application threads were stopped: 0.0000817 seconds, Stopping threads took: 0.0000212 seconds
2017-07-03T15:45:06.870+0800: 187.216: Total time for which application threads were stopped: 0.0000627 seconds, Stopping threads took: 0.0000160 seconds
2017-07-03T15:45:07.129+0800: 187.479: Total time for which application threads were stopped: 0.0002921 seconds, Stopping threads took: 0.0001276 seconds
2017-07-03T15:45:07.160+0800: 187.505: Total time for which application threads were stopped: 0.0001251 seconds, Stopping threads took: 0.0000164 seconds
2017-07-03T15:45:07.394+0800: 187.740: Total time for which application threads were stopped: 0.0000689 seconds, Stopping threads took: 0.0000164 seconds
2017-07-03T15:45:07.660+0800: 188.017: Total time for which application threads were stopped: 0.0000711 seconds, Stopping threads took: 0.0000153 seconds
2017-07-03T15:45:07.707+0800: 188.055: Total time for which application threads were stopped: 0.0001721 seconds, Stopping threads took: 0.0000222 seconds
2017-07-03T15:45:07.932+0800: 188.288: Total time for which application threads were stopped: 0.0002024 seconds, Stopping threads took: 0.0000463 seconds
2017-07-03T15:45:08.526+0800: 188.880: Total time for which application threads were stopped: 0.0000959 seconds, Stopping threads took: 0.0000390 seconds
2017-07-03T15:45:08.807+0800: 189.164: Total time for which application threads were stopped: 0.0002173 seconds, Stopping threads took: 0.0000335 seconds
2017-07-03T15:45:09.026+0800: 189.385: Total time for which application threads were stopped: 0.0001222 seconds, Stopping threads took: 0.0000583 seconds
2017-07-03T15:45:09.354+0800: 189.700: Total time for which application threads were stopped: 0.0002294 seconds, Stopping threads took: 0.0000948 seconds
2017-07-03T15:45:09.557+0800: 189.901: Total time for which application threads were stopped: 0.0001889 seconds, Stopping threads took: 0.0000934 seconds
2017-07-03T15:45:09.964+0800: 190.308: Total time for which application threads were stopped: 0.0001878 seconds, Stopping threads took: 0.0000481 seconds
2017-07-03T15:45:10.251+0800: 190.596: Total time for which application threads were stopped: 0.0000934 seconds, Stopping threads took: 0.0000303 seconds
2017-07-03T15:45:10.521+0800: 190.877: Total time for which application threads were stopped: 0.0002046 seconds, Stopping threads took: 0.0000226 seconds
2017-07-03T15:45:10.568+0800: 190.917: Total time for which application threads were stopped: 0.0001269 seconds, Stopping threads took: 0.0000182 seconds
2017-07-03T15:45:11.577+0800: 191.921: Total time for which application threads were stopped: 0.0002341 seconds, Stopping threads took: 0.0000598 seconds
{Heap before GC invocations=12 (full 1):
 par new generation   total 109248K, used 104885K [0x00000000e0000000, 0x00000000e8000000, 0x00000000e8000000)
  eden space 87424K, 100% used [0x00000000e0000000, 0x00000000e5560000, 0x00000000e5560000)
  from space 21824K,  80% used [0x00000000e5560000, 0x00000000e666d7d0, 0x00000000e6ab0000)
  to   space 21824K,   0% used [0x00000000e6ab0000, 0x00000000e6ab0000, 0x00000000e8000000)
 concurrent mark-sweep generation total 393216K, used 41954K [0x00000000e8000000, 0x0000000100000000, 0x0000000100000000)
 Metaspace       used 32330K, capacity 32736K, committed 33096K, reserved 1079296K
  class space    used 3667K, capacity 3786K, committed 3912K, reserved 1048576K
2017-07-03T15:45:11.921+0800: 192.267: [GC (Allocation Failure) 2017-07-03T15:45:11.921+0800: 192.267: [ParNew
Desired survivor size 20112992 bytes, new threshold 8 (max 8)
- age   1:    1415544 bytes,    1415544 total
- age   2:      77040 bytes,    1492584 total
- age   3:      29864 bytes,    1522448 total
- age   4:     477512 bytes,    1999960 total
- age   5:    3810512 bytes,    5810472 total
- age   6:    7211864 bytes,   13022336 total
: 104885K->20879K(109248K), 0.0142518 secs] 146840K->62833K(502464K), 0.0143787 secs] [Times: user=0.00 sys=0.00, real=0.02 secs] 
Heap after GC invocations=13 (full 1):
 par new generation   total 109248K, used 20879K [0x00000000e0000000, 0x00000000e8000000, 0x00000000e8000000)
  eden space 87424K,   0% used [0x00000000e0000000, 0x00000000e0000000, 0x00000000e5560000)
  from space 21824K,  95% used [0x00000000e6ab0000, 0x00000000e7f13de0, 0x00000000e8000000)
  to   space 21824K,   0% used [0x00000000e5560000, 0x00000000e5560000, 0x00000000e6ab0000)
 concurrent mark-sweep generation total 393216K, used 41954K [0x00000000e8000000, 0x0000000100000000, 0x0000000100000000)
 Metaspace       used 32330K, capacity 32736K, committed 33096K, reserved 1079296K
  class space    used 3667K, capacity 3786K, committed 3912K, reserved 1048576K
}
2017-07-03T15:45:11.936+0800: 192.281: Total time for which application threads were stopped: 0.0146197 seconds, Stopping threads took: 0.0000233 seconds
2017-07-03T15:45:12.946+0800: 193.291: Total time for which application threads were stopped: 0.0001685 seconds, Stopping threads took: 0.0000609 seconds
2017-07-03T15:45:13.829+0800: 194.177: Total time for which application threads were stopped: 0.0001389 seconds, Stopping threads took: 0.0000222 seconds
2017-07-03T15:45:14.829+0800: 195.174: Total time for which application threads were stopped: 0.0001477 seconds, Stopping threads took: 0.0000401 seconds
2017-07-03T15:45:15.838+0800: 196.182: Total time for which application threads were stopped: 0.0001192 seconds, Stopping threads took: 0.0000427 seconds
2017-07-03T15:45:16.838+0800: 197.183: Total time for which application threads were stopped: 0.0001977 seconds, Stopping threads took: 0.0000638 seconds
2017-07-03T15:45:16.854+0800: 197.202: Total time for which application threads were stopped: 0.0001670 seconds, Stopping threads took: 0.0000241 seconds
2017-07-03T15:45:17.856+0800: 198.201: Total time for which application threads were stopped: 0.0002418 seconds, Stopping threads took: 0.0000624 seconds
2017-07-03T15:45:18.870+0800: 199.214: Total time for which application threads were stopped: 0.0001495 seconds, Stopping threads took: 0.0000357 seconds
2017-07-03T15:45:19.754+0800: 200.100: Total time for which application threads were stopped: 0.0000934 seconds, Stopping threads took: 0.0000182 seconds
2017-07-03T15:45:19.754+0800: 200.100: Total time for which application threads were stopped: 0.0000529 seconds, Stopping threads took: 0.0000109 seconds
2017-07-03T15:45:19.754+0800: 200.101: Total time for which application threads were stopped: 0.0000518 seconds, Stopping threads took: 0.0000106 seconds
2017-07-03T15:45:19.754+0800: 200.101: Total time for which application threads were stopped: 0.0000558 seconds, Stopping threads took: 0.0000135 seconds
2017-07-03T15:45:19.754+0800: 200.101: Total time for which application threads were stopped: 0.0000565 seconds, Stopping threads took: 0.0000142 seconds
2017-07-03T15:45:19.754+0800: 200.101: Total time for which application threads were stopped: 0.0000562 seconds, Stopping threads took: 0.0000139 seconds
2017-07-03T15:45:19.754+0800: 200.102: Total time for which application threads were stopped: 0.0001316 seconds, Stopping threads took: 0.0000810 seconds
2017-07-03T15:45:19.754+0800: 200.102: Total time for which application threads were stopped: 0.0000649 seconds, Stopping threads took: 0.0000153 seconds
2017-07-03T15:45:19.754+0800: 200.102: Total time for which application threads were stopped: 0.0000554 seconds, Stopping threads took: 0.0000135 seconds
2017-07-03T15:45:19.754+0800: 200.102: Total time for which application threads were stopped: 0.0000875 seconds, Stopping threads took: 0.0000536 seconds
2017-07-03T15:45:19.754+0800: 200.102: Total time for which application threads were stopped: 0.0000780 seconds, Stopping threads took: 0.0000452 seconds
2017-07-03T15:45:19.754+0800: 200.102: Total time for which application threads were stopped: 0.0000631 seconds, Stopping threads took: 0.0000168 seconds
2017-07-03T15:45:19.754+0800: 200.102: Total time for which application threads were stopped: 0.0000766 seconds, Stopping threads took: 0.0000314 seconds
2017-07-03T15:45:19.754+0800: 200.103: Total time for which application threads were stopped: 0.0000773 seconds, Stopping threads took: 0.0000317 seconds
2017-07-03T15:45:19.754+0800: 200.103: Total time for which application threads were stopped: 0.0001404 seconds, Stopping threads took: 0.0000952 seconds
2017-07-03T15:45:19.754+0800: 200.103: Total time for which application threads were stopped: 0.0001502 seconds, Stopping threads took: 0.0000274 seconds
2017-07-03T15:45:19.770+0800: 200.118: Total time for which application threads were stopped: 0.0003056 seconds, Stopping threads took: 0.0001371 seconds
2017-07-03T15:45:20.763+0800: 201.111: Total time for which application threads were stopped: 0.0001634 seconds, Stopping threads took: 0.0000525 seconds
2017-07-03T15:45:20.763+0800: 201.111: Total time for which application threads were stopped: 0.0000613 seconds, Stopping threads took: 0.0000091 seconds
2017-07-03T15:45:20.763+0800: 201.111: Total time for which application threads were stopped: 0.0000365 seconds, Stopping threads took: 0.0000077 seconds
2017-07-03T15:45:20.763+0800: 201.111: Total time for which application threads were stopped: 0.0000365 seconds, Stopping threads took: 0.0000073 seconds
2017-07-03T15:45:20.763+0800: 201.111: Total time for which application threads were stopped: 0.0000365 seconds, Stopping threads took: 0.0000073 seconds
2017-07-03T15:45:20.763+0800: 201.112: Total time for which application threads were stopped: 0.0000365 seconds, Stopping threads took: 0.0000077 seconds
2017-07-03T15:45:20.763+0800: 201.112: Total time for which application threads were stopped: 0.0000503 seconds, Stopping threads took: 0.0000215 seconds
2017-07-03T15:45:20.763+0800: 201.112: Total time for which application threads were stopped: 0.0000365 seconds, Stopping threads took: 0.0000077 seconds
2017-07-03T15:45:20.763+0800: 201.112: Total time for which application threads were stopped: 0.0000365 seconds, Stopping threads took: 0.0000077 seconds
2017-07-03T15:45:20.763+0800: 201.112: Total time for which application threads were stopped: 0.0000361 seconds, Stopping threads took: 0.0000073 seconds
2017-07-03T15:45:20.763+0800: 201.112: Total time for which application threads were stopped: 0.0000569 seconds, Stopping threads took: 0.0000212 seconds
2017-07-03T15:45:20.763+0800: 201.112: Total time for which application threads were stopped: 0.0000259 seconds, Stopping threads took: 0.0000055 seconds
2017-07-03T15:45:20.763+0800: 201.113: Total time for which application threads were stopped: 0.0000408 seconds, Stopping threads took: 0.0000204 seconds
2017-07-03T15:45:20.763+0800: 201.113: Total time for which application threads were stopped: 0.0000252 seconds, Stopping threads took: 0.0000051 seconds
2017-07-03T15:45:20.763+0800: 201.113: Total time for which application threads were stopped: 0.0000252 seconds, Stopping threads took: 0.0000055 seconds
2017-07-03T15:45:20.763+0800: 201.113: Total time for which application threads were stopped: 0.0000452 seconds, Stopping threads took: 0.0000215 seconds
2017-07-03T15:45:20.763+0800: 201.113: Total time for which application threads were stopped: 0.0000456 seconds, Stopping threads took: 0.0000219 seconds
2017-07-03T15:45:20.763+0800: 201.113: Total time for which application threads were stopped: 0.0000452 seconds, Stopping threads took: 0.0000215 seconds
2017-07-03T15:45:20.763+0800: 201.113: Total time for which application threads were stopped: 0.0000449 seconds, Stopping threads took: 0.0000212 seconds
2017-07-03T15:45:20.763+0800: 201.114: Total time for which application threads were stopped: 0.0001218 seconds, Stopping threads took: 0.0000073 seconds
{Heap before GC invocations=13 (full 1):
 par new generation   total 109248K, used 108303K [0x00000000e0000000, 0x00000000e8000000, 0x00000000e8000000)
  eden space 87424K, 100% used [0x00000000e0000000, 0x00000000e5560000, 0x00000000e5560000)
  from space 21824K,  95% used [0x00000000e6ab0000, 0x00000000e7f13de0, 0x00000000e8000000)
  to   space 21824K,   0% used [0x00000000e5560000, 0x00000000e5560000, 0x00000000e6ab0000)
 concurrent mark-sweep generation total 393216K, used 41954K [0x00000000e8000000, 0x0000000100000000, 0x0000000100000000)
 Metaspace       used 32537K, capacity 32940K, committed 33352K, reserved 1079296K
  class space    used 3669K, capacity 3790K, committed 3912K, reserved 1048576K
2017-07-03T15:45:21.085+0800: 201.440: [GC (Allocation Failure) 2017-07-03T15:45:21.085+0800: 201.440: [ParNew
Desired survivor size 20112992 bytes, new threshold 8 (max 8)
- age   1:    1960176 bytes,    1960176 total
- age   2:      24720 bytes,    1984896 total
- age   3:      74480 bytes,    2059376 total
- age   4:      29472 bytes,    2088848 total
- age   5:     477512 bytes,    2566360 total
- age   6:    3809800 bytes,    6376160 total
- age   7:    7205256 bytes,   13581416 total
: 108303K->16945K(109248K), 0.0133094 secs] 150257K->58899K(502464K), 0.0134013 secs] [Times: user=0.06 sys=0.00, real=0.02 secs] 
Heap after GC invocations=14 (full 1):
 par new generation   total 109248K, used 16945K [0x00000000e0000000, 0x00000000e8000000, 0x00000000e8000000)
  eden space 87424K,   0% used [0x00000000e0000000, 0x00000000e0000000, 0x00000000e5560000)
  from space 21824K,  77% used [0x00000000e5560000, 0x00000000e65ec6b0, 0x00000000e6ab0000)
  to   space 21824K,   0% used [0x00000000e6ab0000, 0x00000000e6ab0000, 0x00000000e8000000)
 concurrent mark-sweep generation total 393216K, used 41954K [0x00000000e8000000, 0x0000000100000000, 0x0000000100000000)
 Metaspace       used 32537K, capacity 32940K, committed 33352K, reserved 1079296K
  class space    used 3669K, capacity 3790K, committed 3912K, reserved 1048576K
}
2017-07-03T15:45:21.101+0800: 201.453: Total time for which application threads were stopped: 0.0136759 seconds, Stopping threads took: 0.0000346 seconds
2017-07-03T15:45:22.109+0800: 202.453: Total time for which application threads were stopped: 0.0001980 seconds, Stopping threads took: 0.0000419 seconds
2017-07-03T15:45:22.875+0800: 203.224: Total time for which application threads were stopped: 0.0001798 seconds, Stopping threads took: 0.0000193 seconds
2017-07-03T15:45:23.886+0800: 204.230: Total time for which application threads were stopped: 0.0001863 seconds, Stopping threads took: 0.0000576 seconds
2017-07-03T15:45:24.893+0800: 205.237: Total time for which application threads were stopped: 0.0001160 seconds, Stopping threads took: 0.0000452 seconds
2017-07-03T15:45:25.901+0800: 206.246: Total time for which application threads were stopped: 0.0001710 seconds, Stopping threads took: 0.0000452 seconds
2017-07-03T15:45:26.353+0800: 206.701: Total time for which application threads were stopped: 0.0001947 seconds, Stopping threads took: 0.0000387 seconds
2017-07-03T15:45:27.361+0800: 207.705: Total time for which application threads were stopped: 0.0001871 seconds, Stopping threads took: 0.0000780 seconds
2017-07-03T15:45:28.370+0800: 208.715: Total time for which application threads were stopped: 0.0001583 seconds, Stopping threads took: 0.0000419 seconds
2017-07-03T15:45:29.379+0800: 209.723: Total time for which application threads were stopped: 0.0001517 seconds, Stopping threads took: 0.0000350 seconds
2017-07-03T15:45:29.504+0800: 209.852: Total time for which application threads were stopped: 0.0001214 seconds, Stopping threads took: 0.0000219 seconds
{Heap before GC invocations=14 (full 1):
 par new generation   total 109248K, used 104369K [0x00000000e0000000, 0x00000000e8000000, 0x00000000e8000000)
  eden space 87424K, 100% used [0x00000000e0000000, 0x00000000e5560000, 0x00000000e5560000)
  from space 21824K,  77% used [0x00000000e5560000, 0x00000000e65ec6b0, 0x00000000e6ab0000)
  to   space 21824K,   0% used [0x00000000e6ab0000, 0x00000000e6ab0000, 0x00000000e8000000)
 concurrent mark-sweep generation total 393216K, used 41954K [0x00000000e8000000, 0x0000000100000000, 0x0000000100000000)
 Metaspace       used 32634K, capacity 33004K, committed 33352K, reserved 1079296K
  class space    used 3669K, capacity 3790K, committed 3912K, reserved 1048576K
2017-07-03T15:45:29.551+0800: 209.908: [GC (Allocation Failure) 2017-07-03T15:45:29.551+0800: 209.908: [ParNew
Desired survivor size 20112992 bytes, new threshold 8 (max 8)
- age   1:    2838600 bytes,    2838600 total
- age   2:      32680 bytes,    2871280 total
- age   3:      15144 bytes,    2886424 total
- age   4:      72584 bytes,    2959008 total
- age   5:      29440 bytes,    2988448 total
- age   6:     477480 bytes,    3465928 total
- age   7:    3809128 bytes,    7275056 total
- age   8:    7202344 bytes,   14477400 total
: 104369K->17231K(109248K), 0.0153396 secs] 146323K->59185K(502464K), 0.0154209 secs] [Times: user=0.08 sys=0.00, real=0.02 secs] 
Heap after GC invocations=15 (full 1):
 par new generation   total 109248K, used 17231K [0x00000000e0000000, 0x00000000e8000000, 0x00000000e8000000)
  eden space 87424K,   0% used [0x00000000e0000000, 0x00000000e0000000, 0x00000000e5560000)
  from space 21824K,  78% used [0x00000000e6ab0000, 0x00000000e7b83f40, 0x00000000e8000000)
  to   space 21824K,   0% used [0x00000000e5560000, 0x00000000e5560000, 0x00000000e6ab0000)
 concurrent mark-sweep generation total 393216K, used 41954K [0x00000000e8000000, 0x0000000100000000, 0x0000000100000000)
 Metaspace       used 32634K, capacity 33004K, committed 33352K, reserved 1079296K
  class space    used 3669K, capacity 3790K, committed 3912K, reserved 1048576K
}
2017-07-03T15:45:29.567+0800: 209.924: Total time for which application threads were stopped: 0.0157210 seconds, Stopping threads took: 0.0000383 seconds
2017-07-03T15:45:29.567+0800: 209.924: Total time for which application threads were stopped: 0.0004329 seconds, Stopping threads took: 0.0001455 seconds
2017-07-03T15:45:30.575+0800: 210.919: Total time for which application threads were stopped: 0.0001459 seconds, Stopping threads took: 0.0000401 seconds
2017-07-03T15:45:31.581+0800: 211.926: Total time for which application threads were stopped: 0.0002866 seconds, Stopping threads took: 0.0000693 seconds
2017-07-03T15:45:32.591+0800: 212.935: Total time for which application threads were stopped: 0.0001652 seconds, Stopping threads took: 0.0000317 seconds
2017-07-03T15:45:32.857+0800: 213.204: Total time for which application threads were stopped: 0.0002217 seconds, Stopping threads took: 0.0000387 seconds
2017-07-03T15:45:33.865+0800: 214.209: Total time for which application threads were stopped: 0.0001619 seconds, Stopping threads took: 0.0000496 seconds
2017-07-03T15:45:34.875+0800: 215.219: Total time for which application threads were stopped: 0.0002436 seconds, Stopping threads took: 0.0000605 seconds
2017-07-03T15:45:35.681+0800: 216.029: Total time for which application threads were stopped: 0.0002772 seconds, Stopping threads took: 0.0000733 seconds
2017-07-03T15:45:36.690+0800: 217.034: Total time for which application threads were stopped: 0.0002527 seconds, Stopping threads took: 0.0000857 seconds
2017-07-03T15:45:38.694+0800: 219.041: Total time for which application threads were stopped: 0.0002345 seconds, Stopping threads took: 0.0000332 seconds
2017-07-03T15:45:38.694+0800: 219.042: Total time for which application threads were stopped: 0.0004358 seconds, Stopping threads took: 0.0000985 seconds
{Heap before GC invocations=15 (full 1):
 par new generation   total 109248K, used 104655K [0x00000000e0000000, 0x00000000e8000000, 0x00000000e8000000)
  eden space 87424K, 100% used [0x00000000e0000000, 0x00000000e5560000, 0x00000000e5560000)
  from space 21824K,  78% used [0x00000000e6ab0000, 0x00000000e7b83f40, 0x00000000e8000000)
  to   space 21824K,   0% used [0x00000000e5560000, 0x00000000e5560000, 0x00000000e6ab0000)
 concurrent mark-sweep generation total 393216K, used 41954K [0x00000000e8000000, 0x0000000100000000, 0x0000000100000000)
 Metaspace       used 32733K, capacity 33068K, committed 33608K, reserved 1079296K
  class space    used 3671K, capacity 3790K, committed 3912K, reserved 1048576K
2017-07-03T15:45:38.756+0800: 219.113: [GC (Allocation Failure) 2017-07-03T15:45:38.756+0800: 219.113: [ParNew
Desired survivor size 20112992 bytes, new threshold 8 (max 8)
- age   1:    3024848 bytes,    3024848 total
- age   2:      16144 bytes,    3040992 total
- age   3:      22648 bytes,    3063640 total
- age   4:      15144 bytes,    3078784 total
- age   5:      72432 bytes,    3151216 total
- age   6:      29408 bytes,    3180624 total
- age   7:     477296 bytes,    3657920 total
- age   8:    3808440 bytes,    7466360 total
: 104655K->16844K(109248K), 0.0215470 secs] 146609K->65832K(502464K), 0.0216229 secs] [Times: user=0.09 sys=0.01, real=0.03 secs] 
Heap after GC invocations=16 (full 1):
 par new generation   total 109248K, used 16844K [0x00000000e0000000, 0x00000000e8000000, 0x00000000e8000000)
  eden space 87424K,   0% used [0x00000000e0000000, 0x00000000e0000000, 0x00000000e5560000)
  from space 21824K,  77% used [0x00000000e5560000, 0x00000000e65d31d0, 0x00000000e6ab0000)
  to   space 21824K,   0% used [0x00000000e6ab0000, 0x00000000e6ab0000, 0x00000000e8000000)
 concurrent mark-sweep generation total 393216K, used 48987K [0x00000000e8000000, 0x0000000100000000, 0x0000000100000000)
 Metaspace       used 32733K, capacity 33068K, committed 33608K, reserved 1079296K
  class space    used 3671K, capacity 3790K, committed 3912K, reserved 1048576K
}
2017-07-03T15:45:38.787+0800: 219.135: Total time for which application threads were stopped: 0.0218431 seconds, Stopping threads took: 0.0000299 seconds
2017-07-03T15:45:39.796+0800: 220.140: Total time for which application threads were stopped: 0.0003049 seconds, Stopping threads took: 0.0000740 seconds
2017-07-03T15:45:40.805+0800: 221.149: Total time for which application threads were stopped: 0.0001725 seconds, Stopping threads took: 0.0000449 seconds
2017-07-03T15:45:41.548+0800: 221.896: Total time for which application threads were stopped: 0.0001521 seconds, Stopping threads took: 0.0000201 seconds
2017-07-03T15:45:42.555+0800: 222.900: Total time for which application threads were stopped: 0.0002367 seconds, Stopping threads took: 0.0000547 seconds
2017-07-03T15:45:43.565+0800: 223.910: Total time for which application threads were stopped: 0.0001703 seconds, Stopping threads took: 0.0000427 seconds
2017-07-03T15:45:44.578+0800: 224.922: Total time for which application threads were stopped: 0.0001696 seconds, Stopping threads took: 0.0000317 seconds
2017-07-03T15:45:44.594+0800: 224.942: Total time for which application threads were stopped: 0.0001295 seconds, Stopping threads took: 0.0000346 seconds
2017-07-03T15:45:45.602+0800: 225.947: Total time for which application threads were stopped: 0.0003278 seconds, Stopping threads took: 0.0000598 seconds
2017-07-03T15:45:46.604+0800: 226.949: Total time for which application threads were stopped: 0.0002629 seconds, Stopping threads took: 0.0000726 seconds
2017-07-03T15:45:47.618+0800: 227.962: Total time for which application threads were stopped: 0.0001769 seconds, Stopping threads took: 0.0000405 seconds
2017-07-03T15:45:47.868+0800: 228.217: Total time for which application threads were stopped: 0.0001860 seconds, Stopping threads took: 0.0000204 seconds
{Heap before GC invocations=16 (full 1):
 par new generation   total 109248K, used 104268K [0x00000000e0000000, 0x00000000e8000000, 0x00000000e8000000)
  eden space 87424K, 100% used [0x00000000e0000000, 0x00000000e5560000, 0x00000000e5560000)
  from space 21824K,  77% used [0x00000000e5560000, 0x00000000e65d31d0, 0x00000000e6ab0000)
  to   space 21824K,   0% used [0x00000000e6ab0000, 0x00000000e6ab0000, 0x00000000e8000000)
 concurrent mark-sweep generation total 393216K, used 48987K [0x00000000e8000000, 0x0000000100000000, 0x0000000100000000)
 Metaspace       used 32891K, capacity 33324K, committed 33864K, reserved 1079296K
  class space    used 3673K, capacity 3790K, committed 3912K, reserved 1048576K
2017-07-03T15:45:47.946+0800: 228.292: [GC (Allocation Failure) 2017-07-03T15:45:47.946+0800: 228.292: [ParNew
Desired survivor size 20112992 bytes, new threshold 8 (max 8)
- age   1:    3053120 bytes,    3053120 total
- age   2:      19456 bytes,    3072576 total
- age   3:      14064 bytes,    3086640 total
- age   4:      22536 bytes,    3109176 total
- age   5:      15144 bytes,    3124320 total
- age   6:      72312 bytes,    3196632 total
- age   7:      29408 bytes,    3226040 total
- age   8:     477240 bytes,    3703280 total
: 104268K->5578K(109248K), 0.0101197 secs] 153256K->58303K(502464K), 0.0101900 secs] [Times: user=0.00 sys=0.00, real=0.00 secs] 
Heap after GC invocations=17 (full 1):
 par new generation   total 109248K, used 5578K [0x00000000e0000000, 0x00000000e8000000, 0x00000000e8000000)
  eden space 87424K,   0% used [0x00000000e0000000, 0x00000000e0000000, 0x00000000e5560000)
  from space 21824K,  25% used [0x00000000e6ab0000, 0x00000000e70228d0, 0x00000000e8000000)
  to   space 21824K,   0% used [0x00000000e5560000, 0x00000000e5560000, 0x00000000e6ab0000)
 concurrent mark-sweep generation total 393216K, used 52725K [0x00000000e8000000, 0x0000000100000000, 0x0000000100000000)
 Metaspace       used 32891K, capacity 33324K, committed 33864K, reserved 1079296K
  class space    used 3673K, capacity 3790K, committed 3912K, reserved 1048576K
}
2017-07-03T15:45:47.946+0800: 228.302: Total time for which application threads were stopped: 0.0103676 seconds, Stopping threads took: 0.0000190 seconds
2017-07-03T15:45:48.953+0800: 229.298: Total time for which application threads were stopped: 0.0001838 seconds, Stopping threads took: 0.0000500 seconds
2017-07-03T15:45:49.959+0800: 230.303: Total time for which application threads were stopped: 0.0001677 seconds, Stopping threads took: 0.0000474 seconds
2017-07-03T15:45:50.967+0800: 231.312: Total time for which application threads were stopped: 0.0000955 seconds, Stopping threads took: 0.0000281 seconds
2017-07-03T15:45:54.816+0800: 235.161: Total time for which application threads were stopped: 0.0001612 seconds, Stopping threads took: 0.0000190 seconds
2017-07-03T15:45:55.818+0800: 236.163: Total time for which application threads were stopped: 0.0001823 seconds, Stopping threads took: 0.0000485 seconds
2017-07-03T15:45:57.841+0800: 238.186: Total time for which application threads were stopped: 0.0003023 seconds, Stopping threads took: 0.0000715 seconds
2017-07-03T15:45:57.966+0800: 238.315: Total time for which application threads were stopped: 0.0001422 seconds, Stopping threads took: 0.0000241 seconds
2017-07-03T15:45:58.974+0800: 239.318: Total time for which application threads were stopped: 0.0002338 seconds, Stopping threads took: 0.0000737 seconds
2017-07-03T15:46:00.991+0800: 241.336: Total time for which application threads were stopped: 0.0003406 seconds, Stopping threads took: 0.0000635 seconds
2017-07-03T15:46:01.980+0800: 242.328: Total time for which application threads were stopped: 0.0001554 seconds, Stopping threads took: 0.0000314 seconds
{Heap before GC invocations=17 (full 1):
 par new generation   total 109248K, used 92992K [0x00000000e0000000, 0x00000000e8000000, 0x00000000e8000000)
  eden space 87424K,  99% used [0x00000000e0000000, 0x00000000e555d918, 0x00000000e5560000)
  from space 21824K,  25% used [0x00000000e6ab0000, 0x00000000e70228d0, 0x00000000e8000000)
  to   space 21824K,   0% used [0x00000000e5560000, 0x00000000e5560000, 0x00000000e6ab0000)
 concurrent mark-sweep generation total 393216K, used 52725K [0x00000000e8000000, 0x0000000100000000, 0x0000000100000000)
 Metaspace       used 32975K, capacity 33324K, committed 33864K, reserved 1079296K
  class space    used 3674K, capacity 3790K, committed 3912K, reserved 1048576K
2017-07-03T15:46:02.098+0800: 242.454: [GC (Allocation Failure) 2017-07-03T15:46:02.098+0800: 242.454: [ParNew
Desired survivor size 20112992 bytes, new threshold 8 (max 8)
- age   1:    3360336 bytes,    3360336 total
- age   2:      40952 bytes,    3401288 total
- age   3:      17144 bytes,    3418432 total
- age   4:      13200 bytes,    3431632 total
- age   5:      22536 bytes,    3454168 total
- age   6:      15144 bytes,    3469312 total
- age   7:      72280 bytes,    3541592 total
- age   8:      29408 bytes,    3571000 total
: 92992K->4295K(109248K), 0.0064682 secs] 145718K->57496K(502464K), 0.0065269 secs] [Times: user=0.01 sys=0.00, real=0.01 secs] 
Heap after GC invocations=18 (full 1):
 par new generation   total 109248K, used 4295K [0x00000000e0000000, 0x00000000e8000000, 0x00000000e8000000)
  eden space 87424K,   0% used [0x00000000e0000000, 0x00000000e0000000, 0x00000000e5560000)
  from space 21824K,  19% used [0x00000000e5560000, 0x00000000e5991e40, 0x00000000e6ab0000)
  to   space 21824K,   0% used [0x00000000e6ab0000, 0x00000000e6ab0000, 0x00000000e8000000)
 concurrent mark-sweep generation total 393216K, used 53200K [0x00000000e8000000, 0x0000000100000000, 0x0000000100000000)
 Metaspace       used 32975K, capacity 33324K, committed 33864K, reserved 1079296K
  class space    used 3674K, capacity 3790K, committed 3912K, reserved 1048576K
}
2017-07-03T15:46:02.113+0800: 242.460: Total time for which application threads were stopped: 0.0067038 seconds, Stopping threads took: 0.0000193 seconds
2017-07-03T15:46:04.132+0800: 244.476: Total time for which application threads were stopped: 0.0001984 seconds, Stopping threads took: 0.0000532 seconds
2017-07-03T15:46:04.835+0800: 245.182: Total time for which application threads were stopped: 0.0001306 seconds, Stopping threads took: 0.0000274 seconds
2017-07-03T15:46:05.844+0800: 246.188: Total time for which application threads were stopped: 0.0002064 seconds, Stopping threads took: 0.0000638 seconds
2017-07-03T15:46:06.852+0800: 247.197: Total time for which application threads were stopped: 0.0001364 seconds, Stopping threads took: 0.0000445 seconds
2017-07-03T15:46:07.861+0800: 248.206: Total time for which application threads were stopped: 0.0003384 seconds, Stopping threads took: 0.0001382 seconds
2017-07-03T15:46:08.610+0800: 248.959: Total time for which application threads were stopped: 0.0002232 seconds, Stopping threads took: 0.0000489 seconds
{Heap before GC invocations=18 (full 1):
 par new generation   total 109248K, used 91719K [0x00000000e0000000, 0x00000000e8000000, 0x00000000e8000000)
  eden space 87424K, 100% used [0x00000000e0000000, 0x00000000e5560000, 0x00000000e5560000)
  from space 21824K,  19% used [0x00000000e5560000, 0x00000000e5991e40, 0x00000000e6ab0000)
  to   space 21824K,   0% used [0x00000000e6ab0000, 0x00000000e6ab0000, 0x00000000e8000000)
 concurrent mark-sweep generation total 393216K, used 53200K [0x00000000e8000000, 0x0000000100000000, 0x0000000100000000)
 Metaspace       used 33032K, capacity 33452K, committed 33864K, reserved 1079296K
  class space    used 3675K, capacity 3790K, committed 3912K, reserved 1048576K
2017-07-03T15:46:09.528+0800: 249.884: [GC (Allocation Failure) 2017-07-03T15:46:09.528+0800: 249.884: [ParNew
Desired survivor size 20112992 bytes, new threshold 8 (max 8)
- age   1:    4193528 bytes,    4193528 total
- age   2:      11840 bytes,    4205368 total
- age   3:      14280 bytes,    4219648 total
- age   4:      17144 bytes,    4236792 total
- age   5:      13064 bytes,    4249856 total
- age   6:      22536 bytes,    4272392 total
- age   7:      15144 bytes,    4287536 total
- age   8:      72280 bytes,    4359816 total
: 91719K->6362K(109248K), 0.0056951 secs] 144920K->59591K(502464K), 0.0057578 secs] [Times: user=0.05 sys=0.00, real=0.01 secs] 
Heap after GC invocations=19 (full 1):
 par new generation   total 109248K, used 6362K [0x00000000e0000000, 0x00000000e8000000, 0x00000000e8000000)
  eden space 87424K,   0% used [0x00000000e0000000, 0x00000000e0000000, 0x00000000e5560000)
  from space 21824K,  29% used [0x00000000e6ab0000, 0x00000000e70e6898, 0x00000000e8000000)
  to   space 21824K,   0% used [0x00000000e5560000, 0x00000000e5560000, 0x00000000e6ab0000)
 concurrent mark-sweep generation total 393216K, used 53229K [0x00000000e8000000, 0x0000000100000000, 0x0000000100000000)
 Metaspace       used 33032K, capacity 33452K, committed 33864K, reserved 1079296K
  class space    used 3675K, capacity 3790K, committed 3912K, reserved 1048576K
}
2017-07-03T15:46:09.543+0800: 249.890: Total time for which application threads were stopped: 0.0059205 seconds, Stopping threads took: 0.0000164 seconds
2017-07-03T15:46:10.553+0800: 250.897: Total time for which application threads were stopped: 0.0001667 seconds, Stopping threads took: 0.0000303 seconds
2017-07-03T15:46:11.563+0800: 251.907: Total time for which application threads were stopped: 0.0002235 seconds, Stopping threads took: 0.0000810 seconds
2017-07-03T15:46:12.306+0800: 252.655: Total time for which application threads were stopped: 0.0001845 seconds, Stopping threads took: 0.0000335 seconds
2017-07-03T15:46:13.309+0800: 253.654: Total time for which application threads were stopped: 0.0001681 seconds, Stopping threads took: 0.0000405 seconds
2017-07-03T15:46:15.212+0800: 255.560: Total time for which application threads were stopped: 0.0001539 seconds, Stopping threads took: 0.0000252 seconds
{Heap before GC invocations=19 (full 1):
 par new generation   total 109248K, used 93786K [0x00000000e0000000, 0x00000000e8000000, 0x00000000e8000000)
  eden space 87424K, 100% used [0x00000000e0000000, 0x00000000e5560000, 0x00000000e5560000)
  from space 21824K,  29% used [0x00000000e6ab0000, 0x00000000e70e6898, 0x00000000e8000000)
  to   space 21824K,   0% used [0x00000000e5560000, 0x00000000e5560000, 0x00000000e6ab0000)
 concurrent mark-sweep generation total 393216K, used 53229K [0x00000000e8000000, 0x0000000100000000, 0x0000000100000000)
 Metaspace       used 33111K, capacity 33516K, committed 33864K, reserved 1079296K
  class space    used 3675K, capacity 3790K, committed 3912K, reserved 1048576K
2017-07-03T15:46:15.306+0800: 255.659: [GC (Allocation Failure) 2017-07-03T15:46:15.306+0800: 255.659: [ParNew
Desired survivor size 20112992 bytes, new threshold 8 (max 8)
- age   1:    4694104 bytes,    4694104 total
- age   2:      11784 bytes,    4705888 total
- age   3:       8720 bytes,    4714608 total
- age   4:      14280 bytes,    4728888 total
- age   5:      17144 bytes,    4746032 total
- age   6:      13064 bytes,    4759096 total
- age   7:      22536 bytes,    4781632 total
- age   8:      15144 bytes,    4796776 total
: 93786K->5748K(109248K), 0.0054945 secs] 147015K->59049K(502464K), 0.0055489 secs] [Times: user=0.00 sys=0.00, real=0.00 secs] 
Heap after GC invocations=20 (full 1):
 par new generation   total 109248K, used 5748K [0x00000000e0000000, 0x00000000e8000000, 0x00000000e8000000)
  eden space 87424K,   0% used [0x00000000e0000000, 0x00000000e0000000, 0x00000000e5560000)
  from space 21824K,  26% used [0x00000000e5560000, 0x00000000e5afd058, 0x00000000e6ab0000)
  to   space 21824K,   0% used [0x00000000e6ab0000, 0x00000000e6ab0000, 0x00000000e8000000)
 concurrent mark-sweep generation total 393216K, used 53300K [0x00000000e8000000, 0x0000000100000000, 0x0000000100000000)
 Metaspace       used 33111K, capacity 33516K, committed 33864K, reserved 1079296K
  class space    used 3675K, capacity 3790K, committed 3912K, reserved 1048576K
}
2017-07-03T15:46:15.306+0800: 255.665: Total time for which application threads were stopped: 0.0057669 seconds, Stopping threads took: 0.0000186 seconds
2017-07-03T15:46:16.308+0800: 256.652: Total time for which application threads were stopped: 0.0002177 seconds, Stopping threads took: 0.0000562 seconds
2017-07-03T15:46:17.318+0800: 257.662: Total time for which application threads were stopped: 0.0001816 seconds, Stopping threads took: 0.0000470 seconds
2017-07-03T15:46:18.222+0800: 258.570: Total time for which application threads were stopped: 0.0002082 seconds, Stopping threads took: 0.0000237 seconds
2017-07-03T15:46:19.231+0800: 259.576: Total time for which application threads were stopped: 0.0002046 seconds, Stopping threads took: 0.0000718 seconds
2017-07-03T15:46:21.255+0800: 261.599: Total time for which application threads were stopped: 0.0001688 seconds, Stopping threads took: 0.0000459 seconds
2017-07-03T15:46:21.364+0800: 261.711: Total time for which application threads were stopped: 0.0001791 seconds, Stopping threads took: 0.0000208 seconds
{Heap before GC invocations=20 (full 1):
 par new generation   total 109248K, used 93172K [0x00000000e0000000, 0x00000000e8000000, 0x00000000e8000000)
  eden space 87424K, 100% used [0x00000000e0000000, 0x00000000e5560000, 0x00000000e5560000)
  from space 21824K,  26% used [0x00000000e5560000, 0x00000000e5afd058, 0x00000000e6ab0000)
  to   space 21824K,   0% used [0x00000000e6ab0000, 0x00000000e6ab0000, 0x00000000e8000000)
 concurrent mark-sweep generation total 393216K, used 53300K [0x00000000e8000000, 0x0000000100000000, 0x0000000100000000)
 Metaspace       used 33118K, capacity 33516K, committed 33864K, reserved 1079296K
  class space    used 3675K, capacity 3790K, committed 3912K, reserved 1048576K
2017-07-03T15:46:21.426+0800: 261.780: [GC (Allocation Failure) 2017-07-03T15:46:21.426+0800: 261.780: [ParNew
Desired survivor size 20112992 bytes, new threshold 8 (max 8)
- age   1:    5000928 bytes,    5000928 total
- age   2:      10176 bytes,    5011104 total
- age   3:       7320 bytes,    5018424 total
- age   4:       8288 bytes,    5026712 total
- age   5:      14280 bytes,    5040992 total
- age   6:      17144 bytes,    5058136 total
- age   7:      13064 bytes,    5071200 total
- age   8:      22536 bytes,    5093736 total
: 93172K->6458K(109248K), 0.0064616 secs] 146473K->59774K(502464K), 0.0065353 secs] [Times: user=0.02 sys=0.00, real=0.02 secs] 
Heap after GC invocations=21 (full 1):
 par new generation   total 109248K, used 6458K [0x00000000e0000000, 0x00000000e8000000, 0x00000000e8000000)
  eden space 87424K,   0% used [0x00000000e0000000, 0x00000000e0000000, 0x00000000e5560000)
  from space 21824K,  29% used [0x00000000e6ab0000, 0x00000000e70feb40, 0x00000000e8000000)
  to   space 21824K,   0% used [0x00000000e5560000, 0x00000000e5560000, 0x00000000e6ab0000)
 concurrent mark-sweep generation total 393216K, used 53315K [0x00000000e8000000, 0x0000000100000000, 0x0000000100000000)
 Metaspace       used 33118K, capacity 33516K, committed 33864K, reserved 1079296K
  class space    used 3675K, capacity 3790K, committed 3912K, reserved 1048576K
}
2017-07-03T15:46:21.442+0800: 261.786: Total time for which application threads were stopped: 0.0067749 seconds, Stopping threads took: 0.0000459 seconds
2017-07-03T15:46:21.442+0800: 261.787: Total time for which application threads were stopped: 0.0001929 seconds, Stopping threads took: 0.0000368 seconds
2017-07-03T15:46:22.249+0800: 262.594: Total time for which application threads were stopped: 0.0000817 seconds, Stopping threads took: 0.0000182 seconds
2017-07-03T15:46:23.258+0800: 263.602: Total time for which application threads were stopped: 0.0001331 seconds, Stopping threads took: 0.0000390 seconds
2017-07-03T15:46:24.127+0800: 264.475: Total time for which application threads were stopped: 0.0001397 seconds, Stopping threads took: 0.0000255 seconds
2017-07-03T15:46:27.151+0800: 267.495: Total time for which application threads were stopped: 0.0002976 seconds, Stopping threads took: 0.0000955 seconds
2017-07-03T15:46:27.198+0800: 267.545: Total time for which application threads were stopped: 0.0002090 seconds, Stopping threads took: 0.0000609 seconds
{Heap before GC invocations=21 (full 1):
 par new generation   total 109248K, used 93882K [0x00000000e0000000, 0x00000000e8000000, 0x00000000e8000000)
  eden space 87424K, 100% used [0x00000000e0000000, 0x00000000e5560000, 0x00000000e5560000)
  from space 21824K,  29% used [0x00000000e6ab0000, 0x00000000e70feb40, 0x00000000e8000000)
  to   space 21824K,   0% used [0x00000000e5560000, 0x00000000e5560000, 0x00000000e6ab0000)
 concurrent mark-sweep generation total 393216K, used 53315K [0x00000000e8000000, 0x0000000100000000, 0x0000000100000000)
 Metaspace       used 33139K, capacity 33516K, committed 33864K, reserved 1079296K
  class space    used 3675K, capacity 3790K, committed 3912K, reserved 1048576K
2017-07-03T15:46:27.291+0800: 267.642: [GC (Allocation Failure) 2017-07-03T15:46:27.291+0800: 267.642: [ParNew
Desired survivor size 20112992 bytes, new threshold 8 (max 8)
- age   1:    5284072 bytes,    5284072 total
- age   2:      33712 bytes,    5317784 total
- age   3:       7416 bytes,    5325200 total
- age   4:       6888 bytes,    5332088 total
- age   5:       7424 bytes,    5339512 total
- age   6:      14280 bytes,    5353792 total
- age   7:      17144 bytes,    5370936 total
- age   8:      13064 bytes,    5384000 total
: 93882K->7258K(109248K), 0.0062202 secs] 147198K->60595K(502464K), 0.0062746 secs] [Times: user=0.00 sys=0.00, real=0.00 secs] 
Heap after GC invocations=22 (full 1):
 par new generation   total 109248K, used 7258K [0x00000000e0000000, 0x00000000e8000000, 0x00000000e8000000)
  eden space 87424K,   0% used [0x00000000e0000000, 0x00000000e0000000, 0x00000000e5560000)
  from space 21824K,  33% used [0x00000000e5560000, 0x00000000e5c768b0, 0x00000000e6ab0000)
  to   space 21824K,   0% used [0x00000000e6ab0000, 0x00000000e6ab0000, 0x00000000e8000000)
 concurrent mark-sweep generation total 393216K, used 53337K [0x00000000e8000000, 0x0000000100000000, 0x0000000100000000)
 Metaspace       used 33139K, capacity 33516K, committed 33864K, reserved 1079296K
  class space    used 3675K, capacity 3790K, committed 3912K, reserved 1048576K
}
2017-07-03T15:46:27.291+0800: 267.649: Total time for which application threads were stopped: 0.0064434 seconds, Stopping threads took: 0.0000303 seconds
2017-07-03T15:46:28.300+0800: 268.645: Total time for which application threads were stopped: 0.0001619 seconds, Stopping threads took: 0.0000500 seconds
2017-07-03T15:46:30.770+0800: 271.117: Total time for which application threads were stopped: 0.0001273 seconds, Stopping threads took: 0.0000208 seconds
2017-07-03T15:46:31.771+0800: 272.115: Total time for which application threads were stopped: 0.0001543 seconds, Stopping threads took: 0.0000459 seconds
2017-07-03T15:46:32.780+0800: 273.125: Total time for which application threads were stopped: 0.0002673 seconds, Stopping threads took: 0.0000529 seconds
2017-07-03T15:46:33.773+0800: 274.121: Total time for which application threads were stopped: 0.0002677 seconds, Stopping threads took: 0.0000427 seconds
{Heap before GC invocations=22 (full 1):
 par new generation   total 109248K, used 94654K [0x00000000e0000000, 0x00000000e8000000, 0x00000000e8000000)
  eden space 87424K,  99% used [0x00000000e0000000, 0x00000000e55592e8, 0x00000000e5560000)
  from space 21824K,  33% used [0x00000000e5560000, 0x00000000e5c768b0, 0x00000000e6ab0000)
  to   space 21824K,   0% used [0x00000000e6ab0000, 0x00000000e6ab0000, 0x00000000e8000000)
 concurrent mark-sweep generation total 393216K, used 53337K [0x00000000e8000000, 0x0000000100000000, 0x0000000100000000)
 Metaspace       used 33149K, capacity 33516K, committed 33864K, reserved 1079296K
  class space    used 3675K, capacity 3790K, committed 3912K, reserved 1048576K
2017-07-03T15:46:33.851+0800: 274.200: [GC (Allocation Failure) 2017-07-03T15:46:33.851+0800: 274.200: [ParNew
Desired survivor size 20112992 bytes, new threshold 8 (max 8)
- age   1:    5291000 bytes,    5291000 total
- age   2:       9608 bytes,    5300608 total
- age   3:       6536 bytes,    5307144 total
- age   4:       6696 bytes,    5313840 total
- age   5:       6888 bytes,    5320728 total
- age   6:       7304 bytes,    5328032 total
- age   7:      14280 bytes,    5342312 total
- age   8:      17112 bytes,    5359424 total
: 94654K->6689K(109248K), 0.0055751 secs] 147992K->60040K(502464K), 0.0056324 secs] [Times: user=0.00 sys=0.00, real=0.00 secs] 
Heap after GC invocations=23 (full 1):
 par new generation   total 109248K, used 6689K [0x00000000e0000000, 0x00000000e8000000, 0x00000000e8000000)
  eden space 87424K,   0% used [0x00000000e0000000, 0x00000000e0000000, 0x00000000e5560000)
  from space 21824K,  30% used [0x00000000e6ab0000, 0x00000000e71386f0, 0x00000000e8000000)
  to   space 21824K,   0% used [0x00000000e5560000, 0x00000000e5560000, 0x00000000e6ab0000)
 concurrent mark-sweep generation total 393216K, used 53350K [0x00000000e8000000, 0x0000000100000000, 0x0000000100000000)
 Metaspace       used 33149K, capacity 33516K, committed 33864K, reserved 1079296K
  class space    used 3675K, capacity 3790K, committed 3912K, reserved 1048576K
}
2017-07-03T15:46:33.851+0800: 274.205: Total time for which application threads were stopped: 0.0058074 seconds, Stopping threads took: 0.0000306 seconds
2017-07-03T15:46:33.851+0800: 274.206: Total time for which application threads were stopped: 0.0001918 seconds, Stopping threads took: 0.0000328 seconds
2017-07-03T15:46:34.859+0800: 275.204: Total time for which application threads were stopped: 0.0002458 seconds, Stopping threads took: 0.0000726 seconds
2017-07-03T15:46:36.884+0800: 277.229: Total time for which application threads were stopped: 0.0002071 seconds, Stopping threads took: 0.0000521 seconds
2017-07-03T15:46:36.962+0800: 277.311: Total time for which application threads were stopped: 0.0001761 seconds, Stopping threads took: 0.0000376 seconds
2017-07-03T15:46:37.962+0800: 278.307: Total time for which application threads were stopped: 0.0002688 seconds, Stopping threads took: 0.0000759 seconds
2017-07-03T15:46:38.963+0800: 279.308: Total time for which application threads were stopped: 0.0003417 seconds, Stopping threads took: 0.0000748 seconds
2017-07-03T15:46:39.870+0800: 280.218: Total time for which application threads were stopped: 0.0001699 seconds, Stopping threads took: 0.0000241 seconds
{Heap before GC invocations=23 (full 1):
 par new generation   total 109248K, used 94113K [0x00000000e0000000, 0x00000000e8000000, 0x00000000e8000000)
  eden space 87424K, 100% used [0x00000000e0000000, 0x00000000e5560000, 0x00000000e5560000)
  from space 21824K,  30% used [0x00000000e6ab0000, 0x00000000e71386f0, 0x00000000e8000000)
  to   space 21824K,   0% used [0x00000000e5560000, 0x00000000e5560000, 0x00000000e6ab0000)
 concurrent mark-sweep generation total 393216K, used 53350K [0x00000000e8000000, 0x0000000100000000, 0x0000000100000000)
 Metaspace       used 33165K, capacity 33580K, committed 34120K, reserved 1079296K
  class space    used 3675K, capacity 3790K, committed 3912K, reserved 1048576K
2017-07-03T15:46:39.963+0800: 280.311: [GC (Allocation Failure) 2017-07-03T15:46:39.963+0800: 280.311: [ParNew
Desired survivor size 20112992 bytes, new threshold 8 (max 8)
- age   1:    5306928 bytes,    5306928 total
- age   2:      31216 bytes,    5338144 total
- age   3:       6704 bytes,    5344848 total
- age   4:       5960 bytes,    5350808 total
- age   5:       6696 bytes,    5357504 total
- age   6:       6888 bytes,    5364392 total
- age   7:       7304 bytes,    5371696 total
- age   8:      14160 bytes,    5385856 total
: 94113K->7611K(109248K), 0.0059664 secs] 147464K->60978K(502464K), 0.0060233 secs] [Times: user=0.00 sys=0.00, real=0.00 secs] 
Heap after GC invocations=24 (full 1):
 par new generation   total 109248K, used 7611K [0x00000000e0000000, 0x00000000e8000000, 0x00000000e8000000)
  eden space 87424K,   0% used [0x00000000e0000000, 0x00000000e0000000, 0x00000000e5560000)
  from space 21824K,  34% used [0x00000000e5560000, 0x00000000e5cceeb8, 0x00000000e6ab0000)
  to   space 21824K,   0% used [0x00000000e6ab0000, 0x00000000e6ab0000, 0x00000000e8000000)
 concurrent mark-sweep generation total 393216K, used 53367K [0x00000000e8000000, 0x0000000100000000, 0x0000000100000000)
 Metaspace       used 33165K, capacity 33580K, committed 34120K, reserved 1079296K
  class space    used 3675K, capacity 3790K, committed 3912K, reserved 1048576K
}
2017-07-03T15:46:39.963+0800: 280.317: Total time for which application threads were stopped: 0.0062002 seconds, Stopping threads took: 0.0000197 seconds
2017-07-03T15:46:40.964+0800: 281.308: Total time for which application threads were stopped: 0.0002042 seconds, Stopping threads took: 0.0000459 seconds
2017-07-03T15:46:41.973+0800: 282.318: Total time for which application threads were stopped: 0.0002801 seconds, Stopping threads took: 0.0000740 seconds
2017-07-03T15:46:42.982+0800: 283.327: Total time for which application threads were stopped: 0.0002527 seconds, Stopping threads took: 0.0000536 seconds
2017-07-03T15:46:43.304+0800: 283.651: Total time for which application threads were stopped: 0.0001612 seconds, Stopping threads took: 0.0000248 seconds
2017-07-03T15:46:44.313+0800: 284.657: Total time for which application threads were stopped: 0.0001561 seconds, Stopping threads took: 0.0000459 seconds
2017-07-03T15:46:45.321+0800: 285.666: Total time for which application threads were stopped: 0.0002341 seconds, Stopping threads took: 0.0000616 seconds
2017-07-03T15:46:46.378+0800: 286.726: Total time for which application threads were stopped: 0.0002374 seconds, Stopping threads took: 0.0000394 seconds
{Heap before GC invocations=24 (full 1):
 par new generation   total 109248K, used 95035K [0x00000000e0000000, 0x00000000e8000000, 0x00000000e8000000)
  eden space 87424K, 100% used [0x00000000e0000000, 0x00000000e5560000, 0x00000000e5560000)
  from space 21824K,  34% used [0x00000000e5560000, 0x00000000e5cceeb8, 0x00000000e6ab0000)
  to   space 21824K,   0% used [0x00000000e6ab0000, 0x00000000e6ab0000, 0x00000000e8000000)
 concurrent mark-sweep generation total 393216K, used 53367K [0x00000000e8000000, 0x0000000100000000, 0x0000000100000000)
 Metaspace       used 33190K, capacity 33580K, committed 34120K, reserved 1079296K
  class space    used 3675K, capacity 3790K, committed 3912K, reserved 1048576K
2017-07-03T15:46:46.511+0800: 286.869: [GC (Allocation Failure) 2017-07-03T15:46:46.511+0800: 286.869: [ParNew
Desired survivor size 20112992 bytes, new threshold 8 (max 8)
- age   1:    5294952 bytes,    5294952 total
- age   2:      13448 bytes,    5308400 total
- age   3:       4040 bytes,    5312440 total
- age   4:       6128 bytes,    5318568 total
- age   5:       5960 bytes,    5324528 total
- age   6:       6696 bytes,    5331224 total
- age   7:       6888 bytes,    5338112 total
- age   8:       7304 bytes,    5345416 total
: 95035K->7649K(109248K), 0.0065470 secs] 148402K->61030K(502464K), 0.0066250 secs] [Times: user=0.08 sys=0.00, real=0.02 secs] 
Heap after GC invocations=25 (full 1):
 par new generation   total 109248K, used 7649K [0x00000000e0000000, 0x00000000e8000000, 0x00000000e8000000)
  eden space 87424K,   0% used [0x00000000e0000000, 0x00000000e0000000, 0x00000000e5560000)
  from space 21824K,  35% used [0x00000000e6ab0000, 0x00000000e7228580, 0x00000000e8000000)
  to   space 21824K,   0% used [0x00000000e5560000, 0x00000000e5560000, 0x00000000e6ab0000)
 concurrent mark-sweep generation total 393216K, used 53381K [0x00000000e8000000, 0x0000000100000000, 0x0000000100000000)
 Metaspace       used 33190K, capacity 33580K, committed 34120K, reserved 1079296K
  class space    used 3675K, capacity 3790K, committed 3912K, reserved 1048576K
}
2017-07-03T15:46:46.526+0800: 286.876: Total time for which application threads were stopped: 0.0068241 seconds, Stopping threads took: 0.0000368 seconds
2017-07-03T15:46:47.537+0800: 287.881: Total time for which application threads were stopped: 0.0002028 seconds, Stopping threads took: 0.0000817 seconds
2017-07-03T15:46:48.543+0800: 288.888: Total time for which application threads were stopped: 0.0002163 seconds, Stopping threads took: 0.0000500 seconds
2017-07-03T15:46:49.521+0800: 289.869: Total time for which application threads were stopped: 0.0001466 seconds, Stopping threads took: 0.0000281 seconds
2017-07-03T15:46:51.537+0800: 291.882: Total time for which application threads were stopped: 0.0001900 seconds, Stopping threads took: 0.0000438 seconds
2017-07-03T15:46:52.438+0800: 292.786: Total time for which application threads were stopped: 0.0001532 seconds, Stopping threads took: 0.0000266 seconds
{Heap before GC invocations=25 (full 1):
 par new generation   total 109248K, used 95073K [0x00000000e0000000, 0x00000000e8000000, 0x00000000e8000000)
  eden space 87424K, 100% used [0x00000000e0000000, 0x00000000e5560000, 0x00000000e5560000)
  from space 21824K,  35% used [0x00000000e6ab0000, 0x00000000e7228580, 0x00000000e8000000)
  to   space 21824K,   0% used [0x00000000e5560000, 0x00000000e5560000, 0x00000000e6ab0000)
 concurrent mark-sweep generation total 393216K, used 53381K [0x00000000e8000000, 0x0000000100000000, 0x0000000100000000)
 Metaspace       used 33198K, capacity 33580K, committed 34120K, reserved 1079296K
  class space    used 3675K, capacity 3790K, committed 3912K, reserved 1048576K
2017-07-03T15:46:52.516+0800: 292.868: [GC (Allocation Failure) 2017-07-03T15:46:52.516+0800: 292.868: [ParNew
Desired survivor size 20112992 bytes, new threshold 8 (max 8)
- age   1:    5235312 bytes,    5235312 total
- age   2:      31288 bytes,    5266600 total
- age   3:      10544 bytes,    5277144 total
- age   4:       3464 bytes,    5280608 total
- age   5:       6128 bytes,    5286736 total
- age   6:       5960 bytes,    5292696 total
- age   7:       6696 bytes,    5299392 total
- age   8:       6888 bytes,    5306280 total
: 95073K->7094K(109248K), 0.0060514 secs] 148454K->60482K(502464K), 0.0061185 secs] [Times: user=0.00 sys=0.00, real=0.00 secs] 
Heap after GC invocations=26 (full 1):
 par new generation   total 109248K, used 7094K [0x00000000e0000000, 0x00000000e8000000, 0x00000000e8000000)
  eden space 87424K,   0% used [0x00000000e0000000, 0x00000000e0000000, 0x00000000e5560000)
  from space 21824K,  32% used [0x00000000e5560000, 0x00000000e5c4d8c0, 0x00000000e6ab0000)
  to   space 21824K,   0% used [0x00000000e6ab0000, 0x00000000e6ab0000, 0x00000000e8000000)
 concurrent mark-sweep generation total 393216K, used 53388K [0x00000000e8000000, 0x0000000100000000, 0x0000000100000000)
 Metaspace       used 33198K, capacity 33580K, committed 34120K, reserved 1079296K
  class space    used 3675K, capacity 3790K, committed 3912K, reserved 1048576K
}
2017-07-03T15:46:52.516+0800: 292.874: Total time for which application threads were stopped: 0.0062906 seconds, Stopping threads took: 0.0000182 seconds
2017-07-03T15:46:54.525+0800: 294.870: Total time for which application threads were stopped: 0.0002571 seconds, Stopping threads took: 0.0000602 seconds
2017-07-03T15:46:55.257+0800: 295.605: Total time for which application threads were stopped: 0.0001831 seconds, Stopping threads took: 0.0000423 seconds
2017-07-03T15:46:56.259+0800: 296.603: Total time for which application threads were stopped: 0.0001648 seconds, Stopping threads took: 0.0000711 seconds
2017-07-03T15:46:57.259+0800: 297.604: Total time for which application threads were stopped: 0.0001853 seconds, Stopping threads took: 0.0000321 seconds
2017-07-03T15:46:58.169+0800: 298.520: Total time for which application threads were stopped: 0.0002144 seconds, Stopping threads took: 0.0000423 seconds
{Heap before GC invocations=26 (full 1):
 par new generation   total 109248K, used 94518K [0x00000000e0000000, 0x00000000e8000000, 0x00000000e8000000)
  eden space 87424K, 100% used [0x00000000e0000000, 0x00000000e5560000, 0x00000000e5560000)
  from space 21824K,  32% used [0x00000000e5560000, 0x00000000e5c4d8c0, 0x00000000e6ab0000)
  to   space 21824K,   0% used [0x00000000e6ab0000, 0x00000000e6ab0000, 0x00000000e8000000)
 concurrent mark-sweep generation total 393216K, used 53388K [0x00000000e8000000, 0x0000000100000000, 0x0000000100000000)
 Metaspace       used 33254K, capacity 33652K, committed 34120K, reserved 1079296K
  class space    used 3675K, capacity 3790K, committed 3912K, reserved 1048576K
2017-07-03T15:46:58.232+0800: 298.591: [GC (Allocation Failure) 2017-07-03T15:46:58.232+0800: 298.591: [ParNew
Desired survivor size 20112992 bytes, new threshold 8 (max 8)
- age   1:    5196200 bytes,    5196200 total
- age   2:       5640 bytes,    5201840 total
- age   3:       4256 bytes,    5206096 total
- age   4:       9968 bytes,    5216064 total
- age   5:       3464 bytes,    5219528 total
- age   6:       5264 bytes,    5224792 total
- age   7:       5960 bytes,    5230752 total
- age   8:       6696 bytes,    5237448 total
: 94518K->7270K(109248K), 0.0060514 secs] 147906K->60665K(502464K), 0.0061086 secs] [Times: user=0.06 sys=0.00, real=0.01 secs] 
Heap after GC invocations=27 (full 1):
 par new generation   total 109248K, used 7270K [0x00000000e0000000, 0x00000000e8000000, 0x00000000e8000000)
  eden space 87424K,   0% used [0x00000000e0000000, 0x00000000e0000000, 0x00000000e5560000)
  from space 21824K,  33% used [0x00000000e6ab0000, 0x00000000e71c9a68, 0x00000000e8000000)
  to   space 21824K,   0% used [0x00000000e5560000, 0x00000000e5560000, 0x00000000e6ab0000)
 concurrent mark-sweep generation total 393216K, used 53395K [0x00000000e8000000, 0x0000000100000000, 0x0000000100000000)
 Metaspace       used 33254K, capacity 33652K, committed 34120K, reserved 1079296K
  class space    used 3675K, capacity 3790K, committed 3912K, reserved 1048576K
}
2017-07-03T15:46:58.247+0800: 298.597: Total time for which application threads were stopped: 0.0063128 seconds, Stopping threads took: 0.0000481 seconds
2017-07-03T15:47:00.267+0800: 300.612: Total time for which application threads were stopped: 0.0001947 seconds, Stopping threads took: 0.0000624 seconds
2017-07-03T15:47:01.338+0800: 301.686: Total time for which application threads were stopped: 0.0001612 seconds, Stopping threads took: 0.0000208 seconds
2017-07-03T15:47:02.341+0800: 302.686: Total time for which application threads were stopped: 0.0002108 seconds, Stopping threads took: 0.0000583 seconds
2017-07-03T15:47:03.350+0800: 303.694: Total time for which application threads were stopped: 0.0001404 seconds, Stopping threads took: 0.0000397 seconds
2017-07-03T15:47:04.358+0800: 304.703: Total time for which application threads were stopped: 0.0001955 seconds, Stopping threads took: 0.0000547 seconds
2017-07-03T15:47:04.827+0800: 305.175: Total time for which application threads were stopped: 0.0001962 seconds, Stopping threads took: 0.0000193 seconds
2017-07-03T15:47:04.827+0800: 305.175: Total time for which application threads were stopped: 0.0001915 seconds, Stopping threads took: 0.0000175 seconds
{Heap before GC invocations=27 (full 1):
 par new generation   total 109248K, used 94654K [0x00000000e0000000, 0x00000000e8000000, 0x00000000e8000000)
  eden space 87424K,  99% used [0x00000000e0000000, 0x00000000e5556078, 0x00000000e5560000)
  from space 21824K,  33% used [0x00000000e6ab0000, 0x00000000e71c9a68, 0x00000000e8000000)
  to   space 21824K,   0% used [0x00000000e5560000, 0x00000000e5560000, 0x00000000e6ab0000)
 concurrent mark-sweep generation total 393216K, used 53395K [0x00000000e8000000, 0x0000000100000000, 0x0000000100000000)
 Metaspace       used 33256K, capacity 33652K, committed 34120K, reserved 1079296K
  class space    used 3675K, capacity 3790K, committed 3912K, reserved 1048576K
2017-07-03T15:47:04.874+0800: 305.228: [GC (Allocation Failure) 2017-07-03T15:47:04.874+0800: 305.228: [ParNew
Desired survivor size 20112992 bytes, new threshold 8 (max 8)
- age   1:    4718824 bytes,    4718824 total
- age   2:      33952 bytes,    4752776 total
- age   3:       4024 bytes,    4756800 total
- age   4:       3536 bytes,    4760336 total
- age   5:       9968 bytes,    4770304 total
- age   6:       3344 bytes,    4773648 total
- age   7:       5264 bytes,    4778912 total
- age   8:       5960 bytes,    4784872 total
: 94654K->6101K(109248K), 0.0057432 secs] 148049K->59502K(502464K), 0.0058019 secs] [Times: user=0.00 sys=0.02, real=0.01 secs] 
Heap after GC invocations=28 (full 1):
 par new generation   total 109248K, used 6101K [0x00000000e0000000, 0x00000000e8000000, 0x00000000e8000000)
  eden space 87424K,   0% used [0x00000000e0000000, 0x00000000e0000000, 0x00000000e5560000)
  from space 21824K,  27% used [0x00000000e5560000, 0x00000000e5b55520, 0x00000000e6ab0000)
  to   space 21824K,   0% used [0x00000000e6ab0000, 0x00000000e6ab0000, 0x00000000e8000000)
 concurrent mark-sweep generation total 393216K, used 53401K [0x00000000e8000000, 0x0000000100000000, 0x0000000100000000)
 Metaspace       used 33256K, capacity 33652K, committed 34120K, reserved 1079296K
  class space    used 3675K, capacity 3790K, committed 3912K, reserved 1048576K
}
2017-07-03T15:47:04.889+0800: 305.234: Total time for which application threads were stopped: 0.0059788 seconds, Stopping threads took: 0.0000186 seconds
2017-07-03T15:47:05.898+0800: 306.243: Total time for which application threads were stopped: 0.0002830 seconds, Stopping threads took: 0.0000671 seconds
2017-07-03T15:47:06.908+0800: 307.252: Total time for which application threads were stopped: 0.0002750 seconds, Stopping threads took: 0.0000554 seconds
2017-07-03T15:47:07.917+0800: 308.262: Total time for which application threads were stopped: 0.0002888 seconds, Stopping threads took: 0.0000631 seconds
2017-07-03T15:47:08.223+0800: 308.571: Total time for which application threads were stopped: 0.0001619 seconds, Stopping threads took: 0.0000248 seconds
2017-07-03T15:47:09.232+0800: 309.577: Total time for which application threads were stopped: 0.0002491 seconds, Stopping threads took: 0.0000569 seconds
{Heap before GC invocations=28 (full 1):
 par new generation   total 109248K, used 93525K [0x00000000e0000000, 0x00000000e8000000, 0x00000000e8000000)
  eden space 87424K, 100% used [0x00000000e0000000, 0x00000000e5560000, 0x00000000e5560000)
  from space 21824K,  27% used [0x00000000e5560000, 0x00000000e5b55520, 0x00000000e6ab0000)
  to   space 21824K,   0% used [0x00000000e6ab0000, 0x00000000e6ab0000, 0x00000000e8000000)
 concurrent mark-sweep generation total 393216K, used 53401K [0x00000000e8000000, 0x0000000100000000, 0x0000000100000000)
 Metaspace       used 33257K, capacity 33652K, committed 34120K, reserved 1079296K
  class space    used 3675K, capacity 3790K, committed 3912K, reserved 1048576K
2017-07-03T15:47:11.489+0800: 311.835: [GC (Allocation Failure) 2017-07-03T15:47:11.489+0800: 311.835: [ParNew
Desired survivor size 20112992 bytes, new threshold 8 (max 8)
- age   1:    3460328 bytes,    3460328 total
- age   2:      32464 bytes,    3492792 total
- age   3:       6704 bytes,    3499496 total
- age   4:       3448 bytes,    3502944 total
- age   5:       3536 bytes,    3506480 total
- age   6:       9968 bytes,    3516448 total
- age   7:       3344 bytes,    3519792 total
- age   8:       5264 bytes,    3525056 total
: 93525K->5311K(109248K), 0.0082197 secs] 146926K->58718K(502464K), 0.0083295 secs] [Times: user=0.00 sys=0.00, real=0.00 secs] 
Heap after GC invocations=29 (full 1):
 par new generation   total 109248K, used 5311K [0x00000000e0000000, 0x00000000e8000000, 0x00000000e8000000)
  eden space 87424K,   0% used [0x00000000e0000000, 0x00000000e0000000, 0x00000000e5560000)
  from space 21824K,  24% used [0x00000000e6ab0000, 0x00000000e6fdfc10, 0x00000000e8000000)
  to   space 21824K,   0% used [0x00000000e5560000, 0x00000000e5560000, 0x00000000e6ab0000)
 concurrent mark-sweep generation total 393216K, used 53407K [0x00000000e8000000, 0x0000000100000000, 0x0000000100000000)
 Metaspace       used 33257K, capacity 33652K, committed 34120K, reserved 1079296K
  class space    used 3675K, capacity 3790K, committed 3912K, reserved 1048576K
}
2017-07-03T15:47:11.489+0800: 311.843: Total time for which application threads were stopped: 0.0086686 seconds, Stopping threads took: 0.0000379 seconds
2017-07-03T15:47:11.520+0800: 311.867: Total time for which application threads were stopped: 0.0001918 seconds, Stopping threads took: 0.0000470 seconds
2017-07-03T15:47:13.538+0800: 313.883: Total time for which application threads were stopped: 0.0002812 seconds, Stopping threads took: 0.0000605 seconds
2017-07-03T15:47:14.750+0800: 315.098: Total time for which application threads were stopped: 0.0002542 seconds, Stopping threads took: 0.0001218 seconds
2017-07-03T15:47:15.757+0800: 316.102: Total time for which application threads were stopped: 0.0003165 seconds, Stopping threads took: 0.0000667 seconds
2017-07-03T15:47:16.760+0800: 317.105: Total time for which application threads were stopped: 0.0001973 seconds, Stopping threads took: 0.0000335 seconds
{Heap before GC invocations=29 (full 1):
 par new generation   total 109248K, used 92735K [0x00000000e0000000, 0x00000000e8000000, 0x00000000e8000000)
  eden space 87424K, 100% used [0x00000000e0000000, 0x00000000e5560000, 0x00000000e5560000)
  from space 21824K,  24% used [0x00000000e6ab0000, 0x00000000e6fdfc10, 0x00000000e8000000)
  to   space 21824K,   0% used [0x00000000e5560000, 0x00000000e5560000, 0x00000000e6ab0000)
 concurrent mark-sweep generation total 393216K, used 53407K [0x00000000e8000000, 0x0000000100000000, 0x0000000100000000)
 Metaspace       used 33259K, capacity 33652K, committed 34120K, reserved 1079296K
  class space    used 3676K, capacity 3790K, committed 3912K, reserved 1048576K
2017-07-03T15:47:16.776+0800: 317.129: [GC (Allocation Failure) 2017-07-03T15:47:16.776+0800: 317.129: [ParNew
Desired survivor size 20112992 bytes, new threshold 8 (max 8)
- age   1:    3453424 bytes,    3453424 total
- age   2:      29008 bytes,    3482432 total
- age   3:       5288 bytes,    3487720 total
- age   4:       6200 bytes,    3493920 total
- age   5:       3448 bytes,    3497368 total
- age   6:       3536 bytes,    3500904 total
- age   7:       9968 bytes,    3510872 total
- age   8:       3344 bytes,    3514216 total
: 92735K->4602K(109248K), 0.0061422 secs] 146142K->58015K(502464K), 0.0062053 secs] [Times: user=0.00 sys=0.00, real=0.00 secs] 
Heap after GC invocations=30 (full 1):
 par new generation   total 109248K, used 4602K [0x00000000e0000000, 0x00000000e8000000, 0x00000000e8000000)
  eden space 87424K,   0% used [0x00000000e0000000, 0x00000000e0000000, 0x00000000e5560000)
  from space 21824K,  21% used [0x00000000e5560000, 0x00000000e59deb70, 0x00000000e6ab0000)
  to   space 21824K,   0% used [0x00000000e6ab0000, 0x00000000e6ab0000, 0x00000000e8000000)
 concurrent mark-sweep generation total 393216K, used 53412K [0x00000000e8000000, 0x0000000100000000, 0x0000000100000000)
 Metaspace       used 33259K, capacity 33652K, committed 34120K, reserved 1079296K
  class space    used 3676K, capacity 3790K, committed 3912K, reserved 1048576K
}
2017-07-03T15:47:16.776+0800: 317.135: Total time for which application threads were stopped: 0.0064511 seconds, Stopping threads took: 0.0000361 seconds
2017-07-03T15:47:17.854+0800: 318.201: Total time for which application threads were stopped: 0.0001470 seconds, Stopping threads took: 0.0000212 seconds
2017-07-03T15:47:18.863+0800: 319.207: Total time for which application threads were stopped: 0.0002246 seconds, Stopping threads took: 0.0000613 seconds
2017-07-03T15:47:20.873+0800: 321.217: Total time for which application threads were stopped: 0.0001645 seconds, Stopping threads took: 0.0000540 seconds
2017-07-03T15:47:21.116+0800: 321.464: Total time for which application threads were stopped: 0.0001535 seconds, Stopping threads took: 0.0000252 seconds
2017-07-03T15:47:22.126+0800: 322.470: Total time for which application threads were stopped: 0.0002093 seconds, Stopping threads took: 0.0000689 seconds
{Heap before GC invocations=30 (full 1):
 par new generation   total 109248K, used 92013K [0x00000000e0000000, 0x00000000e8000000, 0x00000000e8000000)
  eden space 87424K,  99% used [0x00000000e0000000, 0x00000000e555cb80, 0x00000000e5560000)
  from space 21824K,  21% used [0x00000000e5560000, 0x00000000e59deb70, 0x00000000e6ab0000)
  to   space 21824K,   0% used [0x00000000e6ab0000, 0x00000000e6ab0000, 0x00000000e8000000)
 concurrent mark-sweep generation total 393216K, used 53412K [0x00000000e8000000, 0x0000000100000000, 0x0000000100000000)
 Metaspace       used 33297K, capacity 33652K, committed 34120K, reserved 1079296K
  class space    used 3677K, capacity 3790K, committed 3912K, reserved 1048576K
2017-07-03T15:47:22.188+0800: 322.542: [GC (Allocation Failure) 2017-07-03T15:47:22.188+0800: 322.542: [ParNew
Desired survivor size 20112992 bytes, new threshold 8 (max 8)
- age   1:    3408304 bytes,    3408304 total
- age   2:      19032 bytes,    3427336 total
- age   3:       6336 bytes,    3433672 total
- age   4:       4712 bytes,    3438384 total
- age   5:       6200 bytes,    3444584 total
- age   6:       3448 bytes,    3448032 total
- age   7:       3536 bytes,    3451568 total
- age   8:       9968 bytes,    3461536 total
: 92013K->4446K(109248K), 0.0054639 secs] 145426K->57862K(502464K), 0.0055226 secs] [Times: user=0.00 sys=0.00, real=0.00 secs] 
Heap after GC invocations=31 (full 1):
 par new generation   total 109248K, used 4446K [0x00000000e0000000, 0x00000000e8000000, 0x00000000e8000000)
  eden space 87424K,   0% used [0x00000000e0000000, 0x00000000e0000000, 0x00000000e5560000)
  from space 21824K,  20% used [0x00000000e6ab0000, 0x00000000e6f07a30, 0x00000000e8000000)
  to   space 21824K,   0% used [0x00000000e5560000, 0x00000000e5560000, 0x00000000e6ab0000)
 concurrent mark-sweep generation total 393216K, used 53415K [0x00000000e8000000, 0x0000000100000000, 0x0000000100000000)
 Metaspace       used 33297K, capacity 33652K, committed 34120K, reserved 1079296K
  class space    used 3677K, capacity 3790K, committed 3912K, reserved 1048576K
}
2017-07-03T15:47:22.188+0800: 322.548: Total time for which application threads were stopped: 0.0057097 seconds, Stopping threads took: 0.0000252 seconds
2017-07-03T15:47:23.197+0800: 323.541: Total time for which application threads were stopped: 0.0001499 seconds, Stopping threads took: 0.0000419 seconds
2017-07-03T15:47:24.291+0800: 324.639: Total time for which application threads were stopped: 0.0001758 seconds, Stopping threads took: 0.0000248 seconds
2017-07-03T15:47:25.291+0800: 325.636: Total time for which application threads were stopped: 0.0001783 seconds, Stopping threads took: 0.0000609 seconds
2017-07-03T15:47:27.306+0800: 327.650: Total time for which application threads were stopped: 0.0001732 seconds, Stopping threads took: 0.0000492 seconds
2017-07-03T15:47:28.103+0800: 328.452: Total time for which application threads were stopped: 0.0001853 seconds, Stopping threads took: 0.0000299 seconds
{Heap before GC invocations=31 (full 1):
 par new generation   total 109248K, used 91870K [0x00000000e0000000, 0x00000000e8000000, 0x00000000e8000000)
  eden space 87424K, 100% used [0x00000000e0000000, 0x00000000e5560000, 0x00000000e5560000)
  from space 21824K,  20% used [0x00000000e6ab0000, 0x00000000e6f07a30, 0x00000000e8000000)
  to   space 21824K,   0% used [0x00000000e5560000, 0x00000000e5560000, 0x00000000e6ab0000)
 concurrent mark-sweep generation total 393216K, used 53415K [0x00000000e8000000, 0x0000000100000000, 0x0000000100000000)
 Metaspace       used 33301K, capacity 33716K, committed 34120K, reserved 1079296K
  class space    used 3677K, capacity 3790K, committed 3912K, reserved 1048576K
2017-07-03T15:47:28.181+0800: 328.528: [GC (Allocation Failure) 2017-07-03T15:47:28.181+0800: 328.528: [ParNew
Desired survivor size 20112992 bytes, new threshold 8 (max 8)
- age   1:    6250352 bytes,    6250352 total
- age   2:      13464 bytes,    6263816 total
- age   3:       3560 bytes,    6267376 total
- age   4:       5472 bytes,    6272848 total
- age   5:       4712 bytes,    6277560 total
- age   6:       5336 bytes,    6282896 total
- age   7:       3448 bytes,    6286344 total
- age   8:       3536 bytes,    6289880 total
: 91870K->7242K(109248K), 0.0061662 secs] 145286K->60668K(502464K), 0.0062217 secs] [Times: user=0.00 sys=0.00, real=0.00 secs] 
Heap after GC invocations=32 (full 1):
 par new generation   total 109248K, used 7242K [0x00000000e0000000, 0x00000000e8000000, 0x00000000e8000000)
  eden space 87424K,   0% used [0x00000000e0000000, 0x00000000e0000000, 0x00000000e5560000)
  from space 21824K,  33% used [0x00000000e5560000, 0x00000000e5c72af0, 0x00000000e6ab0000)
  to   space 21824K,   0% used [0x00000000e6ab0000, 0x00000000e6ab0000, 0x00000000e8000000)
 concurrent mark-sweep generation total 393216K, used 53425K [0x00000000e8000000, 0x0000000100000000, 0x0000000100000000)
 Metaspace       used 33301K, capacity 33716K, committed 34120K, reserved 1079296K
  class space    used 3677K, capacity 3790K, committed 3912K, reserved 1048576K
}
2017-07-03T15:47:28.181+0800: 328.534: Total time for which application threads were stopped: 0.0063934 seconds, Stopping threads took: 0.0000222 seconds
2017-07-03T15:47:29.182+0800: 329.526: Total time for which application threads were stopped: 0.0001896 seconds, Stopping threads took: 0.0000518 seconds
2017-07-03T15:47:31.182+0800: 331.527: Total time for which application threads were stopped: 0.0001893 seconds, Stopping threads took: 0.0000551 seconds
2017-07-03T15:47:31.338+0800: 331.686: Total time for which application threads were stopped: 0.0002768 seconds, Stopping threads took: 0.0001090 seconds
2017-07-03T15:47:32.026+0800: 332.371: Total time for which application threads were stopped: 0.0001338 seconds, Stopping threads took: 0.0000222 seconds
2017-07-03T15:47:34.055+0800: 334.399: Total time for which application threads were stopped: 0.0001105 seconds, Stopping threads took: 0.0000299 seconds
2017-07-03T15:47:35.126+0800: 335.474: Total time for which application threads were stopped: 0.0001827 seconds, Stopping threads took: 0.0000394 seconds
{Heap before GC invocations=32 (full 1):
 par new generation   total 109248K, used 94666K [0x00000000e0000000, 0x00000000e8000000, 0x00000000e8000000)
  eden space 87424K, 100% used [0x00000000e0000000, 0x00000000e5560000, 0x00000000e5560000)
  from space 21824K,  33% used [0x00000000e5560000, 0x00000000e5c72af0, 0x00000000e6ab0000)
  to   space 21824K,   0% used [0x00000000e6ab0000, 0x00000000e6ab0000, 0x00000000e8000000)
 concurrent mark-sweep generation total 393216K, used 53425K [0x00000000e8000000, 0x0000000100000000, 0x0000000100000000)
 Metaspace       used 33302K, capacity 33716K, committed 34120K, reserved 1079296K
  class space    used 3677K, capacity 3790K, committed 3912K, reserved 1048576K
2017-07-03T15:47:35.220+0800: 335.566: [GC (Allocation Failure) 2017-07-03T15:47:35.220+0800: 335.566: [ParNew
Desired survivor size 20112992 bytes, new threshold 8 (max 8)
- age   1:    6191120 bytes,    6191120 total
- age   2:      33848 bytes,    6224968 total
- age   3:       4688 bytes,    6229656 total
- age   4:       2768 bytes,    6232424 total
- age   5:       5472 bytes,    6237896 total
- age   6:       4592 bytes,    6242488 total
- age   7:       5336 bytes,    6247824 total
- age   8:       3448 bytes,    6251272 total
: 94666K->8405K(109248K), 0.0063610 secs] 148092K->61834K(502464K), 0.0064656 secs] [Times: user=0.00 sys=0.00, real=0.00 secs] 
Heap after GC invocations=33 (full 1):
 par new generation   total 109248K, used 8405K [0x00000000e0000000, 0x00000000e8000000, 0x00000000e8000000)
  eden space 87424K,   0% used [0x00000000e0000000, 0x00000000e0000000, 0x00000000e5560000)
  from space 21824K,  38% used [0x00000000e6ab0000, 0x00000000e72e54c8, 0x00000000e8000000)
  to   space 21824K,   0% used [0x00000000e5560000, 0x00000000e5560000, 0x00000000e6ab0000)
 concurrent mark-sweep generation total 393216K, used 53428K [0x00000000e8000000, 0x0000000100000000, 0x0000000100000000)
 Metaspace       used 33302K, capacity 33716K, committed 34120K, reserved 1079296K
  class space    used 3677K, capacity 3790K, committed 3912K, reserved 1048576K
}
2017-07-03T15:47:35.220+0800: 335.572: Total time for which application threads were stopped: 0.0066301 seconds, Stopping threads took: 0.0000193 seconds
2017-07-03T15:47:37.229+0800: 337.574: Total time for which application threads were stopped: 0.0002006 seconds, Stopping threads took: 0.0000605 seconds
2017-07-03T15:47:38.238+0800: 338.583: Total time for which application threads were stopped: 0.0001619 seconds, Stopping threads took: 0.0000529 seconds
2017-07-03T15:47:38.754+0800: 339.101: Total time for which application threads were stopped: 0.0001451 seconds, Stopping threads took: 0.0000208 seconds
2017-07-03T15:47:42.215+0800: 342.563: Total time for which application threads were stopped: 0.0001863 seconds, Stopping threads took: 0.0000266 seconds
{Heap before GC invocations=33 (full 1):
 par new generation   total 109248K, used 95648K [0x00000000e0000000, 0x00000000e8000000, 0x00000000e8000000)
  eden space 87424K,  99% used [0x00000000e0000000, 0x00000000e5532b70, 0x00000000e5560000)
  from space 21824K,  38% used [0x00000000e6ab0000, 0x00000000e72e54c8, 0x00000000e8000000)
  to   space 21824K,   0% used [0x00000000e5560000, 0x00000000e5560000, 0x00000000e6ab0000)
 concurrent mark-sweep generation total 393216K, used 53428K [0x00000000e8000000, 0x0000000100000000, 0x0000000100000000)
 Metaspace       used 33463K, capacity 33852K, committed 34376K, reserved 1079296K
  class space    used 3677K, capacity 3790K, committed 3912K, reserved 1048576K
2017-07-03T15:47:42.309+0800: 342.661: [GC (Allocation Failure) 2017-07-03T15:47:42.309+0800: 342.661: [ParNew
Desired survivor size 20112992 bytes, new threshold 8 (max 8)
- age   1:    5076064 bytes,    5076064 total
- age   2:       6512 bytes,    5082576 total
- age   3:       6456 bytes,    5089032 total
- age   4:       4328 bytes,    5093360 total
- age   5:       2768 bytes,    5096128 total
- age   6:       5472 bytes,    5101600 total
- age   7:       4592 bytes,    5106192 total
- age   8:       5336 bytes,    5111528 total
: 95648K->6980K(109248K), 0.0062093 secs] 149076K->60412K(502464K), 0.0063212 secs] [Times: user=0.00 sys=0.00, real=0.00 secs] 
Heap after GC invocations=34 (full 1):
 par new generation   total 109248K, used 6980K [0x00000000e0000000, 0x00000000e8000000, 0x00000000e8000000)
  eden space 87424K,   0% used [0x00000000e0000000, 0x00000000e0000000, 0x00000000e5560000)
  from space 21824K,  31% used [0x00000000e5560000, 0x00000000e5c31040, 0x00000000e6ab0000)
  to   space 21824K,   0% used [0x00000000e6ab0000, 0x00000000e6ab0000, 0x00000000e8000000)
 concurrent mark-sweep generation total 393216K, used 53432K [0x00000000e8000000, 0x0000000100000000, 0x0000000100000000)
 Metaspace       used 33463K, capacity 33852K, committed 34376K, reserved 1079296K
  class space    used 3677K, capacity 3790K, committed 3912K, reserved 1048576K
}
2017-07-03T15:47:42.309+0800: 342.668: Total time for which application threads were stopped: 0.0066079 seconds, Stopping threads took: 0.0000397 seconds
2017-07-03T15:47:43.318+0800: 343.662: Total time for which application threads were stopped: 0.0002750 seconds, Stopping threads took: 0.0000718 seconds
2017-07-03T15:47:44.327+0800: 344.671: Total time for which application threads were stopped: 0.0002378 seconds, Stopping threads took: 0.0000737 seconds
2017-07-03T15:47:45.734+0800: 346.079: Total time for which application threads were stopped: 0.0001670 seconds, Stopping threads took: 0.0000383 seconds
{Heap before GC invocations=34 (full 1):
 par new generation   total 109248K, used 94404K [0x00000000e0000000, 0x00000000e8000000, 0x00000000e8000000)
  eden space 87424K, 100% used [0x00000000e0000000, 0x00000000e5560000, 0x00000000e5560000)
  from space 21824K,  31% used [0x00000000e5560000, 0x00000000e5c31040, 0x00000000e6ab0000)
  to   space 21824K,   0% used [0x00000000e6ab0000, 0x00000000e6ab0000, 0x00000000e8000000)
 concurrent mark-sweep generation total 393216K, used 53432K [0x00000000e8000000, 0x0000000100000000, 0x0000000100000000)
 Metaspace       used 33464K, capacity 33852K, committed 34376K, reserved 1079296K
  class space    used 3677K, capacity 3790K, committed 3912K, reserved 1048576K
2017-07-03T15:47:47.489+0800: 347.835: [GC (Allocation Failure) 2017-07-03T15:47:47.489+0800: 347.835: [ParNew
Desired survivor size 20112992 bytes, new threshold 8 (max 8)
- age   1:    3969776 bytes,    3969776 total
- age   2:      33400 bytes,    4003176 total
- age   3:       3608 bytes,    4006784 total
- age   4:       6240 bytes,    4013024 total
- age   5:       4328 bytes,    4017352 total
- age   6:       2768 bytes,    4020120 total
- age   7:       5472 bytes,    4025592 total
- age   8:       4592 bytes,    4030184 total
: 94404K->6174K(109248K), 0.0059387 secs] 147836K->59612K(502464K), 0.0059974 secs] [Times: user=0.00 sys=0.00, real=0.00 secs] 
Heap after GC invocations=35 (full 1):
 par new generation   total 109248K, used 6174K [0x00000000e0000000, 0x00000000e8000000, 0x00000000e8000000)
  eden space 87424K,   0% used [0x00000000e0000000, 0x00000000e0000000, 0x00000000e5560000)
  from space 21824K,  28% used [0x00000000e6ab0000, 0x00000000e70b7ba8, 0x00000000e8000000)
  to   space 21824K,   0% used [0x00000000e5560000, 0x00000000e5560000, 0x00000000e6ab0000)
 concurrent mark-sweep generation total 393216K, used 53437K [0x00000000e8000000, 0x0000000100000000, 0x0000000100000000)
 Metaspace       used 33464K, capacity 33852K, committed 34376K, reserved 1079296K
  class space    used 3677K, capacity 3790K, committed 3912K, reserved 1048576K
}
2017-07-03T15:47:47.489+0800: 347.841: Total time for which application threads were stopped: 0.0061812 seconds, Stopping threads took: 0.0000328 seconds
2017-07-03T15:47:49.033+0800: 349.378: Total time for which application threads were stopped: 0.0001798 seconds, Stopping threads took: 0.0000292 seconds
2017-07-03T15:47:52.396+0800: 352.744: Total time for which application threads were stopped: 0.0002028 seconds, Stopping threads took: 0.0000204 seconds
{Heap before GC invocations=35 (full 1):
 par new generation   total 109248K, used 93598K [0x00000000e0000000, 0x00000000e8000000, 0x00000000e8000000)
  eden space 87424K, 100% used [0x00000000e0000000, 0x00000000e5560000, 0x00000000e5560000)
  from space 21824K,  28% used [0x00000000e6ab0000, 0x00000000e70b7ba8, 0x00000000e8000000)
  to   space 21824K,   0% used [0x00000000e5560000, 0x00000000e5560000, 0x00000000e6ab0000)
 concurrent mark-sweep generation total 393216K, used 53437K [0x00000000e8000000, 0x0000000100000000, 0x0000000100000000)
 Metaspace       used 33464K, capacity 33852K, committed 34376K, reserved 1079296K
  class space    used 3677K, capacity 3790K, committed 3912K, reserved 1048576K
2017-07-03T15:47:52.474+0800: 352.832: [GC (Allocation Failure) 2017-07-03T15:47:52.474+0800: 352.832: [ParNew
Desired survivor size 20112992 bytes, new threshold 8 (max 8)
- age   1:    6763336 bytes,    6763336 total
- age   2:       4952 bytes,    6768288 total
- age   3:       6584 bytes,    6774872 total
- age   4:       3032 bytes,    6777904 total
- age   5:       6240 bytes,    6784144 total
- age   6:       4328 bytes,    6788472 total
- age   7:       2768 bytes,    6791240 total
- age   8:       5472 bytes,    6796712 total
: 93598K->7641K(109248K), 0.0059281 secs] 147036K->61083K(502464K), 0.0059887 secs] [Times: user=0.06 sys=0.00, real=0.02 secs] 
Heap after GC invocations=36 (full 1):
 par new generation   total 109248K, used 7641K [0x00000000e0000000, 0x00000000e8000000, 0x00000000e8000000)
  eden space 87424K,   0% used [0x00000000e0000000, 0x00000000e0000000, 0x00000000e5560000)
  from space 21824K,  35% used [0x00000000e5560000, 0x00000000e5cd66d8, 0x00000000e6ab0000)
  to   space 21824K,   0% used [0x00000000e6ab0000, 0x00000000e6ab0000, 0x00000000e8000000)
 concurrent mark-sweep generation total 393216K, used 53441K [0x00000000e8000000, 0x0000000100000000, 0x0000000100000000)
 Metaspace       used 33464K, capacity 33852K, committed 34376K, reserved 1079296K
  class space    used 3677K, capacity 3790K, committed 3912K, reserved 1048576K
}
2017-07-03T15:47:52.490+0800: 352.838: Total time for which application threads were stopped: 0.0061724 seconds, Stopping threads took: 0.0000335 seconds
2017-07-03T15:47:53.499+0800: 353.843: Total time for which application threads were stopped: 0.0002330 seconds, Stopping threads took: 0.0000576 seconds
2017-07-03T15:47:54.508+0800: 354.852: Total time for which application threads were stopped: 0.0001823 seconds, Stopping threads took: 0.0000514 seconds
2017-07-03T15:47:55.470+0800: 355.818: Total time for which application threads were stopped: 0.0001368 seconds, Stopping threads took: 0.0000270 seconds
2017-07-03T15:47:56.471+0800: 356.815: Total time for which application threads were stopped: 0.0000821 seconds, Stopping threads took: 0.0000201 seconds
2017-07-03T15:47:57.479+0800: 357.824: Total time for which application threads were stopped: 0.0001696 seconds, Stopping threads took: 0.0000449 seconds
2017-07-03T15:47:58.565+0800: 358.913: Total time for which application threads were stopped: 0.0001674 seconds, Stopping threads took: 0.0000237 seconds
{Heap before GC invocations=36 (full 1):
 par new generation   total 109248K, used 95065K [0x00000000e0000000, 0x00000000e8000000, 0x00000000e8000000)
  eden space 87424K, 100% used [0x00000000e0000000, 0x00000000e5560000, 0x00000000e5560000)
  from space 21824K,  35% used [0x00000000e5560000, 0x00000000e5cd66d8, 0x00000000e6ab0000)
  to   space 21824K,   0% used [0x00000000e6ab0000, 0x00000000e6ab0000, 0x00000000e8000000)
 concurrent mark-sweep generation total 393216K, used 53441K [0x00000000e8000000, 0x0000000100000000, 0x0000000100000000)
 Metaspace       used 33464K, capacity 33852K, committed 34376K, reserved 1079296K
  class space    used 3677K, capacity 3790K, committed 3912K, reserved 1048576K
2017-07-03T15:47:58.628+0800: 358.974: [GC (Allocation Failure) 2017-07-03T15:47:58.628+0800: 358.974: [ParNew
Desired survivor size 20112992 bytes, new threshold 8 (max 8)
- age   1:    5994744 bytes,    5994744 total
- age   2:      31640 bytes,    6026384 total
- age   3:       4040 bytes,    6030424 total
- age   4:       5648 bytes,    6036072 total
- age   5:       3032 bytes,    6039104 total
- age   6:       5376 bytes,    6044480 total
- age   7:       4328 bytes,    6048808 total
- age   8:       2768 bytes,    6051576 total
: 95065K->8728K(109248K), 0.0060816 secs] 148507K->62175K(502464K), 0.0061579 secs] [Times: user=0.00 sys=0.00, real=0.00 secs] 
Heap after GC invocations=37 (full 1):
 par new generation   total 109248K, used 8728K [0x00000000e0000000, 0x00000000e8000000, 0x00000000e8000000)
  eden space 87424K,   0% used [0x00000000e0000000, 0x00000000e0000000, 0x00000000e5560000)
  from space 21824K,  39% used [0x00000000e6ab0000, 0x00000000e73360b8, 0x00000000e8000000)
  to   space 21824K,   0% used [0x00000000e5560000, 0x00000000e5560000, 0x00000000e6ab0000)
 concurrent mark-sweep generation total 393216K, used 53447K [0x00000000e8000000, 0x0000000100000000, 0x0000000100000000)
 Metaspace       used 33464K, capacity 33852K, committed 34376K, reserved 1079296K
  class space    used 3677K, capacity 3790K, committed 3912K, reserved 1048576K
}
2017-07-03T15:47:58.628+0800: 358.981: Total time for which application threads were stopped: 0.0063333 seconds, Stopping threads took: 0.0000208 seconds
2017-07-03T15:47:59.631+0800: 359.976: Total time for which application threads were stopped: 0.0002483 seconds, Stopping threads took: 0.0000671 seconds
2017-07-03T15:48:01.650+0800: 361.994: Total time for which application threads were stopped: 0.0002797 seconds, Stopping threads took: 0.0000996 seconds
2017-07-03T15:48:01.744+0800: 362.092: Total time for which application threads were stopped: 0.0002006 seconds, Stopping threads took: 0.0000332 seconds
{Heap before GC invocations=37 (full 1):
 par new generation   total 109248K, used 96152K [0x00000000e0000000, 0x00000000e8000000, 0x00000000e8000000)
  eden space 87424K, 100% used [0x00000000e0000000, 0x00000000e5560000, 0x00000000e5560000)
  from space 21824K,  39% used [0x00000000e6ab0000, 0x00000000e73360b8, 0x00000000e8000000)
  to   space 21824K,   0% used [0x00000000e5560000, 0x00000000e5560000, 0x00000000e6ab0000)
 concurrent mark-sweep generation total 393216K, used 53447K [0x00000000e8000000, 0x0000000100000000, 0x0000000100000000)
 Metaspace       used 33464K, capacity 33852K, committed 34376K, reserved 1079296K
  class space    used 3677K, capacity 3790K, committed 3912K, reserved 1048576K
2017-07-03T15:48:02.759+0800: 363.104: [GC (Allocation Failure) 2017-07-03T15:48:02.759+0800: 363.104: [ParNew
Desired survivor size 20112992 bytes, new threshold 8 (max 8)
- age   1:    4128472 bytes,    4128472 total
- age   2:      34896 bytes,    4163368 total
- age   3:       5112 bytes,    4168480 total
- age   4:       3248 bytes,    4171728 total
- age   5:       5648 bytes,    4177376 total
- age   6:       2912 bytes,    4180288 total
- age   7:       5376 bytes,    4185664 total
- age   8:       4328 bytes,    4189992 total
: 96152K->6060K(109248K), 0.0058559 secs] 149599K->59510K(502464K), 0.0059646 secs] [Times: user=0.00 sys=0.00, real=0.00 secs] 
Heap after GC invocations=38 (full 1):
 par new generation   total 109248K, used 6060K [0x00000000e0000000, 0x00000000e8000000, 0x00000000e8000000)
  eden space 87424K,   0% used [0x00000000e0000000, 0x00000000e0000000, 0x00000000e5560000)
  from space 21824K,  27% used [0x00000000e5560000, 0x00000000e5b4b138, 0x00000000e6ab0000)
  to   space 21824K,   0% used [0x00000000e6ab0000, 0x00000000e6ab0000, 0x00000000e8000000)
 concurrent mark-sweep generation total 393216K, used 53450K [0x00000000e8000000, 0x0000000100000000, 0x0000000100000000)
 Metaspace       used 33464K, capacity 33852K, committed 34376K, reserved 1079296K
  class space    used 3677K, capacity 3790K, committed 3912K, reserved 1048576K
}
2017-07-03T15:48:02.759+0800: 363.110: Total time for which application threads were stopped: 0.0062096 seconds, Stopping threads took: 0.0000288 seconds
2017-07-03T15:48:05.026+0800: 365.374: Total time for which application threads were stopped: 0.0002297 seconds, Stopping threads took: 0.0000930 seconds
2017-07-03T15:48:06.026+0800: 366.371: Total time for which application threads were stopped: 0.0001703 seconds, Stopping threads took: 0.0000470 seconds
2017-07-03T15:48:08.693+0800: 369.043: Total time for which application threads were stopped: 0.0002739 seconds, Stopping threads took: 0.0000449 seconds
{Heap before GC invocations=38 (full 1):
 par new generation   total 109248K, used 93484K [0x00000000e0000000, 0x00000000e8000000, 0x00000000e8000000)
  eden space 87424K, 100% used [0x00000000e0000000, 0x00000000e5560000, 0x00000000e5560000)
  from space 21824K,  27% used [0x00000000e5560000, 0x00000000e5b4b138, 0x00000000e6ab0000)
  to   space 21824K,   0% used [0x00000000e6ab0000, 0x00000000e6ab0000, 0x00000000e8000000)
 concurrent mark-sweep generation total 393216K, used 53450K [0x00000000e8000000, 0x0000000100000000, 0x0000000100000000)
 Metaspace       used 33467K, capacity 33852K, committed 34376K, reserved 1079296K
  class space    used 3677K, capacity 3790K, committed 3912K, reserved 1048576K
2017-07-03T15:48:08.802+0800: 369.153: [GC (Allocation Failure) 2017-07-03T15:48:08.802+0800: 369.153: [ParNew
Desired survivor size 20112992 bytes, new threshold 8 (max 8)
- age   1:    6959416 bytes,    6959416 total
- age   2:       9408 bytes,    6968824 total
- age   3:       8224 bytes,    6977048 total
- age   4:       4176 bytes,    6981224 total
- age   5:       3248 bytes,    6984472 total
- age   6:       5648 bytes,    6990120 total
- age   7:       2912 bytes,    6993032 total
- age   8:       5376 bytes,    6998408 total
: 93484K->7864K(109248K), 0.0063355 secs] 146934K->61318K(502464K), 0.0064007 secs] [Times: user=0.00 sys=0.00, real=0.00 secs] 
Heap after GC invocations=39 (full 1):
 par new generation   total 109248K, used 7864K [0x00000000e0000000, 0x00000000e8000000, 0x00000000e8000000)
  eden space 87424K,   0% used [0x00000000e0000000, 0x00000000e0000000, 0x00000000e5560000)
  from space 21824K,  36% used [0x00000000e6ab0000, 0x00000000e725e280, 0x00000000e8000000)
  to   space 21824K,   0% used [0x00000000e5560000, 0x00000000e5560000, 0x00000000e6ab0000)
 concurrent mark-sweep generation total 393216K, used 53454K [0x00000000e8000000, 0x0000000100000000, 0x0000000100000000)
 Metaspace       used 33467K, capacity 33852K, committed 34376K, reserved 1079296K
  class space    used 3677K, capacity 3790K, committed 3912K, reserved 1048576K
}
2017-07-03T15:48:08.802+0800: 369.159: Total time for which application threads were stopped: 0.0065816 seconds, Stopping threads took: 0.0000339 seconds
2017-07-03T15:48:09.811+0800: 370.156: Total time for which application threads were stopped: 0.0002440 seconds, Stopping threads took: 0.0000653 seconds
2017-07-03T15:48:12.297+0800: 372.645: Total time for which application threads were stopped: 0.0002039 seconds, Stopping threads took: 0.0000368 seconds
{Heap before GC invocations=39 (full 1):
 par new generation   total 109248K, used 95288K [0x00000000e0000000, 0x00000000e8000000, 0x00000000e8000000)
  eden space 87424K, 100% used [0x00000000e0000000, 0x00000000e5560000, 0x00000000e5560000)
  from space 21824K,  36% used [0x00000000e6ab0000, 0x00000000e725e280, 0x00000000e8000000)
  to   space 21824K,   0% used [0x00000000e5560000, 0x00000000e5560000, 0x00000000e6ab0000)
 concurrent mark-sweep generation total 393216K, used 53454K [0x00000000e8000000, 0x0000000100000000, 0x0000000100000000)
 Metaspace       used 33467K, capacity 33852K, committed 34376K, reserved 1079296K
  class space    used 3677K, capacity 3790K, committed 3912K, reserved 1048576K
2017-07-03T15:48:14.861+0800: 375.208: [GC (Allocation Failure) 2017-07-03T15:48:14.861+0800: 375.208: [ParNew
Desired survivor size 20112992 bytes, new threshold 8 (max 8)
- age   1:    4590648 bytes,    4590648 total
- age   2:      32128 bytes,    4622776 total
- age   3:       3288 bytes,    4626064 total
- age   4:       7144 bytes,    4633208 total
- age   5:       4176 bytes,    4637384 total
- age   6:       3248 bytes,    4640632 total
- age   7:       5648 bytes,    4646280 total
- age   8:       2912 bytes,    4649192 total
: 95288K->8516K(109248K), 0.0054635 secs] 148742K->61976K(502464K), 0.0055321 secs] [Times: user=0.00 sys=0.00, real=0.00 secs] 
Heap after GC invocations=40 (full 1):
 par new generation   total 109248K, used 8516K [0x00000000e0000000, 0x00000000e8000000, 0x00000000e8000000)
  eden space 87424K,   0% used [0x00000000e0000000, 0x00000000e0000000, 0x00000000e5560000)
  from space 21824K,  39% used [0x00000000e5560000, 0x00000000e5db1310, 0x00000000e6ab0000)
  to   space 21824K,   0% used [0x00000000e6ab0000, 0x00000000e6ab0000, 0x00000000e8000000)
 concurrent mark-sweep generation total 393216K, used 53459K [0x00000000e8000000, 0x0000000100000000, 0x0000000100000000)
 Metaspace       used 33467K, capacity 33852K, committed 34376K, reserved 1079296K
  class space    used 3677K, capacity 3790K, committed 3912K, reserved 1048576K
}
2017-07-03T15:48:14.861+0800: 375.213: Total time for which application threads were stopped: 0.0056914 seconds, Stopping threads took: 0.0000201 seconds
2017-07-03T15:48:15.634+0800: 375.982: Total time for which application threads were stopped: 0.0002108 seconds, Stopping threads took: 0.0000434 seconds
2017-07-03T15:48:17.641+0800: 377.986: Total time for which application threads were stopped: 0.0001572 seconds, Stopping threads took: 0.0000408 seconds
2017-07-03T15:48:18.605+0800: 378.952: Total time for which application threads were stopped: 0.0001404 seconds, Stopping threads took: 0.0000226 seconds
{Heap before GC invocations=40 (full 1):
 par new generation   total 109248K, used 95940K [0x00000000e0000000, 0x00000000e8000000, 0x00000000e8000000)
  eden space 87424K, 100% used [0x00000000e0000000, 0x00000000e5560000, 0x00000000e5560000)
  from space 21824K,  39% used [0x00000000e5560000, 0x00000000e5db1310, 0x00000000e6ab0000)
  to   space 21824K,   0% used [0x00000000e6ab0000, 0x00000000e6ab0000, 0x00000000e8000000)
 concurrent mark-sweep generation total 393216K, used 53459K [0x00000000e8000000, 0x0000000100000000, 0x0000000100000000)
 Metaspace       used 33468K, capacity 33852K, committed 34376K, reserved 1079296K
  class space    used 3677K, capacity 3790K, committed 3912K, reserved 1048576K
2017-07-03T15:48:18.761+0800: 379.115: [GC (Allocation Failure) 2017-07-03T15:48:18.761+0800: 379.115: [ParNew
Desired survivor size 20112992 bytes, new threshold 8 (max 8)
- age   1:    7537328 bytes,    7537328 total
- age   2:       5480 bytes,    7542808 total
- age   3:       5456 bytes,    7548264 total
- age   4:       2640 bytes,    7550904 total
- age   5:       7144 bytes,    7558048 total
- age   6:       4176 bytes,    7562224 total
- age   7:       3248 bytes,    7565472 total
- age   8:       5648 bytes,    7571120 total
: 95940K->8579K(109248K), 0.0072953 secs] 149400K->62041K(502464K), 0.0073770 secs] [Times: user=0.00 sys=0.00, real=0.02 secs] 
Heap after GC invocations=41 (full 1):
 par new generation   total 109248K, used 8579K [0x00000000e0000000, 0x00000000e8000000, 0x00000000e8000000)
  eden space 87424K,   0% used [0x00000000e0000000, 0x00000000e0000000, 0x00000000e5560000)
  from space 21824K,  39% used [0x00000000e6ab0000, 0x00000000e7310d50, 0x00000000e8000000)
  to   space 21824K,   0% used [0x00000000e5560000, 0x00000000e5560000, 0x00000000e6ab0000)
 concurrent mark-sweep generation total 393216K, used 53462K [0x00000000e8000000, 0x0000000100000000, 0x0000000100000000)
 Metaspace       used 33468K, capacity 33852K, committed 34376K, reserved 1079296K
  class space    used 3677K, capacity 3790K, committed 3912K, reserved 1048576K
}
2017-07-03T15:48:18.776+0800: 379.123: Total time for which application threads were stopped: 0.0075969 seconds, Stopping threads took: 0.0000445 seconds
2017-07-03T15:48:20.304+0800: 380.650: Total time for which application threads were stopped: 0.0002068 seconds, Stopping threads took: 0.0000511 seconds
2017-07-03T15:48:21.313+0800: 381.657: Total time for which application threads were stopped: 0.0001849 seconds, Stopping threads took: 0.0000543 seconds
2017-07-03T15:48:21.711+0800: 382.060: Total time for which application threads were stopped: 0.0002013 seconds, Stopping threads took: 0.0000339 seconds
2017-07-03T15:48:22.719+0800: 383.064: Total time for which application threads were stopped: 0.0002593 seconds, Stopping threads took: 0.0000689 seconds
2017-07-03T15:48:24.739+0800: 385.083: Total time for which application threads were stopped: 0.0002757 seconds, Stopping threads took: 0.0000740 seconds
2017-07-03T15:48:25.310+0800: 385.657: Total time for which application threads were stopped: 0.0002462 seconds, Stopping threads took: 0.0000383 seconds
{Heap before GC invocations=41 (full 1):
 par new generation   total 109248K, used 96003K [0x00000000e0000000, 0x00000000e8000000, 0x00000000e8000000)
  eden space 87424K, 100% used [0x00000000e0000000, 0x00000000e5560000, 0x00000000e5560000)
  from space 21824K,  39% used [0x00000000e6ab0000, 0x00000000e7310d50, 0x00000000e8000000)
  to   space 21824K,   0% used [0x00000000e5560000, 0x00000000e5560000, 0x00000000e6ab0000)
 concurrent mark-sweep generation total 393216K, used 53462K [0x00000000e8000000, 0x0000000100000000, 0x0000000100000000)
 Metaspace       used 33468K, capacity 33852K, committed 34376K, reserved 1079296K
  class space    used 3677K, capacity 3790K, committed 3912K, reserved 1048576K
2017-07-03T15:48:25.357+0800: 385.714: [GC (Allocation Failure) 2017-07-03T15:48:25.357+0800: 385.714: [ParNew
Desired survivor size 20112992 bytes, new threshold 8 (max 8)
- age   1:    6479056 bytes,    6479056 total
- age   2:      31696 bytes,    6510752 total
- age   3:       4496 bytes,    6515248 total
- age   4:       4520 bytes,    6519768 total
- age   5:       2640 bytes,    6522408 total
- age   6:       7144 bytes,    6529552 total
- age   7:       4176 bytes,    6533728 total
- age   8:       3248 bytes,    6536976 total
: 96003K->10613K(109248K), 0.0060142 secs] 149465K->64081K(502464K), 0.0060671 secs] [Times: user=0.06 sys=0.00, real=0.01 secs] 
Heap after GC invocations=42 (full 1):
 par new generation   total 109248K, used 10613K [0x00000000e0000000, 0x00000000e8000000, 0x00000000e8000000)
  eden space 87424K,   0% used [0x00000000e0000000, 0x00000000e0000000, 0x00000000e5560000)
  from space 21824K,  48% used [0x00000000e5560000, 0x00000000e5fbd6c8, 0x00000000e6ab0000)
  to   space 21824K,   0% used [0x00000000e6ab0000, 0x00000000e6ab0000, 0x00000000e8000000)
 concurrent mark-sweep generation total 393216K, used 53467K [0x00000000e8000000, 0x0000000100000000, 0x0000000100000000)
 Metaspace       used 33468K, capacity 33852K, committed 34376K, reserved 1079296K
  class space    used 3677K, capacity 3790K, committed 3912K, reserved 1048576K
}
2017-07-03T15:48:25.372+0800: 385.720: Total time for which application threads were stopped: 0.0062414 seconds, Stopping threads took: 0.0000299 seconds
2017-07-03T15:48:27.391+0800: 387.735: Total time for which application threads were stopped: 0.0002265 seconds, Stopping threads took: 0.0000478 seconds
2017-07-03T15:48:29.409+0800: 389.753: Total time for which application threads were stopped: 0.0001579 seconds, Stopping threads took: 0.0000456 seconds
2017-07-03T15:48:29.409+0800: 389.756: Total time for which application threads were stopped: 0.0001874 seconds, Stopping threads took: 0.0000408 seconds
{Heap before GC invocations=42 (full 1):
 par new generation   total 109248K, used 98037K [0x00000000e0000000, 0x00000000e8000000, 0x00000000e8000000)
  eden space 87424K, 100% used [0x00000000e0000000, 0x00000000e5560000, 0x00000000e5560000)
  from space 21824K,  48% used [0x00000000e5560000, 0x00000000e5fbd6c8, 0x00000000e6ab0000)
  to   space 21824K,   0% used [0x00000000e6ab0000, 0x00000000e6ab0000, 0x00000000e8000000)
 concurrent mark-sweep generation total 393216K, used 53467K [0x00000000e8000000, 0x0000000100000000, 0x0000000100000000)
 Metaspace       used 33478K, capacity 33852K, committed 34376K, reserved 1079296K
  class space    used 3677K, capacity 3790K, committed 3912K, reserved 1048576K
2017-07-03T15:48:29.846+0800: 390.203: [GC (Allocation Failure) 2017-07-03T15:48:29.846+0800: 390.203: [ParNew
Desired survivor size 20112992 bytes, new threshold 8 (max 8)
- age   1:    4237352 bytes,    4237352 total
- age   2:      98568 bytes,    4335920 total
- age   3:       5240 bytes,    4341160 total
- age   4:       3632 bytes,    4344792 total
- age   5:       4520 bytes,    4349312 total
- age   6:       2640 bytes,    4351952 total
- age   7:       6280 bytes,    4358232 total
- age   8:       4176 bytes,    4362408 total
: 98037K->7002K(109248K), 0.0071177 secs] 151505K->60473K(502464K), 0.0071720 secs] [Times: user=0.06 sys=0.00, real=0.02 secs] 
Heap after GC invocations=43 (full 1):
 par new generation   total 109248K, used 7002K [0x00000000e0000000, 0x00000000e8000000, 0x00000000e8000000)
  eden space 87424K,   0% used [0x00000000e0000000, 0x00000000e0000000, 0x00000000e5560000)
  from space 21824K,  32% used [0x00000000e6ab0000, 0x00000000e7186968, 0x00000000e8000000)
  to   space 21824K,   0% used [0x00000000e5560000, 0x00000000e5560000, 0x00000000e6ab0000)
 concurrent mark-sweep generation total 393216K, used 53470K [0x00000000e8000000, 0x0000000100000000, 0x0000000100000000)
 Metaspace       used 33478K, capacity 33852K, committed 34376K, reserved 1079296K
  class space    used 3677K, capacity 3790K, committed 3912K, reserved 1048576K
}
2017-07-03T15:48:29.862+0800: 390.210: Total time for which application threads were stopped: 0.0073762 seconds, Stopping threads took: 0.0000208 seconds
2017-07-03T15:48:30.871+0800: 391.216: Total time for which application threads were stopped: 0.0002957 seconds, Stopping threads took: 0.0000653 seconds
2017-07-03T15:48:31.881+0800: 392.225: Total time for which application threads were stopped: 0.0002049 seconds, Stopping threads took: 0.0000496 seconds
2017-07-03T15:48:32.750+0800: 393.098: Total time for which application threads were stopped: 0.0001313 seconds, Stopping threads took: 0.0000284 seconds
2017-07-03T15:48:33.764+0800: 394.109: Total time for which application threads were stopped: 0.0002458 seconds, Stopping threads took: 0.0000602 seconds
2017-07-03T15:48:36.104+0800: 396.451: Total time for which application threads were stopped: 0.0001969 seconds, Stopping threads took: 0.0000215 seconds
2017-07-03T15:48:36.104+0800: 396.452: Total time for which application threads were stopped: 0.0003731 seconds, Stopping threads took: 0.0000328 seconds
{Heap before GC invocations=43 (full 1):
 par new generation   total 109248K, used 94426K [0x00000000e0000000, 0x00000000e8000000, 0x00000000e8000000)
  eden space 87424K, 100% used [0x00000000e0000000, 0x00000000e5560000, 0x00000000e5560000)
  from space 21824K,  32% used [0x00000000e6ab0000, 0x00000000e7186968, 0x00000000e8000000)
  to   space 21824K,   0% used [0x00000000e5560000, 0x00000000e5560000, 0x00000000e6ab0000)
 concurrent mark-sweep generation total 393216K, used 53470K [0x00000000e8000000, 0x0000000100000000, 0x0000000100000000)
 Metaspace       used 33480K, capacity 33852K, committed 34376K, reserved 1079296K
  class space    used 3677K, capacity 3790K, committed 3912K, reserved 1048576K
2017-07-03T15:48:36.198+0800: 396.549: [GC (Allocation Failure) 2017-07-03T15:48:36.198+0800: 396.549: [ParNew
Desired survivor size 20112992 bytes, new threshold 8 (max 8)
- age   1:    7298592 bytes,    7298592 total
- age   2:      12208 bytes,    7310800 total
- age   3:       4608 bytes,    7315408 total
- age   4:       4376 bytes,    7319784 total
- age   5:       3632 bytes,    7323416 total
- age   6:       4520 bytes,    7327936 total
- age   7:       2520 bytes,    7330456 total
- age   8:       6280 bytes,    7336736 total
: 94426K->8025K(109248K), 0.0062275 secs] 147897K->61500K(502464K), 0.0063048 secs] [Times: user=0.00 sys=0.00, real=0.00 secs] 
Heap after GC invocations=44 (full 1):
 par new generation   total 109248K, used 8025K [0x00000000e0000000, 0x00000000e8000000, 0x00000000e8000000)
  eden space 87424K,   0% used [0x00000000e0000000, 0x00000000e0000000, 0x00000000e5560000)
  from space 21824K,  36% used [0x00000000e5560000, 0x00000000e5d36440, 0x00000000e6ab0000)
  to   space 21824K,   0% used [0x00000000e6ab0000, 0x00000000e6ab0000, 0x00000000e8000000)
 concurrent mark-sweep generation total 393216K, used 53475K [0x00000000e8000000, 0x0000000100000000, 0x0000000100000000)
 Metaspace       used 33480K, capacity 33852K, committed 34376K, reserved 1079296K
  class space    used 3677K, capacity 3790K, committed 3912K, reserved 1048576K
}
2017-07-03T15:48:36.198+0800: 396.555: Total time for which application threads were stopped: 0.0065324 seconds, Stopping threads took: 0.0000222 seconds
2017-07-03T15:48:39.651+0800: 399.998: Total time for which application threads were stopped: 0.0002374 seconds, Stopping threads took: 0.0000598 seconds
2017-07-03T15:48:40.660+0800: 401.005: Total time for which application threads were stopped: 0.0003348 seconds, Stopping threads took: 0.0000660 seconds
{Heap before GC invocations=44 (full 1):
 par new generation   total 109248K, used 95449K [0x00000000e0000000, 0x00000000e8000000, 0x00000000e8000000)
  eden space 87424K, 100% used [0x00000000e0000000, 0x00000000e5560000, 0x00000000e5560000)
  from space 21824K,  36% used [0x00000000e5560000, 0x00000000e5d36440, 0x00000000e6ab0000)
  to   space 21824K,   0% used [0x00000000e6ab0000, 0x00000000e6ab0000, 0x00000000e8000000)
 concurrent mark-sweep generation total 393216K, used 53475K [0x00000000e8000000, 0x0000000100000000, 0x0000000100000000)
 Metaspace       used 33480K, capacity 33852K, committed 34376K, reserved 1079296K
  class space    used 3677K, capacity 3790K, committed 3912K, reserved 1048576K
2017-07-03T15:48:42.287+0800: 402.634: [GC (Allocation Failure) 2017-07-03T15:48:42.287+0800: 402.634: [ParNew
Desired survivor size 20112992 bytes, new threshold 8 (max 8)
- age   1:    4551400 bytes,    4551400 total
- age   2:      31752 bytes,    4583152 total
- age   3:       6312 bytes,    4589464 total
- age   4:       3816 bytes,    4593280 total
- age   5:       4376 bytes,    4597656 total
- age   6:       3632 bytes,    4601288 total
- age   7:       4520 bytes,    4605808 total
- age   8:       2520 bytes,    4608328 total
: 95449K->8535K(109248K), 0.0056276 secs] 148924K->62016K(502464K), 0.0056783 secs] [Times: user=0.00 sys=0.00, real=0.00 secs] 
Heap after GC invocations=45 (full 1):
 par new generation   total 109248K, used 8535K [0x00000000e0000000, 0x00000000e8000000, 0x00000000e8000000)
  eden space 87424K,   0% used [0x00000000e0000000, 0x00000000e0000000, 0x00000000e5560000)
  from space 21824K,  39% used [0x00000000e6ab0000, 0x00000000e7305e10, 0x00000000e8000000)
  to   space 21824K,   0% used [0x00000000e5560000, 0x00000000e5560000, 0x00000000e6ab0000)
 concurrent mark-sweep generation total 393216K, used 53481K [0x00000000e8000000, 0x0000000100000000, 0x0000000100000000)
 Metaspace       used 33480K, capacity 33852K, committed 34376K, reserved 1079296K
  class space    used 3677K, capacity 3790K, committed 3912K, reserved 1048576K
}
2017-07-03T15:48:42.287+0800: 402.639: Total time for which application threads were stopped: 0.0058417 seconds, Stopping threads took: 0.0000160 seconds
2017-07-03T15:48:42.834+0800: 403.181: Total time for which application threads were stopped: 0.0001816 seconds, Stopping threads took: 0.0000255 seconds
2017-07-03T15:48:43.842+0800: 404.187: Total time for which application threads were stopped: 0.0002801 seconds, Stopping threads took: 0.0000638 seconds
2017-07-03T15:48:46.740+0800: 407.091: Total time for which application threads were stopped: 0.0003935 seconds, Stopping threads took: 0.0001419 seconds
{Heap before GC invocations=45 (full 1):
 par new generation   total 109248K, used 95952K [0x00000000e0000000, 0x00000000e8000000, 0x00000000e8000000)
  eden space 87424K,  99% used [0x00000000e0000000, 0x00000000e555e458, 0x00000000e5560000)
  from space 21824K,  39% used [0x00000000e6ab0000, 0x00000000e7305e10, 0x00000000e8000000)
  to   space 21824K,   0% used [0x00000000e5560000, 0x00000000e5560000, 0x00000000e6ab0000)
 concurrent mark-sweep generation total 393216K, used 53481K [0x00000000e8000000, 0x0000000100000000, 0x0000000100000000)
 Metaspace       used 33480K, capacity 33852K, committed 34376K, reserved 1079296K
  class space    used 3677K, capacity 3790K, committed 3912K, reserved 1048576K
2017-07-03T15:48:46.818+0800: 407.174: [GC (Allocation Failure) 2017-07-03T15:48:46.818+0800: 407.174: [ParNew
Desired survivor size 20112992 bytes, new threshold 8 (max 8)
- age   1:    7854504 bytes,    7854504 total
- age   2:      29600 bytes,    7884104 total
- age   3:       5008 bytes,    7889112 total
- age   4:       5808 bytes,    7894920 total
- age   5:       3816 bytes,    7898736 total
- age   6:       4376 bytes,    7903112 total
- age   7:       3632 bytes,    7906744 total
- age   8:       4520 bytes,    7911264 total
: 95952K->9193K(109248K), 0.0059704 secs] 149433K->62677K(502464K), 0.0060550 secs] [Times: user=0.00 sys=0.00, real=0.02 secs] 
Heap after GC invocations=46 (full 1):
 par new generation   total 109248K, used 9193K [0x00000000e0000000, 0x00000000e8000000, 0x00000000e8000000)
  eden space 87424K,   0% used [0x00000000e0000000, 0x00000000e0000000, 0x00000000e5560000)
  from space 21824K,  42% used [0x00000000e5560000, 0x00000000e5e5a6a0, 0x00000000e6ab0000)
  to   space 21824K,   0% used [0x00000000e6ab0000, 0x00000000e6ab0000, 0x00000000e8000000)
 concurrent mark-sweep generation total 393216K, used 53483K [0x00000000e8000000, 0x0000000100000000, 0x0000000100000000)
 Metaspace       used 33480K, capacity 33852K, committed 34376K, reserved 1079296K
  class space    used 3677K, capacity 3790K, committed 3912K, reserved 1048576K
}
2017-07-03T15:48:46.834+0800: 407.180: Total time for which application threads were stopped: 0.0062363 seconds, Stopping threads took: 0.0000248 seconds
2017-07-03T15:48:50.040+0800: 410.388: Total time for which application threads were stopped: 0.0001561 seconds, Stopping threads took: 0.0000259 seconds
2017-07-03T15:48:53.593+0800: 413.941: Total time for which application threads were stopped: 0.0001845 seconds, Stopping threads took: 0.0000241 seconds
{Heap before GC invocations=46 (full 1):
 par new generation   total 109248K, used 96617K [0x00000000e0000000, 0x00000000e8000000, 0x00000000e8000000)
  eden space 87424K, 100% used [0x00000000e0000000, 0x00000000e5560000, 0x00000000e5560000)
  from space 21824K,  42% used [0x00000000e5560000, 0x00000000e5e5a6a0, 0x00000000e6ab0000)
  to   space 21824K,   0% used [0x00000000e6ab0000, 0x00000000e6ab0000, 0x00000000e8000000)
 concurrent mark-sweep generation total 393216K, used 53483K [0x00000000e8000000, 0x0000000100000000, 0x0000000100000000)
 Metaspace       used 33480K, capacity 33852K, committed 34376K, reserved 1079296K
  class space    used 3677K, capacity 3790K, committed 3912K, reserved 1048576K
2017-07-03T15:48:53.702+0800: 414.053: [GC (Allocation Failure) 2017-07-03T15:48:53.702+0800: 414.053: [ParNew
Desired survivor size 20112992 bytes, new threshold 8 (max 8)
- age   1:    6866072 bytes,    6866072 total
- age   2:      29528 bytes,    6895600 total
- age   3:       9264 bytes,    6904864 total
- age   4:       4072 bytes,    6908936 total
- age   5:       5808 bytes,    6914744 total
- age   6:       3816 bytes,    6918560 total
- age   7:       4376 bytes,    6922936 total
- age   8:       3632 bytes,    6926568 total
: 96617K->10963K(109248K), 0.0069146 secs] 150101K->64451K(502464K), 0.0069879 secs] [Times: user=0.00 sys=0.00, real=0.00 secs] 
Heap after GC invocations=47 (full 1):
 par new generation   total 109248K, used 10963K [0x00000000e0000000, 0x00000000e8000000, 0x00000000e8000000)
  eden space 87424K,   0% used [0x00000000e0000000, 0x00000000e0000000, 0x00000000e5560000)
  from space 21824K,  50% used [0x00000000e6ab0000, 0x00000000e7564f00, 0x00000000e8000000)
  to   space 21824K,   0% used [0x00000000e5560000, 0x00000000e5560000, 0x00000000e6ab0000)
 concurrent mark-sweep generation total 393216K, used 53488K [0x00000000e8000000, 0x0000000100000000, 0x0000000100000000)
 Metaspace       used 33480K, capacity 33852K, committed 34376K, reserved 1079296K
  class space    used 3677K, capacity 3790K, committed 3912K, reserved 1048576K
}
2017-07-03T15:48:53.702+0800: 414.061: Total time for which application threads were stopped: 0.0071990 seconds, Stopping threads took: 0.0000266 seconds
2017-07-03T15:48:54.946+0800: 415.292: Total time for which application threads were stopped: 0.0001714 seconds, Stopping threads took: 0.0000357 seconds
2017-07-03T15:48:55.956+0800: 416.300: Total time for which application threads were stopped: 0.0002556 seconds, Stopping threads took: 0.0000904 seconds
2017-07-03T15:48:57.353+0800: 417.701: Total time for which application threads were stopped: 0.0001254 seconds, Stopping threads took: 0.0000263 seconds
{Heap before GC invocations=47 (full 1):
 par new generation   total 109248K, used 98387K [0x00000000e0000000, 0x00000000e8000000, 0x00000000e8000000)
  eden space 87424K, 100% used [0x00000000e0000000, 0x00000000e5560000, 0x00000000e5560000)
  from space 21824K,  50% used [0x00000000e6ab0000, 0x00000000e7564f00, 0x00000000e8000000)
  to   space 21824K,   0% used [0x00000000e5560000, 0x00000000e5560000, 0x00000000e6ab0000)
 concurrent mark-sweep generation total 393216K, used 53488K [0x00000000e8000000, 0x0000000100000000, 0x0000000100000000)
 Metaspace       used 33480K, capacity 33852K, committed 34376K, reserved 1079296K
  class space    used 3677K, capacity 3790K, committed 3912K, reserved 1048576K
2017-07-03T15:48:57.510+0800: 417.859: [GC (Allocation Failure) 2017-07-03T15:48:57.510+0800: 417.859: [ParNew
Desired survivor size 20112992 bytes, new threshold 8 (max 8)
- age   1:    6582888 bytes,    6582888 total
- age   2:    2153096 bytes,    8735984 total
- age   3:       3072 bytes,    8739056 total
- age   4:       8544 bytes,    8747600 total
- age   5:       4072 bytes,    8751672 total
- age   6:       4944 bytes,    8756616 total
- age   7:       3816 bytes,    8760432 total
- age   8:       4376 bytes,    8764808 total
: 98387K->10586K(109248K), 0.0065586 secs] 151875K->64077K(502464K), 0.0066079 secs] [Times: user=0.00 sys=0.00, real=0.00 secs] 
Heap after GC invocations=48 (full 1):
 par new generation   total 109248K, used 10586K [0x00000000e0000000, 0x00000000e8000000, 0x00000000e8000000)
  eden space 87424K,   0% used [0x00000000e0000000, 0x00000000e0000000, 0x00000000e5560000)
  from space 21824K,  48% used [0x00000000e5560000, 0x00000000e5fb6910, 0x00000000e6ab0000)
  to   space 21824K,   0% used [0x00000000e6ab0000, 0x00000000e6ab0000, 0x00000000e8000000)
 concurrent mark-sweep generation total 393216K, used 53491K [0x00000000e8000000, 0x0000000100000000, 0x0000000100000000)
 Metaspace       used 33480K, capacity 33852K, committed 34376K, reserved 1079296K
  class space    used 3677K, capacity 3790K, committed 3912K, reserved 1048576K
}
2017-07-03T15:48:57.510+0800: 417.866: Total time for which application threads were stopped: 0.0067873 seconds, Stopping threads took: 0.0000328 seconds
2017-07-03T15:49:01.037+0800: 421.381: Total time for which application threads were stopped: 0.0001973 seconds, Stopping threads took: 0.0000186 seconds
2017-07-03T15:49:04.391+0800: 424.739: Total time for which application threads were stopped: 0.0002039 seconds, Stopping threads took: 0.0000226 seconds
{Heap before GC invocations=48 (full 1):
 par new generation   total 109248K, used 98010K [0x00000000e0000000, 0x00000000e8000000, 0x00000000e8000000)
  eden space 87424K, 100% used [0x00000000e0000000, 0x00000000e5560000, 0x00000000e5560000)
  from space 21824K,  48% used [0x00000000e5560000, 0x00000000e5fb6910, 0x00000000e6ab0000)
  to   space 21824K,   0% used [0x00000000e6ab0000, 0x00000000e6ab0000, 0x00000000e8000000)
 concurrent mark-sweep generation total 393216K, used 53491K [0x00000000e8000000, 0x0000000100000000, 0x0000000100000000)
 Metaspace       used 33480K, capacity 33852K, committed 34376K, reserved 1079296K
  class space    used 3677K, capacity 3790K, committed 3912K, reserved 1048576K
2017-07-03T15:49:04.500+0800: 424.857: [GC (Allocation Failure) 2017-07-03T15:49:04.500+0800: 424.857: [ParNew
Desired survivor size 20112992 bytes, new threshold 8 (max 8)
- age   1:    7185920 bytes,    7185920 total
- age   2:       5848 bytes,    7191768 total
- age   3:       5312 bytes,    7197080 total
- age   4:       2280 bytes,    7199360 total
- age   5:       8544 bytes,    7207904 total
- age   6:       3952 bytes,    7211856 total
- age   7:       4944 bytes,    7216800 total
- age   8:       3816 bytes,    7220616 total
: 98010K->12659K(109248K), 0.0062629 secs] 151501K->66155K(502464K), 0.0063274 secs] [Times: user=0.06 sys=0.00, real=0.02 secs] 
Heap after GC invocations=49 (full 1):
 par new generation   total 109248K, used 12659K [0x00000000e0000000, 0x00000000e8000000, 0x00000000e8000000)
  eden space 87424K,   0% used [0x00000000e0000000, 0x00000000e0000000, 0x00000000e5560000)
  from space 21824K,  58% used [0x00000000e6ab0000, 0x00000000e770cd20, 0x00000000e8000000)
  to   space 21824K,   0% used [0x00000000e5560000, 0x00000000e5560000, 0x00000000e6ab0000)
 concurrent mark-sweep generation total 393216K, used 53495K [0x00000000e8000000, 0x0000000100000000, 0x0000000100000000)
 Metaspace       used 33480K, capacity 33852K, committed 34376K, reserved 1079296K
  class space    used 3677K, capacity 3790K, committed 3912K, reserved 1048576K
}
2017-07-03T15:49:04.516+0800: 424.864: Total time for which application threads were stopped: 0.0064992 seconds, Stopping threads took: 0.0000168 seconds
2017-07-03T15:49:05.525+0800: 425.869: Total time for which application threads were stopped: 0.0001594 seconds, Stopping threads took: 0.0000576 seconds
2017-07-03T15:49:07.275+0800: 427.623: Total time for which application threads were stopped: 0.0001488 seconds, Stopping threads took: 0.0000274 seconds
{Heap before GC invocations=49 (full 1):
 par new generation   total 109248K, used 100077K [0x00000000e0000000, 0x00000000e8000000, 0x00000000e8000000)
  eden space 87424K,  99% used [0x00000000e0000000, 0x00000000e555e898, 0x00000000e5560000)
  from space 21824K,  58% used [0x00000000e6ab0000, 0x00000000e770cd20, 0x00000000e8000000)
  to   space 21824K,   0% used [0x00000000e5560000, 0x00000000e5560000, 0x00000000e6ab0000)
 concurrent mark-sweep generation total 393216K, used 53495K [0x00000000e8000000, 0x0000000100000000, 0x0000000100000000)
 Metaspace       used 33480K, capacity 33852K, committed 34376K, reserved 1079296K
  class space    used 3677K, capacity 3790K, committed 3912K, reserved 1048576K
2017-07-03T15:49:07.384+0800: 427.730: [GC (Allocation Failure) 2017-07-03T15:49:07.384+0800: 427.730: [ParNew
Desired survivor size 20112992 bytes, new threshold 8 (max 8)
- age   1:    7018312 bytes,    7018312 total
- age   2:    1916744 bytes,    8935056 total
- age   3:       3664 bytes,    8938720 total
- age   4:       4808 bytes,    8943528 total
- age   5:       2280 bytes,    8945808 total
- age   6:       8544 bytes,    8954352 total
- age   7:       3952 bytes,    8958304 total
- age   8:       4944 bytes,    8963248 total
: 100077K->9821K(109248K), 0.0065389 secs] 153573K->63320K(502464K), 0.0065966 secs] [Times: user=0.00 sys=0.00, real=0.00 secs] 
Heap after GC invocations=50 (full 1):
 par new generation   total 109248K, used 9821K [0x00000000e0000000, 0x00000000e8000000, 0x00000000e8000000)
  eden space 87424K,   0% used [0x00000000e0000000, 0x00000000e0000000, 0x00000000e5560000)
  from space 21824K,  45% used [0x00000000e5560000, 0x00000000e5ef7470, 0x00000000e6ab0000)
  to   space 21824K,   0% used [0x00000000e6ab0000, 0x00000000e6ab0000, 0x00000000e8000000)
 concurrent mark-sweep generation total 393216K, used 53499K [0x00000000e8000000, 0x0000000100000000, 0x0000000100000000)
 Metaspace       used 33480K, capacity 33852K, committed 34376K, reserved 1079296K
  class space    used 3677K, capacity 3790K, committed 3912K, reserved 1048576K
}
2017-07-03T15:49:07.384+0800: 427.737: Total time for which application threads were stopped: 0.0067701 seconds, Stopping threads took: 0.0000201 seconds
2017-07-03T15:49:10.479+0800: 430.826: Total time for which application threads were stopped: 0.0002513 seconds, Stopping threads took: 0.0000434 seconds
2017-07-03T15:49:11.489+0800: 431.834: Total time for which application threads were stopped: 0.0002079 seconds, Stopping threads took: 0.0000423 seconds
2017-07-03T15:49:13.507+0800: 433.852: Total time for which application threads were stopped: 0.0002235 seconds, Stopping threads took: 0.0000613 seconds
2017-07-03T15:49:14.008+0800: 434.355: Total time for which application threads were stopped: 0.0001918 seconds, Stopping threads took: 0.0000452 seconds
{Heap before GC invocations=50 (full 1):
 par new generation   total 109248K, used 97197K [0x00000000e0000000, 0x00000000e8000000, 0x00000000e8000000)
  eden space 87424K,  99% used [0x00000000e0000000, 0x00000000e5554190, 0x00000000e5560000)
  from space 21824K,  45% used [0x00000000e5560000, 0x00000000e5ef7470, 0x00000000e6ab0000)
  to   space 21824K,   0% used [0x00000000e6ab0000, 0x00000000e6ab0000, 0x00000000e8000000)
 concurrent mark-sweep generation total 393216K, used 53499K [0x00000000e8000000, 0x0000000100000000, 0x0000000100000000)
 Metaspace       used 33480K, capacity 33852K, committed 34376K, reserved 1079296K
  class space    used 3677K, capacity 3790K, committed 3912K, reserved 1048576K
2017-07-03T15:49:14.063+0800: 434.407: [GC (Allocation Failure) 2017-07-03T15:49:14.063+0800: 434.407: [ParNew
Desired survivor size 20112992 bytes, new threshold 8 (max 8)
- age   1:    6267616 bytes,    6267616 total
- age   2:      27808 bytes,    6295424 total
- age   3:       7656 bytes,    6303080 total
- age   4:       3016 bytes,    6306096 total
- age   5:       4520 bytes,    6310616 total
- age   6:       2280 bytes,    6312896 total
- age   7:       8544 bytes,    6321440 total
- age   8:       3952 bytes,    6325392 total
: 97197K->9322K(109248K), 0.0061597 secs] 150697K->62826K(502464K), 0.0062107 secs] [Times: user=0.00 sys=0.00, real=0.00 secs] 
Heap after GC invocations=51 (full 1):
 par new generation   total 109248K, used 9322K [0x00000000e0000000, 0x00000000e8000000, 0x00000000e8000000)
  eden space 87424K,   0% used [0x00000000e0000000, 0x00000000e0000000, 0x00000000e5560000)
  from space 21824K,  42% used [0x00000000e6ab0000, 0x00000000e73ca898, 0x00000000e8000000)
  to   space 21824K,   0% used [0x00000000e5560000, 0x00000000e5560000, 0x00000000e6ab0000)
 concurrent mark-sweep generation total 393216K, used 53504K [0x00000000e8000000, 0x0000000100000000, 0x0000000100000000)
 Metaspace       used 33480K, capacity 33852K, committed 34376K, reserved 1079296K
  class space    used 3677K, capacity 3790K, committed 3912K, reserved 1048576K
}
2017-07-03T15:49:14.063+0800: 434.413: Total time for which application threads were stopped: 0.0064500 seconds, Stopping threads took: 0.0000489 seconds
2017-07-03T15:49:16.073+0800: 436.417: Total time for which application threads were stopped: 0.0002028 seconds, Stopping threads took: 0.0000376 seconds
2017-07-03T15:49:17.077+0800: 437.421: Total time for which application threads were stopped: 0.0002130 seconds, Stopping threads took: 0.0000784 seconds
2017-07-03T15:49:17.505+0800: 437.853: Total time for which application threads were stopped: 0.0002184 seconds, Stopping threads took: 0.0000292 seconds
{Heap before GC invocations=51 (full 1):
 par new generation   total 109248K, used 96746K [0x00000000e0000000, 0x00000000e8000000, 0x00000000e8000000)
  eden space 87424K, 100% used [0x00000000e0000000, 0x00000000e5560000, 0x00000000e5560000)
  from space 21824K,  42% used [0x00000000e6ab0000, 0x00000000e73ca898, 0x00000000e8000000)
  to   space 21824K,   0% used [0x00000000e5560000, 0x00000000e5560000, 0x00000000e6ab0000)
 concurrent mark-sweep generation total 393216K, used 53504K [0x00000000e8000000, 0x0000000100000000, 0x0000000100000000)
 Metaspace       used 33480K, capacity 33852K, committed 34376K, reserved 1079296K
  class space    used 3677K, capacity 3790K, committed 3912K, reserved 1048576K
2017-07-03T15:49:17.661+0800: 438.013: [GC (Allocation Failure) 2017-07-03T15:49:17.661+0800: 438.013: [ParNew
Desired survivor size 20112992 bytes, new threshold 8 (max 8)
- age   1:    8023376 bytes,    8023376 total
- age   2:     766576 bytes,    8789952 total
- age   3:       2640 bytes,    8792592 total
- age   4:       5720 bytes,    8798312 total
- age   5:       3016 bytes,    8801328 total
- age   6:       4520 bytes,    8805848 total
- age   7:       2280 bytes,    8808128 total
- age   8:       8544 bytes,    8816672 total
: 96746K->9661K(109248K), 0.0072052 secs] 150250K->63170K(502464K), 0.0072840 secs] [Times: user=0.00 sys=0.00, real=0.00 secs] 
Heap after GC invocations=52 (full 1):
 par new generation   total 109248K, used 9661K [0x00000000e0000000, 0x00000000e8000000, 0x00000000e8000000)
  eden space 87424K,   0% used [0x00000000e0000000, 0x00000000e0000000, 0x00000000e5560000)
  from space 21824K,  44% used [0x00000000e5560000, 0x00000000e5ecf7f8, 0x00000000e6ab0000)
  to   space 21824K,   0% used [0x00000000e6ab0000, 0x00000000e6ab0000, 0x00000000e8000000)
 concurrent mark-sweep generation total 393216K, used 53508K [0x00000000e8000000, 0x0000000100000000, 0x0000000100000000)
 Metaspace       used 33480K, capacity 33852K, committed 34376K, reserved 1079296K
  class space    used 3677K, capacity 3790K, committed 3912K, reserved 1048576K
}
2017-07-03T15:49:17.661+0800: 438.021: Total time for which application threads were stopped: 0.0075717 seconds, Stopping threads took: 0.0000193 seconds
2017-07-03T15:49:19.681+0800: 440.025: Total time for which application threads were stopped: 0.0002432 seconds, Stopping threads took: 0.0000583 seconds
2017-07-03T15:49:21.266+0800: 441.614: Total time for which application threads were stopped: 0.0002133 seconds, Stopping threads took: 0.0000602 seconds
2017-07-03T15:49:21.297+0800: 441.648: Total time for which application threads were stopped: 0.0001404 seconds, Stopping threads took: 0.0000284 seconds
2017-07-03T15:49:22.305+0800: 442.650: Total time for which application threads were stopped: 0.0003267 seconds, Stopping threads took: 0.0000525 seconds
{Heap before GC invocations=52 (full 1):
 par new generation   total 109248K, used 97085K [0x00000000e0000000, 0x00000000e8000000, 0x00000000e8000000)
  eden space 87424K, 100% used [0x00000000e0000000, 0x00000000e5560000, 0x00000000e5560000)
  from space 21824K,  44% used [0x00000000e5560000, 0x00000000e5ecf7f8, 0x00000000e6ab0000)
  to   space 21824K,   0% used [0x00000000e6ab0000, 0x00000000e6ab0000, 0x00000000e8000000)
 concurrent mark-sweep generation total 393216K, used 53508K [0x00000000e8000000, 0x0000000100000000, 0x0000000100000000)
 Metaspace       used 33502K, capacity 33864K, committed 34376K, reserved 1079296K
  class space    used 3678K, capacity 3792K, committed 3912K, reserved 1048576K
2017-07-03T15:49:23.083+0800: 443.430: [GC (Allocation Failure) 2017-07-03T15:49:23.083+0800: 443.430: [ParNew
Desired survivor size 20112992 bytes, new threshold 8 (max 8)
- age   1:    1226448 bytes,    1226448 total
- age   2:      27664 bytes,    1254112 total
- age   3:       7520 bytes,    1261632 total
- age   4:       1992 bytes,    1263624 total
- age   5:       5288 bytes,    1268912 total
- age   6:       3016 bytes,    1271928 total
- age   7:       4520 bytes,    1276448 total
- age   8:       2280 bytes,    1278728 total
: 97085K->7093K(109248K), 0.0069193 secs] 150594K->60610K(502464K), 0.0069948 secs] [Times: user=0.00 sys=0.00, real=0.00 secs] 
Heap after GC invocations=53 (full 1):
 par new generation   total 109248K, used 7093K [0x00000000e0000000, 0x00000000e8000000, 0x00000000e8000000)
  eden space 87424K,   0% used [0x00000000e0000000, 0x00000000e0000000, 0x00000000e5560000)
  from space 21824K,  32% used [0x00000000e6ab0000, 0x00000000e719d6c0, 0x00000000e8000000)
  to   space 21824K,   0% used [0x00000000e5560000, 0x00000000e5560000, 0x00000000e6ab0000)
 concurrent mark-sweep generation total 393216K, used 53516K [0x00000000e8000000, 0x0000000100000000, 0x0000000100000000)
 Metaspace       used 33502K, capacity 33864K, committed 34376K, reserved 1079296K
  class space    used 3678K, capacity 3792K, committed 3912K, reserved 1048576K
}
2017-07-03T15:49:23.083+0800: 443.437: Total time for which application threads were stopped: 0.0072428 seconds, Stopping threads took: 0.0000252 seconds
2017-07-03T15:49:25.337+0800: 445.685: Total time for which application threads were stopped: 0.0002239 seconds, Stopping threads took: 0.0000263 seconds
2017-07-03T15:49:25.790+0800: 446.138: Total time for which application threads were stopped: 0.0002064 seconds, Stopping threads took: 0.0000835 seconds
2017-07-03T15:49:26.799+0800: 447.143: Total time for which application threads were stopped: 0.0002790 seconds, Stopping threads took: 0.0001039 seconds
2017-07-03T15:49:27.807+0800: 448.152: Total time for which application threads were stopped: 0.0002418 seconds, Stopping threads took: 0.0000405 seconds
2017-07-03T15:49:29.041+0800: 449.390: Total time for which application threads were stopped: 0.0001801 seconds, Stopping threads took: 0.0000999 seconds
{Heap before GC invocations=53 (full 1):
 par new generation   total 109248K, used 94517K [0x00000000e0000000, 0x00000000e8000000, 0x00000000e8000000)
  eden space 87424K, 100% used [0x00000000e0000000, 0x00000000e5560000, 0x00000000e5560000)
  from space 21824K,  32% used [0x00000000e6ab0000, 0x00000000e719d6c0, 0x00000000e8000000)
  to   space 21824K,   0% used [0x00000000e5560000, 0x00000000e5560000, 0x00000000e6ab0000)
 concurrent mark-sweep generation total 393216K, used 53516K [0x00000000e8000000, 0x0000000100000000, 0x0000000100000000)
 Metaspace       used 33505K, capacity 33864K, committed 34376K, reserved 1079296K
  class space    used 3678K, capacity 3792K, committed 3912K, reserved 1048576K
2017-07-03T15:49:29.229+0800: 449.577: [GC (Allocation Failure) 2017-07-03T15:49:29.229+0800: 449.577: [ParNew
Desired survivor size 20112992 bytes, new threshold 8 (max 8)
- age   1:    1700328 bytes,    1700328 total
- age   2:      16248 bytes,    1716576 total
- age   3:       2496 bytes,    1719072 total
- age   4:       5008 bytes,    1724080 total
- age   5:       1992 bytes,    1726072 total
- age   6:       5288 bytes,    1731360 total
- age   7:       2152 bytes,    1733512 total
- age   8:       4520 bytes,    1738032 total
: 94517K->2387K(109248K), 0.0066170 secs] 148034K->55905K(502464K), 0.0067421 secs] [Times: user=0.00 sys=0.00, real=0.00 secs] 
Heap after GC invocations=54 (full 1):
 par new generation   total 109248K, used 2387K [0x00000000e0000000, 0x00000000e8000000, 0x00000000e8000000)
  eden space 87424K,   0% used [0x00000000e0000000, 0x00000000e0000000, 0x00000000e5560000)
  from space 21824K,  10% used [0x00000000e5560000, 0x00000000e57b4c40, 0x00000000e6ab0000)
  to   space 21824K,   0% used [0x00000000e6ab0000, 0x00000000e6ab0000, 0x00000000e8000000)
 concurrent mark-sweep generation total 393216K, used 53518K [0x00000000e8000000, 0x0000000100000000, 0x0000000100000000)
 Metaspace       used 33505K, capacity 33864K, committed 34376K, reserved 1079296K
  class space    used 3678K, capacity 3792K, committed 3912K, reserved 1048576K
}
2017-07-03T15:49:29.229+0800: 449.584: Total time for which application threads were stopped: 0.0070163 seconds, Stopping threads took: 0.0000204 seconds
2017-07-03T15:49:29.463+0800: 449.810: Total time for which application threads were stopped: 0.0002155 seconds, Stopping threads took: 0.0000463 seconds
2017-07-03T15:49:30.476+0800: 450.821: Total time for which application threads were stopped: 0.0001656 seconds, Stopping threads took: 0.0000459 seconds
2017-07-03T15:49:31.485+0800: 451.829: Total time for which application threads were stopped: 0.0001462 seconds, Stopping threads took: 0.0000390 seconds
2017-07-03T15:49:32.525+0800: 452.873: Total time for which application threads were stopped: 0.0001378 seconds, Stopping threads took: 0.0000237 seconds
2017-07-03T15:49:33.432+0800: 453.781: Total time for which application threads were stopped: 0.0000824 seconds, Stopping threads took: 0.0000146 seconds
2017-07-03T15:49:34.432+0800: 454.777: Total time for which application threads were stopped: 0.0001291 seconds, Stopping threads took: 0.0000376 seconds
{Heap before GC invocations=54 (full 1):
 par new generation   total 109248K, used 89811K [0x00000000e0000000, 0x00000000e8000000, 0x00000000e8000000)
  eden space 87424K, 100% used [0x00000000e0000000, 0x00000000e5560000, 0x00000000e5560000)
  from space 21824K,  10% used [0x00000000e5560000, 0x00000000e57b4c40, 0x00000000e6ab0000)
  to   space 21824K,   0% used [0x00000000e6ab0000, 0x00000000e6ab0000, 0x00000000e8000000)
 concurrent mark-sweep generation total 393216K, used 53518K [0x00000000e8000000, 0x0000000100000000, 0x0000000100000000)
 Metaspace       used 33508K, capacity 33864K, committed 34376K, reserved 1079296K
  class space    used 3678K, capacity 3792K, committed 3912K, reserved 1048576K
2017-07-03T15:49:35.543+0800: 455.890: [GC (Allocation Failure) 2017-07-03T15:49:35.543+0800: 455.890: [ParNew
Desired survivor size 20112992 bytes, new threshold 8 (max 8)
- age   1:    1305408 bytes,    1305408 total
- age   2:       8368 bytes,    1313776 total
- age   3:       7392 bytes,    1321168 total
- age   4:       1848 bytes,    1323016 total
- age   5:       5008 bytes,    1328024 total
- age   6:       1992 bytes,    1330016 total
- age   7:       5168 bytes,    1335184 total
- age   8:       2152 bytes,    1337336 total
: 89811K->1814K(109248K), 0.0063774 secs] 143329K->55338K(502464K), 0.0064551 secs] [Times: user=0.00 sys=0.00, real=0.00 secs] 
Heap after GC invocations=55 (full 1):
 par new generation   total 109248K, used 1814K [0x00000000e0000000, 0x00000000e8000000, 0x00000000e8000000)
  eden space 87424K,   0% used [0x00000000e0000000, 0x00000000e0000000, 0x00000000e5560000)
  from space 21824K,   8% used [0x00000000e6ab0000, 0x00000000e6c75ba8, 0x00000000e8000000)
  to   space 21824K,   0% used [0x00000000e5560000, 0x00000000e5560000, 0x00000000e6ab0000)
 concurrent mark-sweep generation total 393216K, used 53523K [0x00000000e8000000, 0x0000000100000000, 0x0000000100000000)
 Metaspace       used 33508K, capacity 33864K, committed 34376K, reserved 1079296K
  class space    used 3678K, capacity 3792K, committed 3912K, reserved 1048576K
}
2017-07-03T15:49:35.543+0800: 455.896: Total time for which application threads were stopped: 0.0067023 seconds, Stopping threads took: 0.0000335 seconds
2017-07-03T15:49:36.387+0800: 456.736: Total time for which application threads were stopped: 0.0001619 seconds, Stopping threads took: 0.0000244 seconds
2017-07-03T15:49:36.856+0800: 457.215: Total time for which application threads were stopped: 0.0002553 seconds, Stopping threads took: 0.0001043 seconds
2017-07-03T15:49:37.864+0800: 458.209: Total time for which application threads were stopped: 0.0001765 seconds, Stopping threads took: 0.0000689 seconds
2017-07-03T15:49:38.872+0800: 459.217: Total time for which application threads were stopped: 0.0002111 seconds, Stopping threads took: 0.0000525 seconds
2017-07-03T15:49:39.880+0800: 460.225: Total time for which application threads were stopped: 0.0002163 seconds, Stopping threads took: 0.0000565 seconds
2017-07-03T15:49:40.185+0800: 460.533: Total time for which application threads were stopped: 0.0001437 seconds, Stopping threads took: 0.0000237 seconds
{Heap before GC invocations=55 (full 1):
 par new generation   total 109248K, used 89238K [0x00000000e0000000, 0x00000000e8000000, 0x00000000e8000000)
  eden space 87424K, 100% used [0x00000000e0000000, 0x00000000e5560000, 0x00000000e5560000)
  from space 21824K,   8% used [0x00000000e6ab0000, 0x00000000e6c75ba8, 0x00000000e8000000)
  to   space 21824K,   0% used [0x00000000e5560000, 0x00000000e5560000, 0x00000000e6ab0000)
 concurrent mark-sweep generation total 393216K, used 53523K [0x00000000e8000000, 0x0000000100000000, 0x0000000100000000)
 Metaspace       used 33510K, capacity 33864K, committed 34376K, reserved 1079296K
  class space    used 3678K, capacity 3792K, committed 3912K, reserved 1048576K
2017-07-03T15:49:40.263+0800: 460.612: [GC (Allocation Failure) 2017-07-03T15:49:40.263+0800: 460.613: [ParNew
Desired survivor size 20112992 bytes, new threshold 8 (max 8)
- age   1:    1385912 bytes,    1385912 total
- age   2:      23600 bytes,    1409512 total
- age   3:       5680 bytes,    1415192 total
- age   4:       7104 bytes,    1422296 total
- age   5:       1848 bytes,    1424144 total
- age   6:       5008 bytes,    1429152 total
- age   7:       1992 bytes,    1431144 total
- age   8:       5168 bytes,    1436312 total
: 89238K->1680K(109248K), 0.0058851 secs] 142762K->55206K(502464K), 0.0059456 secs] [Times: user=0.00 sys=0.00, real=0.00 secs] 
Heap after GC invocations=56 (full 1):
 par new generation   total 109248K, used 1680K [0x00000000e0000000, 0x00000000e8000000, 0x00000000e8000000)
  eden space 87424K,   0% used [0x00000000e0000000, 0x00000000e0000000, 0x00000000e5560000)
  from space 21824K,   7% used [0x00000000e5560000, 0x00000000e5704378, 0x00000000e6ab0000)
  to   space 21824K,   0% used [0x00000000e6ab0000, 0x00000000e6ab0000, 0x00000000e8000000)
 concurrent mark-sweep generation total 393216K, used 53525K [0x00000000e8000000, 0x0000000100000000, 0x0000000100000000)
 Metaspace       used 33510K, capacity 33864K, committed 34376K, reserved 1079296K
  class space    used 3678K, capacity 3792K, committed 3912K, reserved 1048576K
}
2017-07-03T15:49:40.263+0800: 460.618: Total time for which application threads were stopped: 0.0061083 seconds, Stopping threads took: 0.0000179 seconds
2017-07-03T15:49:40.529+0800: 460.879: Total time for which application threads were stopped: 0.0001725 seconds, Stopping threads took: 0.0000966 seconds
2017-07-03T15:49:42.539+0800: 462.883: Total time for which application threads were stopped: 0.0002731 seconds, Stopping threads took: 0.0000441 seconds
2017-07-03T15:49:43.393+0800: 463.740: Total time for which application threads were stopped: 0.0001470 seconds, Stopping threads took: 0.0000226 seconds
2017-07-03T15:49:43.814+0800: 464.168: Total time for which application threads were stopped: 0.0001681 seconds, Stopping threads took: 0.0000339 seconds
2017-07-03T15:49:44.823+0800: 465.167: Total time for which application threads were stopped: 0.0001827 seconds, Stopping threads took: 0.0000328 seconds
2017-07-03T15:49:46.402+0800: 466.749: Total time for which application threads were stopped: 0.0001896 seconds, Stopping threads took: 0.0000594 seconds
{Heap before GC invocations=56 (full 1):
 par new generation   total 109248K, used 89077K [0x00000000e0000000, 0x00000000e8000000, 0x00000000e8000000)
  eden space 87424K,  99% used [0x00000000e0000000, 0x00000000e55590b0, 0x00000000e5560000)
  from space 21824K,   7% used [0x00000000e5560000, 0x00000000e5704378, 0x00000000e6ab0000)
  to   space 21824K,   0% used [0x00000000e6ab0000, 0x00000000e6ab0000, 0x00000000e8000000)
 concurrent mark-sweep generation total 393216K, used 53525K [0x00000000e8000000, 0x0000000100000000, 0x0000000100000000)
 Metaspace       used 33516K, capacity 33928K, committed 34376K, reserved 1079296K
  class space    used 3678K, capacity 3792K, committed 3912K, reserved 1048576K
2017-07-03T15:49:46.449+0800: 466.808: [GC (Allocation Failure) 2017-07-03T15:49:46.449+0800: 466.808: [ParNew
Desired survivor size 20112992 bytes, new threshold 8 (max 8)
- age   1:    1352040 bytes,    1352040 total
- age   2:       4400 bytes,    1356440 total
- age   3:       7760 bytes,    1364200 total
- age   4:       4960 bytes,    1369160 total
- age   5:       7104 bytes,    1376264 total
- age   6:       1848 bytes,    1378112 total
- age   7:       5008 bytes,    1383120 total
- age   8:       1992 bytes,    1385112 total
: 89077K->1492K(109248K), 0.0065860 secs] 142602K->55023K(502464K), 0.0066797 secs] [Times: user=0.06 sys=0.00, real=0.02 secs] 
Heap after GC invocations=57 (full 1):
 par new generation   total 109248K, used 1492K [0x00000000e0000000, 0x00000000e8000000, 0x00000000e8000000)
  eden space 87424K,   0% used [0x00000000e0000000, 0x00000000e0000000, 0x00000000e5560000)
  from space 21824K,   6% used [0x00000000e6ab0000, 0x00000000e6c253c0, 0x00000000e8000000)
  to   space 21824K,   0% used [0x00000000e5560000, 0x00000000e5560000, 0x00000000e6ab0000)
 concurrent mark-sweep generation total 393216K, used 53530K [0x00000000e8000000, 0x0000000100000000, 0x0000000100000000)
 Metaspace       used 33516K, capacity 33928K, committed 34376K, reserved 1079296K
  class space    used 3678K, capacity 3792K, committed 3912K, reserved 1048576K
}
2017-07-03T15:49:46.464+0800: 466.815: Total time for which application threads were stopped: 0.0068518 seconds, Stopping threads took: 0.0000175 seconds
2017-07-03T15:49:46.792+0800: 467.137: Total time for which application threads were stopped: 0.0001258 seconds, Stopping threads took: 0.0000248 seconds
2017-07-03T15:49:47.800+0800: 468.145: Total time for which application threads were stopped: 0.0001484 seconds, Stopping threads took: 0.0000459 seconds
2017-07-03T15:49:48.809+0800: 469.153: Total time for which application threads were stopped: 0.0001907 seconds, Stopping threads took: 0.0000470 seconds
2017-07-03T15:49:50.040+0800: 470.385: Total time for which application threads were stopped: 0.0002144 seconds, Stopping threads took: 0.0000478 seconds
{Heap before GC invocations=57 (full 1):
 par new generation   total 109248K, used 88916K [0x00000000e0000000, 0x00000000e8000000, 0x00000000e8000000)
  eden space 87424K, 100% used [0x00000000e0000000, 0x00000000e5560000, 0x00000000e5560000)
  from space 21824K,   6% used [0x00000000e6ab0000, 0x00000000e6c253c0, 0x00000000e8000000)
  to   space 21824K,   0% used [0x00000000e5560000, 0x00000000e5560000, 0x00000000e6ab0000)
 concurrent mark-sweep generation total 393216K, used 53530K [0x00000000e8000000, 0x0000000100000000, 0x0000000100000000)
 Metaspace       used 33518K, capacity 33928K, committed 34376K, reserved 1079296K
  class space    used 3678K, capacity 3792K, committed 3912K, reserved 1048576K
2017-07-03T15:49:50.171+0800: 470.518: [GC (Allocation Failure) 2017-07-03T15:49:50.171+0800: 470.518: [ParNew
Desired survivor size 20112992 bytes, new threshold 8 (max 8)
- age   1:    1584336 bytes,    1584336 total
- age   2:     165888 bytes,    1750224 total
- age   3:       3432 bytes,    1753656 total
- age   4:       7184 bytes,    1760840 total
- age   5:       4960 bytes,    1765800 total
- age   6:       7104 bytes,    1772904 total
- age   7:       1848 bytes,    1774752 total
- age   8:       5008 bytes,    1779760 total
: 88916K->2179K(109248K), 0.0057516 secs] 142447K->55711K(502464K), 0.0057961 secs] [Times: user=0.00 sys=0.00, real=0.00 secs] 
Heap after GC invocations=58 (full 1):
 par new generation   total 109248K, used 2179K [0x00000000e0000000, 0x00000000e8000000, 0x00000000e8000000)
  eden space 87424K,   0% used [0x00000000e0000000, 0x00000000e0000000, 0x00000000e5560000)
  from space 21824K,   9% used [0x00000000e5560000, 0x00000000e5780d48, 0x00000000e6ab0000)
  to   space 21824K,   0% used [0x00000000e6ab0000, 0x00000000e6ab0000, 0x00000000e8000000)
 concurrent mark-sweep generation total 393216K, used 53532K [0x00000000e8000000, 0x0000000100000000, 0x0000000100000000)
 Metaspace       used 33518K, capacity 33928K, committed 34376K, reserved 1079296K
  class space    used 3678K, capacity 3792K, committed 3912K, reserved 1048576K
}
2017-07-03T15:49:50.171+0800: 470.524: Total time for which application threads were stopped: 0.0059569 seconds, Stopping threads took: 0.0000197 seconds
2017-07-03T15:49:50.436+0800: 470.781: Total time for which application threads were stopped: 0.0001955 seconds, Stopping threads took: 0.0000394 seconds
2017-07-03T15:49:52.454+0800: 472.798: Total time for which application threads were stopped: 0.0002122 seconds, Stopping threads took: 0.0000438 seconds
2017-07-03T15:49:53.981+0800: 474.328: Total time for which application threads were stopped: 0.0002064 seconds, Stopping threads took: 0.0000496 seconds
2017-07-03T15:49:54.256+0800: 474.608: Total time for which application threads were stopped: 0.0001791 seconds, Stopping threads took: 0.0000357 seconds
2017-07-03T15:49:56.274+0800: 476.618: Total time for which application threads were stopped: 0.0002957 seconds, Stopping threads took: 0.0000671 seconds
2017-07-03T15:49:57.235+0800: 477.582: Total time for which application threads were stopped: 0.0002203 seconds, Stopping threads took: 0.0000394 seconds
{Heap before GC invocations=58 (full 1):
 par new generation   total 109248K, used 89603K [0x00000000e0000000, 0x00000000e8000000, 0x00000000e8000000)
  eden space 87424K, 100% used [0x00000000e0000000, 0x00000000e5560000, 0x00000000e5560000)
  from space 21824K,   9% used [0x00000000e5560000, 0x00000000e5780d48, 0x00000000e6ab0000)
  to   space 21824K,   0% used [0x00000000e6ab0000, 0x00000000e6ab0000, 0x00000000e8000000)
 concurrent mark-sweep generation total 393216K, used 53532K [0x00000000e8000000, 0x0000000100000000, 0x0000000100000000)
 Metaspace       used 33519K, capacity 33928K, committed 34376K, reserved 1079296K
  class space    used 3678K, capacity 3792K, committed 3912K, reserved 1048576K
2017-07-03T15:49:57.344+0800: 477.689: [GC (Allocation Failure) 2017-07-03T15:49:57.344+0800: 477.689: [ParNew
Desired survivor size 20112992 bytes, new threshold 8 (max 8)
- age   1:    1403136 bytes,    1403136 total
- age   2:      28008 bytes,    1431144 total
- age   3:       6264 bytes,    1437408 total
- age   4:       2568 bytes,    1439976 total
- age   5:       7040 bytes,    1447016 total
- age   6:       4096 bytes,    1451112 total
- age   7:       7104 bytes,    1458216 total
- age   8:       1848 bytes,    1460064 total
: 89603K->1712K(109248K), 0.0067293 secs] 143135K->55249K(502464K), 0.0068413 secs] [Times: user=0.00 sys=0.00, real=0.00 secs] 
Heap after GC invocations=59 (full 1):
 par new generation   total 109248K, used 1712K [0x00000000e0000000, 0x00000000e8000000, 0x00000000e8000000)
  eden space 87424K,   0% used [0x00000000e0000000, 0x00000000e0000000, 0x00000000e5560000)
  from space 21824K,   7% used [0x00000000e6ab0000, 0x00000000e6c5c148, 0x00000000e8000000)
  to   space 21824K,   0% used [0x00000000e5560000, 0x00000000e5560000, 0x00000000e6ab0000)
 concurrent mark-sweep generation total 393216K, used 53537K [0x00000000e8000000, 0x0000000100000000, 0x0000000100000000)
 Metaspace       used 33519K, capacity 33928K, committed 34376K, reserved 1079296K
  class space    used 3678K, capacity 3792K, committed 3912K, reserved 1048576K
}
2017-07-03T15:49:57.344+0800: 477.696: Total time for which application threads were stopped: 0.0072220 seconds, Stopping threads took: 0.0000529 seconds
2017-07-03T15:49:57.782+0800: 478.133: Total time for which application threads were stopped: 0.0000886 seconds, Stopping threads took: 0.0000168 seconds
2017-07-03T15:50:00.637+0800: 480.986: Total time for which application threads were stopped: 0.0001692 seconds, Stopping threads took: 0.0000277 seconds
2017-07-03T15:50:01.148+0800: 481.503: Total time for which application threads were stopped: 0.0001831 seconds, Stopping threads took: 0.0000376 seconds
{Heap before GC invocations=59 (full 1):
 par new generation   total 109248K, used 89136K [0x00000000e0000000, 0x00000000e8000000, 0x00000000e8000000)
  eden space 87424K, 100% used [0x00000000e0000000, 0x00000000e5560000, 0x00000000e5560000)
  from space 21824K,   7% used [0x00000000e6ab0000, 0x00000000e6c5c148, 0x00000000e8000000)
  to   space 21824K,   0% used [0x00000000e5560000, 0x00000000e5560000, 0x00000000e6ab0000)
 concurrent mark-sweep generation total 393216K, used 53537K [0x00000000e8000000, 0x0000000100000000, 0x0000000100000000)
 Metaspace       used 33519K, capacity 33928K, committed 34376K, reserved 1079296K
  class space    used 3678K, capacity 3792K, committed 3912K, reserved 1048576K
2017-07-03T15:50:02.594+0800: 482.947: [GC (Allocation Failure) 2017-07-03T15:50:02.594+0800: 482.947: [ParNew
Desired survivor size 20112992 bytes, new threshold 8 (max 8)
- age   1:     993864 bytes,     993864 total
- age   2:       8360 bytes,    1002224 total
- age   3:       2696 bytes,    1004920 total
- age   4:       4040 bytes,    1008960 total
- age   5:       2568 bytes,    1011528 total
- age   6:       6920 bytes,    1018448 total
- age   7:       4096 bytes,    1022544 total
- age   8:       7104 bytes,    1029648 total
: 89136K->1339K(109248K), 0.0058552 secs] 142673K->54878K(502464K), 0.0059515 secs] [Times: user=0.00 sys=0.00, real=0.00 secs] 
Heap after GC invocations=60 (full 1):
 par new generation   total 109248K, used 1339K [0x00000000e0000000, 0x00000000e8000000, 0x00000000e8000000)
  eden space 87424K,   0% used [0x00000000e0000000, 0x00000000e0000000, 0x00000000e5560000)
  from space 21824K,   6% used [0x00000000e5560000, 0x00000000e56aee00, 0x00000000e6ab0000)
  to   space 21824K,   0% used [0x00000000e6ab0000, 0x00000000e6ab0000, 0x00000000e8000000)
 concurrent mark-sweep generation total 393216K, used 53539K [0x00000000e8000000, 0x0000000100000000, 0x0000000100000000)
 Metaspace       used 33519K, capacity 33928K, committed 34376K, reserved 1079296K
  class space    used 3678K, capacity 3792K, committed 3912K, reserved 1048576K
}
2017-07-03T15:50:02.594+0800: 482.953: Total time for which application threads were stopped: 0.0061586 seconds, Stopping threads took: 0.0000241 seconds
2017-07-03T15:50:04.213+0800: 484.561: Total time for which application threads were stopped: 0.0002279 seconds, Stopping threads took: 0.0000208 seconds
2017-07-03T15:50:04.495+0800: 484.851: Total time for which application threads were stopped: 0.0001430 seconds, Stopping threads took: 0.0000419 seconds
2017-07-03T15:50:07.523+0800: 487.867: Total time for which application threads were stopped: 0.0001386 seconds, Stopping threads took: 0.0000303 seconds
2017-07-03T15:50:07.648+0800: 487.996: Total time for which application threads were stopped: 0.0001528 seconds, Stopping threads took: 0.0000259 seconds
{Heap before GC invocations=60 (full 1):
 par new generation   total 109248K, used 88741K [0x00000000e0000000, 0x00000000e8000000, 0x00000000e8000000)
  eden space 87424K,  99% used [0x00000000e0000000, 0x00000000e555a618, 0x00000000e5560000)
  from space 21824K,   6% used [0x00000000e5560000, 0x00000000e56aee00, 0x00000000e6ab0000)
  to   space 21824K,   0% used [0x00000000e6ab0000, 0x00000000e6ab0000, 0x00000000e8000000)
 concurrent mark-sweep generation total 393216K, used 53539K [0x00000000e8000000, 0x0000000100000000, 0x0000000100000000)
 Metaspace       used 33519K, capacity 33928K, committed 34376K, reserved 1079296K
  class space    used 3678K, capacity 3792K, committed 3912K, reserved 1048576K
2017-07-03T15:50:07.820+0800: 488.171: [GC (Allocation Failure) 2017-07-03T15:50:07.820+0800: 488.171: [ParNew
Desired survivor size 20112992 bytes, new threshold 8 (max 8)
- age   1:    1708848 bytes,    1708848 total
- age   2:      14016 bytes,    1722864 total
- age   3:       5672 bytes,    1728536 total
- age   4:       2120 bytes,    1730656 total
- age   5:       4040 bytes,    1734696 total
- age   6:       2568 bytes,    1737264 total
- age   7:       6920 bytes,    1744184 total
- age   8:       4096 bytes,    1748280 total
: 88741K->1804K(109248K), 0.0063730 secs] 142280K->55350K(502464K), 0.0064379 secs] [Times: user=0.00 sys=0.00, real=0.00 secs] 
Heap after GC invocations=61 (full 1):
 par new generation   total 109248K, used 1804K [0x00000000e0000000, 0x00000000e8000000, 0x00000000e8000000)
  eden space 87424K,   0% used [0x00000000e0000000, 0x00000000e0000000, 0x00000000e5560000)
  from space 21824K,   8% used [0x00000000e6ab0000, 0x00000000e6c73250, 0x00000000e8000000)
  to   space 21824K,   0% used [0x00000000e5560000, 0x00000000e5560000, 0x00000000e6ab0000)
 concurrent mark-sweep generation total 393216K, used 53546K [0x00000000e8000000, 0x0000000100000000, 0x0000000100000000)
 Metaspace       used 33519K, capacity 33928K, committed 34376K, reserved 1079296K
  class space    used 3678K, capacity 3792K, committed 3912K, reserved 1048576K
}
2017-07-03T15:50:07.820+0800: 488.178: Total time for which application threads were stopped: 0.0066203 seconds, Stopping threads took: 0.0000339 seconds
2017-07-03T15:50:08.046+0800: 488.391: Total time for which application threads were stopped: 0.0000868 seconds, Stopping threads took: 0.0000182 seconds
2017-07-03T15:50:11.071+0800: 491.415: Total time for which application threads were stopped: 0.0001798 seconds, Stopping threads took: 0.0000387 seconds
2017-07-03T15:50:11.446+0800: 491.794: Total time for which application threads were stopped: 0.0001980 seconds, Stopping threads took: 0.0000193 seconds
2017-07-03T15:50:11.446+0800: 491.794: Total time for which application threads were stopped: 0.0001966 seconds, Stopping threads took: 0.0000212 seconds
{Heap before GC invocations=61 (full 1):
 par new generation   total 109248K, used 89228K [0x00000000e0000000, 0x00000000e8000000, 0x00000000e8000000)
  eden space 87424K, 100% used [0x00000000e0000000, 0x00000000e5560000, 0x00000000e5560000)
  from space 21824K,   8% used [0x00000000e6ab0000, 0x00000000e6c73250, 0x00000000e8000000)
  to   space 21824K,   0% used [0x00000000e5560000, 0x00000000e5560000, 0x00000000e6ab0000)
 concurrent mark-sweep generation total 393216K, used 53546K [0x00000000e8000000, 0x0000000100000000, 0x0000000100000000)
 Metaspace       used 33534K, capacity 33928K, committed 34376K, reserved 1079296K
  class space    used 3678K, capacity 3792K, committed 3912K, reserved 1048576K
2017-07-03T15:50:11.696+0800: 492.051: [GC (Allocation Failure) 2017-07-03T15:50:11.696+0800: 492.051: [ParNew
Desired survivor size 20112992 bytes, new threshold 8 (max 8)
- age   1:    1760144 bytes,    1760144 total
- age   2:     165040 bytes,    1925184 total
- age   3:       3584 bytes,    1928768 total
- age   4:       4952 bytes,    1933720 total
- age   5:       2120 bytes,    1935840 total
- age   6:       4040 bytes,    1939880 total
- age   7:       2568 bytes,    1942448 total
- age   8:       6920 bytes,    1949368 total
: 89228K->2174K(109248K), 0.0049650 secs] 142774K->55724K(502464K), 0.0050168 secs] [Times: user=0.03 sys=0.00, real=0.01 secs] 
Heap after GC invocations=62 (full 1):
 par new generation   total 109248K, used 2174K [0x00000000e0000000, 0x00000000e8000000, 0x00000000e8000000)
  eden space 87424K,   0% used [0x00000000e0000000, 0x00000000e0000000, 0x00000000e5560000)
  from space 21824K,   9% used [0x00000000e5560000, 0x00000000e577fb20, 0x00000000e6ab0000)
  to   space 21824K,   0% used [0x00000000e6ab0000, 0x00000000e6ab0000, 0x00000000e8000000)
 concurrent mark-sweep generation total 393216K, used 53550K [0x00000000e8000000, 0x0000000100000000, 0x0000000100000000)
 Metaspace       used 33534K, capacity 33928K, committed 34376K, reserved 1079296K
  class space    used 3678K, capacity 3792K, committed 3912K, reserved 1048576K
}
2017-07-03T15:50:11.711+0800: 492.056: Total time for which application threads were stopped: 0.0051900 seconds, Stopping threads took: 0.0000190 seconds
2017-07-03T15:50:11.930+0800: 492.287: Total time for which application threads were stopped: 0.0000813 seconds, Stopping threads took: 0.0000157 seconds
2017-07-03T15:50:15.330+0800: 495.677: Total time for which application threads were stopped: 0.0002899 seconds, Stopping threads took: 0.0000288 seconds
2017-07-03T15:50:15.736+0800: 496.087: Total time for which application threads were stopped: 0.0000875 seconds, Stopping threads took: 0.0000175 seconds
2017-07-03T15:50:15.752+0800: 496.097: Total time for which application threads were stopped: 0.0001966 seconds, Stopping threads took: 0.0000379 seconds
2017-07-03T15:50:18.756+0800: 499.100: Total time for which application threads were stopped: 0.0002341 seconds, Stopping threads took: 0.0000602 seconds
2017-07-03T15:50:19.421+0800: 499.772: Total time for which application threads were stopped: 0.0003807 seconds, Stopping threads took: 0.0002195 seconds
{Heap before GC invocations=62 (full 1):
 par new generation   total 109248K, used 89598K [0x00000000e0000000, 0x00000000e8000000, 0x00000000e8000000)
  eden space 87424K, 100% used [0x00000000e0000000, 0x00000000e5560000, 0x00000000e5560000)
  from space 21824K,   9% used [0x00000000e5560000, 0x00000000e577fb20, 0x00000000e6ab0000)
  to   space 21824K,   0% used [0x00000000e6ab0000, 0x00000000e6ab0000, 0x00000000e8000000)
 concurrent mark-sweep generation total 393216K, used 53550K [0x00000000e8000000, 0x0000000100000000, 0x0000000100000000)
 Metaspace       used 33542K, capacity 33928K, committed 34376K, reserved 1079296K
  class space    used 3678K, capacity 3792K, committed 3912K, reserved 1048576K
2017-07-03T15:50:19.483+0800: 499.838: [GC (Allocation Failure) 2017-07-03T15:50:19.483+0800: 499.838: [ParNew
Desired survivor size 20112992 bytes, new threshold 8 (max 8)
- age   1:    1497560 bytes,    1497560 total
- age   2:       6016 bytes,    1503576 total
- age   3:       3960 bytes,    1507536 total
- age   4:       2720 bytes,    1510256 total
- age   5:       4808 bytes,    1515064 total
- age   6:       2120 bytes,    1517184 total
- age   7:       4040 bytes,    1521224 total
- age   8:       2568 bytes,    1523792 total
: 89598K->2041K(109248K), 0.0081216 secs] 143148K->55598K(502464K), 0.0081785 secs] [Times: user=0.02 sys=0.00, real=0.02 secs] 
Heap after GC invocations=63 (full 1):
 par new generation   total 109248K, used 2041K [0x00000000e0000000, 0x00000000e8000000, 0x00000000e8000000)
  eden space 87424K,   0% used [0x00000000e0000000, 0x00000000e0000000, 0x00000000e5560000)
  from space 21824K,   9% used [0x00000000e6ab0000, 0x00000000e6cae6d0, 0x00000000e8000000)
  to   space 21824K,   0% used [0x00000000e5560000, 0x00000000e5560000, 0x00000000e6ab0000)
 concurrent mark-sweep generation total 393216K, used 53556K [0x00000000e8000000, 0x0000000100000000, 0x0000000100000000)
 Metaspace       used 33542K, capacity 33928K, committed 34376K, reserved 1079296K
  class space    used 3678K, capacity 3792K, committed 3912K, reserved 1048576K
}
2017-07-03T15:50:19.499+0800: 499.847: Total time for which application threads were stopped: 0.0083681 seconds, Stopping threads took: 0.0000212 seconds
2017-07-03T15:50:19.811+0800: 500.164: Total time for which application threads were stopped: 0.0000912 seconds, Stopping threads took: 0.0000306 seconds
2017-07-03T15:50:20.819+0800: 501.163: Total time for which application threads were stopped: 0.0002713 seconds, Stopping threads took: 0.0000667 seconds
2017-07-03T15:50:23.007+0800: 503.355: Total time for which application threads were stopped: 0.0001856 seconds, Stopping threads took: 0.0000361 seconds
{Heap before GC invocations=63 (full 1):
 par new generation   total 109248K, used 89465K [0x00000000e0000000, 0x00000000e8000000, 0x00000000e8000000)
  eden space 87424K, 100% used [0x00000000e0000000, 0x00000000e5560000, 0x00000000e5560000)
  from space 21824K,   9% used [0x00000000e6ab0000, 0x00000000e6cae6d0, 0x00000000e8000000)
  to   space 21824K,   0% used [0x00000000e5560000, 0x00000000e5560000, 0x00000000e6ab0000)
 concurrent mark-sweep generation total 393216K, used 53556K [0x00000000e8000000, 0x0000000100000000, 0x0000000100000000)
 Metaspace       used 33542K, capacity 33928K, committed 34376K, reserved 1079296K
  class space    used 3678K, capacity 3792K, committed 3912K, reserved 1048576K
2017-07-03T15:50:23.172+0800: 503.523: [GC (Allocation Failure) 2017-07-03T15:50:23.172+0800: 503.523: [ParNew
Desired survivor size 20112992 bytes, new threshold 8 (max 8)
- age   1:    1501808 bytes,    1501808 total
- age   2:     165976 bytes,    1667784 total
- age   3:       3688 bytes,    1671472 total
- age   4:       3312 bytes,    1674784 total
- age   5:       2720 bytes,    1677504 total
- age   6:       4808 bytes,    1682312 total
- age   7:       2120 bytes,    1684432 total
- age   8:       4040 bytes,    1688472 total
: 89465K->1919K(109248K), 0.0055740 secs] 143022K->55478K(502464K), 0.0056302 secs] [Times: user=0.00 sys=0.00, real=0.00 secs] 
Heap after GC invocations=64 (full 1):
 par new generation   total 109248K, used 1919K [0x00000000e0000000, 0x00000000e8000000, 0x00000000e8000000)
  eden space 87424K,   0% used [0x00000000e0000000, 0x00000000e0000000, 0x00000000e5560000)
  from space 21824K,   8% used [0x00000000e5560000, 0x00000000e573fdc0, 0x00000000e6ab0000)
  to   space 21824K,   0% used [0x00000000e6ab0000, 0x00000000e6ab0000, 0x00000000e8000000)
 concurrent mark-sweep generation total 393216K, used 53559K [0x00000000e8000000, 0x0000000100000000, 0x0000000100000000)
 Metaspace       used 33542K, capacity 33928K, committed 34376K, reserved 1079296K
  class space    used 3678K, capacity 3792K, committed 3912K, reserved 1048576K
}
2017-07-03T15:50:23.172+0800: 503.529: Total time for which application threads were stopped: 0.0058836 seconds, Stopping threads took: 0.0000587 seconds
2017-07-03T15:50:23.734+0800: 504.083: Total time for which application threads were stopped: 0.0000769 seconds, Stopping threads took: 0.0000153 seconds
2017-07-03T15:50:26.755+0800: 507.100: Total time for which application threads were stopped: 0.0001101 seconds, Stopping threads took: 0.0000390 seconds
2017-07-03T15:50:26.917+0800: 507.262: Total time for which application threads were stopped: 0.0001492 seconds, Stopping threads took: 0.0000284 seconds
2017-07-03T15:50:27.401+0800: 507.757: Total time for which application threads were stopped: 0.0000926 seconds, Stopping threads took: 0.0000179 seconds
2017-07-03T15:50:28.416+0800: 508.761: Total time for which application threads were stopped: 0.0001805 seconds, Stopping threads took: 0.0000583 seconds
2017-07-03T15:50:30.479+0800: 510.828: Total time for which application threads were stopped: 0.0001798 seconds, Stopping threads took: 0.0000255 seconds
{Heap before GC invocations=64 (full 1):
 par new generation   total 109248K, used 89343K [0x00000000e0000000, 0x00000000e8000000, 0x00000000e8000000)
  eden space 87424K, 100% used [0x00000000e0000000, 0x00000000e5560000, 0x00000000e5560000)
  from space 21824K,   8% used [0x00000000e5560000, 0x00000000e573fdc0, 0x00000000e6ab0000)
  to   space 21824K,   0% used [0x00000000e6ab0000, 0x00000000e6ab0000, 0x00000000e8000000)
 concurrent mark-sweep generation total 393216K, used 53559K [0x00000000e8000000, 0x0000000100000000, 0x0000000100000000)
 Metaspace       used 33542K, capacity 33928K, committed 34376K, reserved 1079296K
  class space    used 3678K, capacity 3792K, committed 3912K, reserved 1048576K
2017-07-03T15:50:30.573+0800: 510.924: [GC (Allocation Failure) 2017-07-03T15:50:30.573+0800: 510.924: [ParNew
Desired survivor size 20112992 bytes, new threshold 8 (max 8)
- age   1:    1650472 bytes,    1650472 total
- age   2:       3440 bytes,    1653912 total
- age   3:       4776 bytes,    1658688 total
- age   4:       3112 bytes,    1661800 total
- age   5:       3312 bytes,    1665112 total
- age   6:       2720 bytes,    1667832 total
- age   7:       3944 bytes,    1671776 total
- age   8:       2120 bytes,    1673896 total
: 89343K->1794K(109248K), 0.0052509 secs] 142902K->55357K(502464K), 0.0053042 secs] [Times: user=0.00 sys=0.00, real=0.00 secs] 
Heap after GC invocations=65 (full 1):
 par new generation   total 109248K, used 1794K [0x00000000e0000000, 0x00000000e8000000, 0x00000000e8000000)
  eden space 87424K,   0% used [0x00000000e0000000, 0x00000000e0000000, 0x00000000e5560000)
  from space 21824K,   8% used [0x00000000e6ab0000, 0x00000000e6c70858, 0x00000000e8000000)
  to   space 21824K,   0% used [0x00000000e5560000, 0x00000000e5560000, 0x00000000e6ab0000)
 concurrent mark-sweep generation total 393216K, used 53563K [0x00000000e8000000, 0x0000000100000000, 0x0000000100000000)
 Metaspace       used 33542K, capacity 33928K, committed 34376K, reserved 1079296K
  class space    used 3678K, capacity 3792K, committed 3912K, reserved 1048576K
}
2017-07-03T15:50:30.573+0800: 510.929: Total time for which application threads were stopped: 0.0054832 seconds, Stopping threads took: 0.0000186 seconds
2017-07-03T15:50:30.870+0800: 511.223: Total time for which application threads were stopped: 0.0005641 seconds, Stopping threads took: 0.0001448 seconds
2017-07-03T15:50:33.993+0800: 514.341: Total time for which application threads were stopped: 0.0001554 seconds, Stopping threads took: 0.0000237 seconds
{Heap before GC invocations=65 (full 1):
 par new generation   total 109248K, used 89218K [0x00000000e0000000, 0x00000000e8000000, 0x00000000e8000000)
  eden space 87424K, 100% used [0x00000000e0000000, 0x00000000e5560000, 0x00000000e5560000)
  from space 21824K,   8% used [0x00000000e6ab0000, 0x00000000e6c70858, 0x00000000e8000000)
  to   space 21824K,   0% used [0x00000000e5560000, 0x00000000e5560000, 0x00000000e6ab0000)
 concurrent mark-sweep generation total 393216K, used 53563K [0x00000000e8000000, 0x0000000100000000, 0x0000000100000000)
 Metaspace       used 33543K, capacity 33928K, committed 34376K, reserved 1079296K
  class space    used 3678K, capacity 3792K, committed 3912K, reserved 1048576K
2017-07-03T15:50:34.110+0800: 514.469: [GC (Allocation Failure) 2017-07-03T15:50:34.110+0800: 514.469: [ParNew
Desired survivor size 20112992 bytes, new threshold 8 (max 8)
- age   1:    1198664 bytes,    1198664 total
- age   2:     168856 bytes,    1367520 total
- age   3:       2472 bytes,    1369992 total
- age   4:       4200 bytes,    1374192 total
- age   5:       3112 bytes,    1377304 total
- age   6:       3312 bytes,    1380616 total
- age   7:       2600 bytes,    1383216 total
- age   8:       3944 bytes,    1387160 total
: 89218K->1768K(109248K), 0.0048866 secs] 142781K->55334K(502464K), 0.0049311 secs] [Times: user=0.06 sys=0.00, real=0.02 secs] 
Heap after GC invocations=66 (full 1):
 par new generation   total 109248K, used 1768K [0x00000000e0000000, 0x00000000e8000000, 0x00000000e8000000)
  eden space 87424K,   0% used [0x00000000e0000000, 0x00000000e0000000, 0x00000000e5560000)
  from space 21824K,   8% used [0x00000000e5560000, 0x00000000e571a2f0, 0x00000000e6ab0000)
  to   space 21824K,   0% used [0x00000000e6ab0000, 0x00000000e6ab0000, 0x00000000e8000000)
 concurrent mark-sweep generation total 393216K, used 53565K [0x00000000e8000000, 0x0000000100000000, 0x0000000100000000)
 Metaspace       used 33543K, capacity 33928K, committed 34376K, reserved 1079296K
  class space    used 3678K, capacity 3792K, committed 3912K, reserved 1048576K
}
2017-07-03T15:50:34.126+0800: 514.474: Total time for which application threads were stopped: 0.0051211 seconds, Stopping threads took: 0.0000197 seconds
2017-07-03T15:50:34.470+0800: 514.826: Total time for which application threads were stopped: 0.0001688 seconds, Stopping threads took: 0.0000872 seconds
2017-07-03T15:50:37.310+0800: 517.659: Total time for which application threads were stopped: 0.0001309 seconds, Stopping threads took: 0.0000252 seconds
2017-07-03T15:50:37.825+0800: 518.177: Total time for which application threads were stopped: 0.0001149 seconds, Stopping threads took: 0.0000193 seconds
{Heap before GC invocations=66 (full 1):
 par new generation   total 109248K, used 89192K [0x00000000e0000000, 0x00000000e8000000, 0x00000000e8000000)
  eden space 87424K, 100% used [0x00000000e0000000, 0x00000000e5560000, 0x00000000e5560000)
  from space 21824K,   8% used [0x00000000e5560000, 0x00000000e571a2f0, 0x00000000e6ab0000)
  to   space 21824K,   0% used [0x00000000e6ab0000, 0x00000000e6ab0000, 0x00000000e8000000)
 concurrent mark-sweep generation total 393216K, used 53565K [0x00000000e8000000, 0x0000000100000000, 0x0000000100000000)
 Metaspace       used 33555K, capacity 33996K, committed 34376K, reserved 1079296K
  class space    used 3678K, capacity 3792K, committed 3912K, reserved 1048576K
2017-07-03T15:50:41.316+0800: 521.662: [GC (Allocation Failure) 2017-07-03T15:50:41.316+0800: 521.662: [ParNew
Desired survivor size 20112992 bytes, new threshold 8 (max 8)
- age   1:    1374880 bytes,    1374880 total
- age   2:      28104 bytes,    1402984 total
- age   3:       9088 bytes,    1412072 total
- age   4:       1824 bytes,    1413896 total
- age   5:       4128 bytes,    1418024 total
- age   6:       3112 bytes,    1421136 total
- age   7:       3312 bytes,    1424448 total
- age   8:       2600 bytes,    1427048 total
: 89192K->1592K(109248K), 0.0064204 secs] 142758K->55162K(502464K), 0.0065342 secs] [Times: user=0.00 sys=0.00, real=0.00 secs] 
Heap after GC invocations=67 (full 1):
 par new generation   total 109248K, used 1592K [0x00000000e0000000, 0x00000000e8000000, 0x00000000e8000000)
  eden space 87424K,   0% used [0x00000000e0000000, 0x00000000e0000000, 0x00000000e5560000)
  from space 21824K,   7% used [0x00000000e6ab0000, 0x00000000e6c3e338, 0x00000000e8000000)
  to   space 21824K,   0% used [0x00000000e5560000, 0x00000000e5560000, 0x00000000e6ab0000)
 concurrent mark-sweep generation total 393216K, used 53569K [0x00000000e8000000, 0x0000000100000000, 0x0000000100000000)
 Metaspace       used 33555K, capacity 33996K, committed 34376K, reserved 1079296K
  class space    used 3678K, capacity 3792K, committed 3912K, reserved 1048576K
}
2017-07-03T15:50:41.316+0800: 521.669: Total time for which application threads were stopped: 0.0068365 seconds, Stopping threads took: 0.0000583 seconds
2017-07-03T15:50:41.566+0800: 521.913: Total time for which application threads were stopped: 0.0001510 seconds, Stopping threads took: 0.0000233 seconds
2017-07-03T15:50:41.972+0800: 522.318: Total time for which application threads were stopped: 0.0002159 seconds, Stopping threads took: 0.0000372 seconds
2017-07-03T15:50:45.368+0800: 525.717: Total time for which application threads were stopped: 0.0001677 seconds, Stopping threads took: 0.0000270 seconds
{Heap before GC invocations=67 (full 1):
 par new generation   total 109248K, used 88997K [0x00000000e0000000, 0x00000000e8000000, 0x00000000e8000000)
  eden space 87424K,  99% used [0x00000000e0000000, 0x00000000e555b150, 0x00000000e5560000)
  from space 21824K,   7% used [0x00000000e6ab0000, 0x00000000e6c3e338, 0x00000000e8000000)
  to   space 21824K,   0% used [0x00000000e5560000, 0x00000000e5560000, 0x00000000e6ab0000)
 concurrent mark-sweep generation total 393216K, used 53569K [0x00000000e8000000, 0x0000000100000000, 0x0000000100000000)
 Metaspace       used 33555K, capacity 33996K, committed 34376K, reserved 1079296K
  class space    used 3678K, capacity 3792K, committed 3912K, reserved 1048576K
2017-07-03T15:50:45.540+0800: 525.895: [GC (Allocation Failure) 2017-07-03T15:50:45.540+0800: 525.895: [ParNew
Desired survivor size 20112992 bytes, new threshold 8 (max 8)
- age   1:    1639216 bytes,    1639216 total
- age   2:      72832 bytes,    1712048 total
- age   3:       2864 bytes,    1714912 total
- age   4:       7008 bytes,    1721920 total
- age   5:       1824 bytes,    1723744 total
- age   6:       4128 bytes,    1727872 total
- age   7:       3112 bytes,    1730984 total
- age   8:       3312 bytes,    1734296 total
: 88997K->1891K(109248K), 0.0057232 secs] 142566K->55463K(502464K), 0.0057870 secs] [Times: user=0.00 sys=0.01, real=0.02 secs] 
Heap after GC invocations=68 (full 1):
 par new generation   total 109248K, used 1891K [0x00000000e0000000, 0x00000000e8000000, 0x00000000e8000000)
  eden space 87424K,   0% used [0x00000000e0000000, 0x00000000e0000000, 0x00000000e5560000)
  from space 21824K,   8% used [0x00000000e5560000, 0x00000000e5738f78, 0x00000000e6ab0000)
  to   space 21824K,   0% used [0x00000000e6ab0000, 0x00000000e6ab0000, 0x00000000e8000000)
 concurrent mark-sweep generation total 393216K, used 53571K [0x00000000e8000000, 0x0000000100000000, 0x0000000100000000)
 Metaspace       used 33555K, capacity 33996K, committed 34376K, reserved 1079296K
  class space    used 3678K, capacity 3792K, committed 3912K, reserved 1048576K
}
2017-07-03T15:50:45.555+0800: 525.901: Total time for which application threads were stopped: 0.0059868 seconds, Stopping threads took: 0.0000201 seconds
2017-07-03T15:50:45.805+0800: 526.164: Total time for which application threads were stopped: 0.0001572 seconds, Stopping threads took: 0.0000408 seconds
2017-07-03T15:50:48.837+0800: 529.181: Total time for which application threads were stopped: 0.0001677 seconds, Stopping threads took: 0.0000401 seconds
2017-07-03T15:50:49.080+0800: 529.427: Total time for which application threads were stopped: 0.0002155 seconds, Stopping threads took: 0.0000616 seconds
2017-07-03T15:50:49.611+0800: 529.960: Total time for which application threads were stopped: 0.0001951 seconds, Stopping threads took: 0.0000365 seconds
{Heap before GC invocations=68 (full 1):
 par new generation   total 109248K, used 89315K [0x00000000e0000000, 0x00000000e8000000, 0x00000000e8000000)
  eden space 87424K, 100% used [0x00000000e0000000, 0x00000000e5560000, 0x00000000e5560000)
  from space 21824K,   8% used [0x00000000e5560000, 0x00000000e5738f78, 0x00000000e6ab0000)
  to   space 21824K,   0% used [0x00000000e6ab0000, 0x00000000e6ab0000, 0x00000000e8000000)
 concurrent mark-sweep generation total 393216K, used 53571K [0x00000000e8000000, 0x0000000100000000, 0x0000000100000000)
 Metaspace       used 33555K, capacity 33996K, committed 34376K, reserved 1079296K
  class space    used 3678K, capacity 3792K, committed 3912K, reserved 1048576K
2017-07-03T15:50:49.642+0800: 529.988: [GC (Allocation Failure) 2017-07-03T15:50:49.642+0800: 529.988: [ParNew
Desired survivor size 20112992 bytes, new threshold 8 (max 8)
- age   1:     878672 bytes,     878672 total
- age   2:      96632 bytes,     975304 total
- age   3:       4992 bytes,     980296 total
- age   4:       2216 bytes,     982512 total
- age   5:       7008 bytes,     989520 total
- age   6:       1824 bytes,     991344 total
- age   7:       4128 bytes,     995472 total
- age   8:       3112 bytes,     998584 total
: 89315K->1207K(109248K), 0.0052356 secs] 142887K->54783K(502464K), 0.0052837 secs] [Times: user=0.00 sys=0.00, real=0.00 secs] 
Heap after GC invocations=69 (full 1):
 par new generation   total 109248K, used 1207K [0x00000000e0000000, 0x00000000e8000000, 0x00000000e8000000)
  eden space 87424K,   0% used [0x00000000e0000000, 0x00000000e0000000, 0x00000000e5560000)
  from space 21824K,   5% used [0x00000000e6ab0000, 0x00000000e6bddff8, 0x00000000e8000000)
  to   space 21824K,   0% used [0x00000000e5560000, 0x00000000e5560000, 0x00000000e6ab0000)
 concurrent mark-sweep generation total 393216K, used 53575K [0x00000000e8000000, 0x0000000100000000, 0x0000000100000000)
 Metaspace       used 33555K, capacity 33996K, committed 34376K, reserved 1079296K
  class space    used 3678K, capacity 3792K, committed 3912K, reserved 1048576K
}
2017-07-03T15:50:49.642+0800: 529.994: Total time for which application threads were stopped: 0.0054329 seconds, Stopping threads took: 0.0000157 seconds
2017-07-03T15:50:52.662+0800: 533.006: Total time for which application threads were stopped: 0.0001791 seconds, Stopping threads took: 0.0000554 seconds
2017-07-03T15:50:52.678+0800: 533.025: Total time for which application threads were stopped: 0.0002053 seconds, Stopping threads took: 0.0000602 seconds
2017-07-03T15:50:53.092+0800: 533.446: Total time for which application threads were stopped: 0.0000861 seconds, Stopping threads took: 0.0000182 seconds
2017-07-03T15:50:55.112+0800: 535.456: Total time for which application threads were stopped: 0.0002917 seconds, Stopping threads took: 0.0000974 seconds
2017-07-03T15:50:56.120+0800: 536.465: Total time for which application threads were stopped: 0.0002359 seconds, Stopping threads took: 0.0000507 seconds
2017-07-03T15:50:56.214+0800: 536.561: Total time for which application threads were stopped: 0.0002192 seconds, Stopping threads took: 0.0000441 seconds
{Heap before GC invocations=69 (full 1):
 par new generation   total 109248K, used 88631K [0x00000000e0000000, 0x00000000e8000000, 0x00000000e8000000)
  eden space 87424K, 100% used [0x00000000e0000000, 0x00000000e5560000, 0x00000000e5560000)
  from space 21824K,   5% used [0x00000000e6ab0000, 0x00000000e6bddff8, 0x00000000e8000000)
  to   space 21824K,   0% used [0x00000000e5560000, 0x00000000e5560000, 0x00000000e6ab0000)
 concurrent mark-sweep generation total 393216K, used 53575K [0x00000000e8000000, 0x0000000100000000, 0x0000000100000000)
 Metaspace       used 33558K, capacity 33996K, committed 34376K, reserved 1079296K
  class space    used 3678K, capacity 3792K, committed 3912K, reserved 1048576K
2017-07-03T15:50:56.292+0800: 536.638: [GC (Allocation Failure) 2017-07-03T15:50:56.292+0800: 536.638: [ParNew
Desired survivor size 20112992 bytes, new threshold 8 (max 8)
- age   1:    1345480 bytes,    1345480 total
- age   2:       9216 bytes,    1354696 total
- age   3:       3104 bytes,    1357800 total
- age   4:       3912 bytes,    1361712 total
- age   5:       2216 bytes,    1363928 total
- age   6:       7008 bytes,    1370936 total
- age   7:       1824 bytes,    1372760 total
- age   8:       4128 bytes,    1376888 total
: 88631K->1594K(109248K), 0.0059974 secs] 142207K->55172K(502464K), 0.0060623 secs] [Times: user=0.00 sys=0.00, real=0.00 secs] 
Heap after GC invocations=70 (full 1):
 par new generation   total 109248K, used 1594K [0x00000000e0000000, 0x00000000e8000000, 0x00000000e8000000)
  eden space 87424K,   0% used [0x00000000e0000000, 0x00000000e0000000, 0x00000000e5560000)
  from space 21824K,   7% used [0x00000000e5560000, 0x00000000e56ee900, 0x00000000e6ab0000)
  to   space 21824K,   0% used [0x00000000e6ab0000, 0x00000000e6ab0000, 0x00000000e8000000)
 concurrent mark-sweep generation total 393216K, used 53578K [0x00000000e8000000, 0x0000000100000000, 0x0000000100000000)
 Metaspace       used 33558K, capacity 33996K, committed 34376K, reserved 1079296K
  class space    used 3678K, capacity 3792K, committed 3912K, reserved 1048576K
}
2017-07-03T15:50:56.292+0800: 536.644: Total time for which application threads were stopped: 0.0062592 seconds, Stopping threads took: 0.0000190 seconds
2017-07-03T15:50:56.573+0800: 536.923: Total time for which application threads were stopped: 0.0002199 seconds, Stopping threads took: 0.0001287 seconds
2017-07-03T15:50:58.595+0800: 538.939: Total time for which application threads were stopped: 0.0001677 seconds, Stopping threads took: 0.0000430 seconds
2017-07-03T15:50:59.602+0800: 539.946: Total time for which application threads were stopped: 0.0001882 seconds, Stopping threads took: 0.0000496 seconds
2017-07-03T15:50:59.922+0800: 540.270: Total time for which application threads were stopped: 0.0001594 seconds, Stopping threads took: 0.0000259 seconds
{Heap before GC invocations=70 (full 1):
 par new generation   total 109248K, used 89010K [0x00000000e0000000, 0x00000000e8000000, 0x00000000e8000000)
  eden space 87424K,  99% used [0x00000000e0000000, 0x00000000e555e220, 0x00000000e5560000)
  from space 21824K,   7% used [0x00000000e5560000, 0x00000000e56ee900, 0x00000000e6ab0000)
  to   space 21824K,   0% used [0x00000000e6ab0000, 0x00000000e6ab0000, 0x00000000e8000000)
 concurrent mark-sweep generation total 393216K, used 53578K [0x00000000e8000000, 0x0000000100000000, 0x0000000100000000)
 Metaspace       used 33564K, capacity 33996K, committed 34376K, reserved 1079296K
  class space    used 3678K, capacity 3792K, committed 3912K, reserved 1048576K
2017-07-03T15:51:00.087+0800: 540.434: [GC (Allocation Failure) 2017-07-03T15:51:00.087+0800: 540.434: [ParNew
Desired survivor size 20112992 bytes, new threshold 8 (max 8)
- age   1:    1571208 bytes,    1571208 total
- age   2:     167448 bytes,    1738656 total
- age   3:       3568 bytes,    1742224 total
- age   4:       2456 bytes,    1744680 total
- age   5:       3840 bytes,    1748520 total
- age   6:       2216 bytes,    1750736 total
- age   7:       6144 bytes,    1756880 total
- age   8:       1824 bytes,    1758704 total
: 89010K->1892K(109248K), 0.0054187 secs] 142588K->55474K(502464K), 0.0054829 secs] [Times: user=0.00 sys=0.00, real=0.00 secs] 
Heap after GC invocations=71 (full 1):
 par new generation   total 109248K, used 1892K [0x00000000e0000000, 0x00000000e8000000, 0x00000000e8000000)
  eden space 87424K,   0% used [0x00000000e0000000, 0x00000000e0000000, 0x00000000e5560000)
  from space 21824K,   8% used [0x00000000e6ab0000, 0x00000000e6c89200, 0x00000000e8000000)
  to   space 21824K,   0% used [0x00000000e5560000, 0x00000000e5560000, 0x00000000e6ab0000)
 concurrent mark-sweep generation total 393216K, used 53582K [0x00000000e8000000, 0x0000000100000000, 0x0000000100000000)
 Metaspace       used 33564K, capacity 33996K, committed 34376K, reserved 1079296K
  class space    used 3678K, capacity 3792K, committed 3912K, reserved 1048576K
}
2017-07-03T15:51:00.087+0800: 540.439: Total time for which application threads were stopped: 0.0056586 seconds, Stopping threads took: 0.0000208 seconds
2017-07-03T15:51:00.649+0800: 541.004: Total time for which application threads were stopped: 0.0001138 seconds, Stopping threads took: 0.0000325 seconds
2017-07-03T15:51:03.661+0800: 544.006: Total time for which application threads were stopped: 0.0002265 seconds, Stopping threads took: 0.0000452 seconds
2017-07-03T15:51:03.880+0800: 544.227: Total time for which application threads were stopped: 0.0001568 seconds, Stopping threads took: 0.0000204 seconds
2017-07-03T15:51:04.201+0800: 544.548: Total time for which application threads were stopped: 0.0000875 seconds, Stopping threads took: 0.0000186 seconds
2017-07-03T15:51:05.210+0800: 545.554: Total time for which application threads were stopped: 0.0002119 seconds, Stopping threads took: 0.0000328 seconds
{Heap before GC invocations=71 (full 1):
 par new generation   total 109248K, used 89316K [0x00000000e0000000, 0x00000000e8000000, 0x00000000e8000000)
  eden space 87424K, 100% used [0x00000000e0000000, 0x00000000e5560000, 0x00000000e5560000)
  from space 21824K,   8% used [0x00000000e6ab0000, 0x00000000e6c89200, 0x00000000e8000000)
  to   space 21824K,   0% used [0x00000000e5560000, 0x00000000e5560000, 0x00000000e6ab0000)
 concurrent mark-sweep generation total 393216K, used 53582K [0x00000000e8000000, 0x0000000100000000, 0x0000000100000000)
 Metaspace       used 33569K, capacity 33996K, committed 34376K, reserved 1079296K
  class space    used 3678K, capacity 3792K, committed 3912K, reserved 1048576K
2017-07-03T15:51:06.344+0800: 546.691: [GC (Allocation Failure) 2017-07-03T15:51:06.344+0800: 546.691: [ParNew
Desired survivor size 20112992 bytes, new threshold 8 (max 8)
- age   1:    1153920 bytes,    1153920 total
- age   2:      28624 bytes,    1182544 total
- age   3:       7968 bytes,    1190512 total
- age   4:       2848 bytes,    1193360 total
- age   5:       2384 bytes,    1195744 total
- age   6:       3840 bytes,    1199584 total
- age   7:       2096 bytes,    1201680 total
- age   8:       6144 bytes,    1207824 total
: 89316K->1391K(109248K), 0.0064788 secs] 142898K->54975K(502464K), 0.0065513 secs] [Times: user=0.00 sys=0.00, real=0.00 secs] 
Heap after GC invocations=72 (full 1):
 par new generation   total 109248K, used 1391K [0x00000000e0000000, 0x00000000e8000000, 0x00000000e8000000)
  eden space 87424K,   0% used [0x00000000e0000000, 0x00000000e0000000, 0x00000000e5560000)
  from space 21824K,   6% used [0x00000000e5560000, 0x00000000e56bbef0, 0x00000000e6ab0000)
  to   space 21824K,   0% used [0x00000000e6ab0000, 0x00000000e6ab0000, 0x00000000e8000000)
 concurrent mark-sweep generation total 393216K, used 53583K [0x00000000e8000000, 0x0000000100000000, 0x0000000100000000)
 Metaspace       used 33569K, capacity 33996K, committed 34376K, reserved 1079296K
  class space    used 3678K, capacity 3792K, committed 3912K, reserved 1048576K
}
2017-07-03T15:51:06.344+0800: 546.697: Total time for which application threads were stopped: 0.0067924 seconds, Stopping threads took: 0.0000226 seconds
2017-07-03T15:51:07.604+0800: 547.952: Total time for which application threads were stopped: 0.0001608 seconds, Stopping threads took: 0.0000222 seconds
2017-07-03T15:51:08.041+0800: 548.390: Total time for which application threads were stopped: 0.0001900 seconds, Stopping threads took: 0.0001003 seconds
2017-07-03T15:51:11.215+0800: 551.564: Total time for which application threads were stopped: 0.0001681 seconds, Stopping threads took: 0.0000266 seconds
{Heap before GC invocations=72 (full 1):
 par new generation   total 109248K, used 88787K [0x00000000e0000000, 0x00000000e8000000, 0x00000000e8000000)
  eden space 87424K,  99% used [0x00000000e0000000, 0x00000000e5558ed0, 0x00000000e5560000)
  from space 21824K,   6% used [0x00000000e5560000, 0x00000000e56bbef0, 0x00000000e6ab0000)
  to   space 21824K,   0% used [0x00000000e6ab0000, 0x00000000e6ab0000, 0x00000000e8000000)
 concurrent mark-sweep generation total 393216K, used 53583K [0x00000000e8000000, 0x0000000100000000, 0x0000000100000000)
 Metaspace       used 33570K, capacity 33996K, committed 34376K, reserved 1079296K
  class space    used 3678K, capacity 3792K, committed 3912K, reserved 1048576K
2017-07-03T15:51:11.356+0800: 551.706: [GC (Allocation Failure) 2017-07-03T15:51:11.356+0800: 551.706: [ParNew
Desired survivor size 20112992 bytes, new threshold 8 (max 8)
- age   1:    1719512 bytes,    1719512 total
- age   2:      20296 bytes,    1739808 total
- age   3:       3384 bytes,    1743192 total
- age   4:       5672 bytes,    1748864 total
- age   5:       2848 bytes,    1751712 total
- age   6:       2384 bytes,    1754096 total
- age   7:       3840 bytes,    1757936 total
- age   8:       2096 bytes,    1760032 total
: 88787K->1992K(109248K), 0.0056619 secs] 142371K->55582K(502464K), 0.0057130 secs] [Times: user=0.00 sys=0.00, real=0.00 secs] 
Heap after GC invocations=73 (full 1):
 par new generation   total 109248K, used 1992K [0x00000000e0000000, 0x00000000e8000000, 0x00000000e8000000)
  eden space 87424K,   0% used [0x00000000e0000000, 0x00000000e0000000, 0x00000000e5560000)
  from space 21824K,   9% used [0x00000000e6ab0000, 0x00000000e6ca2260, 0x00000000e8000000)
  to   space 21824K,   0% used [0x00000000e5560000, 0x00000000e5560000, 0x00000000e6ab0000)
 concurrent mark-sweep generation total 393216K, used 53589K [0x00000000e8000000, 0x0000000100000000, 0x0000000100000000)
 Metaspace       used 33570K, capacity 33996K, committed 34376K, reserved 1079296K
  class space    used 3678K, capacity 3792K, committed 3912K, reserved 1048576K
}
2017-07-03T15:51:11.356+0800: 551.712: Total time for which application threads were stopped: 0.0059391 seconds, Stopping threads took: 0.0000521 seconds
2017-07-03T15:51:11.715+0800: 552.067: Total time for which application threads were stopped: 0.0002006 seconds, Stopping threads took: 0.0000390 seconds
2017-07-03T15:51:14.982+0800: 555.330: Total time for which application threads were stopped: 0.0001845 seconds, Stopping threads took: 0.0000248 seconds
2017-07-03T15:51:15.475+0800: 555.830: Total time for which application threads were stopped: 0.0000875 seconds, Stopping threads took: 0.0000186 seconds
{Heap before GC invocations=73 (full 1):
 par new generation   total 109248K, used 89416K [0x00000000e0000000, 0x00000000e8000000, 0x00000000e8000000)
  eden space 87424K, 100% used [0x00000000e0000000, 0x00000000e5560000, 0x00000000e5560000)
  from space 21824K,   9% used [0x00000000e6ab0000, 0x00000000e6ca2260, 0x00000000e8000000)
  to   space 21824K,   0% used [0x00000000e5560000, 0x00000000e5560000, 0x00000000e6ab0000)
 concurrent mark-sweep generation total 393216K, used 53589K [0x00000000e8000000, 0x0000000100000000, 0x0000000100000000)
 Metaspace       used 33570K, capacity 33996K, committed 34376K, reserved 1079296K
  class space    used 3678K, capacity 3792K, committed 3912K, reserved 1048576K
2017-07-03T15:51:15.522+0800: 555.868: [GC (Allocation Failure) 2017-07-03T15:51:15.522+0800: 555.868: [ParNew
Desired survivor size 20112992 bytes, new threshold 8 (max 8)
- age   1:    1170640 bytes,    1170640 total
- age   2:      72904 bytes,    1243544 total
- age   3:       4816 bytes,    1248360 total
- age   4:       2736 bytes,    1251096 total
- age   5:       5672 bytes,    1256768 total
- age   6:       2848 bytes,    1259616 total
- age   7:       2384 bytes,    1262000 total
- age   8:       3840 bytes,    1265840 total
: 89416K->1414K(109248K), 0.0057410 secs] 143006K->55006K(502464K), 0.0058016 secs] [Times: user=0.00 sys=0.00, real=0.00 secs] 
Heap after GC invocations=74 (full 1):
 par new generation   total 109248K, used 1414K [0x00000000e0000000, 0x00000000e8000000, 0x00000000e8000000)
  eden space 87424K,   0% used [0x00000000e0000000, 0x00000000e0000000, 0x00000000e5560000)
  from space 21824K,   6% used [0x00000000e5560000, 0x00000000e56c1a28, 0x00000000e6ab0000)
  to   space 21824K,   0% used [0x00000000e6ab0000, 0x00000000e6ab0000, 0x00000000e8000000)
 concurrent mark-sweep generation total 393216K, used 53591K [0x00000000e8000000, 0x0000000100000000, 0x0000000100000000)
 Metaspace       used 33570K, capacity 33996K, committed 34376K, reserved 1079296K
  class space    used 3678K, capacity 3792K, committed 3912K, reserved 1048576K
}
2017-07-03T15:51:15.522+0800: 555.874: Total time for which application threads were stopped: 0.0059792 seconds, Stopping threads took: 0.0000179 seconds
2017-07-03T15:51:18.640+0800: 558.984: Total time for which application threads were stopped: 0.0001335 seconds, Stopping threads took: 0.0000215 seconds
2017-07-03T15:51:19.062+0800: 559.416: Total time for which application threads were stopped: 0.0001338 seconds, Stopping threads took: 0.0000303 seconds
2017-07-03T15:51:22.792+0800: 563.140: Total time for which application threads were stopped: 0.0002396 seconds, Stopping threads took: 0.0000416 seconds
{Heap before GC invocations=74 (full 1):
 par new generation   total 109248K, used 88733K [0x00000000e0000000, 0x00000000e8000000, 0x00000000e8000000)
  eden space 87424K,  99% used [0x00000000e0000000, 0x00000000e5545cb8, 0x00000000e5560000)
  from space 21824K,   6% used [0x00000000e5560000, 0x00000000e56c1a28, 0x00000000e6ab0000)
  to   space 21824K,   0% used [0x00000000e6ab0000, 0x00000000e6ab0000, 0x00000000e8000000)
 concurrent mark-sweep generation total 393216K, used 53591K [0x00000000e8000000, 0x0000000100000000, 0x0000000100000000)
 Metaspace       used 33570K, capacity 33996K, committed 34376K, reserved 1079296K
  class space    used 3678K, capacity 3792K, committed 3912K, reserved 1048576K
2017-07-03T15:51:22.839+0800: 563.195: [GC (Allocation Failure) 2017-07-03T15:51:22.839+0800: 563.195: [ParNew
Desired survivor size 20112992 bytes, new threshold 8 (max 8)
- age   1:    1965136 bytes,    1965136 total
- age   2:       6600 bytes,    1971736 total
- age   3:       3360 bytes,    1975096 total
- age   4:       3808 bytes,    1978904 total
- age   5:       2736 bytes,    1981640 total
- age   6:       5672 bytes,    1987312 total
- age   7:       2848 bytes,    1990160 total
- age   8:       2384 bytes,    1992544 total
: 88733K->2084K(109248K), 0.0067701 secs] 142325K->55680K(502464K), 0.0068325 secs] [Times: user=0.06 sys=0.00, real=0.02 secs] 
Heap after GC invocations=75 (full 1):
 par new generation   total 109248K, used 2084K [0x00000000e0000000, 0x00000000e8000000, 0x00000000e8000000)
  eden space 87424K,   0% used [0x00000000e0000000, 0x00000000e0000000, 0x00000000e5560000)
  from space 21824K,   9% used [0x00000000e6ab0000, 0x00000000e6cb9160, 0x00000000e8000000)
  to   space 21824K,   0% used [0x00000000e5560000, 0x00000000e5560000, 0x00000000e6ab0000)
 concurrent mark-sweep generation total 393216K, used 53595K [0x00000000e8000000, 0x0000000100000000, 0x0000000100000000)
 Metaspace       used 33570K, capacity 33996K, committed 34376K, reserved 1079296K
  class space    used 3678K, capacity 3792K, committed 3912K, reserved 1048576K
}
2017-07-03T15:51:22.854+0800: 563.202: Total time for which application threads were stopped: 0.0070911 seconds, Stopping threads took: 0.0000328 seconds
2017-07-03T15:51:23.214+0800: 563.572: Total time for which application threads were stopped: 0.0000937 seconds, Stopping threads took: 0.0000303 seconds
2017-07-03T15:51:25.223+0800: 565.567: Total time for which application threads were stopped: 0.0001575 seconds, Stopping threads took: 0.0000456 seconds
2017-07-03T15:51:26.232+0800: 566.577: Total time for which application threads were stopped: 0.0001725 seconds, Stopping threads took: 0.0000354 seconds
2017-07-03T15:51:26.326+0800: 566.676: Total time for which application threads were stopped: 0.0001667 seconds, Stopping threads took: 0.0000193 seconds
{Heap before GC invocations=75 (full 1):
 par new generation   total 109248K, used 89480K [0x00000000e0000000, 0x00000000e8000000, 0x00000000e8000000)
  eden space 87424K,  99% used [0x00000000e0000000, 0x00000000e5559030, 0x00000000e5560000)
  from space 21824K,   9% used [0x00000000e6ab0000, 0x00000000e6cb9160, 0x00000000e8000000)
  to   space 21824K,   0% used [0x00000000e5560000, 0x00000000e5560000, 0x00000000e6ab0000)
 concurrent mark-sweep generation total 393216K, used 53595K [0x00000000e8000000, 0x0000000100000000, 0x0000000100000000)
 Metaspace       used 33570K, capacity 33996K, committed 34376K, reserved 1079296K
  class space    used 3678K, capacity 3792K, committed 3912K, reserved 1048576K
2017-07-03T15:51:26.420+0800: 566.776: [GC (Allocation Failure) 2017-07-03T15:51:26.420+0800: 566.776: [ParNew
Desired survivor size 20112992 bytes, new threshold 8 (max 8)
- age   1:    1225472 bytes,    1225472 total
- age   2:     167752 bytes,    1393224 total
- age   3:       3000 bytes,    1396224 total
- age   4:       2712 bytes,    1398936 total
- age   5:       3808 bytes,    1402744 total
- age   6:       2736 bytes,    1405480 total
- age   7:       5672 bytes,    1411152 total
- age   8:       2848 bytes,    1414000 total
: 89480K->1465K(109248K), 0.0070951 secs] 143076K->55063K(502464K), 0.0071498 secs] [Times: user=0.06 sys=0.00, real=0.01 secs] 
Heap after GC invocations=76 (full 1):
 par new generation   total 109248K, used 1465K [0x00000000e0000000, 0x00000000e8000000, 0x00000000e8000000)
  eden space 87424K,   0% used [0x00000000e0000000, 0x00000000e0000000, 0x00000000e5560000)
  from space 21824K,   6% used [0x00000000e5560000, 0x00000000e56ce690, 0x00000000e6ab0000)
  to   space 21824K,   0% used [0x00000000e6ab0000, 0x00000000e6ab0000, 0x00000000e8000000)
 concurrent mark-sweep generation total 393216K, used 53598K [0x00000000e8000000, 0x0000000100000000, 0x0000000100000000)
 Metaspace       used 33570K, capacity 33996K, committed 34376K, reserved 1079296K
  class space    used 3678K, capacity 3792K, committed 3912K, reserved 1048576K
}
2017-07-03T15:51:26.435+0800: 566.784: Total time for which application threads were stopped: 0.0073729 seconds, Stopping threads took: 0.0000230 seconds
2017-07-03T15:51:26.732+0800: 567.085: Total time for which application threads were stopped: 0.0001152 seconds, Stopping threads took: 0.0000248 seconds
2017-07-03T15:51:30.008+0800: 570.356: Total time for which application threads were stopped: 0.0001692 seconds, Stopping threads took: 0.0000197 seconds
2017-07-03T15:51:30.533+0800: 570.878: Total time for which application threads were stopped: 0.0002618 seconds, Stopping threads took: 0.0000671 seconds
{Heap before GC invocations=76 (full 1):
 par new generation   total 109248K, used 88874K [0x00000000e0000000, 0x00000000e8000000, 0x00000000e8000000)
  eden space 87424K,  99% used [0x00000000e0000000, 0x00000000e555c488, 0x00000000e5560000)
  from space 21824K,   6% used [0x00000000e5560000, 0x00000000e56ce690, 0x00000000e6ab0000)
  to   space 21824K,   0% used [0x00000000e6ab0000, 0x00000000e6ab0000, 0x00000000e8000000)
 concurrent mark-sweep generation total 393216K, used 53598K [0x00000000e8000000, 0x0000000100000000, 0x0000000100000000)
 Metaspace       used 33573K, capacity 33996K, committed 34376K, reserved 1079296K
  class space    used 3678K, capacity 3792K, committed 3912K, reserved 1048576K
2017-07-03T15:51:32.484+0800: 572.830: [GC (Allocation Failure) 2017-07-03T15:51:32.484+0800: 572.830: [ParNew
Desired survivor size 20112992 bytes, new threshold 8 (max 8)
- age   1:    1208312 bytes,    1208312 total
- age   2:       5352 bytes,    1213664 total
- age   3:       6912 bytes,    1220576 total
- age   4:       2280 bytes,    1222856 total
- age   5:       2712 bytes,    1225568 total
- age   6:       3688 bytes,    1229256 total
- age   7:       1872 bytes,    1231128 total
- age   8:       5672 bytes,    1236800 total
: 88874K->1557K(109248K), 0.0061652 secs] 142472K->55158K(502464K), 0.0062257 secs] [Times: user=0.00 sys=0.00, real=0.00 secs] 
Heap after GC invocations=77 (full 1):
 par new generation   total 109248K, used 1557K [0x00000000e0000000, 0x00000000e8000000, 0x00000000e8000000)
  eden space 87424K,   0% used [0x00000000e0000000, 0x00000000e0000000, 0x00000000e5560000)
  from space 21824K,   7% used [0x00000000e6ab0000, 0x00000000e6c35570, 0x00000000e8000000)
  to   space 21824K,   0% used [0x00000000e5560000, 0x00000000e5560000, 0x00000000e6ab0000)
 concurrent mark-sweep generation total 393216K, used 53600K [0x00000000e8000000, 0x0000000100000000, 0x0000000100000000)
 Metaspace       used 33573K, capacity 33996K, committed 34376K, reserved 1079296K
  class space    used 3678K, capacity 3792K, committed 3912K, reserved 1048576K
}
2017-07-03T15:51:32.484+0800: 572.836: Total time for which application threads were stopped: 0.0064146 seconds, Stopping threads took: 0.0000212 seconds
2017-07-03T15:51:33.485+0800: 573.829: Total time for which application threads were stopped: 0.0002903 seconds, Stopping threads took: 0.0000609 seconds
2017-07-03T15:51:33.844+0800: 574.194: Total time for which application threads were stopped: 0.0002323 seconds, Stopping threads took: 0.0000387 seconds
2017-07-03T15:51:34.509+0800: 574.866: Total time for which application threads were stopped: 0.0000890 seconds, Stopping threads took: 0.0000182 seconds
2017-07-03T15:51:37.827+0800: 578.172: Total time for which application threads were stopped: 0.0000777 seconds, Stopping threads took: 0.0000164 seconds
2017-07-03T15:51:37.843+0800: 578.190: Total time for which application threads were stopped: 0.0002319 seconds, Stopping threads took: 0.0000470 seconds
{Heap before GC invocations=77 (full 1):
 par new generation   total 109248K, used 88880K [0x00000000e0000000, 0x00000000e8000000, 0x00000000e8000000)
  eden space 87424K,  99% used [0x00000000e0000000, 0x00000000e5546e30, 0x00000000e5560000)
  from space 21824K,   7% used [0x00000000e6ab0000, 0x00000000e6c35570, 0x00000000e8000000)
  to   space 21824K,   0% used [0x00000000e5560000, 0x00000000e5560000, 0x00000000e6ab0000)
 concurrent mark-sweep generation total 393216K, used 53600K [0x00000000e8000000, 0x0000000100000000, 0x0000000100000000)
 Metaspace       used 33573K, capacity 33996K, committed 34376K, reserved 1079296K
  class space    used 3678K, capacity 3792K, committed 3912K, reserved 1048576K
2017-07-03T15:51:37.889+0800: 578.248: [GC (Allocation Failure) 2017-07-03T15:51:37.889+0800: 578.248: [ParNew
Desired survivor size 20112992 bytes, new threshold 8 (max 8)
- age   1:    2030456 bytes,    2030456 total
- age   2:      18344 bytes,    2048800 total
- age   3:       3096 bytes,    2051896 total
- age   4:       5976 bytes,    2057872 total
- age   5:       2280 bytes,    2060152 total
- age   6:       2712 bytes,    2062864 total
- age   7:       3688 bytes,    2066552 total
- age   8:       1872 bytes,    2068424 total
: 88880K->2153K(109248K), 0.0067293 secs] 142481K->55759K(502464K), 0.0068482 secs] [Times: user=0.06 sys=0.00, real=0.02 secs] 
Heap after GC invocations=78 (full 1):
 par new generation   total 109248K, used 2153K [0x00000000e0000000, 0x00000000e8000000, 0x00000000e8000000)
  eden space 87424K,   0% used [0x00000000e0000000, 0x00000000e0000000, 0x00000000e5560000)
  from space 21824K,   9% used [0x00000000e5560000, 0x00000000e577a5d0, 0x00000000e6ab0000)
  to   space 21824K,   0% used [0x00000000e6ab0000, 0x00000000e6ab0000, 0x00000000e8000000)
 concurrent mark-sweep generation total 393216K, used 53606K [0x00000000e8000000, 0x0000000100000000, 0x0000000100000000)
 Metaspace       used 33573K, capacity 33996K, committed 34376K, reserved 1079296K
  class space    used 3678K, capacity 3792K, committed 3912K, reserved 1048576K
}
2017-07-03T15:51:37.905+0800: 578.255: Total time for which application threads were stopped: 0.0070374 seconds, Stopping threads took: 0.0000252 seconds
2017-07-03T15:51:38.696+0800: 579.046: Total time for which application threads were stopped: 0.0001440 seconds, Stopping threads took: 0.0000212 seconds
2017-07-03T15:51:41.745+0800: 582.095: Total time for which application threads were stopped: 0.0002086 seconds, Stopping threads took: 0.0000361 seconds
{Heap before GC invocations=78 (full 1):
 par new generation   total 109248K, used 89549K [0x00000000e0000000, 0x00000000e8000000, 0x00000000e8000000)
  eden space 87424K,  99% used [0x00000000e0000000, 0x00000000e5558fe8, 0x00000000e5560000)
  from space 21824K,   9% used [0x00000000e5560000, 0x00000000e577a5d0, 0x00000000e6ab0000)
  to   space 21824K,   0% used [0x00000000e6ab0000, 0x00000000e6ab0000, 0x00000000e8000000)
 concurrent mark-sweep generation total 393216K, used 53606K [0x00000000e8000000, 0x0000000100000000, 0x0000000100000000)
 Metaspace       used 33573K, capacity 33996K, committed 34376K, reserved 1079296K
  class space    used 3678K, capacity 3792K, committed 3912K, reserved 1048576K
2017-07-03T15:51:41.948+0800: 582.305: [GC (Allocation Failure) 2017-07-03T15:51:41.948+0800: 582.305: [ParNew
Desired survivor size 20112992 bytes, new threshold 8 (max 8)
- age   1:    1596848 bytes,    1596848 total
- age   2:     164408 bytes,    1761256 total
- age   3:       5168 bytes,    1766424 total
- age   4:       2448 bytes,    1768872 total
- age   5:       5976 bytes,    1774848 total
- age   6:       2280 bytes,    1777128 total
- age   7:       2712 bytes,    1779840 total
- age   8:       3688 bytes,    1783528 total
: 89549K->2226K(109248K), 0.0067621 secs] 143155K->55834K(502464K), 0.0068292 secs] [Times: user=0.06 sys=0.00, real=0.02 secs] 
Heap after GC invocations=79 (full 1):
 par new generation   total 109248K, used 2226K [0x00000000e0000000, 0x00000000e8000000, 0x00000000e8000000)
  eden space 87424K,   0% used [0x00000000e0000000, 0x00000000e0000000, 0x00000000e5560000)
  from space 21824K,  10% used [0x00000000e6ab0000, 0x00000000e6cdc9d0, 0x00000000e8000000)
  to   space 21824K,   0% used [0x00000000e5560000, 0x00000000e5560000, 0x00000000e6ab0000)
 concurrent mark-sweep generation total 393216K, used 53608K [0x00000000e8000000, 0x0000000100000000, 0x0000000100000000)
 Metaspace       used 33573K, capacity 33996K, committed 34376K, reserved 1079296K
  class space    used 3678K, capacity 3792K, committed 3912K, reserved 1048576K
}
2017-07-03T15:51:41.964+0800: 582.311: Total time for which application threads were stopped: 0.0070265 seconds, Stopping threads took: 0.0000255 seconds
2017-07-03T15:51:42.238+0800: 582.593: Total time for which application threads were stopped: 0.0001860 seconds, Stopping threads took: 0.0000390 seconds
2017-07-03T15:51:44.254+0800: 584.599: Total time for which application threads were stopped: 0.0002538 seconds, Stopping threads took: 0.0000682 seconds
2017-07-03T15:51:45.524+0800: 585.872: Total time for which application threads were stopped: 0.0001448 seconds, Stopping threads took: 0.0000241 seconds
2017-07-03T15:51:45.884+0800: 586.241: Total time for which application threads were stopped: 0.0001958 seconds, Stopping threads took: 0.0000445 seconds
{Heap before GC invocations=79 (full 1):
 par new generation   total 109248K, used 89622K [0x00000000e0000000, 0x00000000e8000000, 0x00000000e8000000)
  eden space 87424K,  99% used [0x00000000e0000000, 0x00000000e5558f88, 0x00000000e5560000)
  from space 21824K,  10% used [0x00000000e6ab0000, 0x00000000e6cdc9d0, 0x00000000e8000000)
  to   space 21824K,   0% used [0x00000000e5560000, 0x00000000e5560000, 0x00000000e6ab0000)
 concurrent mark-sweep generation total 393216K, used 53608K [0x00000000e8000000, 0x0000000100000000, 0x0000000100000000)
 Metaspace       used 33573K, capacity 33996K, committed 34376K, reserved 1079296K
  class space    used 3678K, capacity 3792K, committed 3912K, reserved 1048576K
2017-07-03T15:51:46.938+0800: 587.285: [GC (Allocation Failure) 2017-07-03T15:51:46.938+0800: 587.285: [ParNew
Desired survivor size 20112992 bytes, new threshold 8 (max 8)
- age   1:    1137616 bytes,    1137616 total
- age   2:      27688 bytes,    1165304 total
- age   3:       5144 bytes,    1170448 total
- age   4:       4448 bytes,    1174896 total
- age   5:       2448 bytes,    1177344 total
- age   6:       5976 bytes,    1183320 total
- age   7:       2280 bytes,    1185600 total
- age   8:       2712 bytes,    1188312 total
: 89622K->1475K(109248K), 0.0067388 secs] 143230K->55087K(502464K), 0.0068427 secs] [Times: user=0.00 sys=0.00, real=0.00 secs] 
Heap after GC invocations=80 (full 1):
 par new generation   total 109248K, used 1475K [0x00000000e0000000, 0x00000000e8000000, 0x00000000e8000000)
  eden space 87424K,   0% used [0x00000000e0000000, 0x00000000e0000000, 0x00000000e5560000)
  from space 21824K,   6% used [0x00000000e5560000, 0x00000000e56d0d38, 0x00000000e6ab0000)
  to   space 21824K,   0% used [0x00000000e6ab0000, 0x00000000e6ab0000, 0x00000000e8000000)
 concurrent mark-sweep generation total 393216K, used 53611K [0x00000000e8000000, 0x0000000100000000, 0x0000000100000000)
 Metaspace       used 33573K, capacity 33996K, committed 34376K, reserved 1079296K
  class space    used 3678K, capacity 3792K, committed 3912K, reserved 1048576K
}
2017-07-03T15:51:46.938+0800: 587.291: Total time for which application threads were stopped: 0.0070298 seconds, Stopping threads took: 0.0000186 seconds
2017-07-03T15:51:49.156+0800: 589.505: Total time for which application threads were stopped: 0.0002239 seconds, Stopping threads took: 0.0000201 seconds
2017-07-03T15:51:49.156+0800: 589.506: Total time for which application threads were stopped: 0.0001977 seconds, Stopping threads took: 0.0000153 seconds
2017-07-03T15:51:49.640+0800: 589.991: Total time for which application threads were stopped: 0.0001929 seconds, Stopping threads took: 0.0000492 seconds
2017-07-03T15:51:52.573+0800: 592.921: Total time for which application threads were stopped: 0.0001597 seconds, Stopping threads took: 0.0000277 seconds
{Heap before GC invocations=80 (full 1):
 par new generation   total 109248K, used 88899K [0x00000000e0000000, 0x00000000e8000000, 0x00000000e8000000)
  eden space 87424K, 100% used [0x00000000e0000000, 0x00000000e5560000, 0x00000000e5560000)
  from space 21824K,   6% used [0x00000000e5560000, 0x00000000e56d0d38, 0x00000000e6ab0000)
  to   space 21824K,   0% used [0x00000000e6ab0000, 0x00000000e6ab0000, 0x00000000e8000000)
 concurrent mark-sweep generation total 393216K, used 53611K [0x00000000e8000000, 0x0000000100000000, 0x0000000100000000)
 Metaspace       used 33574K, capacity 33996K, committed 34376K, reserved 1079296K
  class space    used 3678K, capacity 3792K, committed 3912K, reserved 1048576K
2017-07-03T15:51:52.729+0800: 593.074: [GC (Allocation Failure) 2017-07-03T15:51:52.729+0800: 593.074: [ParNew
Desired survivor size 20112992 bytes, new threshold 8 (max 8)
- age   1:    1357496 bytes,    1357496 total
- age   2:      11312 bytes,    1368808 total
- age   3:       2448 bytes,    1371256 total
- age   4:       2992 bytes,    1374248 total
- age   5:       4232 bytes,    1378480 total
- age   6:       2448 bytes,    1380928 total
- age   7:       5976 bytes,    1386904 total
- age   8:       2280 bytes,    1389184 total
: 88899K->1635K(109248K), 0.0055897 secs] 142511K->55249K(502464K), 0.0056615 secs] [Times: user=0.00 sys=0.00, real=0.00 secs] 
Heap after GC invocations=81 (full 1):
 par new generation   total 109248K, used 1635K [0x00000000e0000000, 0x00000000e8000000, 0x00000000e8000000)
  eden space 87424K,   0% used [0x00000000e0000000, 0x00000000e0000000, 0x00000000e5560000)
  from space 21824K,   7% used [0x00000000e6ab0000, 0x00000000e6c48d90, 0x00000000e8000000)
  to   space 21824K,   0% used [0x00000000e5560000, 0x00000000e5560000, 0x00000000e6ab0000)
 concurrent mark-sweep generation total 393216K, used 53614K [0x00000000e8000000, 0x0000000100000000, 0x0000000100000000)
 Metaspace       used 33574K, capacity 33996K, committed 34376K, reserved 1079296K
  class space    used 3678K, capacity 3792K, committed 3912K, reserved 1048576K
}
2017-07-03T15:51:52.729+0800: 593.080: Total time for which application threads were stopped: 0.0059339 seconds, Stopping threads took: 0.0000693 seconds
2017-07-03T15:51:53.104+0800: 593.460: Total time for which application threads were stopped: 0.0001615 seconds, Stopping threads took: 0.0000314 seconds
2017-07-03T15:51:56.430+0800: 596.778: Total time for which application threads were stopped: 0.0001648 seconds, Stopping threads took: 0.0000332 seconds
{Heap before GC invocations=81 (full 1):
 par new generation   total 109248K, used 89059K [0x00000000e0000000, 0x00000000e8000000, 0x00000000e8000000)
  eden space 87424K, 100% used [0x00000000e0000000, 0x00000000e5560000, 0x00000000e5560000)
  from space 21824K,   7% used [0x00000000e6ab0000, 0x00000000e6c48d90, 0x00000000e8000000)
  to   space 21824K,   0% used [0x00000000e5560000, 0x00000000e5560000, 0x00000000e6ab0000)
 concurrent mark-sweep generation total 393216K, used 53614K [0x00000000e8000000, 0x0000000100000000, 0x0000000100000000)
 Metaspace       used 33577K, capacity 33996K, committed 34376K, reserved 1079296K
  class space    used 3678K, capacity 3792K, committed 3912K, reserved 1048576K
2017-07-03T15:51:56.649+0800: 596.998: [GC (Allocation Failure) 2017-07-03T15:51:56.649+0800: 596.998: [ParNew
Desired survivor size 20112992 bytes, new threshold 8 (max 8)
- age   1:    1573696 bytes,    1573696 total
- age   2:     165248 bytes,    1738944 total
- age   3:       5336 bytes,    1744280 total
- age   4:       1872 bytes,    1746152 total
- age   5:       2920 bytes,    1749072 total
- age   6:       4232 bytes,    1753304 total
- age   7:       2448 bytes,    1755752 total
- age   8:       5976 bytes,    1761728 total
: 89059K->1952K(109248K), 0.0063274 secs] 142673K->55568K(502464K), 0.0063938 secs] [Times: user=0.00 sys=0.00, real=0.00 secs] 
Heap after GC invocations=82 (full 1):
 par new generation   total 109248K, used 1952K [0x00000000e0000000, 0x00000000e8000000, 0x00000000e8000000)
  eden space 87424K,   0% used [0x00000000e0000000, 0x00000000e0000000, 0x00000000e5560000)
  from space 21824K,   8% used [0x00000000e5560000, 0x00000000e5748050, 0x00000000e6ab0000)
  to   space 21824K,   0% used [0x00000000e6ab0000, 0x00000000e6ab0000, 0x00000000e8000000)
 concurrent mark-sweep generation total 393216K, used 53616K [0x00000000e8000000, 0x0000000100000000, 0x0000000100000000)
 Metaspace       used 33577K, capacity 33996K, committed 34376K, reserved 1079296K
  class space    used 3678K, capacity 3792K, committed 3912K, reserved 1048576K
}
2017-07-03T15:51:56.649+0800: 597.004: Total time for which application threads were stopped: 0.0066494 seconds, Stopping threads took: 0.0000452 seconds
2017-07-03T15:51:56.962+0800: 597.307: Total time for which application threads were stopped: 0.0002009 seconds, Stopping threads took: 0.0000405 seconds
2017-07-03T15:51:58.979+0800: 599.323: Total time for which application threads were stopped: 0.0001382 seconds, Stopping threads took: 0.0000365 seconds
2017-07-03T15:52:00.573+0800: 600.921: Total time for which application threads were stopped: 0.0002469 seconds, Stopping threads took: 0.0000284 seconds
2017-07-03T15:52:00.948+0800: 601.298: Total time for which application threads were stopped: 0.0002571 seconds, Stopping threads took: 0.0000434 seconds
{Heap before GC invocations=82 (full 1):
 par new generation   total 109248K, used 89376K [0x00000000e0000000, 0x00000000e8000000, 0x00000000e8000000)
  eden space 87424K, 100% used [0x00000000e0000000, 0x00000000e5560000, 0x00000000e5560000)
  from space 21824K,   8% used [0x00000000e5560000, 0x00000000e5748050, 0x00000000e6ab0000)
  to   space 21824K,   0% used [0x00000000e6ab0000, 0x00000000e6ab0000, 0x00000000e8000000)
 concurrent mark-sweep generation total 393216K, used 53616K [0x00000000e8000000, 0x0000000100000000, 0x0000000100000000)
 Metaspace       used 33577K, capacity 33996K, committed 34376K, reserved 1079296K
  class space    used 3678K, capacity 3792K, committed 3912K, reserved 1048576K
2017-07-03T15:52:02.916+0800: 603.261: [GC (Allocation Failure) 2017-07-03T15:52:02.916+0800: 603.261: [ParNew
Desired survivor size 20112992 bytes, new threshold 8 (max 8)
- age   1:    1038672 bytes,    1038672 total
- age   2:      28216 bytes,    1066888 total
- age   3:       5840 bytes,    1072728 total
- age   4:       4544 bytes,    1077272 total
- age   5:       1800 bytes,    1079072 total
- age   6:       2920 bytes,    1081992 total
- age   7:       3248 bytes,    1085240 total
- age   8:       2448 bytes,    1087688 total
: 89376K->1557K(109248K), 0.0086271 secs] 142992K->55179K(502464K), 0.0087262 secs] [Times: user=0.00 sys=0.00, real=0.00 secs] 
Heap after GC invocations=83 (full 1):
 par new generation   total 109248K, used 1557K [0x00000000e0000000, 0x00000000e8000000, 0x00000000e8000000)
  eden space 87424K,   0% used [0x00000000e0000000, 0x00000000e0000000, 0x00000000e5560000)
  from space 21824K,   7% used [0x00000000e6ab0000, 0x00000000e6c354a0, 0x00000000e8000000)
  to   space 21824K,   0% used [0x00000000e5560000, 0x00000000e5560000, 0x00000000e6ab0000)
 concurrent mark-sweep generation total 393216K, used 53622K [0x00000000e8000000, 0x0000000100000000, 0x0000000100000000)
 Metaspace       used 33577K, capacity 33996K, committed 34376K, reserved 1079296K
  class space    used 3678K, capacity 3792K, committed 3912K, reserved 1048576K
}
2017-07-03T15:52:02.916+0800: 603.270: Total time for which application threads were stopped: 0.0089877 seconds, Stopping threads took: 0.0000255 seconds
2017-07-03T15:52:03.949+0800: 604.300: Total time for which application threads were stopped: 0.0001918 seconds, Stopping threads took: 0.0000299 seconds
2017-07-03T15:52:04.651+0800: 604.996: Total time for which application threads were stopped: 0.0002221 seconds, Stopping threads took: 0.0000631 seconds
2017-07-03T15:52:04.667+0800: 605.012: Total time for which application threads were stopped: 0.0001440 seconds, Stopping threads took: 0.0000540 seconds
2017-07-03T15:52:05.676+0800: 606.020: Total time for which application threads were stopped: 0.0001977 seconds, Stopping threads took: 0.0000689 seconds
2017-07-03T15:52:07.444+0800: 607.793: Total time for which application threads were stopped: 0.0001925 seconds, Stopping threads took: 0.0000350 seconds
{Heap before GC invocations=83 (full 1):
 par new generation   total 109248K, used 88981K [0x00000000e0000000, 0x00000000e8000000, 0x00000000e8000000)
  eden space 87424K, 100% used [0x00000000e0000000, 0x00000000e5560000, 0x00000000e5560000)
  from space 21824K,   7% used [0x00000000e6ab0000, 0x00000000e6c354a0, 0x00000000e8000000)
  to   space 21824K,   0% used [0x00000000e5560000, 0x00000000e5560000, 0x00000000e6ab0000)
 concurrent mark-sweep generation total 393216K, used 53622K [0x00000000e8000000, 0x0000000100000000, 0x0000000100000000)
 Metaspace       used 33577K, capacity 33996K, committed 34376K, reserved 1079296K
  class space    used 3678K, capacity 3792K, committed 3912K, reserved 1048576K
2017-07-03T15:52:07.678+0800: 608.031: [GC (Allocation Failure) 2017-07-03T15:52:07.678+0800: 608.031: [ParNew
Desired survivor size 20112992 bytes, new threshold 8 (max 8)
- age   1:    1721160 bytes,    1721160 total
- age   2:      20280 bytes,    1741440 total
- age   3:       2976 bytes,    1744416 total
- age   4:       3544 bytes,    1747960 total
- age   5:       4544 bytes,    1752504 total
- age   6:       1800 bytes,    1754304 total
- age   7:       2920 bytes,    1757224 total
- age   8:       3248 bytes,    1760472 total
: 88981K->1842K(109248K), 0.0053468 secs] 142603K->55467K(502464K), 0.0053993 secs] [Times: user=0.00 sys=0.00, real=0.00 secs] 
Heap after GC invocations=84 (full 1):
 par new generation   total 109248K, used 1842K [0x00000000e0000000, 0x00000000e8000000, 0x00000000e8000000)
  eden space 87424K,   0% used [0x00000000e0000000, 0x00000000e0000000, 0x00000000e5560000)
  from space 21824K,   8% used [0x00000000e5560000, 0x00000000e572c898, 0x00000000e6ab0000)
  to   space 21824K,   0% used [0x00000000e6ab0000, 0x00000000e6ab0000, 0x00000000e8000000)
 concurrent mark-sweep generation total 393216K, used 53624K [0x00000000e8000000, 0x0000000100000000, 0x0000000100000000)
 Metaspace       used 33577K, capacity 33996K, committed 34376K, reserved 1079296K
  class space    used 3678K, capacity 3792K, committed 3912K, reserved 1048576K
}
2017-07-03T15:52:07.678+0800: 608.037: Total time for which application threads were stopped: 0.0055664 seconds, Stopping threads took: 0.0000182 seconds
2017-07-03T15:52:07.990+0800: 608.343: Total time for which application threads were stopped: 0.0002746 seconds, Stopping threads took: 0.0000248 seconds
2017-07-03T15:52:11.073+0800: 611.420: Total time for which application threads were stopped: 0.0002757 seconds, Stopping threads took: 0.0001152 seconds
{Heap before GC invocations=84 (full 1):
 par new generation   total 109248K, used 89259K [0x00000000e0000000, 0x00000000e8000000, 0x00000000e8000000)
  eden space 87424K,  99% used [0x00000000e0000000, 0x00000000e555e3c0, 0x00000000e5560000)
  from space 21824K,   8% used [0x00000000e5560000, 0x00000000e572c898, 0x00000000e6ab0000)
  to   space 21824K,   0% used [0x00000000e6ab0000, 0x00000000e6ab0000, 0x00000000e8000000)
 concurrent mark-sweep generation total 393216K, used 53624K [0x00000000e8000000, 0x0000000100000000, 0x0000000100000000)
 Metaspace       used 33578K, capacity 33996K, committed 34376K, reserved 1079296K
  class space    used 3678K, capacity 3792K, committed 3912K, reserved 1048576K
2017-07-03T15:52:11.197+0800: 611.546: [GC (Allocation Failure) 2017-07-03T15:52:11.197+0800: 611.546: [ParNew
Desired survivor size 20112992 bytes, new threshold 8 (max 8)
- age   1:    1285216 bytes,    1285216 total
- age   2:     164344 bytes,    1449560 total
- age   3:       5096 bytes,    1454656 total
- age   4:       2400 bytes,    1457056 total
- age   5:       3544 bytes,    1460600 total
- age   6:       4544 bytes,    1465144 total
- age   7:       1800 bytes,    1466944 total
- age   8:       2920 bytes,    1469864 total
: 89259K->1896K(109248K), 0.0051105 secs] 142883K->55524K(502464K), 0.0051827 secs] [Times: user=0.00 sys=0.00, real=0.00 secs] 
Heap after GC invocations=85 (full 1):
 par new generation   total 109248K, used 1896K [0x00000000e0000000, 0x00000000e8000000, 0x00000000e8000000)
  eden space 87424K,   0% used [0x00000000e0000000, 0x00000000e0000000, 0x00000000e5560000)
  from space 21824K,   8% used [0x00000000e6ab0000, 0x00000000e6c8a2c0, 0x00000000e8000000)
  to   space 21824K,   0% used [0x00000000e5560000, 0x00000000e5560000, 0x00000000e6ab0000)
 concurrent mark-sweep generation total 393216K, used 53628K [0x00000000e8000000, 0x0000000100000000, 0x0000000100000000)
 Metaspace       used 33578K, capacity 33996K, committed 34376K, reserved 1079296K
  class space    used 3678K, capacity 3792K, committed 3912K, reserved 1048576K
}
2017-07-03T15:52:11.197+0800: 611.551: Total time for which application threads were stopped: 0.0053625 seconds, Stopping threads took: 0.0000215 seconds
2017-07-03T15:52:11.479+0800: 611.828: Total time for which application threads were stopped: 0.0001780 seconds, Stopping threads took: 0.0000405 seconds
2017-07-03T15:52:14.426+0800: 614.771: Total time for which application threads were stopped: 0.0001360 seconds, Stopping threads took: 0.0000274 seconds
2017-07-03T15:52:14.441+0800: 614.792: Total time for which application threads were stopped: 0.0003129 seconds, Stopping threads took: 0.0001061 seconds
2017-07-03T15:52:14.988+0800: 615.335: Total time for which application threads were stopped: 0.0001025 seconds, Stopping threads took: 0.0000215 seconds
2017-07-03T15:52:15.993+0800: 616.338: Total time for which application threads were stopped: 0.0001853 seconds, Stopping threads took: 0.0000328 seconds
2017-07-03T15:52:18.041+0800: 618.388: Total time for which application threads were stopped: 0.0001860 seconds, Stopping threads took: 0.0000459 seconds
{Heap before GC invocations=85 (full 1):
 par new generation   total 109248K, used 89320K [0x00000000e0000000, 0x00000000e8000000, 0x00000000e8000000)
  eden space 87424K, 100% used [0x00000000e0000000, 0x00000000e5560000, 0x00000000e5560000)
  from space 21824K,   8% used [0x00000000e6ab0000, 0x00000000e6c8a2c0, 0x00000000e8000000)
  to   space 21824K,   0% used [0x00000000e5560000, 0x00000000e5560000, 0x00000000e6ab0000)
 concurrent mark-sweep generation total 393216K, used 53628K [0x00000000e8000000, 0x0000000100000000, 0x0000000100000000)
 Metaspace       used 33578K, capacity 33996K, committed 34376K, reserved 1079296K
  class space    used 3678K, capacity 3792K, committed 3912K, reserved 1048576K
2017-07-03T15:52:18.088+0800: 618.443: [GC (Allocation Failure) 2017-07-03T15:52:18.088+0800: 618.443: [ParNew
Desired survivor size 20112992 bytes, new threshold 8 (max 8)
- age   1:    1282288 bytes,    1282288 total
- age   2:       5992 bytes,    1288280 total
- age   3:       3792 bytes,    1292072 total
- age   4:       4088 bytes,    1296160 total
- age   5:       2328 bytes,    1298488 total
- age   6:       3544 bytes,    1302032 total
- age   7:       4544 bytes,    1306576 total
- age   8:       1800 bytes,    1308376 total
: 89320K->1666K(109248K), 0.0059956 secs] 142948K->55297K(502464K), 0.0060525 secs] [Times: user=0.00 sys=0.02, real=0.01 secs] 
Heap after GC invocations=86 (full 1):
 par new generation   total 109248K, used 1666K [0x00000000e0000000, 0x00000000e8000000, 0x00000000e8000000)
  eden space 87424K,   0% used [0x00000000e0000000, 0x00000000e0000000, 0x00000000e5560000)
  from space 21824K,   7% used [0x00000000e5560000, 0x00000000e5700910, 0x00000000e6ab0000)
  to   space 21824K,   0% used [0x00000000e6ab0000, 0x00000000e6ab0000, 0x00000000e8000000)
 concurrent mark-sweep generation total 393216K, used 53630K [0x00000000e8000000, 0x0000000100000000, 0x0000000100000000)
 Metaspace       used 33578K, capacity 33996K, committed 34376K, reserved 1079296K
  class space    used 3678K, capacity 3792K, committed 3912K, reserved 1048576K
}
2017-07-03T15:52:18.103+0800: 618.449: Total time for which application threads were stopped: 0.0062374 seconds, Stopping threads took: 0.0000201 seconds
2017-07-03T15:52:18.416+0800: 618.774: Total time for which application threads were stopped: 0.0001043 seconds, Stopping threads took: 0.0000193 seconds
2017-07-03T15:52:21.627+0800: 621.975: Total time for which application threads were stopped: 0.0002188 seconds, Stopping threads took: 0.0000766 seconds
{Heap before GC invocations=86 (full 1):
 par new generation   total 109248K, used 89090K [0x00000000e0000000, 0x00000000e8000000, 0x00000000e8000000)
  eden space 87424K, 100% used [0x00000000e0000000, 0x00000000e5560000, 0x00000000e5560000)
  from space 21824K,   7% used [0x00000000e5560000, 0x00000000e5700910, 0x00000000e6ab0000)
  to   space 21824K,   0% used [0x00000000e6ab0000, 0x00000000e6ab0000, 0x00000000e8000000)
 concurrent mark-sweep generation total 393216K, used 53630K [0x00000000e8000000, 0x0000000100000000, 0x0000000100000000)
 Metaspace       used 33578K, capacity 33996K, committed 34376K, reserved 1079296K
  class space    used 3678K, capacity 3792K, committed 3912K, reserved 1048576K
2017-07-03T15:52:21.737+0800: 622.082: [GC (Allocation Failure) 2017-07-03T15:52:21.737+0800: 622.082: [ParNew
Desired survivor size 20112992 bytes, new threshold 8 (max 8)
- age   1:    1179704 bytes,    1179704 total
- age   2:     166120 bytes,    1345824 total
- age   3:       5024 bytes,    1350848 total
- age   4:       3000 bytes,    1353848 total
- age   5:       4088 bytes,    1357936 total
- age   6:       2328 bytes,    1360264 total
- age   7:       3544 bytes,    1363808 total
- age   8:       4544 bytes,    1368352 total
: 89090K->1551K(109248K), 0.0060419 secs] 142721K->55184K(502464K), 0.0061611 secs] [Times: user=0.00 sys=0.00, real=0.00 secs] 
Heap after GC invocations=87 (full 1):
 par new generation   total 109248K, used 1551K [0x00000000e0000000, 0x00000000e8000000, 0x00000000e8000000)
  eden space 87424K,   0% used [0x00000000e0000000, 0x00000000e0000000, 0x00000000e5560000)
  from space 21824K,   7% used [0x00000000e6ab0000, 0x00000000e6c33ea8, 0x00000000e8000000)
  to   space 21824K,   0% used [0x00000000e5560000, 0x00000000e5560000, 0x00000000e6ab0000)
 concurrent mark-sweep generation total 393216K, used 53632K [0x00000000e8000000, 0x0000000100000000, 0x0000000100000000)
 Metaspace       used 33578K, capacity 33996K, committed 34376K, reserved 1079296K
  class space    used 3678K, capacity 3792K, committed 3912K, reserved 1048576K
}
2017-07-03T15:52:21.737+0800: 622.088: Total time for which application threads were stopped: 0.0064120 seconds, Stopping threads took: 0.0000193 seconds
2017-07-03T15:52:22.119+0800: 622.464: Total time for which application threads were stopped: 0.0000868 seconds, Stopping threads took: 0.0000190 seconds
2017-07-03T15:52:23.698+0800: 624.043: Total time for which application threads were stopped: 0.0001054 seconds, Stopping threads took: 0.0000215 seconds
2017-07-03T15:52:24.793+0800: 625.140: Total time for which application threads were stopped: 0.0001823 seconds, Stopping threads took: 0.0000197 seconds
2017-07-03T15:52:25.254+0800: 625.601: Total time for which application threads were stopped: 0.0000985 seconds, Stopping threads took: 0.0000219 seconds
2017-07-03T15:52:27.275+0800: 627.619: Total time for which application threads were stopped: 0.0001371 seconds, Stopping threads took: 0.0000365 seconds
{Heap before GC invocations=87 (full 1):
 par new generation   total 109248K, used 88975K [0x00000000e0000000, 0x00000000e8000000, 0x00000000e8000000)
  eden space 87424K, 100% used [0x00000000e0000000, 0x00000000e5560000, 0x00000000e5560000)
  from space 21824K,   7% used [0x00000000e6ab0000, 0x00000000e6c33ea8, 0x00000000e8000000)
  to   space 21824K,   0% used [0x00000000e5560000, 0x00000000e5560000, 0x00000000e6ab0000)
 concurrent mark-sweep generation total 393216K, used 53632K [0x00000000e8000000, 0x0000000100000000, 0x0000000100000000)
 Metaspace       used 33578K, capacity 33996K, committed 34376K, reserved 1079296K
  class space    used 3678K, capacity 3792K, committed 3912K, reserved 1048576K
2017-07-03T15:52:27.306+0800: 627.652: [GC (Allocation Failure) 2017-07-03T15:52:27.306+0800: 627.652: [ParNew
Desired survivor size 20112992 bytes, new threshold 8 (max 8)
- age   1:    1202456 bytes,    1202456 total
- age   2:      27784 bytes,    1230240 total
- age   3:       6712 bytes,    1236952 total
- age   4:       4376 bytes,    1241328 total
- age   5:       2856 bytes,    1244184 total
- age   6:       4088 bytes,    1248272 total
- age   7:       2328 bytes,    1250600 total
- age   8:       3544 bytes,    1254144 total
: 88975K->1457K(109248K), 0.0052239 secs] 142608K->55094K(502464K), 0.0052929 secs] [Times: user=0.00 sys=0.00, real=0.00 secs] 
Heap after GC invocations=88 (full 1):
 par new generation   total 109248K, used 1457K [0x00000000e0000000, 0x00000000e8000000, 0x00000000e8000000)
  eden space 87424K,   0% used [0x00000000e0000000, 0x00000000e0000000, 0x00000000e5560000)
  from space 21824K,   6% used [0x00000000e5560000, 0x00000000e56cc548, 0x00000000e6ab0000)
  to   space 21824K,   0% used [0x00000000e6ab0000, 0x00000000e6ab0000, 0x00000000e8000000)
 concurrent mark-sweep generation total 393216K, used 53637K [0x00000000e8000000, 0x0000000100000000, 0x0000000100000000)
 Metaspace       used 33578K, capacity 33996K, committed 34376K, reserved 1079296K
  class space    used 3678K, capacity 3792K, committed 3912K, reserved 1048576K
}
2017-07-03T15:52:27.306+0800: 627.658: Total time for which application threads were stopped: 0.0054777 seconds, Stopping threads took: 0.0000332 seconds
2017-07-03T15:52:28.179+0800: 628.526: Total time for which application threads were stopped: 0.0001291 seconds, Stopping threads took: 0.0000215 seconds
2017-07-03T15:52:28.476+0800: 628.833: Total time for which application threads were stopped: 0.0000937 seconds, Stopping threads took: 0.0000321 seconds
2017-07-03T15:52:31.634+0800: 631.981: Total time for which application threads were stopped: 0.0001626 seconds, Stopping threads took: 0.0000274 seconds
{Heap before GC invocations=88 (full 1):
 par new generation   total 109248K, used 88881K [0x00000000e0000000, 0x00000000e8000000, 0x00000000e8000000)
  eden space 87424K, 100% used [0x00000000e0000000, 0x00000000e5560000, 0x00000000e5560000)
  from space 21824K,   6% used [0x00000000e5560000, 0x00000000e56cc548, 0x00000000e6ab0000)
  to   space 21824K,   0% used [0x00000000e6ab0000, 0x00000000e6ab0000, 0x00000000e8000000)
 concurrent mark-sweep generation total 393216K, used 53637K [0x00000000e8000000, 0x0000000100000000, 0x0000000100000000)
 Metaspace       used 33578K, capacity 33996K, committed 34376K, reserved 1079296K
  class space    used 3678K, capacity 3792K, committed 3912K, reserved 1048576K
2017-07-03T15:52:31.744+0800: 632.098: [GC (Allocation Failure) 2017-07-03T15:52:31.744+0800: 632.098: [ParNew
Desired survivor size 20112992 bytes, new threshold 8 (max 8)
- age   1:    1344464 bytes,    1344464 total
- age   2:       5048 bytes,    1349512 total
- age   3:       2544 bytes,    1352056 total
- age   4:       4632 bytes,    1356688 total
- age   5:       4376 bytes,    1361064 total
- age   6:       2856 bytes,    1363920 total
- age   7:       3104 bytes,    1367024 total
- age   8:       2328 bytes,    1369352 total
: 88881K->1450K(109248K), 0.0051339 secs] 142518K->55091K(502464K), 0.0051769 secs] [Times: user=0.00 sys=0.00, real=0.02 secs] 
Heap after GC invocations=89 (full 1):
 par new generation   total 109248K, used 1450K [0x00000000e0000000, 0x00000000e8000000, 0x00000000e8000000)
  eden space 87424K,   0% used [0x00000000e0000000, 0x00000000e0000000, 0x00000000e5560000)
  from space 21824K,   6% used [0x00000000e6ab0000, 0x00000000e6c1ab50, 0x00000000e8000000)
  to   space 21824K,   0% used [0x00000000e5560000, 0x00000000e5560000, 0x00000000e6ab0000)
 concurrent mark-sweep generation total 393216K, used 53640K [0x00000000e8000000, 0x0000000100000000, 0x0000000100000000)
 Metaspace       used 33578K, capacity 33996K, committed 34376K, reserved 1079296K
  class space    used 3678K, capacity 3792K, committed 3912K, reserved 1048576K
}
2017-07-03T15:52:31.759+0800: 632.104: Total time for which application threads were stopped: 0.0053669 seconds, Stopping threads took: 0.0000288 seconds
2017-07-03T15:52:31.974+0800: 632.327: Total time for which application threads were stopped: 0.0000828 seconds, Stopping threads took: 0.0000182 seconds
2017-07-03T15:52:34.991+0800: 635.339: Total time for which application threads were stopped: 0.0002137 seconds, Stopping threads took: 0.0000252 seconds
{Heap before GC invocations=89 (full 1):
 par new generation   total 109248K, used 88874K [0x00000000e0000000, 0x00000000e8000000, 0x00000000e8000000)
  eden space 87424K, 100% used [0x00000000e0000000, 0x00000000e5560000, 0x00000000e5560000)
  from space 21824K,   6% used [0x00000000e6ab0000, 0x00000000e6c1ab50, 0x00000000e8000000)
  to   space 21824K,   0% used [0x00000000e5560000, 0x00000000e5560000, 0x00000000e6ab0000)
 concurrent mark-sweep generation total 393216K, used 53640K [0x00000000e8000000, 0x0000000100000000, 0x0000000100000000)
 Metaspace       used 33578K, capacity 33996K, committed 34376K, reserved 1079296K
  class space    used 3678K, capacity 3792K, committed 3912K, reserved 1048576K
2017-07-03T15:52:35.438+0800: 635.790: [GC (Allocation Failure) 2017-07-03T15:52:35.438+0800: 635.790: [ParNew
Desired survivor size 20112992 bytes, new threshold 8 (max 8)
- age   1:     959712 bytes,     959712 total
- age   2:     165072 bytes,    1124784 total
- age   3:       4280 bytes,    1129064 total
- age   4:       2184 bytes,    1131248 total
- age   5:       4272 bytes,    1135520 total
- age   6:       4376 bytes,    1139896 total
- age   7:       2856 bytes,    1142752 total
- age   8:       3104 bytes,    1145856 total
: 88874K->1329K(109248K), 0.0076187 secs] 142515K->54972K(502464K), 0.0077198 secs] [Times: user=0.00 sys=0.00, real=0.00 secs] 
Heap after GC invocations=90 (full 1):
 par new generation   total 109248K, used 1329K [0x00000000e0000000, 0x00000000e8000000, 0x00000000e8000000)
  eden space 87424K,   0% used [0x00000000e0000000, 0x00000000e0000000, 0x00000000e5560000)
  from space 21824K,   6% used [0x00000000e5560000, 0x00000000e56ac770, 0x00000000e6ab0000)
  to   space 21824K,   0% used [0x00000000e6ab0000, 0x00000000e6ab0000, 0x00000000e8000000)
 concurrent mark-sweep generation total 393216K, used 53642K [0x00000000e8000000, 0x0000000100000000, 0x0000000100000000)
 Metaspace       used 33578K, capacity 33996K, committed 34376K, reserved 1079296K
  class space    used 3678K, capacity 3792K, committed 3912K, reserved 1048576K
}
2017-07-03T15:52:35.438+0800: 635.798: Total time for which application threads were stopped: 0.0080760 seconds, Stopping threads took: 0.0000270 seconds
2017-07-03T15:52:35.454+0800: 635.801: Total time for which application threads were stopped: 0.0000831 seconds, Stopping threads took: 0.0000193 seconds
2017-07-03T15:52:38.472+0800: 638.817: Total time for which application threads were stopped: 0.0002079 seconds, Stopping threads took: 0.0000521 seconds
2017-07-03T15:52:38.675+0800: 639.024: Total time for which application threads were stopped: 0.0002312 seconds, Stopping threads took: 0.0000365 seconds
2017-07-03T15:52:39.019+0800: 639.373: Total time for which application threads were stopped: 0.0000985 seconds, Stopping threads took: 0.0000212 seconds
2017-07-03T15:52:41.844+0800: 642.192: Total time for which application threads were stopped: 0.0001320 seconds, Stopping threads took: 0.0000259 seconds
{Heap before GC invocations=90 (full 1):
 par new generation   total 109248K, used 88753K [0x00000000e0000000, 0x00000000e8000000, 0x00000000e8000000)
  eden space 87424K, 100% used [0x00000000e0000000, 0x00000000e5560000, 0x00000000e5560000)
  from space 21824K,   6% used [0x00000000e5560000, 0x00000000e56ac770, 0x00000000e6ab0000)
  to   space 21824K,   0% used [0x00000000e6ab0000, 0x00000000e6ab0000, 0x00000000e8000000)
 concurrent mark-sweep generation total 393216K, used 53642K [0x00000000e8000000, 0x0000000100000000, 0x0000000100000000)
 Metaspace       used 33579K, capacity 33996K, committed 34376K, reserved 1079296K
  class space    used 3678K, capacity 3792K, committed 3912K, reserved 1048576K
2017-07-03T15:52:41.954+0800: 642.308: [GC (Allocation Failure) 2017-07-03T15:52:41.954+0800: 642.308: [ParNew
Desired survivor size 20112992 bytes, new threshold 8 (max 8)
- age   1:    1358056 bytes,    1358056 total
- age   2:       6032 bytes,    1364088 total
- age   3:       4520 bytes,    1368608 total
- age   4:       3344 bytes,    1371952 total
- age   5:       1896 bytes,    1373848 total
- age   6:       4272 bytes,    1378120 total
- age   7:       4376 bytes,    1382496 total
- age   8:       2856 bytes,    1385352 total
: 88753K->1529K(109248K), 0.0050664 secs] 142396K->55175K(502464K), 0.0051324 secs] [Times: user=0.00 sys=0.00, real=0.00 secs] 
Heap after GC invocations=91 (full 1):
 par new generation   total 109248K, used 1529K [0x00000000e0000000, 0x00000000e8000000, 0x00000000e8000000)
  eden space 87424K,   0% used [0x00000000e0000000, 0x00000000e0000000, 0x00000000e5560000)
  from space 21824K,   7% used [0x00000000e6ab0000, 0x00000000e6c2e708, 0x00000000e8000000)
  to   space 21824K,   0% used [0x00000000e5560000, 0x00000000e5560000, 0x00000000e6ab0000)
 concurrent mark-sweep generation total 393216K, used 53645K [0x00000000e8000000, 0x0000000100000000, 0x0000000100000000)
 Metaspace       used 33579K, capacity 33996K, committed 34376K, reserved 1079296K
  class space    used 3678K, capacity 3792K, committed 3912K, reserved 1048576K
}
2017-07-03T15:52:41.954+0800: 642.313: Total time for which application threads were stopped: 0.0053417 seconds, Stopping threads took: 0.0000186 seconds
2017-07-03T15:52:42.275+0800: 642.631: Total time for which application threads were stopped: 0.0001915 seconds, Stopping threads took: 0.0000430 seconds
2017-07-03T15:52:43.275+0800: 643.619: Total time for which application threads were stopped: 0.0002225 seconds, Stopping threads took: 0.0000591 seconds
2017-07-03T15:52:44.275+0800: 644.619: Total time for which application threads were stopped: 0.0001780 seconds, Stopping threads took: 0.0000434 seconds
2017-07-03T15:52:45.275+0800: 645.619: Total time for which application threads were stopped: 0.0002290 seconds, Stopping threads took: 0.0000525 seconds
2017-07-03T15:52:45.306+0800: 645.654: Total time for which application threads were stopped: 0.0001944 seconds, Stopping threads took: 0.0000449 seconds
{Heap before GC invocations=91 (full 1):
 par new generation   total 109248K, used 88953K [0x00000000e0000000, 0x00000000e8000000, 0x00000000e8000000)
  eden space 87424K, 100% used [0x00000000e0000000, 0x00000000e5560000, 0x00000000e5560000)
  from space 21824K,   7% used [0x00000000e6ab0000, 0x00000000e6c2e708, 0x00000000e8000000)
  to   space 21824K,   0% used [0x00000000e5560000, 0x00000000e5560000, 0x00000000e6ab0000)
 concurrent mark-sweep generation total 393216K, used 53645K [0x00000000e8000000, 0x0000000100000000, 0x0000000100000000)
 Metaspace       used 33579K, capacity 33996K, committed 34376K, reserved 1079296K
  class space    used 3678K, capacity 3792K, committed 3912K, reserved 1048576K
2017-07-03T15:52:45.462+0800: 645.822: [GC (Allocation Failure) 2017-07-03T15:52:45.462+0800: 645.822: [ParNew
Desired survivor size 20112992 bytes, new threshold 8 (max 8)
- age   1:    1204848 bytes,    1204848 total
- age   2:     143320 bytes,    1348168 total
- age   3:       2760 bytes,    1350928 total
- age   4:       3944 bytes,    1354872 total
- age   5:       3200 bytes,    1358072 total
- age   6:       1896 bytes,    1359968 total
- age   7:       4272 bytes,    1364240 total
- age   8:       4376 bytes,    1368616 total
: 88953K->1817K(109248K), 0.0060251 secs] 142599K->55465K(502464K), 0.0060904 secs] [Times: user=0.06 sys=0.00, real=0.02 secs] 
Heap after GC invocations=92 (full 1):
 par new generation   total 109248K, used 1817K [0x00000000e0000000, 0x00000000e8000000, 0x00000000e8000000)
  eden space 87424K,   0% used [0x00000000e0000000, 0x00000000e0000000, 0x00000000e5560000)
  from space 21824K,   8% used [0x00000000e5560000, 0x00000000e57264a0, 0x00000000e6ab0000)
  to   space 21824K,   0% used [0x00000000e6ab0000, 0x00000000e6ab0000, 0x00000000e8000000)
 concurrent mark-sweep generation total 393216K, used 53648K [0x00000000e8000000, 0x0000000100000000, 0x0000000100000000)
 Metaspace       used 33579K, capacity 33996K, committed 34376K, reserved 1079296K
  class space    used 3678K, capacity 3792K, committed 3912K, reserved 1048576K
}
2017-07-03T15:52:45.478+0800: 645.828: Total time for which application threads were stopped: 0.0062756 seconds, Stopping threads took: 0.0000186 seconds
2017-07-03T15:52:45.728+0800: 646.077: Total time for which application threads were stopped: 0.0001885 seconds, Stopping threads took: 0.0000397 seconds
2017-07-03T15:52:46.739+0800: 647.083: Total time for which application threads were stopped: 0.0002060 seconds, Stopping threads took: 0.0000503 seconds
2017-07-03T15:52:47.753+0800: 648.097: Total time for which application threads were stopped: 0.0001477 seconds, Stopping threads took: 0.0000419 seconds
2017-07-03T15:52:48.733+0800: 649.081: Total time for which application threads were stopped: 0.0002144 seconds, Stopping threads took: 0.0000459 seconds
2017-07-03T15:52:49.373+0800: 649.718: Total time for which application threads were stopped: 0.0001896 seconds, Stopping threads took: 0.0000408 seconds
2017-07-03T15:52:50.382+0800: 650.726: Total time for which application threads were stopped: 0.0001893 seconds, Stopping threads took: 0.0000372 seconds
2017-07-03T15:52:51.382+0800: 651.726: Total time for which application threads were stopped: 0.0002392 seconds, Stopping threads took: 0.0000711 seconds
{Heap before GC invocations=92 (full 1):
 par new generation   total 109248K, used 89241K [0x00000000e0000000, 0x00000000e8000000, 0x00000000e8000000)
  eden space 87424K, 100% used [0x00000000e0000000, 0x00000000e5560000, 0x00000000e5560000)
  from space 21824K,   8% used [0x00000000e5560000, 0x00000000e57264a0, 0x00000000e6ab0000)
  to   space 21824K,   0% used [0x00000000e6ab0000, 0x00000000e6ab0000, 0x00000000e8000000)
 concurrent mark-sweep generation total 393216K, used 53648K [0x00000000e8000000, 0x0000000100000000, 0x0000000100000000)
 Metaspace       used 33579K, capacity 33996K, committed 34376K, reserved 1079296K
  class space    used 3678K, capacity 3792K, committed 3912K, reserved 1048576K
2017-07-03T15:52:51.601+0800: 651.947: [GC (Allocation Failure) 2017-07-03T15:52:51.601+0800: 651.947: [ParNew
Desired survivor size 20112992 bytes, new threshold 8 (max 8)
- age   1:    1141728 bytes,    1141728 total
- age   2:      27960 bytes,    1169688 total
- age   3:       8184 bytes,    1177872 total
- age   4:       2112 bytes,    1179984 total
- age   5:       3656 bytes,    1183640 total
- age   6:       3200 bytes,    1186840 total
- age   7:       1896 bytes,    1188736 total
- age   8:       4272 bytes,    1193008 total
: 89241K->1378K(109248K), 0.0052170 secs] 142889K->55031K(502464K), 0.0053122 secs] [Times: user=0.00 sys=0.00, real=0.00 secs] 
Heap after GC invocations=93 (full 1):
 par new generation   total 109248K, used 1378K [0x00000000e0000000, 0x00000000e8000000, 0x00000000e8000000)
  eden space 87424K,   0% used [0x00000000e0000000, 0x00000000e0000000, 0x00000000e5560000)
  from space 21824K,   6% used [0x00000000e6ab0000, 0x00000000e6c08a90, 0x00000000e8000000)
  to   space 21824K,   0% used [0x00000000e5560000, 0x00000000e5560000, 0x00000000e6ab0000)
 concurrent mark-sweep generation total 393216K, used 53652K [0x00000000e8000000, 0x0000000100000000, 0x0000000100000000)
 Metaspace       used 33579K, capacity 33996K, committed 34376K, reserved 1079296K
  class space    used 3678K, capacity 3792K, committed 3912K, reserved 1048576K
}
2017-07-03T15:52:51.601+0800: 651.952: Total time for which application threads were stopped: 0.0055233 seconds, Stopping threads took: 0.0000248 seconds
2017-07-03T15:52:52.617+0800: 652.964: Total time for which application threads were stopped: 0.0001838 seconds, Stopping threads took: 0.0000383 seconds
2017-07-03T15:52:53.008+0800: 653.362: Total time for which application threads were stopped: 0.0001915 seconds, Stopping threads took: 0.0000383 seconds
2017-07-03T15:52:54.015+0800: 654.360: Total time for which application threads were stopped: 0.0001893 seconds, Stopping threads took: 0.0000481 seconds
2017-07-03T15:52:55.025+0800: 655.369: Total time for which application threads were stopped: 0.0001849 seconds, Stopping threads took: 0.0000744 seconds
2017-07-03T15:52:55.990+0800: 656.338: Total time for which application threads were stopped: 0.0003096 seconds, Stopping threads took: 0.0000467 seconds
{Heap before GC invocations=93 (full 1):
 par new generation   total 109248K, used 88802K [0x00000000e0000000, 0x00000000e8000000, 0x00000000e8000000)
  eden space 87424K, 100% used [0x00000000e0000000, 0x00000000e5560000, 0x00000000e5560000)
  from space 21824K,   6% used [0x00000000e6ab0000, 0x00000000e6c08a90, 0x00000000e8000000)
  to   space 21824K,   0% used [0x00000000e5560000, 0x00000000e5560000, 0x00000000e6ab0000)
 concurrent mark-sweep generation total 393216K, used 53652K [0x00000000e8000000, 0x0000000100000000, 0x0000000100000000)
 Metaspace       used 33579K, capacity 33996K, committed 34376K, reserved 1079296K
  class space    used 3678K, capacity 3792K, committed 3912K, reserved 1048576K
2017-07-03T15:52:56.154+0800: 656.509: [GC (Allocation Failure) 2017-07-03T15:52:56.154+0800: 656.509: [ParNew
Desired survivor size 20112992 bytes, new threshold 8 (max 8)
- age   1:    1663384 bytes,    1663384 total
- age   2:      21832 bytes,    1685216 total
- age   3:       2720 bytes,    1687936 total
- age   4:       5960 bytes,    1693896 total
- age   5:       2112 bytes,    1696008 total
- age   6:       3656 bytes,    1699664 total
- age   7:       3200 bytes,    1702864 total
- age   8:       1896 bytes,    1704760 total
: 88802K->1886K(109248K), 0.0053191 secs] 142455K->55543K(502464K), 0.0053928 secs] [Times: user=0.00 sys=0.00, real=0.02 secs] 
Heap after GC invocations=94 (full 1):
 par new generation   total 109248K, used 1886K [0x00000000e0000000, 0x00000000e8000000, 0x00000000e8000000)
  eden space 87424K,   0% used [0x00000000e0000000, 0x00000000e0000000, 0x00000000e5560000)
  from space 21824K,   8% used [0x00000000e5560000, 0x00000000e57378b8, 0x00000000e6ab0000)
  to   space 21824K,   0% used [0x00000000e6ab0000, 0x00000000e6ab0000, 0x00000000e8000000)
 concurrent mark-sweep generation total 393216K, used 53657K [0x00000000e8000000, 0x0000000100000000, 0x0000000100000000)
 Metaspace       used 33579K, capacity 33996K, committed 34376K, reserved 1079296K
  class space    used 3678K, capacity 3792K, committed 3912K, reserved 1048576K
}
2017-07-03T15:52:56.170+0800: 656.515: Total time for which application threads were stopped: 0.0055926 seconds, Stopping threads took: 0.0000190 seconds
2017-07-03T15:52:56.467+0800: 656.824: Total time for which application threads were stopped: 0.0001101 seconds, Stopping threads took: 0.0000186 seconds
2017-07-03T15:52:58.479+0800: 658.824: Total time for which application threads were stopped: 0.0001492 seconds, Stopping threads took: 0.0000438 seconds
2017-07-03T15:52:59.285+0800: 659.633: Total time for which application threads were stopped: 0.0002301 seconds, Stopping threads took: 0.0000325 seconds
{Heap before GC invocations=94 (full 1):
 par new generation   total 109248K, used 89310K [0x00000000e0000000, 0x00000000e8000000, 0x00000000e8000000)
  eden space 87424K, 100% used [0x00000000e0000000, 0x00000000e5560000, 0x00000000e5560000)
  from space 21824K,   8% used [0x00000000e5560000, 0x00000000e57378b8, 0x00000000e6ab0000)
  to   space 21824K,   0% used [0x00000000e6ab0000, 0x00000000e6ab0000, 0x00000000e8000000)
 concurrent mark-sweep generation total 393216K, used 53657K [0x00000000e8000000, 0x0000000100000000, 0x0000000100000000)
 Metaspace       used 33580K, capacity 33996K, committed 34376K, reserved 1079296K
  class space    used 3678K, capacity 3792K, committed 3912K, reserved 1048576K
2017-07-03T15:52:59.425+0800: 659.781: [GC (Allocation Failure) 2017-07-03T15:52:59.425+0800: 659.781: [ParNew
Desired survivor size 20112992 bytes, new threshold 8 (max 8)
- age   1:    1199632 bytes,    1199632 total
- age   2:     139760 bytes,    1339392 total
- age   3:       4272 bytes,    1343664 total
- age   4:       2288 bytes,    1345952 total
- age   5:       5744 bytes,    1351696 total
- age   6:       2112 bytes,    1353808 total
- age   7:       2792 bytes,    1356600 total
- age   8:       3200 bytes,    1359800 total
: 89310K->1544K(109248K), 0.0048881 secs] 142967K->55203K(502464K), 0.0049366 secs] [Times: user=0.00 sys=0.02, real=0.02 secs] 
Heap after GC invocations=95 (full 1):
 par new generation   total 109248K, used 1544K [0x00000000e0000000, 0x00000000e8000000, 0x00000000e8000000)
  eden space 87424K,   0% used [0x00000000e0000000, 0x00000000e0000000, 0x00000000e5560000)
  from space 21824K,   7% used [0x00000000e6ab0000, 0x00000000e6c32010, 0x00000000e8000000)
  to   space 21824K,   0% used [0x00000000e5560000, 0x00000000e5560000, 0x00000000e6ab0000)
 concurrent mark-sweep generation total 393216K, used 53659K [0x00000000e8000000, 0x0000000100000000, 0x0000000100000000)
 Metaspace       used 33580K, capacity 33996K, committed 34376K, reserved 1079296K
  class space    used 3678K, capacity 3792K, committed 3912K, reserved 1048576K
}
2017-07-03T15:52:59.441+0800: 659.786: Total time for which application threads were stopped: 0.0051178 seconds, Stopping threads took: 0.0000321 seconds
2017-07-03T15:52:59.675+0800: 660.022: Total time for which application threads were stopped: 0.0000864 seconds, Stopping threads took: 0.0000193 seconds
2017-07-03T15:53:01.693+0800: 662.038: Total time for which application threads were stopped: 0.0002629 seconds, Stopping threads took: 0.0001244 seconds
2017-07-03T15:53:02.713+0800: 663.058: Total time for which application threads were stopped: 0.0002389 seconds, Stopping threads took: 0.0001437 seconds
2017-07-03T15:53:03.148+0800: 663.494: Total time for which application threads were stopped: 0.0000937 seconds, Stopping threads took: 0.0000332 seconds
2017-07-03T15:53:04.157+0800: 664.502: Total time for which application threads were stopped: 0.0007808 seconds, Stopping threads took: 0.0001502 seconds
2017-07-03T15:53:05.165+0800: 665.510: Total time for which application threads were stopped: 0.0002589 seconds, Stopping threads took: 0.0000671 seconds
2017-07-03T15:53:05.197+0800: 665.542: Total time for which application threads were stopped: 0.0001298 seconds, Stopping threads took: 0.0000252 seconds
2017-07-03T15:53:06.211+0800: 666.557: Total time for which application threads were stopped: 0.0001747 seconds, Stopping threads took: 0.0000292 seconds
2017-07-03T15:53:06.227+0800: 666.575: Total time for which application threads were stopped: 0.0001893 seconds, Stopping threads took: 0.0000204 seconds
{Heap before GC invocations=95 (full 1):
 par new generation   total 109248K, used 88968K [0x00000000e0000000, 0x00000000e8000000, 0x00000000e8000000)
  eden space 87424K, 100% used [0x00000000e0000000, 0x00000000e5560000, 0x00000000e5560000)
  from space 21824K,   7% used [0x00000000e6ab0000, 0x00000000e6c32010, 0x00000000e8000000)
  to   space 21824K,   0% used [0x00000000e5560000, 0x00000000e5560000, 0x00000000e6ab0000)
 concurrent mark-sweep generation total 393216K, used 53659K [0x00000000e8000000, 0x0000000100000000, 0x0000000100000000)
 Metaspace       used 33582K, capacity 33996K, committed 34376K, reserved 1079296K
  class space    used 3678K, capacity 3792K, committed 3912K, reserved 1048576K
2017-07-03T15:53:06.352+0800: 666.698: [GC (Allocation Failure) 2017-07-03T15:53:06.352+0800: 666.698: [ParNew
Desired survivor size 20112992 bytes, new threshold 8 (max 8)
- age   1:    1690288 bytes,    1690288 total
- age   2:      31096 bytes,    1721384 total
- age   3:       4768 bytes,    1726152 total
- age   4:       3264 bytes,    1729416 total
- age   5:       2072 bytes,    1731488 total
- age   6:       5744 bytes,    1737232 total
- age   7:       2112 bytes,    1739344 total
- age   8:       2672 bytes,    1742016 total
: 88968K->1904K(109248K), 0.0063537 secs] 142627K->55566K(502464K), 0.0064142 secs] [Times: user=0.00 sys=0.00, real=0.00 secs] 
Heap after GC invocations=96 (full 1):
 par new generation   total 109248K, used 1904K [0x00000000e0000000, 0x00000000e8000000, 0x00000000e8000000)
  eden space 87424K,   0% used [0x00000000e0000000, 0x00000000e0000000, 0x00000000e5560000)
  from space 21824K,   8% used [0x00000000e5560000, 0x00000000e573c038, 0x00000000e6ab0000)
  to   space 21824K,   0% used [0x00000000e6ab0000, 0x00000000e6ab0000, 0x00000000e8000000)
 concurrent mark-sweep generation total 393216K, used 53662K [0x00000000e8000000, 0x0000000100000000, 0x0000000100000000)
 Metaspace       used 33582K, capacity 33996K, committed 34376K, reserved 1079296K
  class space    used 3678K, capacity 3792K, committed 3912K, reserved 1048576K
}
2017-07-03T15:53:06.352+0800: 666.704: Total time for which application threads were stopped: 0.0066104 seconds, Stopping threads took: 0.0000222 seconds
2017-07-03T15:53:06.727+0800: 667.072: Total time for which application threads were stopped: 0.0000904 seconds, Stopping threads took: 0.0000208 seconds
2017-07-03T15:53:08.745+0800: 669.090: Total time for which application threads were stopped: 0.0001812 seconds, Stopping threads took: 0.0000496 seconds
2017-07-03T15:53:09.745+0800: 670.090: Total time for which application threads were stopped: 0.0002257 seconds, Stopping threads took: 0.0000434 seconds
2017-07-03T15:53:09.870+0800: 670.217: Total time for which application threads were stopped: 0.0001637 seconds, Stopping threads took: 0.0000215 seconds
{Heap before GC invocations=96 (full 1):
 par new generation   total 109248K, used 89328K [0x00000000e0000000, 0x00000000e8000000, 0x00000000e8000000)
  eden space 87424K, 100% used [0x00000000e0000000, 0x00000000e5560000, 0x00000000e5560000)
  from space 21824K,   8% used [0x00000000e5560000, 0x00000000e573c038, 0x00000000e6ab0000)
  to   space 21824K,   0% used [0x00000000e6ab0000, 0x00000000e6ab0000, 0x00000000e8000000)
 concurrent mark-sweep generation total 393216K, used 53662K [0x00000000e8000000, 0x0000000100000000, 0x0000000100000000)
 Metaspace       used 33582K, capacity 33996K, committed 34376K, reserved 1079296K
  class space    used 3678K, capacity 3792K, committed 3912K, reserved 1048576K
2017-07-03T15:53:09.964+0800: 670.315: [GC (Allocation Failure) 2017-07-03T15:53:09.964+0800: 670.315: [ParNew
Desired survivor size 20112992 bytes, new threshold 8 (max 8)
- age   1:    1222200 bytes,    1222200 total
- age   2:     167800 bytes,    1390000 total
- age   3:       5856 bytes,    1395856 total
- age   4:       2904 bytes,    1398760 total
- age   5:       3192 bytes,    1401952 total
- age   6:       2072 bytes,    1404024 total
- age   7:       5744 bytes,    1409768 total
- age   8:       2112 bytes,    1411880 total
: 89328K->1570K(109248K), 0.0056480 secs] 142990K->55235K(502464K), 0.0057804 secs] [Times: user=0.00 sys=0.00, real=0.00 secs] 
Heap after GC invocations=97 (full 1):
 par new generation   total 109248K, used 1570K [0x00000000e0000000, 0x00000000e8000000, 0x00000000e8000000)
  eden space 87424K,   0% used [0x00000000e0000000, 0x00000000e0000000, 0x00000000e5560000)
  from space 21824K,   7% used [0x00000000e6ab0000, 0x00000000e6c38bd0, 0x00000000e8000000)
  to   space 21824K,   0% used [0x00000000e5560000, 0x00000000e5560000, 0x00000000e6ab0000)
 concurrent mark-sweep generation total 393216K, used 53664K [0x00000000e8000000, 0x0000000100000000, 0x0000000100000000)
 Metaspace       used 33582K, capacity 33996K, committed 34376K, reserved 1079296K
  class space    used 3678K, capacity 3792K, committed 3912K, reserved 1048576K
}
2017-07-03T15:53:09.964+0800: 670.321: Total time for which application threads were stopped: 0.0060864 seconds, Stopping threads took: 0.0000274 seconds
2017-07-03T15:53:10.239+0800: 670.585: Total time for which application threads were stopped: 0.0001867 seconds, Stopping threads took: 0.0000423 seconds
2017-07-03T15:53:11.250+0800: 671.594: Total time for which application threads were stopped: 0.0001550 seconds, Stopping threads took: 0.0000365 seconds
2017-07-03T15:53:12.258+0800: 672.603: Total time for which application threads were stopped: 0.0002903 seconds, Stopping threads took: 0.0000806 seconds
2017-07-03T15:53:13.547+0800: 673.896: Total time for which application threads were stopped: 0.0002017 seconds, Stopping threads took: 0.0000335 seconds
{Heap before GC invocations=97 (full 1):
 par new generation   total 109248K, used 88994K [0x00000000e0000000, 0x00000000e8000000, 0x00000000e8000000)
  eden space 87424K, 100% used [0x00000000e0000000, 0x00000000e5560000, 0x00000000e5560000)
  from space 21824K,   7% used [0x00000000e6ab0000, 0x00000000e6c38bd0, 0x00000000e8000000)
  to   space 21824K,   0% used [0x00000000e5560000, 0x00000000e5560000, 0x00000000e6ab0000)
 concurrent mark-sweep generation total 393216K, used 53664K [0x00000000e8000000, 0x0000000100000000, 0x0000000100000000)
 Metaspace       used 33582K, capacity 33996K, committed 34376K, reserved 1079296K
  class space    used 3678K, capacity 3792K, committed 3912K, reserved 1048576K
2017-07-03T15:53:13.797+0800: 674.150: [GC (Allocation Failure) 2017-07-03T15:53:13.797+0800: 674.150: [ParNew
Desired survivor size 20112992 bytes, new threshold 8 (max 8)
- age   1:    1628328 bytes,    1628328 total
- age   2:     139440 bytes,    1767768 total
- age   3:       7248 bytes,    1775016 total
- age   4:       5352 bytes,    1780368 total
- age   5:       2616 bytes,    1782984 total
- age   6:       3192 bytes,    1786176 total
- age   7:       2072 bytes,    1788248 total
- age   8:       5744 bytes,    1793992 total
: 88994K->2453K(109248K), 0.0053567 secs] 142659K->56119K(502464K), 0.0054147 secs] [Times: user=0.00 sys=0.00, real=0.00 secs] 
Heap after GC invocations=98 (full 1):
 par new generation   total 109248K, used 2453K [0x00000000e0000000, 0x00000000e8000000, 0x00000000e8000000)
  eden space 87424K,   0% used [0x00000000e0000000, 0x00000000e0000000, 0x00000000e5560000)
  from space 21824K,  11% used [0x00000000e5560000, 0x00000000e57c5400, 0x00000000e6ab0000)
  to   space 21824K,   0% used [0x00000000e6ab0000, 0x00000000e6ab0000, 0x00000000e8000000)
 concurrent mark-sweep generation total 393216K, used 53666K [0x00000000e8000000, 0x0000000100000000, 0x0000000100000000)
 Metaspace       used 33582K, capacity 33996K, committed 34376K, reserved 1079296K
  class space    used 3678K, capacity 3792K, committed 3912K, reserved 1048576K
}
2017-07-03T15:53:13.797+0800: 674.156: Total time for which application threads were stopped: 0.0056123 seconds, Stopping threads took: 0.0000357 seconds
2017-07-03T15:53:14.087+0800: 674.442: Total time for which application threads were stopped: 0.0001769 seconds, Stopping threads took: 0.0001006 seconds
2017-07-03T15:53:16.112+0800: 676.457: Total time for which application threads were stopped: 0.0001987 seconds, Stopping threads took: 0.0000543 seconds
2017-07-03T15:53:17.412+0800: 677.761: Total time for which application threads were stopped: 0.0002717 seconds, Stopping threads took: 0.0000452 seconds
2017-07-03T15:53:17.928+0800: 678.284: Total time for which application threads were stopped: 0.0000996 seconds, Stopping threads took: 0.0000230 seconds
2017-07-03T15:53:21.419+0800: 681.766: Total time for which application threads were stopped: 0.0001594 seconds, Stopping threads took: 0.0000168 seconds
2017-07-03T15:53:21.419+0800: 681.767: Total time for which application threads were stopped: 0.0003100 seconds, Stopping threads took: 0.0000321 seconds
{Heap before GC invocations=98 (full 1):
 par new generation   total 109248K, used 89842K [0x00000000e0000000, 0x00000000e8000000, 0x00000000e8000000)
  eden space 87424K,  99% used [0x00000000e0000000, 0x00000000e5557728, 0x00000000e5560000)
  from space 21824K,  11% used [0x00000000e5560000, 0x00000000e57c5400, 0x00000000e6ab0000)
  to   space 21824K,   0% used [0x00000000e6ab0000, 0x00000000e6ab0000, 0x00000000e8000000)
 concurrent mark-sweep generation total 393216K, used 53666K [0x00000000e8000000, 0x0000000100000000, 0x0000000100000000)
 Metaspace       used 33582K, capacity 33996K, committed 34376K, reserved 1079296K
  class space    used 3678K, capacity 3792K, committed 3912K, reserved 1048576K
2017-07-03T15:53:21.450+0800: 681.806: [GC (Allocation Failure) 2017-07-03T15:53:21.450+0800: 681.807: [ParNew
Desired survivor size 20112992 bytes, new threshold 8 (max 8)
- age   1:    1539104 bytes,    1539104 total
- age   2:      28360 bytes,    1567464 total
- age   3:       4448 bytes,    1571912 total
- age   4:       5952 bytes,    1577864 total
- age   5:       5208 bytes,    1583072 total
- age   6:       2616 bytes,    1585688 total
- age   7:       3192 bytes,    1588880 total
- age   8:       2072 bytes,    1590952 total
: 89842K->1843K(109248K), 0.0067216 secs] 143509K->55515K(502464K), 0.0067793 secs] [Times: user=0.02 sys=0.00, real=0.02 secs] 
Heap after GC invocations=99 (full 1):
 par new generation   total 109248K, used 1843K [0x00000000e0000000, 0x00000000e8000000, 0x00000000e8000000)
  eden space 87424K,   0% used [0x00000000e0000000, 0x00000000e0000000, 0x00000000e5560000)
  from space 21824K,   8% used [0x00000000e6ab0000, 0x00000000e6c7cdd8, 0x00000000e8000000)
  to   space 21824K,   0% used [0x00000000e5560000, 0x00000000e5560000, 0x00000000e6ab0000)
 concurrent mark-sweep generation total 393216K, used 53672K [0x00000000e8000000, 0x0000000100000000, 0x0000000100000000)
 Metaspace       used 33582K, capacity 33996K, committed 34376K, reserved 1079296K
  class space    used 3678K, capacity 3792K, committed 3912K, reserved 1048576K
}
2017-07-03T15:53:21.466+0800: 681.813: Total time for which application threads were stopped: 0.0070323 seconds, Stopping threads took: 0.0000489 seconds
2017-07-03T15:53:21.832+0800: 682.182: Total time for which application threads were stopped: 0.0001845 seconds, Stopping threads took: 0.0000357 seconds
2017-07-03T15:53:23.771+0800: 684.116: Total time for which application threads were stopped: 0.0000857 seconds, Stopping threads took: 0.0000179 seconds
2017-07-03T15:53:24.781+0800: 685.125: Total time for which application threads were stopped: 0.0002334 seconds, Stopping threads took: 0.0000675 seconds
2017-07-03T15:53:25.015+0800: 685.363: Total time for which application threads were stopped: 0.0001564 seconds, Stopping threads took: 0.0000266 seconds
{Heap before GC invocations=99 (full 1):
 par new generation   total 109248K, used 89262K [0x00000000e0000000, 0x00000000e8000000, 0x00000000e8000000)
  eden space 87424K,  99% used [0x00000000e0000000, 0x00000000e555eda8, 0x00000000e5560000)
  from space 21824K,   8% used [0x00000000e6ab0000, 0x00000000e6c7cdd8, 0x00000000e8000000)
  to   space 21824K,   0% used [0x00000000e5560000, 0x00000000e5560000, 0x00000000e6ab0000)
 concurrent mark-sweep generation total 393216K, used 53672K [0x00000000e8000000, 0x0000000100000000, 0x0000000100000000)
 Metaspace       used 33582K, capacity 33996K, committed 34376K, reserved 1079296K
  class space    used 3678K, capacity 3792K, committed 3912K, reserved 1048576K
2017-07-03T15:53:25.118+0800: 685.470: [GC (Allocation Failure) 2017-07-03T15:53:25.118+0800: 685.471: [ParNew
Desired survivor size 20112992 bytes, new threshold 8 (max 8)
- age   1:    1257256 bytes,    1257256 total
- age   2:     165984 bytes,    1423240 total
- age   3:       3120 bytes,    1426360 total
- age   4:       2512 bytes,    1428872 total
- age   5:       5952 bytes,    1434824 total
- age   6:       5208 bytes,    1440032 total
- age   7:       2616 bytes,    1442648 total
- age   8:       3192 bytes,    1445840 total
: 89262K->1622K(109248K), 0.0055667 secs] 142935K->55297K(502464K), 0.0056109 secs] [Times: user=0.00 sys=0.00, real=0.00 secs] 
Heap after GC invocations=100 (full 1):
 par new generation   total 109248K, used 1622K [0x00000000e0000000, 0x00000000e8000000, 0x00000000e8000000)
  eden space 87424K,   0% used [0x00000000e0000000, 0x00000000e0000000, 0x00000000e5560000)
  from space 21824K,   7% used [0x00000000e5560000, 0x00000000e56f5a70, 0x00000000e6ab0000)
  to   space 21824K,   0% used [0x00000000e6ab0000, 0x00000000e6ab0000, 0x00000000e8000000)
 concurrent mark-sweep generation total 393216K, used 53674K [0x00000000e8000000, 0x0000000100000000, 0x0000000100000000)
 Metaspace       used 33582K, capacity 33996K, committed 34376K, reserved 1079296K
  class space    used 3678K, capacity 3792K, committed 3912K, reserved 1048576K
}
2017-07-03T15:53:25.118+0800: 685.476: Total time for which application threads were stopped: 0.0057855 seconds, Stopping threads took: 0.0000328 seconds
2017-07-03T15:53:25.430+0800: 685.781: Total time for which application threads were stopped: 0.0001849 seconds, Stopping threads took: 0.0000379 seconds
2017-07-03T15:53:28.368+0800: 688.716: Total time for which application threads were stopped: 0.0002549 seconds, Stopping threads took: 0.0000667 seconds
{Heap before GC invocations=100 (full 1):
 par new generation   total 109248K, used 89046K [0x00000000e0000000, 0x00000000e8000000, 0x00000000e8000000)
  eden space 87424K, 100% used [0x00000000e0000000, 0x00000000e5560000, 0x00000000e5560000)
  from space 21824K,   7% used [0x00000000e5560000, 0x00000000e56f5a70, 0x00000000e6ab0000)
  to   space 21824K,   0% used [0x00000000e6ab0000, 0x00000000e6ab0000, 0x00000000e8000000)
 concurrent mark-sweep generation total 393216K, used 53674K [0x00000000e8000000, 0x0000000100000000, 0x0000000100000000)
 Metaspace       used 33583K, capacity 33996K, committed 34376K, reserved 1079296K
  class space    used 3678K, capacity 3792K, committed 3912K, reserved 1048576K
2017-07-03T15:53:28.556+0800: 688.905: [GC (Allocation Failure) 2017-07-03T15:53:28.556+0800: 688.905: [ParNew
Desired survivor size 20112992 bytes, new threshold 8 (max 8)
- age   1:    1602536 bytes,    1602536 total
- age   2:     161904 bytes,    1764440 total
- age   3:       6720 bytes,    1771160 total
- age   4:       2472 bytes,    1773632 total
- age   5:       2512 bytes,    1776144 total
- age   6:       5952 bytes,    1782096 total
- age   7:       5208 bytes,    1787304 total
- age   8:       2616 bytes,    1789920 total
: 89046K->2157K(109248K), 0.0055675 secs] 142721K->55835K(502464K), 0.0056294 secs] [Times: user=0.00 sys=0.00, real=0.00 secs] 
Heap after GC invocations=101 (full 1):
 par new generation   total 109248K, used 2157K [0x00000000e0000000, 0x00000000e8000000, 0x00000000e8000000)
  eden space 87424K,   0% used [0x00000000e0000000, 0x00000000e0000000, 0x00000000e5560000)
  from space 21824K,   9% used [0x00000000e6ab0000, 0x00000000e6ccb778, 0x00000000e8000000)
  to   space 21824K,   0% used [0x00000000e5560000, 0x00000000e5560000, 0x00000000e6ab0000)
 concurrent mark-sweep generation total 393216K, used 53677K [0x00000000e8000000, 0x0000000100000000, 0x0000000100000000)
 Metaspace       used 33583K, capacity 33996K, committed 34376K, reserved 1079296K
  class space    used 3678K, capacity 3792K, committed 3912K, reserved 1048576K
}
2017-07-03T15:53:28.556+0800: 688.911: Total time for which application threads were stopped: 0.0058391 seconds, Stopping threads took: 0.0000481 seconds
2017-07-03T15:53:29.103+0800: 689.453: Total time for which application threads were stopped: 0.0001838 seconds, Stopping threads took: 0.0000372 seconds
2017-07-03T15:53:29.962+0800: 690.307: Total time for which application threads were stopped: 0.0000919 seconds, Stopping threads took: 0.0000186 seconds
2017-07-03T15:53:30.322+0800: 690.667: Total time for which application threads were stopped: 0.0000893 seconds, Stopping threads took: 0.0000186 seconds
2017-07-03T15:53:32.307+0800: 692.655: Total time for which application threads were stopped: 0.0001688 seconds, Stopping threads took: 0.0000281 seconds
2017-07-03T15:53:32.807+0800: 693.156: Total time for which application threads were stopped: 0.0002082 seconds, Stopping threads took: 0.0000310 seconds
{Heap before GC invocations=101 (full 1):
 par new generation   total 109248K, used 89579K [0x00000000e0000000, 0x00000000e8000000, 0x00000000e8000000)
  eden space 87424K,  99% used [0x00000000e0000000, 0x00000000e555f870, 0x00000000e5560000)
  from space 21824K,   9% used [0x00000000e6ab0000, 0x00000000e6ccb778, 0x00000000e8000000)
  to   space 21824K,   0% used [0x00000000e5560000, 0x00000000e5560000, 0x00000000e6ab0000)
 concurrent mark-sweep generation total 393216K, used 53677K [0x00000000e8000000, 0x0000000100000000, 0x0000000100000000)
 Metaspace       used 33583K, capacity 33996K, committed 34376K, reserved 1079296K
  class space    used 3678K, capacity 3792K, committed 3912K, reserved 1048576K
2017-07-03T15:53:35.542+0800: 695.888: [GC (Allocation Failure) 2017-07-03T15:53:35.542+0800: 695.888: [ParNew
Desired survivor size 20112992 bytes, new threshold 8 (max 8)
- age   1:    1267624 bytes,    1267624 total
- age   2:      28624 bytes,    1296248 total
- age   3:       3928 bytes,    1300176 total
- age   4:       4352 bytes,    1304528 total
- age   5:       2472 bytes,    1307000 total
- age   6:       2512 bytes,    1309512 total
- age   7:       5832 bytes,    1315344 total
- age   8:       4344 bytes,    1319688 total
: 89579K->1642K(109248K), 0.0061626 secs] 143257K->55323K(502464K), 0.0062870 secs] [Times: user=0.00 sys=0.00, real=0.00 secs] 
Heap after GC invocations=102 (full 1):
 par new generation   total 109248K, used 1642K [0x00000000e0000000, 0x00000000e8000000, 0x00000000e8000000)
  eden space 87424K,   0% used [0x00000000e0000000, 0x00000000e0000000, 0x00000000e5560000)
  from space 21824K,   7% used [0x00000000e5560000, 0x00000000e56fabd0, 0x00000000e6ab0000)
  to   space 21824K,   0% used [0x00000000e6ab0000, 0x00000000e6ab0000, 0x00000000e8000000)
 concurrent mark-sweep generation total 393216K, used 53680K [0x00000000e8000000, 0x0000000100000000, 0x0000000100000000)
 Metaspace       used 33583K, capacity 33996K, committed 34376K, reserved 1079296K
  class space    used 3678K, capacity 3792K, committed 3912K, reserved 1048576K
}
2017-07-03T15:53:35.542+0800: 695.894: Total time for which application threads were stopped: 0.0064697 seconds, Stopping threads took: 0.0000204 seconds
2017-07-03T15:53:36.460+0800: 696.808: Total time for which application threads were stopped: 0.0002524 seconds, Stopping threads took: 0.0000397 seconds
2017-07-03T15:53:37.250+0800: 697.594: Total time for which application threads were stopped: 0.0001878 seconds, Stopping threads took: 0.0000372 seconds
2017-07-03T15:53:40.372+0800: 700.720: Total time for which application threads were stopped: 0.0002491 seconds, Stopping threads took: 0.0000580 seconds
{Heap before GC invocations=102 (full 1):
 par new generation   total 109248K, used 89065K [0x00000000e0000000, 0x00000000e8000000, 0x00000000e8000000)
  eden space 87424K,  99% used [0x00000000e0000000, 0x00000000e555fb58, 0x00000000e5560000)
  from space 21824K,   7% used [0x00000000e5560000, 0x00000000e56fabd0, 0x00000000e6ab0000)
  to   space 21824K,   0% used [0x00000000e6ab0000, 0x00000000e6ab0000, 0x00000000e8000000)
 concurrent mark-sweep generation total 393216K, used 53680K [0x00000000e8000000, 0x0000000100000000, 0x0000000100000000)
 Metaspace       used 33583K, capacity 33996K, committed 34376K, reserved 1079296K
  class space    used 3678K, capacity 3792K, committed 3912K, reserved 1048576K
2017-07-03T15:53:40.503+0800: 700.860: [GC (Allocation Failure) 2017-07-03T15:53:40.503+0800: 700.860: [ParNew
Desired survivor size 20112992 bytes, new threshold 8 (max 8)
- age   1:    1365648 bytes,    1365648 total
- age   2:      23432 bytes,    1389080 total
- age   3:       3312 bytes,    1392392 total
- age   4:       1992 bytes,    1394384 total
- age   5:       4136 bytes,    1398520 total
- age   6:       2472 bytes,    1400992 total
- age   7:       2512 bytes,    1403504 total
- age   8:       5832 bytes,    1409336 total
: 89065K->1681K(109248K), 0.0050970 secs] 142745K->55365K(502464K), 0.0051605 secs] [Times: user=0.03 sys=0.00, real=0.01 secs] 
Heap after GC invocations=103 (full 1):
 par new generation   total 109248K, used 1681K [0x00000000e0000000, 0x00000000e8000000, 0x00000000e8000000)
  eden space 87424K,   0% used [0x00000000e0000000, 0x00000000e0000000, 0x00000000e5560000)
  from space 21824K,   7% used [0x00000000e6ab0000, 0x00000000e6c54640, 0x00000000e8000000)
  to   space 21824K,   0% used [0x00000000e5560000, 0x00000000e5560000, 0x00000000e6ab0000)
 concurrent mark-sweep generation total 393216K, used 53684K [0x00000000e8000000, 0x0000000100000000, 0x0000000100000000)
 Metaspace       used 33583K, capacity 33996K, committed 34376K, reserved 1079296K
  class space    used 3678K, capacity 3792K, committed 3912K, reserved 1048576K
}
2017-07-03T15:53:40.518+0800: 700.865: Total time for which application threads were stopped: 0.0053709 seconds, Stopping threads took: 0.0000306 seconds
2017-07-03T15:53:40.831+0800: 701.183: Total time for which application threads were stopped: 0.0000810 seconds, Stopping threads took: 0.0000171 seconds
2017-07-03T15:53:43.862+0800: 704.206: Total time for which application threads were stopped: 0.0002367 seconds, Stopping threads took: 0.0000518 seconds
2017-07-03T15:53:44.214+0800: 704.561: Total time for which application threads were stopped: 0.0002246 seconds, Stopping threads took: 0.0000423 seconds
{Heap before GC invocations=103 (full 1):
 par new generation   total 109248K, used 89084K [0x00000000e0000000, 0x00000000e8000000, 0x00000000e8000000)
  eden space 87424K,  99% used [0x00000000e0000000, 0x00000000e555ada0, 0x00000000e5560000)
  from space 21824K,   7% used [0x00000000e6ab0000, 0x00000000e6c54640, 0x00000000e8000000)
  to   space 21824K,   0% used [0x00000000e5560000, 0x00000000e5560000, 0x00000000e6ab0000)
 concurrent mark-sweep generation total 393216K, used 53684K [0x00000000e8000000, 0x0000000100000000, 0x0000000100000000)
 Metaspace       used 33583K, capacity 33996K, committed 34376K, reserved 1079296K
  class space    used 3678K, capacity 3792K, committed 3912K, reserved 1048576K
2017-07-03T15:53:44.323+0800: 704.680: [GC (Allocation Failure) 2017-07-03T15:53:44.323+0800: 704.680: [ParNew
Desired survivor size 20112992 bytes, new threshold 8 (max 8)
- age   1:    1198160 bytes,    1198160 total
- age   2:     163744 bytes,    1361904 total
- age   3:       5504 bytes,    1367408 total
- age   4:       2736 bytes,    1370144 total
- age   5:       1992 bytes,    1372136 total
- age   6:       4136 bytes,    1376272 total
- age   7:       2472 bytes,    1378744 total
- age   8:       2512 bytes,    1381256 total
: 89084K->1589K(109248K), 0.0056517 secs] 142769K->55279K(502464K), 0.0057265 secs] [Times: user=0.01 sys=0.00, real=0.02 secs] 
Heap after GC invocations=104 (full 1):
 par new generation   total 109248K, used 1589K [0x00000000e0000000, 0x00000000e8000000, 0x00000000e8000000)
  eden space 87424K,   0% used [0x00000000e0000000, 0x00000000e0000000, 0x00000000e5560000)
  from space 21824K,   7% used [0x00000000e5560000, 0x00000000e56ed410, 0x00000000e6ab0000)
  to   space 21824K,   0% used [0x00000000e6ab0000, 0x00000000e6ab0000, 0x00000000e8000000)
 concurrent mark-sweep generation total 393216K, used 53690K [0x00000000e8000000, 0x0000000100000000, 0x0000000100000000)
 Metaspace       used 33583K, capacity 33996K, committed 34376K, reserved 1079296K
  class space    used 3678K, capacity 3792K, committed 3912K, reserved 1048576K
}
2017-07-03T15:53:44.338+0800: 704.686: Total time for which application threads were stopped: 0.0059102 seconds, Stopping threads took: 0.0000325 seconds
2017-07-03T15:53:44.542+0800: 704.900: Total time for which application threads were stopped: 0.0004409 seconds, Stopping threads took: 0.0000376 seconds
2017-07-03T15:53:47.640+0800: 707.984: Total time for which application threads were stopped: 0.0002881 seconds, Stopping threads took: 0.0000416 seconds
2017-07-03T15:53:48.169+0800: 708.515: Total time for which application threads were stopped: 0.0005332 seconds, Stopping threads took: 0.0001466 seconds
2017-07-03T15:53:51.086+0800: 711.434: Total time for which application threads were stopped: 0.0001721 seconds, Stopping threads took: 0.0000299 seconds
{Heap before GC invocations=104 (full 1):
 par new generation   total 109248K, used 89013K [0x00000000e0000000, 0x00000000e8000000, 0x00000000e8000000)
  eden space 87424K, 100% used [0x00000000e0000000, 0x00000000e5560000, 0x00000000e5560000)
  from space 21824K,   7% used [0x00000000e5560000, 0x00000000e56ed410, 0x00000000e6ab0000)
  to   space 21824K,   0% used [0x00000000e6ab0000, 0x00000000e6ab0000, 0x00000000e8000000)
 concurrent mark-sweep generation total 393216K, used 53690K [0x00000000e8000000, 0x0000000100000000, 0x0000000100000000)
 Metaspace       used 33583K, capacity 33996K, committed 34376K, reserved 1079296K
  class space    used 3678K, capacity 3792K, committed 3912K, reserved 1048576K
2017-07-03T15:53:51.164+0800: 711.516: [GC (Allocation Failure) 2017-07-03T15:53:51.164+0800: 711.516: [ParNew
Desired survivor size 20112992 bytes, new threshold 8 (max 8)
- age   1:    1310672 bytes,    1310672 total
- age   2:      27760 bytes,    1338432 total
- age   3:       4408 bytes,    1342840 total
- age   4:       4424 bytes,    1347264 total
- age   5:       2736 bytes,    1350000 total
- age   6:       1992 bytes,    1351992 total
- age   7:       4136 bytes,    1356128 total
- age   8:       2472 bytes,    1358600 total
: 89013K->1566K(109248K), 0.0049464 secs] 142703K->55259K(502464K), 0.0049956 secs] [Times: user=0.00 sys=0.00, real=0.00 secs] 
Heap after GC invocations=105 (full 1):
 par new generation   total 109248K, used 1566K [0x00000000e0000000, 0x00000000e8000000, 0x00000000e8000000)
  eden space 87424K,   0% used [0x00000000e0000000, 0x00000000e0000000, 0x00000000e5560000)
  from space 21824K,   7% used [0x00000000e6ab0000, 0x00000000e6c37ab0, 0x00000000e8000000)
  to   space 21824K,   0% used [0x00000000e5560000, 0x00000000e5560000, 0x00000000e6ab0000)
 concurrent mark-sweep generation total 393216K, used 53692K [0x00000000e8000000, 0x0000000100000000, 0x0000000100000000)
 Metaspace       used 33583K, capacity 33996K, committed 34376K, reserved 1079296K
  class space    used 3678K, capacity 3792K, committed 3912K, reserved 1048576K
}
2017-07-03T15:53:51.164+0800: 711.521: Total time for which application threads were stopped: 0.0051674 seconds, Stopping threads took: 0.0000175 seconds
2017-07-03T15:53:51.430+0800: 711.789: Total time for which application threads were stopped: 0.0001014 seconds, Stopping threads took: 0.0000314 seconds
2017-07-03T15:53:54.532+0800: 714.881: Total time for which application threads were stopped: 0.0001572 seconds, Stopping threads took: 0.0000222 seconds
{Heap before GC invocations=105 (full 1):
 par new generation   total 109248K, used 88988K [0x00000000e0000000, 0x00000000e8000000, 0x00000000e8000000)
  eden space 87424K,  99% used [0x00000000e0000000, 0x00000000e555f940, 0x00000000e5560000)
  from space 21824K,   7% used [0x00000000e6ab0000, 0x00000000e6c37ab0, 0x00000000e8000000)
  to   space 21824K,   0% used [0x00000000e5560000, 0x00000000e5560000, 0x00000000e6ab0000)
 concurrent mark-sweep generation total 393216K, used 53692K [0x00000000e8000000, 0x0000000100000000, 0x0000000100000000)
 Metaspace       used 33583K, capacity 33996K, committed 34376K, reserved 1079296K
  class space    used 3678K, capacity 3792K, committed 3912K, reserved 1048576K
2017-07-03T15:53:54.672+0800: 715.017: [GC (Allocation Failure) 2017-07-03T15:53:54.672+0800: 715.017: [ParNew
Desired survivor size 20112992 bytes, new threshold 8 (max 8)
- age   1:    1185160 bytes,    1185160 total
- age   2:     167848 bytes,    1353008 total
- age   3:       2520 bytes,    1355528 total
- age   4:       2616 bytes,    1358144 total
- age   5:       4424 bytes,    1362568 total
- age   6:       2736 bytes,    1365304 total
- age   7:       1992 bytes,    1367296 total
- age   8:       4136 bytes,    1371432 total
: 88988K->1562K(109248K), 0.0056043 secs] 142681K->55257K(502464K), 0.0056820 secs] [Times: user=0.00 sys=0.00, real=0.00 secs] 
Heap after GC invocations=106 (full 1):
 par new generation   total 109248K, used 1562K [0x00000000e0000000, 0x00000000e8000000, 0x00000000e8000000)
  eden space 87424K,   0% used [0x00000000e0000000, 0x00000000e0000000, 0x00000000e5560000)
  from space 21824K,   7% used [0x00000000e5560000, 0x00000000e56e6ba0, 0x00000000e6ab0000)
  to   space 21824K,   0% used [0x00000000e6ab0000, 0x00000000e6ab0000, 0x00000000e8000000)
 concurrent mark-sweep generation total 393216K, used 53694K [0x00000000e8000000, 0x0000000100000000, 0x0000000100000000)
 Metaspace       used 33583K, capacity 33996K, committed 34376K, reserved 1079296K
  class space    used 3678K, capacity 3792K, committed 3912K, reserved 1048576K
}
2017-07-03T15:53:54.672+0800: 715.022: Total time for which application threads were stopped: 0.0060419 seconds, Stopping threads took: 0.0000718 seconds
2017-07-03T15:53:54.969+0800: 715.316: Total time for which application threads were stopped: 0.0000802 seconds, Stopping threads took: 0.0000179 seconds
2017-07-03T15:53:56.978+0800: 717.323: Total time for which application threads were stopped: 0.0001192 seconds, Stopping threads took: 0.0000292 seconds
2017-07-03T15:53:58.297+0800: 718.645: Total time for which application threads were stopped: 0.0002206 seconds, Stopping threads took: 0.0000427 seconds
2017-07-03T15:53:58.734+0800: 719.084: Total time for which application threads were stopped: 0.0001794 seconds, Stopping threads took: 0.0000368 seconds
{Heap before GC invocations=106 (full 1):
 par new generation   total 109248K, used 88956K [0x00000000e0000000, 0x00000000e8000000, 0x00000000e8000000)
  eden space 87424K,  99% used [0x00000000e0000000, 0x00000000e5558750, 0x00000000e5560000)
  from space 21824K,   7% used [0x00000000e5560000, 0x00000000e56e6ba0, 0x00000000e6ab0000)
  to   space 21824K,   0% used [0x00000000e6ab0000, 0x00000000e6ab0000, 0x00000000e8000000)
 concurrent mark-sweep generation total 393216K, used 53694K [0x00000000e8000000, 0x0000000100000000, 0x0000000100000000)
 Metaspace       used 33583K, capacity 33996K, committed 34376K, reserved 1079296K
  class space    used 3678K, capacity 3792K, committed 3912K, reserved 1048576K
2017-07-03T15:54:00.031+0800: 720.376: [GC (Allocation Failure) 2017-07-03T15:54:00.031+0800: 720.376: [ParNew
Desired survivor size 20112992 bytes, new threshold 8 (max 8)
- age   1:    1162488 bytes,    1162488 total
- age   2:       5584 bytes,    1168072 total
- age   3:       7224 bytes,    1175296 total
- age   4:       1872 bytes,    1177168 total
- age   5:       2400 bytes,    1179568 total
- age   6:       3560 bytes,    1183128 total
- age   7:       2736 bytes,    1185864 total
- age   8:       1992 bytes,    1187856 total
: 88956K->1322K(109248K), 0.0051991 secs] 142651K->55020K(502464K), 0.0052560 secs] [Times: user=0.06 sys=0.00, real=0.01 secs] 
Heap after GC invocations=107 (full 1):
 par new generation   total 109248K, used 1322K [0x00000000e0000000, 0x00000000e8000000, 0x00000000e8000000)
  eden space 87424K,   0% used [0x00000000e0000000, 0x00000000e0000000, 0x00000000e5560000)
  from space 21824K,   6% used [0x00000000e6ab0000, 0x00000000e6bfa800, 0x00000000e8000000)
  to   space 21824K,   0% used [0x00000000e5560000, 0x00000000e5560000, 0x00000000e6ab0000)
 concurrent mark-sweep generation total 393216K, used 53698K [0x00000000e8000000, 0x0000000100000000, 0x0000000100000000)
 Metaspace       used 33583K, capacity 33996K, committed 34376K, reserved 1079296K
  class space    used 3678K, capacity 3792K, committed 3912K, reserved 1048576K
}
2017-07-03T15:54:00.036+0800: 720.381: Total time for which application threads were stopped: 0.0054333 seconds, Stopping threads took: 0.0000193 seconds
2017-07-03T15:54:01.040+0800: 721.384: Total time for which application threads were stopped: 0.0001915 seconds, Stopping threads took: 0.0000408 seconds
2017-07-03T15:54:02.017+0800: 722.364: Total time for which application threads were stopped: 0.0002141 seconds, Stopping threads took: 0.0000295 seconds
2017-07-03T15:54:02.353+0800: 722.701: Total time for which application threads were stopped: 0.0001134 seconds, Stopping threads took: 0.0000361 seconds
2017-07-03T15:54:02.369+0800: 722.714: Total time for which application threads were stopped: 0.0000853 seconds, Stopping threads took: 0.0000193 seconds
2017-07-03T15:54:06.190+0800: 726.536: Total time for which application threads were stopped: 0.0001725 seconds, Stopping threads took: 0.0000244 seconds
{Heap before GC invocations=107 (full 1):
 par new generation   total 109248K, used 88746K [0x00000000e0000000, 0x00000000e8000000, 0x00000000e8000000)
  eden space 87424K, 100% used [0x00000000e0000000, 0x00000000e5560000, 0x00000000e5560000)
  from space 21824K,   6% used [0x00000000e6ab0000, 0x00000000e6bfa800, 0x00000000e8000000)
  to   space 21824K,   0% used [0x00000000e5560000, 0x00000000e5560000, 0x00000000e6ab0000)
 concurrent mark-sweep generation total 393216K, used 53698K [0x00000000e8000000, 0x0000000100000000, 0x0000000100000000)
 Metaspace       used 33583K, capacity 33996K, committed 34376K, reserved 1079296K
  class space    used 3678K, capacity 3792K, committed 3912K, reserved 1048576K
2017-07-03T15:54:06.236+0800: 726.594: [GC (Allocation Failure) 2017-07-03T15:54:06.236+0800: 726.594: [ParNew
Desired survivor size 20112992 bytes, new threshold 8 (max 8)
- age   1:    1429712 bytes,    1429712 total
- age   2:      12648 bytes,    1442360 total
- age   3:       3328 bytes,    1445688 total
- age   4:       6000 bytes,    1451688 total
- age   5:       1872 bytes,    1453560 total
- age   6:       2400 bytes,    1455960 total
- age   7:       3440 bytes,    1459400 total
- age   8:       2736 bytes,    1462136 total
: 88746K->1779K(109248K), 0.0062826 secs] 142444K->55480K(502464K), 0.0063347 secs] [Times: user=0.08 sys=0.00, real=0.02 secs] 
Heap after GC invocations=108 (full 1):
 par new generation   total 109248K, used 1779K [0x00000000e0000000, 0x00000000e8000000, 0x00000000e8000000)
  eden space 87424K,   0% used [0x00000000e0000000, 0x00000000e0000000, 0x00000000e5560000)
  from space 21824K,   8% used [0x00000000e5560000, 0x00000000e571ce80, 0x00000000e6ab0000)
  to   space 21824K,   0% used [0x00000000e6ab0000, 0x00000000e6ab0000, 0x00000000e8000000)
 concurrent mark-sweep generation total 393216K, used 53700K [0x00000000e8000000, 0x0000000100000000, 0x0000000100000000)
 Metaspace       used 33583K, capacity 33996K, committed 34376K, reserved 1079296K
  class space    used 3678K, capacity 3792K, committed 3912K, reserved 1048576K
}
2017-07-03T15:54:06.252+0800: 726.600: Total time for which application threads were stopped: 0.0065032 seconds, Stopping threads took: 0.0000219 seconds
2017-07-03T15:54:06.533+0800: 726.892: Total time for which application threads were stopped: 0.0001922 seconds, Stopping threads took: 0.0000408 seconds
2017-07-03T15:54:09.763+0800: 730.113: Total time for which application threads were stopped: 0.0002159 seconds, Stopping threads took: 0.0000532 seconds
{Heap before GC invocations=108 (full 1):
 par new generation   total 109248K, used 89175K [0x00000000e0000000, 0x00000000e8000000, 0x00000000e8000000)
  eden space 87424K,  99% used [0x00000000e0000000, 0x00000000e5558fd8, 0x00000000e5560000)
  from space 21824K,   8% used [0x00000000e5560000, 0x00000000e571ce80, 0x00000000e6ab0000)
  to   space 21824K,   0% used [0x00000000e6ab0000, 0x00000000e6ab0000, 0x00000000e8000000)
 concurrent mark-sweep generation total 393216K, used 53700K [0x00000000e8000000, 0x0000000100000000, 0x0000000100000000)
 Metaspace       used 33583K, capacity 33996K, committed 34376K, reserved 1079296K
  class space    used 3678K, capacity 3792K, committed 3912K, reserved 1048576K
2017-07-03T15:54:09.981+0800: 730.339: [GC (Allocation Failure) 2017-07-03T15:54:09.981+0800: 730.339: [ParNew
Desired survivor size 20112992 bytes, new threshold 8 (max 8)
- age   1:    1498920 bytes,    1498920 total
- age   2:     166272 bytes,    1665192 total
- age   3:       4296 bytes,    1669488 total
- age   4:       2680 bytes,    1672168 total
- age   5:       6000 bytes,    1678168 total
- age   6:       1872 bytes,    1680040 total
- age   7:       2400 bytes,    1682440 total
- age   8:       3440 bytes,    1685880 total
: 89175K->1849K(109248K), 0.0057469 secs] 142876K->55552K(502464K), 0.0058023 secs] [Times: user=0.06 sys=0.00, real=0.02 secs] 
Heap after GC invocations=109 (full 1):
 par new generation   total 109248K, used 1849K [0x00000000e0000000, 0x00000000e8000000, 0x00000000e8000000)
  eden space 87424K,   0% used [0x00000000e0000000, 0x00000000e0000000, 0x00000000e5560000)
  from space 21824K,   8% used [0x00000000e6ab0000, 0x00000000e6c7e400, 0x00000000e8000000)
  to   space 21824K,   0% used [0x00000000e5560000, 0x00000000e5560000, 0x00000000e6ab0000)
 concurrent mark-sweep generation total 393216K, used 53703K [0x00000000e8000000, 0x0000000100000000, 0x0000000100000000)
 Metaspace       used 33583K, capacity 33996K, committed 34376K, reserved 1079296K
  class space    used 3678K, capacity 3792K, committed 3912K, reserved 1048576K
}
2017-07-03T15:54:09.997+0800: 730.345: Total time for which application threads were stopped: 0.0059861 seconds, Stopping threads took: 0.0000335 seconds
2017-07-03T15:54:10.288+0800: 730.643: Total time for which application threads were stopped: 0.0001805 seconds, Stopping threads took: 0.0000368 seconds
2017-07-03T15:54:13.497+0800: 733.848: Total time for which application threads were stopped: 0.0003315 seconds, Stopping threads took: 0.0000511 seconds
2017-07-03T15:54:14.192+0800: 734.540: Total time for which application threads were stopped: 0.0000831 seconds, Stopping threads took: 0.0000179 seconds
{Heap before GC invocations=109 (full 1):
 par new generation   total 109248K, used 89273K [0x00000000e0000000, 0x00000000e8000000, 0x00000000e8000000)
  eden space 87424K, 100% used [0x00000000e0000000, 0x00000000e5560000, 0x00000000e5560000)
  from space 21824K,   8% used [0x00000000e6ab0000, 0x00000000e6c7e400, 0x00000000e8000000)
  to   space 21824K,   0% used [0x00000000e5560000, 0x00000000e5560000, 0x00000000e6ab0000)
 concurrent mark-sweep generation total 393216K, used 53703K [0x00000000e8000000, 0x0000000100000000, 0x0000000100000000)
 Metaspace       used 33583K, capacity 33996K, committed 34376K, reserved 1079296K
  class space    used 3678K, capacity 3792K, committed 3912K, reserved 1048576K
2017-07-03T15:54:15.874+0800: 736.219: [GC (Allocation Failure) 2017-07-03T15:54:15.874+0800: 736.219: [ParNew
Desired survivor size 20112992 bytes, new threshold 8 (max 8)
- age   1:     947192 bytes,     947192 total
- age   2:      27832 bytes,     975024 total
- age   3:       6864 bytes,     981888 total
- age   4:       3432 bytes,     985320 total
- age   5:       2680 bytes,     988000 total
- age   6:       6000 bytes,     994000 total
- age   7:       1872 bytes,     995872 total
- age   8:       2400 bytes,     998272 total
: 89273K->1077K(109248K), 0.0054464 secs] 142976K->54784K(502464K), 0.0055102 secs] [Times: user=0.00 sys=0.00, real=0.00 secs] 
Heap after GC invocations=110 (full 1):
 par new generation   total 109248K, used 1077K [0x00000000e0000000, 0x00000000e8000000, 0x00000000e8000000)
  eden space 87424K,   0% used [0x00000000e0000000, 0x00000000e0000000, 0x00000000e5560000)
  from space 21824K,   4% used [0x00000000e5560000, 0x00000000e566d6f0, 0x00000000e6ab0000)
  to   space 21824K,   0% used [0x00000000e6ab0000, 0x00000000e6ab0000, 0x00000000e8000000)
 concurrent mark-sweep generation total 393216K, used 53706K [0x00000000e8000000, 0x0000000100000000, 0x0000000100000000)
 Metaspace       used 33583K, capacity 33996K, committed 34376K, reserved 1079296K
  class space    used 3678K, capacity 3792K, committed 3912K, reserved 1048576K
}
2017-07-03T15:54:15.874+0800: 736.225: Total time for which application threads were stopped: 0.0056914 seconds, Stopping threads took: 0.0000215 seconds
2017-07-03T15:54:17.110+0800: 737.458: Total time for which application threads were stopped: 0.0001977 seconds, Stopping threads took: 0.0000325 seconds
2017-07-03T15:54:17.469+0800: 737.826: Total time for which application threads were stopped: 0.0001791 seconds, Stopping threads took: 0.0000405 seconds
2017-07-03T15:54:19.284+0800: 739.634: Total time for which application threads were stopped: 0.0002396 seconds, Stopping threads took: 0.0000335 seconds
2017-07-03T15:54:20.512+0800: 740.858: Total time for which application threads were stopped: 0.0001174 seconds, Stopping threads took: 0.0000248 seconds
{Heap before GC invocations=110 (full 1):
 par new generation   total 109248K, used 88501K [0x00000000e0000000, 0x00000000e8000000, 0x00000000e8000000)
  eden space 87424K, 100% used [0x00000000e0000000, 0x00000000e5560000, 0x00000000e5560000)
  from space 21824K,   4% used [0x00000000e5560000, 0x00000000e566d6f0, 0x00000000e6ab0000)
  to   space 21824K,   0% used [0x00000000e6ab0000, 0x00000000e6ab0000, 0x00000000e8000000)
 concurrent mark-sweep generation total 393216K, used 53706K [0x00000000e8000000, 0x0000000100000000, 0x0000000100000000)
 Metaspace       used 33584K, capacity 33996K, committed 34376K, reserved 1079296K
  class space    used 3678K, capacity 3792K, committed 3912K, reserved 1048576K
2017-07-03T15:54:20.668+0800: 741.019: [GC (Allocation Failure) 2017-07-03T15:54:20.668+0800: 741.019: [ParNew
Desired survivor size 20112992 bytes, new threshold 8 (max 8)
- age   1:    1690088 bytes,    1690088 total
- age   2:      16792 bytes,    1706880 total
- age   3:       2592 bytes,    1709472 total
- age   4:       4712 bytes,    1714184 total
- age   5:       2568 bytes,    1716752 total
- age   6:       2680 bytes,    1719432 total
- age   7:       6000 bytes,    1725432 total
- age   8:       1872 bytes,    1727304 total
: 88501K->1785K(109248K), 0.0052068 secs] 142208K->55495K(502464K), 0.0052542 secs] [Times: user=0.00 sys=0.00, real=0.00 secs] 
Heap after GC invocations=111 (full 1):
 par new generation   total 109248K, used 1785K [0x00000000e0000000, 0x00000000e8000000, 0x00000000e8000000)
  eden space 87424K,   0% used [0x00000000e0000000, 0x00000000e0000000, 0x00000000e5560000)
  from space 21824K,   8% used [0x00000000e6ab0000, 0x00000000e6c6e770, 0x00000000e8000000)
  to   space 21824K,   0% used [0x00000000e5560000, 0x00000000e5560000, 0x00000000e6ab0000)
 concurrent mark-sweep generation total 393216K, used 53709K [0x00000000e8000000, 0x0000000100000000, 0x0000000100000000)
 Metaspace       used 33584K, capacity 33996K, committed 34376K, reserved 1079296K
  class space    used 3678K, capacity 3792K, committed 3912K, reserved 1048576K
}
2017-07-03T15:54:20.668+0800: 741.024: Total time for which application threads were stopped: 0.0054132 seconds, Stopping threads took: 0.0000190 seconds
2017-07-03T15:54:20.902+0800: 741.256: Total time for which application threads were stopped: 0.0000795 seconds, Stopping threads took: 0.0000175 seconds
2017-07-03T15:54:21.916+0800: 742.261: Total time for which application threads were stopped: 0.0002914 seconds, Stopping threads took: 0.0000755 seconds
2017-07-03T15:54:24.087+0800: 744.436: Total time for which application threads were stopped: 0.0002538 seconds, Stopping threads took: 0.0000397 seconds
{Heap before GC invocations=111 (full 1):
 par new generation   total 109248K, used 89191K [0x00000000e0000000, 0x00000000e8000000, 0x00000000e8000000)
  eden space 87424K,  99% used [0x00000000e0000000, 0x00000000e555b730, 0x00000000e5560000)
  from space 21824K,   8% used [0x00000000e6ab0000, 0x00000000e6c6e770, 0x00000000e8000000)
  to   space 21824K,   0% used [0x00000000e5560000, 0x00000000e5560000, 0x00000000e6ab0000)
 concurrent mark-sweep generation total 393216K, used 53709K [0x00000000e8000000, 0x0000000100000000, 0x0000000100000000)
 Metaspace       used 33584K, capacity 33996K, committed 34376K, reserved 1079296K
  class space    used 3678K, capacity 3792K, committed 3912K, reserved 1048576K
2017-07-03T15:54:24.228+0800: 744.575: [GC (Allocation Failure) 2017-07-03T15:54:24.228+0800: 744.575: [ParNew
Desired survivor size 20112992 bytes, new threshold 8 (max 8)
- age   1:    1237392 bytes,    1237392 total
- age   2:     174312 bytes,    1411704 total
- age   3:       3984 bytes,    1415688 total
- age   4:       2088 bytes,    1417776 total
- age   5:       4640 bytes,    1422416 total
- age   6:       2568 bytes,    1424984 total
- age   7:       2680 bytes,    1427664 total
- age   8:       6000 bytes,    1433664 total
: 89191K->1723K(109248K), 0.0050248 secs] 142900K->55434K(502464K), 0.0050741 secs] [Times: user=0.00 sys=0.00, real=0.00 secs] 
Heap after GC invocations=112 (full 1):
 par new generation   total 109248K, used 1723K [0x00000000e0000000, 0x00000000e8000000, 0x00000000e8000000)
  eden space 87424K,   0% used [0x00000000e0000000, 0x00000000e0000000, 0x00000000e5560000)
  from space 21824K,   7% used [0x00000000e5560000, 0x00000000e570ec78, 0x00000000e6ab0000)
  to   space 21824K,   0% used [0x00000000e6ab0000, 0x00000000e6ab0000, 0x00000000e8000000)
 concurrent mark-sweep generation total 393216K, used 53711K [0x00000000e8000000, 0x0000000100000000, 0x0000000100000000)
 Metaspace       used 33584K, capacity 33996K, committed 34376K, reserved 1079296K
  class space    used 3678K, capacity 3792K, committed 3912K, reserved 1048576K
}
2017-07-03T15:54:24.228+0800: 744.580: Total time for which application threads were stopped: 0.0052509 seconds, Stopping threads took: 0.0000222 seconds
2017-07-03T15:54:24.509+0800: 744.854: Total time for which application threads were stopped: 0.0001513 seconds, Stopping threads took: 0.0000303 seconds
2017-07-03T15:54:27.830+0800: 748.177: Total time for which application threads were stopped: 0.0001601 seconds, Stopping threads took: 0.0000325 seconds
2017-07-03T15:54:28.225+0800: 748.583: Total time for which application threads were stopped: 0.0001105 seconds, Stopping threads took: 0.0000383 seconds
{Heap before GC invocations=112 (full 1):
 par new generation   total 109248K, used 89128K [0x00000000e0000000, 0x00000000e8000000, 0x00000000e8000000)
  eden space 87424K,  99% used [0x00000000e0000000, 0x00000000e555b4a8, 0x00000000e5560000)
  from space 21824K,   7% used [0x00000000e5560000, 0x00000000e570ec78, 0x00000000e6ab0000)
  to   space 21824K,   0% used [0x00000000e6ab0000, 0x00000000e6ab0000, 0x00000000e8000000)
 concurrent mark-sweep generation total 393216K, used 53711K [0x00000000e8000000, 0x0000000100000000, 0x0000000100000000)
 Metaspace       used 33584K, capacity 33996K, committed 34376K, reserved 1079296K
  class space    used 3678K, capacity 3792K, committed 3912K, reserved 1048576K
2017-07-03T15:54:30.821+0800: 751.167: [GC (Allocation Failure) 2017-07-03T15:54:30.821+0800: 751.167: [ParNew
Desired survivor size 20112992 bytes, new threshold 8 (max 8)
- age   1:    1400296 bytes,    1400296 total
- age   2:      27760 bytes,    1428056 total
- age   3:      15048 bytes,    1443104 total
- age   4:       3048 bytes,    1446152 total
- age   5:       1944 bytes,    1448096 total
- age   6:       4640 bytes,    1452736 total
- age   7:       2568 bytes,    1455304 total
- age   8:       2680 bytes,    1457984 total
: 89128K->1685K(109248K), 0.0056291 secs] 142839K->55402K(502464K), 0.0056958 secs] [Times: user=0.00 sys=0.00, real=0.00 secs] 
Heap after GC invocations=113 (full 1):
 par new generation   total 109248K, used 1685K [0x00000000e0000000, 0x00000000e8000000, 0x00000000e8000000)
  eden space 87424K,   0% used [0x00000000e0000000, 0x00000000e0000000, 0x00000000e5560000)
  from space 21824K,   7% used [0x00000000e6ab0000, 0x00000000e6c55510, 0x00000000e8000000)
  to   space 21824K,   0% used [0x00000000e5560000, 0x00000000e5560000, 0x00000000e6ab0000)
 concurrent mark-sweep generation total 393216K, used 53717K [0x00000000e8000000, 0x0000000100000000, 0x0000000100000000)
 Metaspace       used 33584K, capacity 33996K, committed 34376K, reserved 1079296K
  class space    used 3678K, capacity 3792K, committed 3912K, reserved 1048576K
}
2017-07-03T15:54:30.821+0800: 751.173: Total time for which application threads were stopped: 0.0058924 seconds, Stopping threads took: 0.0000182 seconds
2017-07-03T15:54:31.595+0800: 751.941: Total time for which application threads were stopped: 0.0001696 seconds, Stopping threads took: 0.0000427 seconds
2017-07-03T15:54:32.166+0800: 752.518: Total time for which application threads were stopped: 0.0002053 seconds, Stopping threads took: 0.0000609 seconds
2017-07-03T15:54:35.602+0800: 755.947: Total time for which application threads were stopped: 0.0002082 seconds, Stopping threads took: 0.0000467 seconds
{Heap before GC invocations=113 (full 1):
 par new generation   total 109248K, used 89107K [0x00000000e0000000, 0x00000000e8000000, 0x00000000e8000000)
  eden space 87424K,  99% used [0x00000000e0000000, 0x00000000e555fa78, 0x00000000e5560000)
  from space 21824K,   7% used [0x00000000e6ab0000, 0x00000000e6c55510, 0x00000000e8000000)
  to   space 21824K,   0% used [0x00000000e5560000, 0x00000000e5560000, 0x00000000e6ab0000)
 concurrent mark-sweep generation total 393216K, used 53717K [0x00000000e8000000, 0x0000000100000000, 0x0000000100000000)
 Metaspace       used 33584K, capacity 33996K, committed 34376K, reserved 1079296K
  class space    used 3678K, capacity 3792K, committed 3912K, reserved 1048576K
2017-07-03T15:54:35.727+0800: 756.076: [GC (Allocation Failure) 2017-07-03T15:54:35.727+0800: 756.076: [ParNew
Desired survivor size 20112992 bytes, new threshold 8 (max 8)
- age   1:    1376168 bytes,    1376168 total
- age   2:      22536 bytes,    1398704 total
- age   3:       2520 bytes,    1401224 total
- age   4:      12752 bytes,    1413976 total
- age   5:       3048 bytes,    1417024 total
- age   6:       1944 bytes,    1418968 total
- age   7:       4520 bytes,    1423488 total
- age   8:       2568 bytes,    1426056 total
: 89107K->1577K(109248K), 0.0073161 secs] 142824K->55297K(502464K), 0.0074244 secs] [Times: user=0.00 sys=0.00, real=0.00 secs] 
Heap after GC invocations=114 (full 1):
 par new generation   total 109248K, used 1577K [0x00000000e0000000, 0x00000000e8000000, 0x00000000e8000000)
  eden space 87424K,   0% used [0x00000000e0000000, 0x00000000e0000000, 0x00000000e5560000)
  from space 21824K,   7% used [0x00000000e5560000, 0x00000000e56ea5a8, 0x00000000e6ab0000)
  to   space 21824K,   0% used [0x00000000e6ab0000, 0x00000000e6ab0000, 0x00000000e8000000)
 concurrent mark-sweep generation total 393216K, used 53719K [0x00000000e8000000, 0x0000000100000000, 0x0000000100000000)
 Metaspace       used 33584K, capacity 33996K, committed 34376K, reserved 1079296K
  class space    used 3678K, capacity 3792K, committed 3912K, reserved 1048576K
}
2017-07-03T15:54:35.727+0800: 756.083: Total time for which application threads were stopped: 0.0076395 seconds, Stopping threads took: 0.0000226 seconds
2017-07-03T15:54:36.008+0800: 756.361: Total time for which application threads were stopped: 0.0001688 seconds, Stopping threads took: 0.0000427 seconds
2017-07-03T15:54:39.213+0800: 759.562: Total time for which application threads were stopped: 0.0002086 seconds, Stopping threads took: 0.0000346 seconds
{Heap before GC invocations=114 (full 1):
 par new generation   total 109248K, used 89001K [0x00000000e0000000, 0x00000000e8000000, 0x00000000e8000000)
  eden space 87424K, 100% used [0x00000000e0000000, 0x00000000e5560000, 0x00000000e5560000)
  from space 21824K,   7% used [0x00000000e5560000, 0x00000000e56ea5a8, 0x00000000e6ab0000)
  to   space 21824K,   0% used [0x00000000e6ab0000, 0x00000000e6ab0000, 0x00000000e8000000)
 concurrent mark-sweep generation total 393216K, used 53719K [0x00000000e8000000, 0x0000000100000000, 0x0000000100000000)
 Metaspace       used 33584K, capacity 33996K, committed 34376K, reserved 1079296K
  class space    used 3678K, capacity 3792K, committed 3912K, reserved 1048576K
2017-07-03T15:54:39.401+0800: 759.755: [GC (Allocation Failure) 2017-07-03T15:54:39.401+0800: 759.755: [ParNew
Desired survivor size 20112992 bytes, new threshold 8 (max 8)
- age   1:    1556304 bytes,    1556304 total
- age   2:     163824 bytes,    1720128 total
- age   3:       4680 bytes,    1724808 total
- age   4:       1872 bytes,    1726680 total
- age   5:      12752 bytes,    1739432 total
- age   6:       3048 bytes,    1742480 total
- age   7:       1944 bytes,    1744424 total
- age   8:       4520 bytes,    1748944 total
: 89001K->2254K(109248K), 0.0056805 secs] 142721K->55977K(502464K), 0.0057574 secs] [Times: user=0.02 sys=0.00, real=0.02 secs] 
Heap after GC invocations=115 (full 1):
 par new generation   total 109248K, used 2254K [0x00000000e0000000, 0x00000000e8000000, 0x00000000e8000000)
  eden space 87424K,   0% used [0x00000000e0000000, 0x00000000e0000000, 0x00000000e5560000)
  from space 21824K,  10% used [0x00000000e6ab0000, 0x00000000e6ce3ba0, 0x00000000e8000000)
  to   space 21824K,   0% used [0x00000000e5560000, 0x00000000e5560000, 0x00000000e6ab0000)
 concurrent mark-sweep generation total 393216K, used 53722K [0x00000000e8000000, 0x0000000100000000, 0x0000000100000000)
 Metaspace       used 33584K, capacity 33996K, committed 34376K, reserved 1079296K
  class space    used 3678K, capacity 3792K, committed 3912K, reserved 1048576K
}
2017-07-03T15:54:39.417+0800: 759.761: Total time for which application threads were stopped: 0.0059887 seconds, Stopping threads took: 0.0000204 seconds
2017-07-03T15:54:39.998+0800: 760.348: Total time for which application threads were stopped: 0.0001280 seconds, Stopping threads took: 0.0000277 seconds
2017-07-03T15:54:43.038+0800: 763.382: Total time for which application threads were stopped: 0.0001579 seconds, Stopping threads took: 0.0000303 seconds
2017-07-03T15:54:43.430+0800: 763.776: Total time for which application threads were stopped: 0.0000791 seconds, Stopping threads took: 0.0000175 seconds
{Heap before GC invocations=115 (full 1):
 par new generation   total 109248K, used 89678K [0x00000000e0000000, 0x00000000e8000000, 0x00000000e8000000)
  eden space 87424K, 100% used [0x00000000e0000000, 0x00000000e5560000, 0x00000000e5560000)
  from space 21824K,  10% used [0x00000000e6ab0000, 0x00000000e6ce3ba0, 0x00000000e8000000)
  to   space 21824K,   0% used [0x00000000e5560000, 0x00000000e5560000, 0x00000000e6ab0000)
 concurrent mark-sweep generation total 393216K, used 53722K [0x00000000e8000000, 0x0000000100000000, 0x0000000100000000)
 Metaspace       used 33584K, capacity 33996K, committed 34376K, reserved 1079296K
  class space    used 3678K, capacity 3792K, committed 3912K, reserved 1048576K
2017-07-03T15:54:46.268+0800: 766.616: [GC (Allocation Failure) 2017-07-03T15:54:46.268+0800: 766.616: [ParNew
Desired survivor size 20112992 bytes, new threshold 8 (max 8)
- age   1:    1140632 bytes,    1140632 total
- age   2:      27760 bytes,    1168392 total
- age   3:       4488 bytes,    1172880 total
- age   4:       3528 bytes,    1176408 total
- age   5:       1872 bytes,    1178280 total
- age   6:      12752 bytes,    1191032 total
- age   7:       3048 bytes,    1194080 total
- age   8:       1944 bytes,    1196024 total
: 89678K->1417K(109248K), 0.0066188 secs] 143401K->55143K(502464K), 0.0067034 secs] [Times: user=0.00 sys=0.00, real=0.00 secs] 
Heap after GC invocations=116 (full 1):
 par new generation   total 109248K, used 1417K [0x00000000e0000000, 0x00000000e8000000, 0x00000000e8000000)
  eden space 87424K,   0% used [0x00000000e0000000, 0x00000000e0000000, 0x00000000e5560000)
  from space 21824K,   6% used [0x00000000e5560000, 0x00000000e56c2560, 0x00000000e6ab0000)
  to   space 21824K,   0% used [0x00000000e6ab0000, 0x00000000e6ab0000, 0x00000000e8000000)
 concurrent mark-sweep generation total 393216K, used 53726K [0x00000000e8000000, 0x0000000100000000, 0x0000000100000000)
 Metaspace       used 33584K, capacity 33996K, committed 34376K, reserved 1079296K
  class space    used 3678K, capacity 3792K, committed 3912K, reserved 1048576K
}
2017-07-03T15:54:46.268+0800: 766.623: Total time for which application threads were stopped: 0.0069572 seconds, Stopping threads took: 0.0000222 seconds
2017-07-03T15:54:46.268+0800: 766.623: Total time for which application threads were stopped: 0.0002276 seconds, Stopping threads took: 0.0000901 seconds
2017-07-03T15:54:46.722+0800: 767.068: Total time for which application threads were stopped: 0.0001003 seconds, Stopping threads took: 0.0000204 seconds
2017-07-03T15:54:49.750+0800: 770.095: Total time for which application threads were stopped: 0.0003388 seconds, Stopping threads took: 0.0000977 seconds
2017-07-03T15:54:49.828+0800: 770.175: Total time for which application threads were stopped: 0.0001437 seconds, Stopping threads took: 0.0000266 seconds
{Heap before GC invocations=116 (full 1):
 par new generation   total 109248K, used 88841K [0x00000000e0000000, 0x00000000e8000000, 0x00000000e8000000)
  eden space 87424K, 100% used [0x00000000e0000000, 0x00000000e5560000, 0x00000000e5560000)
  from space 21824K,   6% used [0x00000000e5560000, 0x00000000e56c2560, 0x00000000e6ab0000)
  to   space 21824K,   0% used [0x00000000e6ab0000, 0x00000000e6ab0000, 0x00000000e8000000)
 concurrent mark-sweep generation total 393216K, used 53726K [0x00000000e8000000, 0x0000000100000000, 0x0000000100000000)
 Metaspace       used 33584K, capacity 33996K, committed 34376K, reserved 1079296K
  class space    used 3678K, capacity 3792K, committed 3912K, reserved 1048576K
2017-07-03T15:54:50.040+0800: 770.395: [GC (Allocation Failure) 2017-07-03T15:54:50.040+0800: 770.395: [ParNew
Desired survivor size 20112992 bytes, new threshold 8 (max 8)
- age   1:    1506432 bytes,    1506432 total
- age   2:     166624 bytes,    1673056 total
- age   3:       2520 bytes,    1675576 total
- age   4:       2552 bytes,    1678128 total
- age   5:       3528 bytes,    1681656 total
- age   6:       1872 bytes,    1683528 total
- age   7:      11888 bytes,    1695416 total
- age   8:       3048 bytes,    1698464 total
: 88841K->1745K(109248K), 0.0044486 secs] 142567K->55474K(502464K), 0.0044975 secs] [Times: user=0.00 sys=0.00, real=0.00 secs] 
Heap after GC invocations=117 (full 1):
 par new generation   total 109248K, used 1745K [0x00000000e0000000, 0x00000000e8000000, 0x00000000e8000000)
  eden space 87424K,   0% used [0x00000000e0000000, 0x00000000e0000000, 0x00000000e5560000)
  from space 21824K,   8% used [0x00000000e6ab0000, 0x00000000e6c647c0, 0x00000000e8000000)
  to   space 21824K,   0% used [0x00000000e5560000, 0x00000000e5560000, 0x00000000e6ab0000)
 concurrent mark-sweep generation total 393216K, used 53728K [0x00000000e8000000, 0x0000000100000000, 0x0000000100000000)
 Metaspace       used 33584K, capacity 33996K, committed 34376K, reserved 1079296K
  class space    used 3678K, capacity 3792K, committed 3912K, reserved 1048576K
}
2017-07-03T15:54:50.040+0800: 770.399: Total time for which application threads were stopped: 0.0046700 seconds, Stopping threads took: 0.0000219 seconds
2017-07-03T15:54:50.290+0800: 770.641: Total time for which application threads were stopped: 0.0000915 seconds, Stopping threads took: 0.0000197 seconds
2017-07-03T15:54:53.318+0800: 773.662: Total time for which application threads were stopped: 0.0001400 seconds, Stopping threads took: 0.0000310 seconds
2017-07-03T15:54:53.693+0800: 774.040: Total time for which application threads were stopped: 0.0002075 seconds, Stopping threads took: 0.0000339 seconds
{Heap before GC invocations=117 (full 1):
 par new generation   total 109248K, used 89168K [0x00000000e0000000, 0x00000000e8000000, 0x00000000e8000000)
  eden space 87424K,  99% used [0x00000000e0000000, 0x00000000e555f8f8, 0x00000000e5560000)
  from space 21824K,   8% used [0x00000000e6ab0000, 0x00000000e6c647c0, 0x00000000e8000000)
  to   space 21824K,   0% used [0x00000000e5560000, 0x00000000e5560000, 0x00000000e6ab0000)
 concurrent mark-sweep generation total 393216K, used 53728K [0x00000000e8000000, 0x0000000100000000, 0x0000000100000000)
 Metaspace       used 33584K, capacity 33996K, committed 34376K, reserved 1079296K
  class space    used 3678K, capacity 3792K, committed 3912K, reserved 1048576K
2017-07-03T15:54:53.864+0800: 774.219: [GC (Allocation Failure) 2017-07-03T15:54:53.864+0800: 774.219: [ParNew
Desired survivor size 20112992 bytes, new threshold 8 (max 8)
- age   1:    1287792 bytes,    1287792 total
- age   2:     164056 bytes,    1451848 total
- age   3:       7680 bytes,    1459528 total
- age   4:       2016 bytes,    1461544 total
- age   5:       2480 bytes,    1464024 total
- age   6:       3528 bytes,    1467552 total
- age   7:       1872 bytes,    1469424 total
- age   8:      11888 bytes,    1481312 total
: 89168K->1856K(109248K), 0.0049927 secs] 142896K->55587K(502464K), 0.0051043 secs] [Times: user=0.00 sys=0.00, real=0.02 secs] 
Heap after GC invocations=118 (full 1):
 par new generation   total 109248K, used 1856K [0x00000000e0000000, 0x00000000e8000000, 0x00000000e8000000)
  eden space 87424K,   0% used [0x00000000e0000000, 0x00000000e0000000, 0x00000000e5560000)
  from space 21824K,   8% used [0x00000000e5560000, 0x00000000e5730038, 0x00000000e6ab0000)
  to   space 21824K,   0% used [0x00000000e6ab0000, 0x00000000e6ab0000, 0x00000000e8000000)
 concurrent mark-sweep generation total 393216K, used 53731K [0x00000000e8000000, 0x0000000100000000, 0x0000000100000000)
 Metaspace       used 33584K, capacity 33996K, committed 34376K, reserved 1079296K
  class space    used 3678K, capacity 3792K, committed 3912K, reserved 1048576K
}
2017-07-03T15:54:53.880+0800: 774.225: Total time for which application threads were stopped: 0.0053322 seconds, Stopping threads took: 0.0000182 seconds
2017-07-03T15:54:54.126+0800: 774.481: Total time for which application threads were stopped: 0.0002006 seconds, Stopping threads took: 0.0000463 seconds
2017-07-03T15:54:56.136+0800: 776.480: Total time for which application threads were stopped: 0.0002031 seconds, Stopping threads took: 0.0000733 seconds
2017-07-03T15:54:56.698+0800: 777.043: Total time for which application threads were stopped: 0.0000955 seconds, Stopping threads took: 0.0000204 seconds
2017-07-03T15:54:57.566+0800: 777.912: Total time for which application threads were stopped: 0.0001430 seconds, Stopping threads took: 0.0000150 seconds
2017-07-03T15:54:57.566+0800: 777.913: Total time for which application threads were stopped: 0.0002133 seconds, Stopping threads took: 0.0000164 seconds
2017-07-03T15:54:58.036+0800: 778.381: Total time for which application threads were stopped: 0.0000948 seconds, Stopping threads took: 0.0000335 seconds
2017-07-03T15:55:00.036+0800: 780.381: Total time for which application threads were stopped: 0.0001849 seconds, Stopping threads took: 0.0000416 seconds
2017-07-03T15:55:01.126+0800: 781.473: Total time for which application threads were stopped: 0.0001269 seconds, Stopping threads took: 0.0000248 seconds
{Heap before GC invocations=118 (full 1):
 par new generation   total 109248K, used 89257K [0x00000000e0000000, 0x00000000e8000000, 0x00000000e8000000)
  eden space 87424K,  99% used [0x00000000e0000000, 0x00000000e555a770, 0x00000000e5560000)
  from space 21824K,   8% used [0x00000000e5560000, 0x00000000e5730038, 0x00000000e6ab0000)
  to   space 21824K,   0% used [0x00000000e6ab0000, 0x00000000e6ab0000, 0x00000000e8000000)
 concurrent mark-sweep generation total 393216K, used 53731K [0x00000000e8000000, 0x0000000100000000, 0x0000000100000000)
 Metaspace       used 33584K, capacity 33996K, committed 34376K, reserved 1079296K
  class space    used 3678K, capacity 3792K, committed 3912K, reserved 1048576K
2017-07-03T15:55:01.220+0800: 781.579: [GC (Allocation Failure) 2017-07-03T15:55:01.220+0800: 781.579: [ParNew
Desired survivor size 20112992 bytes, new threshold 8 (max 8)
- age   1:    1557088 bytes,    1557088 total
- age   2:      28032 bytes,    1585120 total
- age   3:       4792 bytes,    1589912 total
- age   4:       6456 bytes,    1596368 total
- age   5:       1872 bytes,    1598240 total
- age   6:       2360 bytes,    1600600 total
- age   7:       3528 bytes,    1604128 total
- age   8:       1872 bytes,    1606000 total
: 89257K->1796K(109248K), 0.0069984 secs] 142989K->55539K(502464K), 0.0070528 secs] [Times: user=0.06 sys=0.00, real=0.02 secs] 
Heap after GC invocations=119 (full 1):
 par new generation   total 109248K, used 1796K [0x00000000e0000000, 0x00000000e8000000, 0x00000000e8000000)
  eden space 87424K,   0% used [0x00000000e0000000, 0x00000000e0000000, 0x00000000e5560000)
  from space 21824K,   8% used [0x00000000e6ab0000, 0x00000000e6c71010, 0x00000000e8000000)
  to   space 21824K,   0% used [0x00000000e5560000, 0x00000000e5560000, 0x00000000e6ab0000)
 concurrent mark-sweep generation total 393216K, used 53743K [0x00000000e8000000, 0x0000000100000000, 0x0000000100000000)
 Metaspace       used 33584K, capacity 33996K, committed 34376K, reserved 1079296K
  class space    used 3678K, capacity 3792K, committed 3912K, reserved 1048576K
}
2017-07-03T15:55:01.236+0800: 781.586: Total time for which application threads were stopped: 0.0072785 seconds, Stopping threads took: 0.0000325 seconds
2017-07-03T15:55:01.517+0800: 781.875: Total time for which application threads were stopped: 0.0001098 seconds, Stopping threads took: 0.0000325 seconds
2017-07-03T15:55:05.119+0800: 785.468: Total time for which application threads were stopped: 0.0001492 seconds, Stopping threads took: 0.0000284 seconds
{Heap before GC invocations=119 (full 1):
 par new generation   total 109248K, used 89199K [0x00000000e0000000, 0x00000000e8000000, 0x00000000e8000000)
  eden space 87424K,  99% used [0x00000000e0000000, 0x00000000e555adf8, 0x00000000e5560000)
  from space 21824K,   8% used [0x00000000e6ab0000, 0x00000000e6c71010, 0x00000000e8000000)
  to   space 21824K,   0% used [0x00000000e5560000, 0x00000000e5560000, 0x00000000e6ab0000)
 concurrent mark-sweep generation total 393216K, used 53743K [0x00000000e8000000, 0x0000000100000000, 0x0000000100000000)
 Metaspace       used 33584K, capacity 33996K, committed 34376K, reserved 1079296K
  class space    used 3678K, capacity 3792K, committed 3912K, reserved 1048576K
2017-07-03T15:55:05.213+0800: 785.572: [GC (Allocation Failure) 2017-07-03T15:55:05.213+0800: 785.572: [ParNew
Desired survivor size 20112992 bytes, new threshold 8 (max 8)
- age   1:    1220024 bytes,    1220024 total
- age   2:     167128 bytes,    1387152 total
- age   3:       2792 bytes,    1389944 total
- age   4:       2856 bytes,    1392800 total
- age   5:       6384 bytes,    1399184 total
- age   6:       1872 bytes,    1401056 total
- age   7:       2360 bytes,    1403416 total
- age   8:       3528 bytes,    1406944 total
: 89199K->2064K(109248K), 0.0064624 secs] 142942K->55809K(502464K), 0.0065123 secs] [Times: user=0.06 sys=0.00, real=0.02 secs] 
Heap after GC invocations=120 (full 1):
 par new generation   total 109248K, used 2064K [0x00000000e0000000, 0x00000000e8000000, 0x00000000e8000000)
  eden space 87424K,   0% used [0x00000000e0000000, 0x00000000e0000000, 0x00000000e5560000)
  from space 21824K,   9% used [0x00000000e5560000, 0x00000000e5764370, 0x00000000e6ab0000)
  to   space 21824K,   0% used [0x00000000e6ab0000, 0x00000000e6ab0000, 0x00000000e8000000)
 concurrent mark-sweep generation total 393216K, used 53744K [0x00000000e8000000, 0x0000000100000000, 0x0000000100000000)
 Metaspace       used 33584K, capacity 33996K, committed 34376K, reserved 1079296K
  class space    used 3678K, capacity 3792K, committed 3912K, reserved 1048576K
}
2017-07-03T15:55:05.229+0800: 785.578: Total time for which application threads were stopped: 0.0066947 seconds, Stopping threads took: 0.0000204 seconds
2017-07-03T15:55:06.058+0800: 786.403: Total time for which application threads were stopped: 0.0000915 seconds, Stopping threads took: 0.0000201 seconds
2017-07-03T15:55:09.108+0800: 789.459: Total time for which application threads were stopped: 0.0001787 seconds, Stopping threads took: 0.0000401 seconds
{Heap before GC invocations=120 (full 1):
 par new generation   total 109248K, used 89468K [0x00000000e0000000, 0x00000000e8000000, 0x00000000e8000000)
  eden space 87424K,  99% used [0x00000000e0000000, 0x00000000e555ad08, 0x00000000e5560000)
  from space 21824K,   9% used [0x00000000e5560000, 0x00000000e5764370, 0x00000000e6ab0000)
  to   space 21824K,   0% used [0x00000000e6ab0000, 0x00000000e6ab0000, 0x00000000e8000000)
 concurrent mark-sweep generation total 393216K, used 53744K [0x00000000e8000000, 0x0000000100000000, 0x0000000100000000)
 Metaspace       used 33584K, capacity 33996K, committed 34376K, reserved 1079296K
  class space    used 3678K, capacity 3792K, committed 3912K, reserved 1048576K
2017-07-03T15:55:09.248+0800: 789.603: [GC (Allocation Failure) 2017-07-03T15:55:09.248+0800: 789.603: [ParNew
Desired survivor size 20112992 bytes, new threshold 8 (max 8)
- age   1:    1208184 bytes,    1208184 total
- age   2:     161760 bytes,    1369944 total
- age   3:       7792 bytes,    1377736 total
- age   4:       2144 bytes,    1379880 total
- age   5:       2856 bytes,    1382736 total
- age   6:       6384 bytes,    1389120 total
- age   7:       1872 bytes,    1390992 total
- age   8:       2360 bytes,    1393352 total
: 89468K->1596K(109248K), 0.0052243 secs] 143212K->55344K(502464K), 0.0052790 secs] [Times: user=0.02 sys=0.00, real=0.02 secs] 
Heap after GC invocations=121 (full 1):
 par new generation   total 109248K, used 1596K [0x00000000e0000000, 0x00000000e8000000, 0x00000000e8000000)
  eden space 87424K,   0% used [0x00000000e0000000, 0x00000000e0000000, 0x00000000e5560000)
  from space 21824K,   7% used [0x00000000e6ab0000, 0x00000000e6c3f020, 0x00000000e8000000)
  to   space 21824K,   0% used [0x00000000e5560000, 0x00000000e5560000, 0x00000000e6ab0000)
 concurrent mark-sweep generation total 393216K, used 53748K [0x00000000e8000000, 0x0000000100000000, 0x0000000100000000)
 Metaspace       used 33584K, capacity 33996K, committed 34376K, reserved 1079296K
  class space    used 3678K, capacity 3792K, committed 3912K, reserved 1048576K
}
2017-07-03T15:55:09.264+0800: 789.608: Total time for which application threads were stopped: 0.0054661 seconds, Stopping threads took: 0.0000193 seconds
2017-07-03T15:55:09.858+0800: 790.215: Total time for which application threads were stopped: 0.0001933 seconds, Stopping threads took: 0.0000394 seconds
2017-07-03T15:55:11.874+0800: 792.219: Total time for which application threads were stopped: 0.0002232 seconds, Stopping threads took: 0.0000609 seconds
2017-07-03T15:55:12.805+0800: 793.153: Total time for which application threads were stopped: 0.0001579 seconds, Stopping threads took: 0.0000201 seconds
2017-07-03T15:55:13.235+0800: 793.591: Total time for which application threads were stopped: 0.0001047 seconds, Stopping threads took: 0.0000346 seconds
2017-07-03T15:55:14.214+0800: 794.559: Total time for which application threads were stopped: 0.0000799 seconds, Stopping threads took: 0.0000171 seconds
2017-07-03T15:55:16.033+0800: 796.377: Total time for which application threads were stopped: 0.0002637 seconds, Stopping threads took: 0.0000478 seconds
{Heap before GC invocations=121 (full 1):
 par new generation   total 109248K, used 89020K [0x00000000e0000000, 0x00000000e8000000, 0x00000000e8000000)
  eden space 87424K, 100% used [0x00000000e0000000, 0x00000000e5560000, 0x00000000e5560000)
  from space 21824K,   7% used [0x00000000e6ab0000, 0x00000000e6c3f020, 0x00000000e8000000)
  to   space 21824K,   0% used [0x00000000e5560000, 0x00000000e5560000, 0x00000000e6ab0000)
 concurrent mark-sweep generation total 393216K, used 53748K [0x00000000e8000000, 0x0000000100000000, 0x0000000100000000)
 Metaspace       used 33585K, capacity 33996K, committed 34376K, reserved 1079296K
  class space    used 3678K, capacity 3792K, committed 3912K, reserved 1048576K
2017-07-03T15:55:16.081+0800: 796.432: [GC (Allocation Failure) 2017-07-03T15:55:16.081+0800: 796.432: [ParNew
Desired survivor size 20112992 bytes, new threshold 8 (max 8)
- age   1:    1247488 bytes,    1247488 total
- age   2:       3464 bytes,    1250952 total
- age   3:       2496 bytes,    1253448 total
- age   4:       5352 bytes,    1258800 total
- age   5:       2144 bytes,    1260944 total
- age   6:       2856 bytes,    1263800 total
- age   7:       6384 bytes,    1270184 total
- age   8:       1872 bytes,    1272056 total
: 89020K->1751K(109248K), 0.0060277 secs] 142768K->55502K(502464K), 0.0061068 secs] [Times: user=0.00 sys=0.00, real=0.00 secs] 
Heap after GC invocations=122 (full 1):
 par new generation   total 109248K, used 1751K [0x00000000e0000000, 0x00000000e8000000, 0x00000000e8000000)
  eden space 87424K,   0% used [0x00000000e0000000, 0x00000000e0000000, 0x00000000e5560000)
  from space 21824K,   8% used [0x00000000e5560000, 0x00000000e5715e58, 0x00000000e6ab0000)
  to   space 21824K,   0% used [0x00000000e6ab0000, 0x00000000e6ab0000, 0x00000000e8000000)
 concurrent mark-sweep generation total 393216K, used 53750K [0x00000000e8000000, 0x0000000100000000, 0x0000000100000000)
 Metaspace       used 33585K, capacity 33996K, committed 34376K, reserved 1079296K
  class space    used 3678K, capacity 3792K, committed 3912K, reserved 1048576K
}
2017-07-03T15:55:16.081+0800: 796.438: Total time for which application threads were stopped: 0.0064011 seconds, Stopping threads took: 0.0000478 seconds
2017-07-03T15:55:16.769+0800: 797.124: Total time for which application threads were stopped: 0.0001812 seconds, Stopping threads took: 0.0000379 seconds
2017-07-03T15:55:19.577+0800: 799.924: Total time for which application threads were stopped: 0.0001302 seconds, Stopping threads took: 0.0000277 seconds
{Heap before GC invocations=122 (full 1):
 par new generation   total 109248K, used 89175K [0x00000000e0000000, 0x00000000e8000000, 0x00000000e8000000)
  eden space 87424K, 100% used [0x00000000e0000000, 0x00000000e5560000, 0x00000000e5560000)
  from space 21824K,   8% used [0x00000000e5560000, 0x00000000e5715e58, 0x00000000e6ab0000)
  to   space 21824K,   0% used [0x00000000e6ab0000, 0x00000000e6ab0000, 0x00000000e8000000)
 concurrent mark-sweep generation total 393216K, used 53750K [0x00000000e8000000, 0x0000000100000000, 0x0000000100000000)
 Metaspace       used 33585K, capacity 33996K, committed 34376K, reserved 1079296K
  class space    used 3678K, capacity 3792K, committed 3912K, reserved 1048576K
2017-07-03T15:55:19.733+0800: 800.083: [GC (Allocation Failure) 2017-07-03T15:55:19.733+0800: 800.083: [ParNew
Desired survivor size 20112992 bytes, new threshold 8 (max 8)
- age   1:    1177992 bytes,    1177992 total
- age   2:     165704 bytes,    1343696 total
- age   3:       2496 bytes,    1346192 total
- age   4:       1992 bytes,    1348184 total
- age   5:       5280 bytes,    1353464 total
- age   6:       2144 bytes,    1355608 total
- age   7:       2856 bytes,    1358464 total
- age   8:       6384 bytes,    1364848 total
: 89175K->1538K(109248K), 0.0050190 secs] 142926K->55290K(502464K), 0.0050799 secs] [Times: user=0.00 sys=0.00, real=0.00 secs] 
Heap after GC invocations=123 (full 1):
 par new generation   total 109248K, used 1538K [0x00000000e0000000, 0x00000000e8000000, 0x00000000e8000000)
  eden space 87424K,   0% used [0x00000000e0000000, 0x00000000e0000000, 0x00000000e5560000)
  from space 21824K,   7% used [0x00000000e6ab0000, 0x00000000e6c30810, 0x00000000e8000000)
  to   space 21824K,   0% used [0x00000000e5560000, 0x00000000e5560000, 0x00000000e6ab0000)
 concurrent mark-sweep generation total 393216K, used 53752K [0x00000000e8000000, 0x0000000100000000, 0x0000000100000000)
 Metaspace       used 33585K, capacity 33996K, committed 34376K, reserved 1079296K
  class space    used 3678K, capacity 3792K, committed 3912K, reserved 1048576K
}
2017-07-03T15:55:19.733+0800: 800.089: Total time for which application threads were stopped: 0.0052553 seconds, Stopping threads took: 0.0000321 seconds
2017-07-03T15:55:20.014+0800: 800.360: Total time for which application threads were stopped: 0.0001783 seconds, Stopping threads took: 0.0000182 seconds
2017-07-03T15:55:22.871+0800: 803.219: Total time for which application threads were stopped: 0.0001499 seconds, Stopping threads took: 0.0000252 seconds
2017-07-03T15:55:23.801+0800: 804.149: Total time for which application threads were stopped: 0.0000893 seconds, Stopping threads took: 0.0000197 seconds
{Heap before GC invocations=123 (full 1):
 par new generation   total 109248K, used 88934K [0x00000000e0000000, 0x00000000e8000000, 0x00000000e8000000)
  eden space 87424K,  99% used [0x00000000e0000000, 0x00000000e55593a0, 0x00000000e5560000)
  from space 21824K,   7% used [0x00000000e6ab0000, 0x00000000e6c30810, 0x00000000e8000000)
  to   space 21824K,   0% used [0x00000000e5560000, 0x00000000e5560000, 0x00000000e6ab0000)
 concurrent mark-sweep generation total 393216K, used 53752K [0x00000000e8000000, 0x0000000100000000, 0x0000000100000000)
 Metaspace       used 33585K, capacity 33996K, committed 34376K, reserved 1079296K
  class space    used 3678K, capacity 3792K, committed 3912K, reserved 1048576K
2017-07-03T15:55:23.817+0800: 804.162: [GC (Allocation Failure) 2017-07-03T15:55:23.817+0800: 804.162: [ParNew
Desired survivor size 20112992 bytes, new threshold 8 (max 8)
- age   1:     970008 bytes,     970008 total
- age   2:      94856 bytes,    1064864 total
- age   3:       6440 bytes,    1071304 total
- age   4:       1920 bytes,    1073224 total
- age   5:       1848 bytes,    1075072 total
- age   6:       5280 bytes,    1080352 total
- age   7:       2144 bytes,    1082496 total
- age   8:       1992 bytes,    1084488 total
: 88934K->1537K(109248K), 0.0054526 secs] 142687K->55296K(502464K), 0.0055270 secs] [Times: user=0.00 sys=0.00, real=0.00 secs] 
Heap after GC invocations=124 (full 1):
 par new generation   total 109248K, used 1537K [0x00000000e0000000, 0x00000000e8000000, 0x00000000e8000000)
  eden space 87424K,   0% used [0x00000000e0000000, 0x00000000e0000000, 0x00000000e5560000)
  from space 21824K,   7% used [0x00000000e5560000, 0x00000000e56e0640, 0x00000000e6ab0000)
  to   space 21824K,   0% used [0x00000000e6ab0000, 0x00000000e6ab0000, 0x00000000e8000000)
 concurrent mark-sweep generation total 393216K, used 53758K [0x00000000e8000000, 0x0000000100000000, 0x0000000100000000)
 Metaspace       used 33585K, capacity 33996K, committed 34376K, reserved 1079296K
  class space    used 3678K, capacity 3792K, committed 3912K, reserved 1048576K
}
2017-07-03T15:55:23.817+0800: 804.168: Total time for which application threads were stopped: 0.0057148 seconds, Stopping threads took: 0.0000244 seconds
2017-07-03T15:55:25.306+0800: 805.651: Total time for which application threads were stopped: 0.0000879 seconds, Stopping threads took: 0.0000190 seconds
2017-07-03T15:55:27.056+0800: 807.406: Total time for which application threads were stopped: 0.0002254 seconds, Stopping threads took: 0.0000419 seconds
2017-07-03T15:55:27.525+0800: 807.877: Total time for which application threads were stopped: 0.0000872 seconds, Stopping threads took: 0.0000193 seconds
2017-07-03T15:55:30.937+0800: 811.285: Total time for which application threads were stopped: 0.0002469 seconds, Stopping threads took: 0.0000430 seconds
{Heap before GC invocations=124 (full 1):
 par new generation   total 109248K, used 88937K [0x00000000e0000000, 0x00000000e8000000, 0x00000000e8000000)
  eden space 87424K,  99% used [0x00000000e0000000, 0x00000000e5559fc0, 0x00000000e5560000)
  from space 21824K,   7% used [0x00000000e5560000, 0x00000000e56e0640, 0x00000000e6ab0000)
  to   space 21824K,   0% used [0x00000000e6ab0000, 0x00000000e6ab0000, 0x00000000e8000000)
 concurrent mark-sweep generation total 393216K, used 53758K [0x00000000e8000000, 0x0000000100000000, 0x0000000100000000)
 Metaspace       used 33585K, capacity 33996K, committed 34376K, reserved 1079296K
  class space    used 3678K, capacity 3792K, committed 3912K, reserved 1048576K
2017-07-03T15:55:31.038+0800: 811.383: [GC (Allocation Failure) 2017-07-03T15:55:31.038+0800: 811.383: [ParNew
Desired survivor size 20112992 bytes, new threshold 8 (max 8)
- age   1:    1452648 bytes,    1452648 total
- age   2:       4224 bytes,    1456872 total
- age   3:       2616 bytes,    1459488 total
- age   4:       3856 bytes,    1463344 total
- age   5:       1848 bytes,    1465192 total
- age   6:       1848 bytes,    1467040 total
- age   7:       5160 bytes,    1472200 total
- age   8:       2144 bytes,    1474344 total
: 88937K->1568K(109248K), 0.0056119 secs] 142696K->55328K(502464K), 0.0056634 secs] [Times: user=0.00 sys=0.00, real=0.00 secs] 
Heap after GC invocations=125 (full 1):
 par new generation   total 109248K, used 1568K [0x00000000e0000000, 0x00000000e8000000, 0x00000000e8000000)
  eden space 87424K,   0% used [0x00000000e0000000, 0x00000000e0000000, 0x00000000e5560000)
  from space 21824K,   7% used [0x00000000e6ab0000, 0x00000000e6c380a0, 0x00000000e8000000)
  to   space 21824K,   0% used [0x00000000e5560000, 0x00000000e5560000, 0x00000000e6ab0000)
 concurrent mark-sweep generation total 393216K, used 53760K [0x00000000e8000000, 0x0000000100000000, 0x0000000100000000)
 Metaspace       used 33585K, capacity 33996K, committed 34376K, reserved 1079296K
  class space    used 3678K, capacity 3792K, committed 3912K, reserved 1048576K
}
2017-07-03T15:55:31.039+0800: 811.388: Total time for which application threads were stopped: 0.0058413 seconds, Stopping threads took: 0.0000226 seconds
2017-07-03T15:55:31.601+0800: 811.952: Total time for which application threads were stopped: 0.0001615 seconds, Stopping threads took: 0.0000317 seconds
2017-07-03T15:55:34.523+0800: 814.870: Total time for which application threads were stopped: 0.0001313 seconds, Stopping threads took: 0.0000281 seconds
{Heap before GC invocations=125 (full 1):
 par new generation   total 109248K, used 88992K [0x00000000e0000000, 0x00000000e8000000, 0x00000000e8000000)
  eden space 87424K, 100% used [0x00000000e0000000, 0x00000000e5560000, 0x00000000e5560000)
  from space 21824K,   7% used [0x00000000e6ab0000, 0x00000000e6c380a0, 0x00000000e8000000)
  to   space 21824K,   0% used [0x00000000e5560000, 0x00000000e5560000, 0x00000000e6ab0000)
 concurrent mark-sweep generation total 393216K, used 53760K [0x00000000e8000000, 0x0000000100000000, 0x0000000100000000)
 Metaspace       used 33585K, capacity 33996K, committed 34376K, reserved 1079296K
  class space    used 3678K, capacity 3792K, committed 3912K, reserved 1048576K
2017-07-03T15:55:34.757+0800: 815.116: [GC (Allocation Failure) 2017-07-03T15:55:34.757+0800: 815.116: [ParNew
Desired survivor size 20112992 bytes, new threshold 8 (max 8)
- age   1:    1536424 bytes,    1536424 total
- age   2:     166336 bytes,    1702760 total
- age   3:       3456 bytes,    1706216 total
- age   4:       1968 bytes,    1708184 total
- age   5:       3856 bytes,    1712040 total
- age   6:       1848 bytes,    1713888 total
- age   7:       1848 bytes,    1715736 total
- age   8:       5160 bytes,    1720896 total
: 88992K->2292K(109248K), 0.0061126 secs] 142752K->56055K(502464K), 0.0061622 secs] [Times: user=0.06 sys=0.00, real=0.02 secs] 
Heap after GC invocations=126 (full 1):
 par new generation   total 109248K, used 2292K [0x00000000e0000000, 0x00000000e8000000, 0x00000000e8000000)
  eden space 87424K,   0% used [0x00000000e0000000, 0x00000000e0000000, 0x00000000e5560000)
  from space 21824K,  10% used [0x00000000e5560000, 0x00000000e579d300, 0x00000000e6ab0000)
  to   space 21824K,   0% used [0x00000000e6ab0000, 0x00000000e6ab0000, 0x00000000e8000000)
 concurrent mark-sweep generation total 393216K, used 53762K [0x00000000e8000000, 0x0000000100000000, 0x0000000100000000)
 Metaspace       used 33585K, capacity 33996K, committed 34376K, reserved 1079296K
  class space    used 3678K, capacity 3792K, committed 3912K, reserved 1048576K
}
2017-07-03T15:55:34.773+0800: 815.123: Total time for which application threads were stopped: 0.0063274 seconds, Stopping threads took: 0.0000197 seconds
2017-07-03T15:55:34.914+0800: 815.272: Total time for which application threads were stopped: 0.0000766 seconds, Stopping threads took: 0.0000175 seconds
2017-07-03T15:55:38.153+0800: 818.502: Total time for which application threads were stopped: 0.0001863 seconds, Stopping threads took: 0.0000383 seconds
{Heap before GC invocations=126 (full 1):
 par new generation   total 109248K, used 89716K [0x00000000e0000000, 0x00000000e8000000, 0x00000000e8000000)
  eden space 87424K, 100% used [0x00000000e0000000, 0x00000000e5560000, 0x00000000e5560000)
  from space 21824K,  10% used [0x00000000e5560000, 0x00000000e579d300, 0x00000000e6ab0000)
  to   space 21824K,   0% used [0x00000000e6ab0000, 0x00000000e6ab0000, 0x00000000e8000000)
 concurrent mark-sweep generation total 393216K, used 53762K [0x00000000e8000000, 0x0000000100000000, 0x0000000100000000)
 Metaspace       used 33585K, capacity 33996K, committed 34376K, reserved 1079296K
  class space    used 3678K, capacity 3792K, committed 3912K, reserved 1048576K
2017-07-03T15:55:38.356+0800: 818.711: [GC (Allocation Failure) 2017-07-03T15:55:38.356+0800: 818.711: [ParNew
Desired survivor size 20112992 bytes, new threshold 8 (max 8)
- age   1:    1230120 bytes,    1230120 total
- age   2:     161832 bytes,    1391952 total
- age   3:       7072 bytes,    1399024 total
- age   4:       2808 bytes,    1401832 total
- age   5:       1968 bytes,    1403800 total
- age   6:       3856 bytes,    1407656 total
- age   7:       1848 bytes,    1409504 total
- age   8:       1848 bytes,    1411352 total
: 89716K->1696K(109248K), 0.0052221 secs] 143479K->55464K(502464K), 0.0052739 secs] [Times: user=0.00 sys=0.00, real=0.02 secs] 
Heap after GC invocations=127 (full 1):
 par new generation   total 109248K, used 1696K [0x00000000e0000000, 0x00000000e8000000, 0x00000000e8000000)
  eden space 87424K,   0% used [0x00000000e0000000, 0x00000000e0000000, 0x00000000e5560000)
  from space 21824K,   7% used [0x00000000e6ab0000, 0x00000000e6c58210, 0x00000000e8000000)
  to   space 21824K,   0% used [0x00000000e5560000, 0x00000000e5560000, 0x00000000e6ab0000)
 concurrent mark-sweep generation total 393216K, used 53767K [0x00000000e8000000, 0x0000000100000000, 0x0000000100000000)
 Metaspace       used 33585K, capacity 33996K, committed 34376K, reserved 1079296K
  class space    used 3678K, capacity 3792K, committed 3912K, reserved 1048576K
}
2017-07-03T15:55:38.371+0800: 818.716: Total time for which application threads were stopped: 0.0054464 seconds, Stopping threads took: 0.0000190 seconds
2017-07-03T15:55:38.637+0800: 818.985: Total time for which application threads were stopped: 0.0001809 seconds, Stopping threads took: 0.0000383 seconds
2017-07-03T15:55:41.791+0800: 822.143: Total time for which application threads were stopped: 0.0003340 seconds, Stopping threads took: 0.0000536 seconds
2017-07-03T15:55:42.182+0800: 822.533: Total time for which application threads were stopped: 0.0000897 seconds, Stopping threads took: 0.0000321 seconds
2017-07-03T15:55:45.295+0800: 825.642: Total time for which application threads were stopped: 0.0001834 seconds, Stopping threads took: 0.0000255 seconds
{Heap before GC invocations=127 (full 1):
 par new generation   total 109248K, used 89120K [0x00000000e0000000, 0x00000000e8000000, 0x00000000e8000000)
  eden space 87424K, 100% used [0x00000000e0000000, 0x00000000e5560000, 0x00000000e5560000)
  from space 21824K,   7% used [0x00000000e6ab0000, 0x00000000e6c58210, 0x00000000e8000000)
  to   space 21824K,   0% used [0x00000000e5560000, 0x00000000e5560000, 0x00000000e6ab0000)
 concurrent mark-sweep generation total 393216K, used 53767K [0x00000000e8000000, 0x0000000100000000, 0x0000000100000000)
 Metaspace       used 33585K, capacity 33996K, committed 34376K, reserved 1079296K
  class space    used 3678K, capacity 3792K, committed 3912K, reserved 1048576K
2017-07-03T15:55:45.435+0800: 825.791: [GC (Allocation Failure) 2017-07-03T15:55:45.435+0800: 825.791: [ParNew
Desired survivor size 20112992 bytes, new threshold 8 (max 8)
- age   1:    1600024 bytes,    1600024 total
- age   2:       5792 bytes,    1605816 total
- age   3:       2568 bytes,    1608384 total
- age   4:       4632 bytes,    1613016 total
- age   5:       2808 bytes,    1615824 total
- age   6:       1968 bytes,    1617792 total
- age   7:       3856 bytes,    1621648 total
- age   8:       1848 bytes,    1623496 total
: 89120K->1945K(109248K), 0.0053913 secs] 142888K->55714K(502464K), 0.0054395 secs] [Times: user=0.00 sys=0.00, real=0.02 secs] 
Heap after GC invocations=128 (full 1):
 par new generation   total 109248K, used 1945K [0x00000000e0000000, 0x00000000e8000000, 0x00000000e8000000)
  eden space 87424K,   0% used [0x00000000e0000000, 0x00000000e0000000, 0x00000000e5560000)
  from space 21824K,   8% used [0x00000000e5560000, 0x00000000e5746550, 0x00000000e6ab0000)
  to   space 21824K,   0% used [0x00000000e6ab0000, 0x00000000e6ab0000, 0x00000000e8000000)
 concurrent mark-sweep generation total 393216K, used 53769K [0x00000000e8000000, 0x0000000100000000, 0x0000000100000000)
 Metaspace       used 33585K, capacity 33996K, committed 34376K, reserved 1079296K
  class space    used 3678K, capacity 3792K, committed 3912K, reserved 1048576K
}
2017-07-03T15:55:45.451+0800: 825.796: Total time for which application threads were stopped: 0.0056068 seconds, Stopping threads took: 0.0000190 seconds
2017-07-03T15:55:45.857+0800: 826.202: Total time for which application threads were stopped: 0.0002090 seconds, Stopping threads took: 0.0000387 seconds
2017-07-03T15:55:48.917+0800: 829.265: Total time for which application threads were stopped: 0.0001696 seconds, Stopping threads took: 0.0000212 seconds
{Heap before GC invocations=128 (full 1):
 par new generation   total 109248K, used 89344K [0x00000000e0000000, 0x00000000e8000000, 0x00000000e8000000)
  eden space 87424K,  99% used [0x00000000e0000000, 0x00000000e5559e30, 0x00000000e5560000)
  from space 21824K,   8% used [0x00000000e5560000, 0x00000000e5746550, 0x00000000e6ab0000)
  to   space 21824K,   0% used [0x00000000e6ab0000, 0x00000000e6ab0000, 0x00000000e8000000)
 concurrent mark-sweep generation total 393216K, used 53769K [0x00000000e8000000, 0x0000000100000000, 0x0000000100000000)
 Metaspace       used 33585K, capacity 33996K, committed 34376K, reserved 1079296K
  class space    used 3678K, capacity 3792K, committed 3912K, reserved 1048576K
2017-07-03T15:55:49.066+0800: 829.424: [GC (Allocation Failure) 2017-07-03T15:55:49.066+0800: 829.424: [ParNew
Desired survivor size 20112992 bytes, new threshold 8 (max 8)
- age   1:    1237336 bytes,    1237336 total
- age   2:     165936 bytes,    1403272 total
- age   3:       4824 bytes,    1408096 total
- age   4:       2064 bytes,    1410160 total
- age   5:       4488 bytes,    1414648 total
- age   6:       2808 bytes,    1417456 total
- age   7:       1968 bytes,    1419424 total
- age   8:       3856 bytes,    1423280 total
: 89344K->1711K(109248K), 0.0069215 secs] 143114K->55483K(502464K), 0.0069879 secs] [Times: user=0.06 sys=0.00, real=0.02 secs] 
Heap after GC invocations=129 (full 1):
 par new generation   total 109248K, used 1711K [0x00000000e0000000, 0x00000000e8000000, 0x00000000e8000000)
  eden space 87424K,   0% used [0x00000000e0000000, 0x00000000e0000000, 0x00000000e5560000)
  from space 21824K,   7% used [0x00000000e6ab0000, 0x00000000e6c5bf50, 0x00000000e8000000)
  to   space 21824K,   0% used [0x00000000e5560000, 0x00000000e5560000, 0x00000000e6ab0000)
 concurrent mark-sweep generation total 393216K, used 53771K [0x00000000e8000000, 0x0000000100000000, 0x0000000100000000)
 Metaspace       used 33585K, capacity 33996K, committed 34376K, reserved 1079296K
  class space    used 3678K, capacity 3792K, committed 3912K, reserved 1048576K
}
2017-07-03T15:55:49.082+0800: 829.431: Total time for which application threads were stopped: 0.0071972 seconds, Stopping threads took: 0.0000368 seconds
2017-07-03T15:55:49.488+0800: 829.846: Total time for which application threads were stopped: 0.0000955 seconds, Stopping threads took: 0.0000339 seconds
2017-07-03T15:55:52.561+0800: 832.909: Total time for which application threads were stopped: 0.0002064 seconds, Stopping threads took: 0.0000208 seconds
2017-07-03T15:55:52.950+0800: 833.299: Total time for which application threads were stopped: 0.0000784 seconds, Stopping threads took: 0.0000164 seconds
{Heap before GC invocations=129 (full 1):
 par new generation   total 109248K, used 89135K [0x00000000e0000000, 0x00000000e8000000, 0x00000000e8000000)
  eden space 87424K, 100% used [0x00000000e0000000, 0x00000000e5560000, 0x00000000e5560000)
  from space 21824K,   7% used [0x00000000e6ab0000, 0x00000000e6c5bf50, 0x00000000e8000000)
  to   space 21824K,   0% used [0x00000000e5560000, 0x00000000e5560000, 0x00000000e6ab0000)
 concurrent mark-sweep generation total 393216K, used 53771K [0x00000000e8000000, 0x0000000100000000, 0x0000000100000000)
 Metaspace       used 33585K, capacity 33996K, committed 34376K, reserved 1079296K
  class space    used 3678K, capacity 3792K, committed 3912K, reserved 1048576K
2017-07-03T15:55:54.026+0800: 834.372: [GC (Allocation Failure) 2017-07-03T15:55:54.026+0800: 834.372: [ParNew
Desired survivor size 20112992 bytes, new threshold 8 (max 8)
- age   1:    1016688 bytes,    1016688 total
- age   2:      27856 bytes,    1044544 total
- age   3:       6600 bytes,    1051144 total
- age   4:       4176 bytes,    1055320 total
- age   5:       1920 bytes,    1057240 total
- age   6:       4488 bytes,    1061728 total
- age   7:       1944 bytes,    1063672 total
- age   8:       1968 bytes,    1065640 total
: 89135K->1275K(109248K), 0.0061017 secs] 142907K->55050K(502464K), 0.0061633 secs] [Times: user=0.00 sys=0.00, real=0.00 secs] 
Heap after GC invocations=130 (full 1):
 par new generation   total 109248K, used 1275K [0x00000000e0000000, 0x00000000e8000000, 0x00000000e8000000)
  eden space 87424K,   0% used [0x00000000e0000000, 0x00000000e0000000, 0x00000000e5560000)
  from space 21824K,   5% used [0x00000000e5560000, 0x00000000e569ef40, 0x00000000e6ab0000)
  to   space 21824K,   0% used [0x00000000e6ab0000, 0x00000000e6ab0000, 0x00000000e8000000)
 concurrent mark-sweep generation total 393216K, used 53775K [0x00000000e8000000, 0x0000000100000000, 0x0000000100000000)
 Metaspace       used 33585K, capacity 33996K, committed 34376K, reserved 1079296K
  class space    used 3678K, capacity 3792K, committed 3912K, reserved 1048576K
}
2017-07-03T15:55:54.026+0800: 834.378: Total time for which application threads were stopped: 0.0063384 seconds, Stopping threads took: 0.0000179 seconds
2017-07-03T15:55:56.272+0800: 836.622: Total time for which application threads were stopped: 0.0003213 seconds, Stopping threads took: 0.0000350 seconds
2017-07-03T15:55:56.757+0800: 837.112: Total time for which application threads were stopped: 0.0000952 seconds, Stopping threads took: 0.0000201 seconds
2017-07-03T15:55:59.783+0800: 840.128: Total time for which application threads were stopped: 0.0001842 seconds, Stopping threads took: 0.0000485 seconds
2017-07-03T15:56:00.386+0800: 840.734: Total time for which application threads were stopped: 0.0001845 seconds, Stopping threads took: 0.0000335 seconds
{Heap before GC invocations=130 (full 1):
 par new generation   total 109248K, used 88699K [0x00000000e0000000, 0x00000000e8000000, 0x00000000e8000000)
  eden space 87424K, 100% used [0x00000000e0000000, 0x00000000e5560000, 0x00000000e5560000)
  from space 21824K,   5% used [0x00000000e5560000, 0x00000000e569ef40, 0x00000000e6ab0000)
  to   space 21824K,   0% used [0x00000000e6ab0000, 0x00000000e6ab0000, 0x00000000e8000000)
 concurrent mark-sweep generation total 393216K, used 53775K [0x00000000e8000000, 0x0000000100000000, 0x0000000100000000)
 Metaspace       used 33585K, capacity 33996K, committed 34376K, reserved 1079296K
  class space    used 3678K, capacity 3792K, committed 3912K, reserved 1048576K
2017-07-03T15:56:00.433+0800: 840.789: [GC (Allocation Failure) 2017-07-03T15:56:00.433+0800: 840.789: [ParNew
Desired survivor size 20112992 bytes, new threshold 8 (max 8)
- age   1:    1403520 bytes,    1403520 total
- age   2:       9936 bytes,    1413456 total
- age   3:       2616 bytes,    1416072 total
- age   4:       4088 bytes,    1420160 total
- age   5:       4176 bytes,    1424336 total
- age   6:       1920 bytes,    1426256 total
- age   7:       4488 bytes,    1430744 total
- age   8:       1944 bytes,    1432688 total
: 88699K->1588K(109248K), 0.0057968 secs] 142474K->55365K(502464K), 0.0058453 secs] [Times: user=0.01 sys=0.00, real=0.01 secs] 
Heap after GC invocations=131 (full 1):
 par new generation   total 109248K, used 1588K [0x00000000e0000000, 0x00000000e8000000, 0x00000000e8000000)
  eden space 87424K,   0% used [0x00000000e0000000, 0x00000000e0000000, 0x00000000e5560000)
  from space 21824K,   7% used [0x00000000e6ab0000, 0x00000000e6c3d1a0, 0x00000000e8000000)
  to   space 21824K,   0% used [0x00000000e5560000, 0x00000000e5560000, 0x00000000e6ab0000)
 concurrent mark-sweep generation total 393216K, used 53777K [0x00000000e8000000, 0x0000000100000000, 0x0000000100000000)
 Metaspace       used 33585K, capacity 33996K, committed 34376K, reserved 1079296K
  class space    used 3678K, capacity 3792K, committed 3912K, reserved 1048576K
}
2017-07-03T15:56:00.448+0800: 840.795: Total time for which application threads were stopped: 0.0060200 seconds, Stopping threads took: 0.0000197 seconds
2017-07-03T15:56:00.805+0800: 841.152: Total time for which application threads were stopped: 0.0001010 seconds, Stopping threads took: 0.0000212 seconds
2017-07-03T15:56:04.169+0800: 844.516: Total time for which application threads were stopped: 0.0001236 seconds, Stopping threads took: 0.0000288 seconds
{Heap before GC invocations=131 (full 1):
 par new generation   total 109248K, used 89012K [0x00000000e0000000, 0x00000000e8000000, 0x00000000e8000000)
  eden space 87424K, 100% used [0x00000000e0000000, 0x00000000e5560000, 0x00000000e5560000)
  from space 21824K,   7% used [0x00000000e6ab0000, 0x00000000e6c3d1a0, 0x00000000e8000000)
  to   space 21824K,   0% used [0x00000000e5560000, 0x00000000e5560000, 0x00000000e6ab0000)
 concurrent mark-sweep generation total 393216K, used 53777K [0x00000000e8000000, 0x0000000100000000, 0x0000000100000000)
 Metaspace       used 33585K, capacity 33996K, committed 34376K, reserved 1079296K
  class space    used 3678K, capacity 3792K, committed 3912K, reserved 1048576K
2017-07-03T15:56:04.356+0800: 844.711: [GC (Allocation Failure) 2017-07-03T15:56:04.356+0800: 844.712: [ParNew
Desired survivor size 20112992 bytes, new threshold 8 (max 8)
- age   1:    1541000 bytes,    1541000 total
- age   2:     165792 bytes,    1706792 total
- age   3:       3960 bytes,    1710752 total
- age   4:       1968 bytes,    1712720 total
- age   5:       4088 bytes,    1716808 total
- age   6:       4176 bytes,    1720984 total
- age   7:       1920 bytes,    1722904 total
- age   8:       4368 bytes,    1727272 total
: 89012K->1862K(109248K), 0.0052385 secs] 142789K->55641K(502464K), 0.0053629 secs] [Times: user=0.00 sys=0.00, real=0.02 secs] 
Heap after GC invocations=132 (full 1):
 par new generation   total 109248K, used 1862K [0x00000000e0000000, 0x00000000e8000000, 0x00000000e8000000)
  eden space 87424K,   0% used [0x00000000e0000000, 0x00000000e0000000, 0x00000000e5560000)
  from space 21824K,   8% used [0x00000000e5560000, 0x00000000e5731860, 0x00000000e6ab0000)
  to   space 21824K,   0% used [0x00000000e6ab0000, 0x00000000e6ab0000, 0x00000000e8000000)
 concurrent mark-sweep generation total 393216K, used 53778K [0x00000000e8000000, 0x0000000100000000, 0x0000000100000000)
 Metaspace       used 33585K, capacity 33996K, committed 34376K, reserved 1079296K
  class space    used 3678K, capacity 3792K, committed 3912K, reserved 1048576K
}
2017-07-03T15:56:04.372+0800: 844.717: Total time for which application threads were stopped: 0.0056506 seconds, Stopping threads took: 0.0000201 seconds
2017-07-03T15:56:04.653+0800: 845.008: Total time for which application threads were stopped: 0.0001765 seconds, Stopping threads took: 0.0000368 seconds
2017-07-03T15:56:06.676+0800: 847.020: Total time for which application threads were stopped: 0.0002130 seconds, Stopping threads took: 0.0000573 seconds
2017-07-03T15:56:07.924+0800: 848.269: Total time for which application threads were stopped: 0.0003340 seconds, Stopping threads took: 0.0000773 seconds
{Heap before GC invocations=132 (full 1):
 par new generation   total 109248K, used 89286K [0x00000000e0000000, 0x00000000e8000000, 0x00000000e8000000)
  eden space 87424K, 100% used [0x00000000e0000000, 0x00000000e5560000, 0x00000000e5560000)
  from space 21824K,   8% used [0x00000000e5560000, 0x00000000e5731860, 0x00000000e6ab0000)
  to   space 21824K,   0% used [0x00000000e6ab0000, 0x00000000e6ab0000, 0x00000000e8000000)
 concurrent mark-sweep generation total 393216K, used 53778K [0x00000000e8000000, 0x0000000100000000, 0x0000000100000000)
 Metaspace       used 33585K, capacity 33996K, committed 34376K, reserved 1079296K
  class space    used 3678K, capacity 3792K, committed 3912K, reserved 1048576K
2017-07-03T15:56:08.081+0800: 848.436: [GC (Allocation Failure) 2017-07-03T15:56:08.081+0800: 848.436: [ParNew
Desired survivor size 20112992 bytes, new threshold 8 (max 8)
- age   1:    1204224 bytes,    1204224 total
- age   2:     162184 bytes,    1366408 total
- age   3:       6528 bytes,    1372936 total
- age   4:       3240 bytes,    1376176 total
- age   5:       1968 bytes,    1378144 total
- age   6:       4088 bytes,    1382232 total
- age   7:       4176 bytes,    1386408 total
- age   8:       1920 bytes,    1388328 total
: 89286K->1843K(109248K), 0.0058807 secs] 143065K->55626K(502464K), 0.0059482 secs] [Times: user=0.00 sys=0.00, real=0.01 secs] 
Heap after GC invocations=133 (full 1):
 par new generation   total 109248K, used 1843K [0x00000000e0000000, 0x00000000e8000000, 0x00000000e8000000)
  eden space 87424K,   0% used [0x00000000e0000000, 0x00000000e0000000, 0x00000000e5560000)
  from space 21824K,   8% used [0x00000000e6ab0000, 0x00000000e6c7cc50, 0x00000000e8000000)
  to   space 21824K,   0% used [0x00000000e5560000, 0x00000000e5560000, 0x00000000e6ab0000)
 concurrent mark-sweep generation total 393216K, used 53783K [0x00000000e8000000, 0x0000000100000000, 0x0000000100000000)
 Metaspace       used 33585K, capacity 33996K, committed 34376K, reserved 1079296K
  class space    used 3678K, capacity 3792K, committed 3912K, reserved 1048576K
}
2017-07-03T15:56:08.096+0800: 848.442: Total time for which application threads were stopped: 0.0061148 seconds, Stopping threads took: 0.0000179 seconds
2017-07-03T15:56:08.674+0800: 849.026: Total time for which application threads were stopped: 0.0000923 seconds, Stopping threads took: 0.0000328 seconds
2017-07-03T15:56:10.224+0800: 850.570: Total time for which application threads were stopped: 0.0001714 seconds, Stopping threads took: 0.0000284 seconds
2017-07-03T15:56:11.423+0800: 851.771: Total time for which application threads were stopped: 0.0001619 seconds, Stopping threads took: 0.0000303 seconds
2017-07-03T15:56:11.798+0800: 852.158: Total time for which application threads were stopped: 0.0000759 seconds, Stopping threads took: 0.0000168 seconds
2017-07-03T15:56:14.816+0800: 855.161: Total time for which application threads were stopped: 0.0001867 seconds, Stopping threads took: 0.0000438 seconds
2017-07-03T15:56:15.248+0800: 855.595: Total time for which application threads were stopped: 0.0001546 seconds, Stopping threads took: 0.0000339 seconds
{Heap before GC invocations=133 (full 1):
 par new generation   total 109248K, used 89267K [0x00000000e0000000, 0x00000000e8000000, 0x00000000e8000000)
  eden space 87424K, 100% used [0x00000000e0000000, 0x00000000e5560000, 0x00000000e5560000)
  from space 21824K,   8% used [0x00000000e6ab0000, 0x00000000e6c7cc50, 0x00000000e8000000)
  to   space 21824K,   0% used [0x00000000e5560000, 0x00000000e5560000, 0x00000000e6ab0000)
 concurrent mark-sweep generation total 393216K, used 53783K [0x00000000e8000000, 0x0000000100000000, 0x0000000100000000)
 Metaspace       used 33585K, capacity 33996K, committed 34376K, reserved 1079296K
  class space    used 3678K, capacity 3792K, committed 3912K, reserved 1048576K
2017-07-03T15:56:15.388+0800: 855.741: [GC (Allocation Failure) 2017-07-03T15:56:15.388+0800: 855.741: [ParNew
Desired survivor size 20112992 bytes, new threshold 8 (max 8)
- age   1:    1630032 bytes,    1630032 total
- age   2:      28288 bytes,    1658320 total
- age   3:       4208 bytes,    1662528 total
- age   4:       4016 bytes,    1666544 total
- age   5:       3240 bytes,    1669784 total
- age   6:       1968 bytes,    1671752 total
- age   7:       4088 bytes,    1675840 total
- age   8:       4176 bytes,    1680016 total
: 89267K->1891K(109248K), 0.0049676 secs] 143050K->55676K(502464K), 0.0050303 secs] [Times: user=0.00 sys=0.00, real=0.00 secs] 
Heap after GC invocations=134 (full 1):
 par new generation   total 109248K, used 1891K [0x00000000e0000000, 0x00000000e8000000, 0x00000000e8000000)
  eden space 87424K,   0% used [0x00000000e0000000, 0x00000000e0000000, 0x00000000e5560000)
  from space 21824K,   8% used [0x00000000e5560000, 0x00000000e5738d50, 0x00000000e6ab0000)
  to   space 21824K,   0% used [0x00000000e6ab0000, 0x00000000e6ab0000, 0x00000000e8000000)
 concurrent mark-sweep generation total 393216K, used 53785K [0x00000000e8000000, 0x0000000100000000, 0x0000000100000000)
 Metaspace       used 33585K, capacity 33996K, committed 34376K, reserved 1079296K
  class space    used 3678K, capacity 3792K, committed 3912K, reserved 1048576K
}
2017-07-03T15:56:15.388+0800: 855.746: Total time for which application threads were stopped: 0.0052017 seconds, Stopping threads took: 0.0000186 seconds
2017-07-03T15:56:15.654+0800: 856.007: Total time for which application threads were stopped: 0.0003009 seconds, Stopping threads took: 0.0001521 seconds
2017-07-03T15:56:16.665+0800: 857.010: Total time for which application threads were stopped: 0.0001528 seconds, Stopping threads took: 0.0000525 seconds
2017-07-03T15:56:17.681+0800: 858.025: Total time for which application threads were stopped: 0.0001663 seconds, Stopping threads took: 0.0000481 seconds
2017-07-03T15:56:18.916+0800: 859.265: Total time for which application threads were stopped: 0.0001645 seconds, Stopping threads took: 0.0000266 seconds
{Heap before GC invocations=134 (full 1):
 par new generation   total 109248K, used 89315K [0x00000000e0000000, 0x00000000e8000000, 0x00000000e8000000)
  eden space 87424K, 100% used [0x00000000e0000000, 0x00000000e5560000, 0x00000000e5560000)
  from space 21824K,   8% used [0x00000000e5560000, 0x00000000e5738d50, 0x00000000e6ab0000)
  to   space 21824K,   0% used [0x00000000e6ab0000, 0x00000000e6ab0000, 0x00000000e8000000)
 concurrent mark-sweep generation total 393216K, used 53785K [0x00000000e8000000, 0x0000000100000000, 0x0000000100000000)
 Metaspace       used 33585K, capacity 33996K, committed 34376K, reserved 1079296K
  class space    used 3678K, capacity 3792K, committed 3912K, reserved 1048576K
2017-07-03T15:56:19.009+0800: 859.363: [GC (Allocation Failure) 2017-07-03T15:56:19.009+0800: 859.363: [ParNew
Desired survivor size 20112992 bytes, new threshold 8 (max 8)
- age   1:    1309520 bytes,    1309520 total
- age   2:     165696 bytes,    1475216 total
- age   3:       3048 bytes,    1478264 total
- age   4:       2344 bytes,    1480608 total
- age   5:       4016 bytes,    1484624 total
- age   6:       3240 bytes,    1487864 total
- age   7:       1968 bytes,    1489832 total
- age   8:       4088 bytes,    1493920 total
: 89315K->1650K(109248K), 0.0055503 secs] 143100K->55439K(502464K), 0.0055952 secs] [Times: user=0.00 sys=0.00, real=0.00 secs] 
Heap after GC invocations=135 (full 1):
 par new generation   total 109248K, used 1650K [0x00000000e0000000, 0x00000000e8000000, 0x00000000e8000000)
  eden space 87424K,   0% used [0x00000000e0000000, 0x00000000e0000000, 0x00000000e5560000)
  from space 21824K,   7% used [0x00000000e6ab0000, 0x00000000e6c4c820, 0x00000000e8000000)
  to   space 21824K,   0% used [0x00000000e5560000, 0x00000000e5560000, 0x00000000e6ab0000)
 concurrent mark-sweep generation total 393216K, used 53789K [0x00000000e8000000, 0x0000000100000000, 0x0000000100000000)
 Metaspace       used 33585K, capacity 33996K, committed 34376K, reserved 1079296K
  class space    used 3678K, capacity 3792K, committed 3912K, reserved 1048576K
}
2017-07-03T15:56:19.009+0800: 859.369: Total time for which application threads were stopped: 0.0057571 seconds, Stopping threads took: 0.0000197 seconds
2017-07-03T15:56:19.525+0800: 859.878: Total time for which application threads were stopped: 0.0001174 seconds, Stopping threads took: 0.0000244 seconds
2017-07-03T15:56:22.678+0800: 863.025: Total time for which application threads were stopped: 0.0001364 seconds, Stopping threads took: 0.0000248 seconds
{Heap before GC invocations=135 (full 1):
 par new generation   total 109248K, used 89074K [0x00000000e0000000, 0x00000000e8000000, 0x00000000e8000000)
  eden space 87424K, 100% used [0x00000000e0000000, 0x00000000e5560000, 0x00000000e5560000)
  from space 21824K,   7% used [0x00000000e6ab0000, 0x00000000e6c4c820, 0x00000000e8000000)
  to   space 21824K,   0% used [0x00000000e5560000, 0x00000000e5560000, 0x00000000e6ab0000)
 concurrent mark-sweep generation total 393216K, used 53789K [0x00000000e8000000, 0x0000000100000000, 0x0000000100000000)
 Metaspace       used 33585K, capacity 33996K, committed 34376K, reserved 1079296K
  class space    used 3678K, capacity 3792K, committed 3912K, reserved 1048576K
2017-07-03T15:56:22.881+0800: 863.232: [GC (Allocation Failure) 2017-07-03T15:56:22.881+0800: 863.232: [ParNew
Desired survivor size 20112992 bytes, new threshold 8 (max 8)
- age   1:    1228664 bytes,    1228664 total
- age   2:     164520 bytes,    1393184 total
- age   3:       6432 bytes,    1399616 total
- age   4:       2472 bytes,    1402088 total
- age   5:       2272 bytes,    1404360 total
- age   6:       4016 bytes,    1408376 total
- age   7:       2376 bytes,    1410752 total
- age   8:       1968 bytes,    1412720 total
: 89074K->1911K(109248K), 0.0053406 secs] 142863K->55704K(502464K), 0.0054001 secs] [Times: user=0.00 sys=0.00, real=0.00 secs] 
Heap after GC invocations=136 (full 1):
 par new generation   total 109248K, used 1911K [0x00000000e0000000, 0x00000000e8000000, 0x00000000e8000000)
  eden space 87424K,   0% used [0x00000000e0000000, 0x00000000e0000000, 0x00000000e5560000)
  from space 21824K,   8% used [0x00000000e5560000, 0x00000000e573dc30, 0x00000000e6ab0000)
  to   space 21824K,   0% used [0x00000000e6ab0000, 0x00000000e6ab0000, 0x00000000e8000000)
 concurrent mark-sweep generation total 393216K, used 53793K [0x00000000e8000000, 0x0000000100000000, 0x0000000100000000)
 Metaspace       used 33585K, capacity 33996K, committed 34376K, reserved 1079296K
  class space    used 3678K, capacity 3792K, committed 3912K, reserved 1048576K
}
2017-07-03T15:56:22.881+0800: 863.238: Total time for which application threads were stopped: 0.0055558 seconds, Stopping threads took: 0.0000182 seconds
2017-07-03T15:56:23.188+0800: 863.543: Total time for which application threads were stopped: 0.0000748 seconds, Stopping threads took: 0.0000164 seconds
2017-07-03T15:56:30.854+0800: 871.198: Total time for which application threads were stopped: 0.0002060 seconds, Stopping threads took: 0.0000390 seconds
2017-07-03T15:56:32.093+0800: 872.438: Total time for which application threads were stopped: 0.0001149 seconds, Stopping threads took: 0.0000259 seconds
2017-07-03T15:56:36.360+0800: 876.707: Total time for which application threads were stopped: 0.0001448 seconds, Stopping threads took: 0.0000270 seconds
{Heap before GC invocations=136 (full 1):
 par new generation   total 109248K, used 89335K [0x00000000e0000000, 0x00000000e8000000, 0x00000000e8000000)
  eden space 87424K, 100% used [0x00000000e0000000, 0x00000000e5560000, 0x00000000e5560000)
  from space 21824K,   8% used [0x00000000e5560000, 0x00000000e573dc30, 0x00000000e6ab0000)
  to   space 21824K,   0% used [0x00000000e6ab0000, 0x00000000e6ab0000, 0x00000000e8000000)
 concurrent mark-sweep generation total 393216K, used 53793K [0x00000000e8000000, 0x0000000100000000, 0x0000000100000000)
 Metaspace       used 33585K, capacity 33996K, committed 34376K, reserved 1079296K
  class space    used 3678K, capacity 3792K, committed 3912K, reserved 1048576K
2017-07-03T15:56:36.413+0800: 876.758: [GC (Allocation Failure) 2017-07-03T15:56:36.413+0800: 876.758: [ParNew
Desired survivor size 20112992 bytes, new threshold 8 (max 8)
- age   1:    1420392 bytes,    1420392 total
- age   2:      28408 bytes,    1448800 total
- age   3:       5896 bytes,    1454696 total
- age   4:       3848 bytes,    1458544 total
- age   5:       2400 bytes,    1460944 total
- age   6:       2152 bytes,    1463096 total
- age   7:       4016 bytes,    1467112 total
- age   8:       2376 bytes,    1469488 total
: 89335K->1706K(109248K), 0.0063201 secs] 143128K->55501K(502464K), 0.0063953 secs] [Times: user=0.00 sys=0.00, real=0.01 secs] 
Heap after GC invocations=137 (full 1):
 par new generation   total 109248K, used 1706K [0x00000000e0000000, 0x00000000e8000000, 0x00000000e8000000)
  eden space 87424K,   0% used [0x00000000e0000000, 0x00000000e0000000, 0x00000000e5560000)
  from space 21824K,   7% used [0x00000000e6ab0000, 0x00000000e6c5aa58, 0x00000000e8000000)
  to   space 21824K,   0% used [0x00000000e5560000, 0x00000000e5560000, 0x00000000e6ab0000)
 concurrent mark-sweep generation total 393216K, used 53795K [0x00000000e8000000, 0x0000000100000000, 0x0000000100000000)
 Metaspace       used 33585K, capacity 33996K, committed 34376K, reserved 1079296K
  class space    used 3678K, capacity 3792K, committed 3912K, reserved 1048576K
}
2017-07-03T15:56:36.420+0800: 876.765: Total time for which application threads were stopped: 0.0066658 seconds, Stopping threads took: 0.0000368 seconds
2017-07-03T15:56:36.719+0800: 877.069: Total time for which application threads were stopped: 0.0000937 seconds, Stopping threads took: 0.0000295 seconds
2017-07-03T15:56:53.980+0800: 894.325: Total time for which application threads were stopped: 0.0001087 seconds, Stopping threads took: 0.0000372 seconds
2017-07-03T15:56:53.981+0800: 894.325: Total time for which application threads were stopped: 0.0000835 seconds, Stopping threads took: 0.0000255 seconds
2017-07-03T15:56:53.981+0800: 894.326: Total time for which application threads were stopped: 0.0000609 seconds, Stopping threads took: 0.0000244 seconds
2017-07-03T15:56:53.981+0800: 894.326: Total time for which application threads were stopped: 0.0000573 seconds, Stopping threads took: 0.0000212 seconds
2017-07-03T15:56:54.983+0800: 895.327: Total time for which application threads were stopped: 0.0002782 seconds, Stopping threads took: 0.0000591 seconds
2017-07-03T15:56:55.992+0800: 896.336: Total time for which application threads were stopped: 0.0002053 seconds, Stopping threads took: 0.0000598 seconds
2017-07-03T15:57:05.042+0800: 905.386: Total time for which application threads were stopped: 0.0001543 seconds, Stopping threads took: 0.0000463 seconds
2017-07-03T15:57:06.042+0800: 906.386: Total time for which application threads were stopped: 0.0001896 seconds, Stopping threads took: 0.0000489 seconds
2017-07-03T15:57:07.050+0800: 907.395: Total time for which application threads were stopped: 0.0001295 seconds, Stopping threads took: 0.0000339 seconds
{Heap before GC invocations=137 (full 1):
 par new generation   total 109248K, used 89130K [0x00000000e0000000, 0x00000000e8000000, 0x00000000e8000000)
  eden space 87424K, 100% used [0x00000000e0000000, 0x00000000e5560000, 0x00000000e5560000)
  from space 21824K,   7% used [0x00000000e6ab0000, 0x00000000e6c5aa58, 0x00000000e8000000)
  to   space 21824K,   0% used [0x00000000e5560000, 0x00000000e5560000, 0x00000000e6ab0000)
 concurrent mark-sweep generation total 393216K, used 53795K [0x00000000e8000000, 0x0000000100000000, 0x0000000100000000)
 Metaspace       used 33757K, capacity 34188K, committed 34632K, reserved 1079296K
  class space    used 3678K, capacity 3792K, committed 3912K, reserved 1048576K
2017-07-03T15:57:07.425+0800: 907.771: [GC (Allocation Failure) 2017-07-03T15:57:07.425+0800: 907.771: [ParNew
Desired survivor size 20112992 bytes, new threshold 8 (max 8)
- age   1:    4289120 bytes,    4289120 total
- age   2:     618728 bytes,    4907848 total
- age   3:       2880 bytes,    4910728 total
- age   4:       4608 bytes,    4915336 total
- age   5:       3848 bytes,    4919184 total
- age   6:       2400 bytes,    4921584 total
- age   7:       2120 bytes,    4923704 total
- age   8:       4016 bytes,    4927720 total
: 89130K->5095K(109248K), 0.0070976 secs] 142925K->58893K(502464K), 0.0071899 secs] [Times: user=0.00 sys=0.00, real=0.00 secs] 
Heap after GC invocations=138 (full 1):
 par new generation   total 109248K, used 5095K [0x00000000e0000000, 0x00000000e8000000, 0x00000000e8000000)
  eden space 87424K,   0% used [0x00000000e0000000, 0x00000000e0000000, 0x00000000e5560000)
  from space 21824K,  23% used [0x00000000e5560000, 0x00000000e5a59fb8, 0x00000000e6ab0000)
  to   space 21824K,   0% used [0x00000000e6ab0000, 0x00000000e6ab0000, 0x00000000e8000000)
 concurrent mark-sweep generation total 393216K, used 53797K [0x00000000e8000000, 0x0000000100000000, 0x0000000100000000)
 Metaspace       used 33757K, capacity 34188K, committed 34632K, reserved 1079296K
  class space    used 3678K, capacity 3792K, committed 3912K, reserved 1048576K
}
2017-07-03T15:57:07.425+0800: 907.778: Total time for which application threads were stopped: 0.0074163 seconds, Stopping threads took: 0.0000215 seconds
2017-07-03T15:57:08.434+0800: 908.779: Total time for which application threads were stopped: 0.0002214 seconds, Stopping threads took: 0.0000521 seconds
2017-07-03T15:57:09.443+0800: 909.787: Total time for which application threads were stopped: 0.0001335 seconds, Stopping threads took: 0.0000423 seconds
2017-07-03T15:57:10.448+0800: 910.792: Total time for which application threads were stopped: 0.0002133 seconds, Stopping threads took: 0.0000598 seconds
2017-07-03T15:57:13.454+0800: 913.799: Total time for which application threads were stopped: 0.0003231 seconds, Stopping threads took: 0.0000955 seconds
2017-07-03T15:57:15.464+0800: 915.808: Total time for which application threads were stopped: 0.0002487 seconds, Stopping threads took: 0.0000806 seconds
2017-07-03T15:57:16.473+0800: 916.818: Total time for which application threads were stopped: 0.0001645 seconds, Stopping threads took: 0.0000365 seconds
2017-07-03T15:57:17.483+0800: 917.827: Total time for which application threads were stopped: 0.0001634 seconds, Stopping threads took: 0.0000416 seconds
{Heap before GC invocations=138 (full 1):
 par new generation   total 109248K, used 92519K [0x00000000e0000000, 0x00000000e8000000, 0x00000000e8000000)
  eden space 87424K, 100% used [0x00000000e0000000, 0x00000000e5560000, 0x00000000e5560000)
  from space 21824K,  23% used [0x00000000e5560000, 0x00000000e5a59fb8, 0x00000000e6ab0000)
  to   space 21824K,   0% used [0x00000000e6ab0000, 0x00000000e6ab0000, 0x00000000e8000000)
 concurrent mark-sweep generation total 393216K, used 53797K [0x00000000e8000000, 0x0000000100000000, 0x0000000100000000)
 Metaspace       used 33950K, capacity 34380K, committed 34888K, reserved 1081344K
  class space    used 3680K, capacity 3792K, committed 3912K, reserved 1048576K
2017-07-03T15:57:18.884+0800: 919.229: [GC (Allocation Failure) 2017-07-03T15:57:18.884+0800: 919.229: [ParNew
Desired survivor size 20112992 bytes, new threshold 8 (max 8)
- age   1:    6292064 bytes,    6292064 total
- age   2:     474872 bytes,    6766936 total
- age   3:     617760 bytes,    7384696 total
- age   4:       2880 bytes,    7387576 total
- age   5:       4608 bytes,    7392184 total
- age   6:       3848 bytes,    7396032 total
- age   7:       2400 bytes,    7398432 total
- age   8:       2120 bytes,    7400552 total
: 92519K->8279K(109248K), 0.0078510 secs] 146317K->62080K(502464K), 0.0079418 secs] [Times: user=0.00 sys=0.00, real=0.00 secs] 
Heap after GC invocations=139 (full 1):
 par new generation   total 109248K, used 8279K [0x00000000e0000000, 0x00000000e8000000, 0x00000000e8000000)
  eden space 87424K,   0% used [0x00000000e0000000, 0x00000000e0000000, 0x00000000e5560000)
  from space 21824K,  37% used [0x00000000e6ab0000, 0x00000000e72c5e20, 0x00000000e8000000)
  to   space 21824K,   0% used [0x00000000e5560000, 0x00000000e5560000, 0x00000000e6ab0000)
 concurrent mark-sweep generation total 393216K, used 53801K [0x00000000e8000000, 0x0000000100000000, 0x0000000100000000)
 Metaspace       used 33950K, capacity 34380K, committed 34888K, reserved 1081344K
  class space    used 3680K, capacity 3792K, committed 3912K, reserved 1048576K
}
2017-07-03T15:57:18.884+0800: 919.237: Total time for which application threads were stopped: 0.0081391 seconds, Stopping threads took: 0.0000201 seconds
2017-07-03T15:57:19.899+0800: 920.244: Total time for which application threads were stopped: 0.0001630 seconds, Stopping threads took: 0.0000419 seconds
2017-07-03T15:57:20.908+0800: 921.253: Total time for which application threads were stopped: 0.0006951 seconds, Stopping threads took: 0.0001944 seconds
2017-07-03T15:57:21.917+0800: 922.262: Total time for which application threads were stopped: 0.0002319 seconds, Stopping threads took: 0.0000689 seconds
2017-07-03T15:57:22.927+0800: 923.271: Total time for which application threads were stopped: 0.0001798 seconds, Stopping threads took: 0.0000740 seconds
2017-07-03T15:57:23.935+0800: 924.280: Total time for which application threads were stopped: 0.0002844 seconds, Stopping threads took: 0.0000441 seconds
2017-07-03T15:57:24.941+0800: 925.286: Total time for which application threads were stopped: 0.0001958 seconds, Stopping threads took: 0.0000562 seconds
2017-07-03T15:57:25.956+0800: 926.301: Total time for which application threads were stopped: 0.0001900 seconds, Stopping threads took: 0.0000481 seconds
2017-07-03T15:57:26.960+0800: 927.304: Total time for which application threads were stopped: 0.0002370 seconds, Stopping threads took: 0.0000689 seconds
2017-07-03T15:57:27.975+0800: 928.319: Total time for which application threads were stopped: 0.0001732 seconds, Stopping threads took: 0.0000554 seconds
2017-07-03T15:57:28.982+0800: 929.327: Total time for which application threads were stopped: 0.0005970 seconds, Stopping threads took: 0.0005003 seconds
{Heap before GC invocations=139 (full 1):
 par new generation   total 109248K, used 95703K [0x00000000e0000000, 0x00000000e8000000, 0x00000000e8000000)
  eden space 87424K, 100% used [0x00000000e0000000, 0x00000000e5560000, 0x00000000e5560000)
  from space 21824K,  37% used [0x00000000e6ab0000, 0x00000000e72c5e20, 0x00000000e8000000)
  to   space 21824K,   0% used [0x00000000e5560000, 0x00000000e5560000, 0x00000000e6ab0000)
 concurrent mark-sweep generation total 393216K, used 53801K [0x00000000e8000000, 0x0000000100000000, 0x0000000100000000)
 Metaspace       used 33950K, capacity 34380K, committed 34888K, reserved 1081344K
  class space    used 3680K, capacity 3792K, committed 3912K, reserved 1048576K
2017-07-03T15:57:29.181+0800: 929.527: [GC (Allocation Failure) 2017-07-03T15:57:29.181+0800: 929.527: [ParNew
Desired survivor size 20112992 bytes, new threshold 8 (max 8)
- age   1:    3815536 bytes,    3815536 total
- age   2:      77496 bytes,    3893032 total
- age   3:     468544 bytes,    4361576 total
- age   4:     617640 bytes,    4979216 total
- age   5:       2880 bytes,    4982096 total
- age   6:       4608 bytes,    4986704 total
- age   7:       3848 bytes,    4990552 total
- age   8:       2400 bytes,    4992952 total
: 95703K->8285K(109248K), 0.0092897 secs] 149504K->62088K(502464K), 0.0094319 secs] [Times: user=0.00 sys=0.00, real=0.00 secs] 
Heap after GC invocations=140 (full 1):
 par new generation   total 109248K, used 8285K [0x00000000e0000000, 0x00000000e8000000, 0x00000000e8000000)
  eden space 87424K,   0% used [0x00000000e0000000, 0x00000000e0000000, 0x00000000e5560000)
  from space 21824K,  37% used [0x00000000e5560000, 0x00000000e5d77440, 0x00000000e6ab0000)
  to   space 21824K,   0% used [0x00000000e6ab0000, 0x00000000e6ab0000, 0x00000000e8000000)
 concurrent mark-sweep generation total 393216K, used 53803K [0x00000000e8000000, 0x0000000100000000, 0x0000000100000000)
 Metaspace       used 33950K, capacity 34380K, committed 34888K, reserved 1081344K
  class space    used 3680K, capacity 3792K, committed 3912K, reserved 1048576K
}
2017-07-03T15:57:29.181+0800: 929.537: Total time for which application threads were stopped: 0.0097692 seconds, Stopping threads took: 0.0000467 seconds
2017-07-03T15:57:30.183+0800: 930.527: Total time for which application threads were stopped: 0.0002199 seconds, Stopping threads took: 0.0000576 seconds
2017-07-03T15:57:32.192+0800: 932.537: Total time for which application threads were stopped: 0.0000795 seconds, Stopping threads took: 0.0000219 seconds
2017-07-03T15:57:49.853+0800: 950.198: Total time for which application threads were stopped: 0.0009883 seconds, Stopping threads took: 0.0000314 seconds
2017-07-03T15:57:50.860+0800: 951.204: Total time for which application threads were stopped: 0.0001659 seconds, Stopping threads took: 0.0000328 seconds
2017-07-03T15:57:51.722+0800: 952.066: Total time for which application threads were stopped: 0.0002009 seconds, Stopping threads took: 0.0000186 seconds
2017-07-03T15:57:52.727+0800: 953.071: Total time for which application threads were stopped: 0.0001557 seconds, Stopping threads took: 0.0000416 seconds
2017-07-03T15:57:56.366+0800: 956.725: Total time for which application threads were stopped: 0.0000883 seconds, Stopping threads took: 0.0000153 seconds
2017-07-03T15:57:57.376+0800: 957.721: Total time for which application threads were stopped: 0.0004146 seconds, Stopping threads took: 0.0000660 seconds
2017-07-03T15:57:58.526+0800: 958.871: Total time for which application threads were stopped: 0.0001145 seconds, Stopping threads took: 0.0000226 seconds
2017-07-03T15:57:58.527+0800: 958.872: Total time for which application threads were stopped: 0.0001236 seconds, Stopping threads took: 0.0000321 seconds
2017-07-03T15:57:58.527+0800: 958.872: Total time for which application threads were stopped: 0.0000704 seconds, Stopping threads took: 0.0000098 seconds
2017-07-03T15:57:58.527+0800: 958.872: Total time for which application threads were stopped: 0.0000580 seconds, Stopping threads took: 0.0000113 seconds
2017-07-03T15:57:59.527+0800: 959.872: Total time for which application threads were stopped: 0.0002035 seconds, Stopping threads took: 0.0000441 seconds
2017-07-03T15:58:01.782+0800: 962.126: Total time for which application threads were stopped: 0.0001163 seconds, Stopping threads took: 0.0000361 seconds
2017-07-03T15:58:01.782+0800: 962.126: Total time for which application threads were stopped: 0.0001094 seconds, Stopping threads took: 0.0000744 seconds
2017-07-03T15:58:01.782+0800: 962.127: Total time for which application threads were stopped: 0.0000284 seconds, Stopping threads took: 0.0000069 seconds
2017-07-03T15:58:01.782+0800: 962.127: Total time for which application threads were stopped: 0.0000255 seconds, Stopping threads took: 0.0000055 seconds
2017-07-03T15:58:01.782+0800: 962.127: Total time for which application threads were stopped: 0.0000299 seconds, Stopping threads took: 0.0000055 seconds
2017-07-03T15:58:01.783+0800: 962.127: Total time for which application threads were stopped: 0.0000397 seconds, Stopping threads took: 0.0000197 seconds
2017-07-03T15:58:02.699+0800: 963.046: Total time for which application threads were stopped: 0.0002163 seconds, Stopping threads took: 0.0000430 seconds
2017-07-03T15:58:02.699+0800: 963.047: Total time for which application threads were stopped: 0.0002976 seconds, Stopping threads took: 0.0001842 seconds
2017-07-03T15:58:03.700+0800: 964.045: Total time for which application threads were stopped: 0.0001882 seconds, Stopping threads took: 0.0000430 seconds
{Heap before GC invocations=140 (full 1):
 par new generation   total 109248K, used 95709K [0x00000000e0000000, 0x00000000e8000000, 0x00000000e8000000)
  eden space 87424K, 100% used [0x00000000e0000000, 0x00000000e5560000, 0x00000000e5560000)
  from space 21824K,  37% used [0x00000000e5560000, 0x00000000e5d77440, 0x00000000e6ab0000)
  to   space 21824K,   0% used [0x00000000e6ab0000, 0x00000000e6ab0000, 0x00000000e8000000)
 concurrent mark-sweep generation total 393216K, used 53803K [0x00000000e8000000, 0x0000000100000000, 0x0000000100000000)
 Metaspace       used 34640K, capacity 35052K, committed 35400K, reserved 1081344K
  class space    used 3770K, capacity 3888K, committed 3912K, reserved 1048576K
2017-07-03T15:58:06.779+0800: 967.123: [GC (Allocation Failure) 2017-07-03T15:58:06.779+0800: 967.123: [ParNew
Desired survivor size 20112992 bytes, new threshold 8 (max 8)
- age   1:    2047576 bytes,    2047576 total
- age   2:      71144 bytes,    2118720 total
- age   3:      68288 bytes,    2187008 total
- age   4:     431160 bytes,    2618168 total
- age   5:     501024 bytes,    3119192 total
- age   6:       2016 bytes,    3121208 total
- age   7:       4608 bytes,    3125816 total
- age   8:       3848 bytes,    3129664 total
: 95709K->5093K(109248K), 0.0050529 secs] 149512K->58899K(502464K), 0.0051087 secs] [Times: user=0.00 sys=0.00, real=0.00 secs] 
